 ACPICA-template

 Timestamp is 671e8473 (Sun Oct 27 19:20:35 2024)

 Preferred load address is 0000000180000000

 Start         Length     Name                   Class
 0001:00000000 0000881dH .text$mn                CODE
 0002:00000000 00000008H .CRT$XCA                DATA
 0002:00000008 00000008H .CRT$XCZ                DATA
 0002:00000010 00000008H .CRT$XIA                DATA
 0002:00000018 00000008H .CRT$XIZ                DATA
 0002:00000020 00000008H .CRT$XPA                DATA
 0002:00000028 00000008H .CRT$XPZ                DATA
 0002:00000030 00000008H .CRT$XTA                DATA
 0002:00000038 00000008H .CRT$XTZ                DATA
 0002:00000040 00000610H .rdata                  DATA
 0002:00000650 00000040H .rdata$voltmd           DATA
 0002:00000690 00000138H .rdata$zzzdbg           DATA
 0002:000007c8 00000730H .xdata                  DATA
 0002:00000ef8 00000000H .edata                  DATA
 0003:00000000 00001d40H .data                   DATA
 0003:00001d40 00013668H .bss                    DATA
 0004:00000000 000005a0H .pdata                  DATA

  Address         Publics by Value              Rva+Base               Lib:Object

 0000:00000000       __AbsoluteZero             0000000000000000     <absolute>
 0000:00000000       ___safe_se_handler_count   0000000000000000     <absolute>
 0000:00000000       ___safe_se_handler_table   0000000000000000     <absolute>
 0000:00000000       __arm64x_extra_rfe_table   0000000000000000     <absolute>
 0000:00000000       __arm64x_extra_rfe_table_size 0000000000000000     <absolute>
 0000:00000000       __arm64x_native_entrypoint 0000000000000000     <absolute>
 0000:00000000       __arm64x_redirection_metadata 0000000000000000     <absolute>
 0000:00000000       __arm64x_redirection_metadata_count 0000000000000000     <absolute>
 0000:00000000       __dynamic_value_reloc_table 0000000000000000     <absolute>
 0000:00000000       __enclave_config           0000000000000000     <absolute>
 0000:00000000       __guard_check_icall_a64n_fptr 0000000000000000     <absolute>
 0000:00000000       __guard_eh_cont_count      0000000000000000     <absolute>
 0000:00000000       __guard_eh_cont_table      0000000000000000     <absolute>
 0000:00000000       __guard_fids_count         0000000000000000     <absolute>
 0000:00000000       __guard_fids_table         0000000000000000     <absolute>
 0000:00000000       __guard_flags              0000000000000000     <absolute>
 0000:00000000       __guard_iat_count          0000000000000000     <absolute>
 0000:00000000       __guard_iat_table          0000000000000000     <absolute>
 0000:00000000       __guard_longjmp_count      0000000000000000     <absolute>
 0000:00000000       __guard_longjmp_table      0000000000000000     <absolute>
 0000:00000000       __hybrid_auxiliary_delayload_iat 0000000000000000     <absolute>
 0000:00000000       __hybrid_auxiliary_delayload_iat_copy 0000000000000000     <absolute>
 0000:00000000       __hybrid_auxiliary_iat     0000000000000000     <absolute>
 0000:00000000       __hybrid_auxiliary_iat_copy 0000000000000000     <absolute>
 0000:00000000       __hybrid_code_map          0000000000000000     <absolute>
 0000:00000000       __hybrid_code_map_count    0000000000000000     <absolute>
 0000:00000000       __hybrid_image_info_bitfield 0000000000000000     <absolute>
 0000:00000000       __x64_code_ranges_to_entry_points 0000000000000000     <absolute>
 0000:00000000       __x64_code_ranges_to_entry_points_count 0000000000000000     <absolute>
 0000:00000000       __ImageBase                0000000180000000     <linker-defined>
 0001:00000000       main                       0000000180001000 f   main.obj
 0001:00000018       __cdeGetAppIf              0000000180001018 f   toroC64:osifUefiShellEntryPoint.obj
 0001:0000009c       _MainEntryPointShell       000000018000109c f   toroC64:osifUefiShellEntryPoint.obj
 0001:00000760       _cdeCRT0UefiShell          0000000180001760 f   toroC64:osifUefiShellEntryPoint.obj
 0001:000007c4       puts                       00000001800017c4 f   toroC64:Puts.obj
 0001:0000085c       _CdeDbgPutChar             000000018000185c f   toroC64:_CdeDbgPutChar.obj
 0001:00000a68       _cdeCoreVwxPrintf          0000000180001a68 f   toroC64:_cdeCoreVwxPrintf.obj
 0001:00001e80       ComputeFieldSize           0000000180002e80 f   toroC64:_cdeCoreVwxPrintf.obj
 0001:00001ebc       ydes                       0000000180002ebc f   toroC64:_cdeCoreVwxPrintf.obj
 0001:000028a4       _cdeCoreVwxScanf           00000001800038a4 f   toroC64:_cdeCoreVwxScanf.obj
 0001:00003cac       _cdeCoreWcsStrTok          0000000180004cac f   toroC64:_cdeCoreWcsStrTok.obj
 0001:00003da8       _cdeWcsStrPbrkSpn          0000000180004da8 f   toroC64:_cdeWcsStrPbrkSpn.obj
 0001:00003ee8       _cdeCoreMemRealloc         0000000180004ee8 f   toroC64:_cdeCoreMemRealloc.obj
 0001:000042bc       _cdeMemStrxCpy             00000001800052bc f   toroC64:_cdeMemStrxCpy.obj
 0001:000043b0       _cdeMemStrxCmp             00000001800053b0 f   toroC64:_cdeMemStrxCmp.obj
 0001:000044f0       _osifIbmAtGetTime          00000001800054f0 f   toroC64:osifIbmAtGetTime.obj
 0001:000046a8       _osifUefiShellGetTscPerSec 00000001800056a8 f   toroC64:osifUefiShellGetTscPerSec.obj
 0001:00004750       _osifIbmAtGetTsc           0000000180005750 f   toroC64:osifIbmAtGetTsc.obj
 0001:0000475c       _osifUefiShellMemAlloc     000000018000575c f   toroC64:osifUefiShellMemAlloc.obj
 0001:000047a0       _osifUefiShellMemFree      00000001800057a0 f   toroC64:osifUefiShellMemFree.obj
 0001:000047b8       _osifUefiShellFileWrite    00000001800057b8 f   toroC64:osifUefiShellFileWrite.obj
 0001:00004940       _osifUefiShellFileRead     0000000180005940 f   toroC64:osifUefiShellFileRead.obj
 0001:00004b6c       _osifUefiShellFileSetPos   0000000180005b6c f   toroC64:osifUefiShellFileSetPos.obj
 0001:00004c78       _osifUefiShellFileOpen     0000000180005c78 f   toroC64:osifUefiShellFileOpen.obj
 0001:00005338       _osifUefiShellFileClose    0000000180006338 f   toroC64:osifUefiShellFileClose.obj
 0001:00005398       _osifUefiShellFileDelete   0000000180006398 f   toroC64:osifUefiShellFileDelete.obj
 0001:000053c0       _osifUefiShellFileRename   00000001800063c0 f   toroC64:osifUefiShellFileRename.obj
 0001:00005520       _osifUefiShellFileFindAll  0000000180006520 f   toroC64:osifUefiShellFileFindAll.obj
 0001:00005940       _osifUefiShellFileGetStatus 0000000180006940 f   toroC64:osifUefiShellFileGetStatus.obj
 0001:00005ab8       _osifUefiShellDirectoryCreate 0000000180006ab8 f   toroC64:osifUefiShellDirectoryCreate.obj
 0001:00005d64       _osifUefiShellCmdExec      0000000180006d64 f   toroC64:osifUefiShellCmdExec.obj
 0001:00005e80       _osifUefiShellGetEnv       0000000180006e80 f   toroC64:osifUefiShellGetEnv.obj
 0001:00005f30       _osifUefiShellGetDrvCwd    0000000180006f30 f   toroC64:osifUefiShellGetDrvCwd.obj
 0001:00005f7c       _cdeCoreFread              0000000180006f7c f   toroC64:_cdeCoreFread.obj
 0001:000062c8       _cdeCoreFwrite             00000001800072c8 f   toroC64:_cdeCoreFwrite.obj
 0001:00006544       _cdeCoreFsetpos            0000000180007544 f   toroC64:_cdeCoreFsetpos.obj
 0001:000066bc       _cdeCoreFflush             00000001800076bc f   toroC64:_cdeCoreFflush.obj
 0001:00006744       _cdeSigDflt                0000000180007744 f   toroC64:_cdeSigDfl.obj
 0001:0000674c       __acrt_iob_func            000000018000774c f   toroC64:__acrt_iob_func.obj
 0001:00006788       __cdeGetIOBuffer           0000000180007788 f   toroC64:__cdsGetIOBuffer.obj
 0001:00006790       _setjmp                    0000000180007790 f   toroC64:setjmp64CDEINTRINABI.obj
 0001:00006835       __imp_setjmp               0000000180007835     toroC64:setjmp64CDEINTRINABI.obj
 0001:0000683d       __cdeSETJMPCDEINTRINABIAnchor 000000018000783d     toroC64:setjmp64CDEINTRINABI.obj
 0001:00006840       _CdeLocateProtocol         0000000180007840 f   toroC64:_CdeLocateProtocol.obj
 0001:00006870       _cdeStr2Argcv              0000000180007870 f   toroC64:_cdeStr2Argcv.obj
 0001:00006aa0       __cdeGetCurrentPrivilegeLevel 0000000180007aa0 f   toroC64:CdeGetCurrentPrivilegeLevel64.obj
 0001:00006ab0       memset                     0000000180007ab0 f   toroC64:MemSetCDEINTRINABI.obj
 0001:00006ad4       memcmp                     0000000180007ad4 f   toroC64:MemCmpCDEINTRINABI.obj
 0001:00006da4       fwrite                     0000000180007da4 f   toroC64:Fwrite.obj
 0001:00006dfc       strlen                     0000000180007dfc f   toroC64:StrLen.obj
 0001:00006e10       _CdeDbgCOMInit             0000000180007e10 f   toroC64:_CdeDbgCOMInit.obj
 0001:00006f2c       _CdeDbgCOMReady2Send       0000000180007f2c f   toroC64:_CdeDbgCOMReady2Send.obj
 0001:00006f5c       _CdeDbgCOMSend             0000000180007f5c f   toroC64:_CdeDbgCOMSend.obj
 0001:00006fac       _cdeCoreSprintf            0000000180007fac f   toroC64:_cdeCoreSprintf.obj
 0001:00007054       _cdeUMUL128                0000000180008054 f   toroC64:_cdeUMUL128.obj
 0001:00007154       _cdeGmltime                0000000180008154 f   toroC64:_cdeGmltime.obj
 0001:0000726c       __cdeOnErrSet_status       000000018000826c f   toroC64:__cdeOnErrSet_status.obj
 0001:0000728c       __cdeOffsetCdeFposType     000000018000828c f   toroC64:__cdeGetOffsetCdeFposType.obj
 0001:000072cc       __cdeBiasCdeFposType       00000001800082cc f   toroC64:__cdeGetBiasCdeFposType.obj
 0001:000074f4       _CdeLocateHandleBuffer     00000001800084f4 f   toroC64:_CdeLocateHandleBuffer.obj
 0001:00007580       _cdeConvertDevicePathToText 0000000180008580 f   toroC64:_cdeConvertDevicePathToText.obj
 0001:0000759c       _CdeGetMapFromDevicePath   000000018000859c f   toroC64:_CdeGetMapFromDevicePath.obj
 0001:000075bc       _CdeGetCurDir              00000001800085bc f   toroC64:_CdeGetCurDir.obj
 0001:00007cd4       _cdeEfiTime2TimeT          0000000180008cd4 f   toroC64:_cdeEfiTime2TimeT.obj
 0001:00007d74       __cdeIsFilePointerCORE     0000000180008d74 f   toroC64:__cdeIsFilePointerCORE.obj
 0001:00007df8       __cdereallocCORE           0000000180008df8 f   toroC64:__cdereallocCORE.obj
 0001:00007e08       __cderewindCORE            0000000180008e08 f   toroC64:__cderewindCORE.obj
 0001:00007e24       __cdeGetIOBufferCORE       0000000180008e24 f   toroC64:__cdsGetIOBufferCORE.obj
 0001:00007e2c       _cdeAbort                  0000000180008e2c f   toroC64:_cdeAbort.obj
 0001:00007e84       __cdeIsFilePointer         0000000180008e84 f   toroC64:__cdeIsFilePointer.obj
 0001:000080e0       _cdeSig2idx                00000001800090e0 f   toroC64:_cdeSig2idx.obj
 0001:00008108       _cdeSigIgn                 0000000180009108 f   toroC64:_cdeSigIgn.obj
 0001:00008230       _CdeMemPutChar             0000000180009230 f   toroC64:_CdeMemPutChar.obj
 0001:0000823c       _cdeGreg2Day               000000018000923c f   toroC64:_cdeGreg2Day.obj
 0001:000082b8       _cdeDay2Greg               00000001800092b8 f   toroC64:_cdeDay2Greg.obj
 0001:000083bc       _efierrno                  00000001800093bc f   toroC64:_efierrno.obj
 0001:000083e0       __cdeIsCdeFposType         00000001800093e0 f   toroC64:__cdeIsCdeFposType.obj
 0001:00008458       _cdePoolWcs2AppWcs         0000000180009458 f   toroC64:_CdePoolWcs2AppWcs.obj
 0001:000084cc       _fseeki64                  00000001800094cc f   toroC64:_Fseeki64.obj
 0001:000085ec       _cdeSscanf                 00000001800095ec f   toroC64:_cdeSscanf.obj
 0001:00008670       __cdeOnErrSet_errnoCORE    0000000180009670 f   toroC64:__cdeOnErrSet_errnoCORE.obj
 0001:00008690       __acrt_iob_funcCORE        0000000180009690 f   toroC64:__acrt_iob_funcCORE.obj
 0001:000086b0       __cdeOnErrSet_errno        00000001800096b0 f   toroC64:__cdeOnErrSet_errno.obj
 0001:000086d0       _CdeMemPutNada             00000001800096d0 f   toroC64:_CdeMemPutNada.obj
 0001:0000870c       fsetposCDEABI              000000018000970c f   toroC64:FsetposCDEABI.obj
 0001:00008740       longjmp                    0000000180009740 f   toroC64:longjmp64CDEINTRINABI.obj
 0001:000087e9       __imp_longjmp              00000001800097e9     toroC64:longjmp64CDEINTRINABI.obj
 0001:000087f1       __cdeLONGJMPCDEINTRINABIAnchor 00000001800097f1     toroC64:longjmp64CDEINTRINABI.obj
 0001:000087f4       _cdeMemGetChar             00000001800097f4 f   toroC64:_cdeMemGetChar.obj
 0001:00008804       _cdeMemUngetChar           0000000180009804 f   toroC64:_cdeMemUngetChar.obj
 0001:0000880c       _errnoCORE                 000000018000980c f   toroC64:errnoCORE.obj
 0002:00000000       __xc_a                     000000018000a000     toroC64:osifUefiShellEntryPoint.obj
 0002:00000008       __xc_z                     000000018000a008     toroC64:osifUefiShellEntryPoint.obj
 0002:00000010       __xi_a                     000000018000a010     toroC64:osifUefiShellEntryPoint.obj
 0002:00000018       __xi_z                     000000018000a018     toroC64:osifUefiShellEntryPoint.obj
 0002:00000020       __xp_a                     000000018000a020     toroC64:osifUefiShellEntryPoint.obj
 0002:00000028       __xp_z                     000000018000a028     toroC64:osifUefiShellEntryPoint.obj
 0002:00000030       __xt_a                     000000018000a030     toroC64:osifUefiShellEntryPoint.obj
 0002:00000038       __xt_z                     000000018000a038     toroC64:osifUefiShellEntryPoint.obj
 0002:00000040       ??_C@_0BL@IAEKKLOD@Welcome?5to?5ACPICA?5for?5UEFI@ 000000018000a040     main.obj
 0002:0000005c       ??_C@_01GFHCPBMG@C@        000000018000a05c     toroC64:osifUefiShellEntryPoint.obj
 0002:00000060       ??_C@_1GG@CBENNICG@?$AAF?$AAA?$AAT?$AAA?$AAL?$AA?5?$AAE?$AAR?$AAR?$AAO?$AAR?$AA?3?$AA?5?$AAR?$AAe@ 000000018000a060     toroC64:osifUefiShellEntryPoint.obj
 0002:000000d0       ??_C@_1BKG@PIHDEHDC@?$AAF?$AAA?$AAT?$AAA?$AAL?$AA?5?$AAE?$AAR?$AAR?$AAO?$AAR?$AA?3?$AA?5?$AAS?$AAh@ 000000018000a0d0     toroC64:osifUefiShellEntryPoint.obj
 0002:00000278       ??_C@_02KPKOKMHB@?$CFS@    000000018000a278     toroC64:osifUefiShellEntryPoint.obj
 0002:00000280       ??_C@_0L@PJHNIGKF@?9?9TOROCVER@ 000000018000a280     toroC64:osifUefiShellEntryPoint.obj
 0002:0000028c       ??_C@_03OFAPEBGM@?$CFs?6@  000000018000a28c     toroC64:osifUefiShellEntryPoint.obj
 0002:00000290       ??_C@_15JNBOKNOG@?$AA?$AN?$AA?6@ 000000018000a290     toroC64:osifUefiShellEntryPoint.obj
 0002:00000296       ??_C@_00CNPNBAHC@@         000000018000a296     toroC64:_cdeCoreVwxPrintf.obj
 0002:00000298       ??_C@_01JOAMLHOP@?9@       000000018000a298     toroC64:_cdeCoreVwxPrintf.obj
 0002:0000029c       ??_C@_01MIFGBAGJ@?$CL@     000000018000a29c     toroC64:_cdeCoreVwxPrintf.obj
 0002:000002a0       ??_C@_02MDDDDAID@0x@       000000018000a2a0     toroC64:_cdeCoreVwxPrintf.obj
 0002:000002a4       ??_C@_02FGLHBECB@0X@       000000018000a2a4     toroC64:_cdeCoreVwxPrintf.obj
 0002:000002a8       ??_C@_01GBGANLPD@0@        000000018000a2a8     toroC64:_cdeCoreVwxPrintf.obj
 0002:000002ac       ??_C@_01LFCBOECM@?4@       000000018000a2ac     toroC64:_cdeCoreVwxPrintf.obj
 0002:000002b0       ??_C@_0DB@NHMBHPIK@?$CF08X?9?$CF04X?9?$CF04X?9?$CF02X?$CF02X?9?$CF02X?$CF02@ 000000018000a2b0     toroC64:_cdeCoreVwxPrintf.obj
 0002:000002e8       ??_C@_0DB@PMLHLBMO@?$CF08x?9?$CF04x?9?$CF04x?9?$CF02x?$CF02x?9?$CF02x?$CF02@ 000000018000a2e8     toroC64:_cdeCoreVwxPrintf.obj
 0002:00000320       ??_C@_0BK@FCPKCIDD@?$CF02d?1?$CF02d?1?$CF04d?5?5?$CF02d?3?$CF02d@ 000000018000a320     toroC64:_cdeCoreVwxPrintf.obj
 0002:0000033c       ??_C@_03GOAGKKNE@?$CFqX@   000000018000a33c     toroC64:_cdeCoreVwxPrintf.obj
 0002:00000340       ??_C@_07PBILKAFL@Success@  000000018000a340     toroC64:_cdeCoreVwxPrintf.obj
 0002:00000348       ??_C@_0L@PLPBEPPC@Load?5Error@ 000000018000a348     toroC64:_cdeCoreVwxPrintf.obj
 0002:00000358       ??_C@_0BC@HOFHKGJN@Invalid?5Parameter@ 000000018000a358     toroC64:_cdeCoreVwxPrintf.obj
 0002:00000370       ??_C@_0M@BEECMOIL@Unsupported@ 000000018000a370     toroC64:_cdeCoreVwxPrintf.obj
 0002:00000380       ??_C@_0BA@FLNMPMCF@Bad?5Buffer?5Size@ 000000018000a380     toroC64:_cdeCoreVwxPrintf.obj
 0002:00000390       ??_C@_0BB@EGELJFOB@Buffer?5Too?5Small@ 000000018000a390     toroC64:_cdeCoreVwxPrintf.obj
 0002:000003a8       ??_C@_09NKFGCIPN@Not?5Ready@ 000000018000a3a8     toroC64:_cdeCoreVwxPrintf.obj
 0002:000003b8       ??_C@_0N@HHEABDHO@Device?5Error@ 000000018000a3b8     toroC64:_cdeCoreVwxPrintf.obj
 0002:000003c8       ??_C@_0BA@LNEDDFNB@Write?5Protected@ 000000018000a3c8     toroC64:_cdeCoreVwxPrintf.obj
 0002:000003d8       ??_C@_0BB@GOILNEAA@Out?5of?5Resources@ 000000018000a3d8     toroC64:_cdeCoreVwxPrintf.obj
 0002:000003f0       ??_C@_0P@EIOJGIF@Volume?5Corrupt@ 000000018000a3f0     toroC64:_cdeCoreVwxPrintf.obj
 0002:00000400       ??_C@_0M@HDLEPOFA@Volume?5Full@ 000000018000a400     toroC64:_cdeCoreVwxPrintf.obj
 0002:00000410       ??_C@_08KEGAJDNN@No?5Media@ 000000018000a410     toroC64:_cdeCoreVwxPrintf.obj
 0002:00000420       ??_C@_0O@JNCJKCCD@Media?5changed@ 000000018000a420     toroC64:_cdeCoreVwxPrintf.obj
 0002:00000430       ??_C@_09CFCBFJND@Not?5Found@ 000000018000a430     toroC64:_cdeCoreVwxPrintf.obj
 0002:00000440       ??_C@_0O@NFHOBIDO@Access?5Denied@ 000000018000a440     toroC64:_cdeCoreVwxPrintf.obj
 0002:00000450       ??_C@_0M@ENKCBFEP@No?5Response@ 000000018000a450     toroC64:_cdeCoreVwxPrintf.obj
 0002:00000460       ??_C@_0L@IFPBNFC@No?5mapping@ 000000018000a460     toroC64:_cdeCoreVwxPrintf.obj
 0002:00000470       ??_C@_08PAFJCNGP@Time?5out@ 000000018000a470     toroC64:_cdeCoreVwxPrintf.obj
 0002:00000480       ??_C@_0M@DCJFAFHJ@Not?5started@ 000000018000a480     toroC64:_cdeCoreVwxPrintf.obj
 0002:00000490       ??_C@_0BA@IGIBFFPH@Already?5started@ 000000018000a490     toroC64:_cdeCoreVwxPrintf.obj
 0002:000004a0       ??_C@_07LCKDCBKK@Aborted@  000000018000a4a0     toroC64:_cdeCoreVwxPrintf.obj
 0002:000004a8       ??_C@_0L@LKIFCMNO@ICMP?5Error@ 000000018000a4a8     toroC64:_cdeCoreVwxPrintf.obj
 0002:000004b8       ??_C@_0L@DJKNJKHM@TFTP?5Error@ 000000018000a4b8     toroC64:_cdeCoreVwxPrintf.obj
 0002:000004c8       ??_C@_0P@NCJHBCLM@Protocol?5Error@ 000000018000a4c8     toroC64:_cdeCoreVwxPrintf.obj
 0002:000004d8       ??_C@_0BG@CFJMNNJK@Warning?5Unknown?5Glyph@ 000000018000a4d8     toroC64:_cdeCoreVwxPrintf.obj
 0002:000004f0       ??_C@_0BH@GKKCJEPJ@Warning?5Delete?5Failure@ 000000018000a4f0     toroC64:_cdeCoreVwxPrintf.obj
 0002:00000508       ??_C@_0BG@ECIJMOED@Warning?5Write?5Failure@ 000000018000a508     toroC64:_cdeCoreVwxPrintf.obj
 0002:00000520       ??_C@_0BJ@ODIPDGHB@Warning?5Buffer?5Too?5Small@ 000000018000a520     toroC64:_cdeCoreVwxPrintf.obj
 0002:00000540       ??_C@_1O@CEDCILHN@?$AA?$CI?$AAn?$AAu?$AAl?$AAl?$AA?$CJ@ 000000018000a540     toroC64:_cdeCoreVwxPrintf.obj
 0002:00000550       ??_C@_06OJHGLDPL@?$CInull?$CJ@ 000000018000a550     toroC64:_cdeCoreVwxPrintf.obj
 0002:00000558       ??_C@_01KDCPPGHE@r@        000000018000a558     toroC64:osifUefiShellFileOpen.obj
 0002:0000055c       ??_C@_02JDPG@rb@           000000018000a55c     toroC64:osifUefiShellFileOpen.obj
 0002:00000560       ??_C@_02CBLLGHLK@r?$CL@    000000018000a560     toroC64:osifUefiShellFileOpen.obj
 0002:00000564       ??_C@_03HMFOOINA@r?$CLb@   000000018000a564     toroC64:osifUefiShellFileOpen.obj
 0002:00000568       ??_C@_03CCKOKKND@rb?$CL@   000000018000a568     toroC64:osifUefiShellFileOpen.obj
 0002:0000056c       ??_C@_01NOFIACDB@w@        000000018000a56c     toroC64:osifUefiShellFileOpen.obj
 0002:00000570       ??_C@_02GMLFBBN@wb@        000000018000a570     toroC64:osifUefiShellFileOpen.obj
 0002:00000574       ??_C@_02CHHAKFFB@w?$CL@    000000018000a574     toroC64:osifUefiShellFileOpen.obj
 0002:00000578       ??_C@_03ELIABIOC@w?$CLb@   000000018000a578     toroC64:osifUefiShellFileOpen.obj
 0002:0000057c       ??_C@_03BFHAFKOB@wb?$CL@   000000018000a57c     toroC64:osifUefiShellFileOpen.obj
 0002:00000580       ??_C@_01MCMALHOG@a@        000000018000a580     toroC64:osifUefiShellFileOpen.obj
 0002:00000584       ??_C@_02BOGAIONP@ab@       000000018000a584     toroC64:osifUefiShellFileOpen.obj
 0002:00000588       ??_C@_02DPNLHKJD@a?$CL@    000000018000a588     toroC64:osifUefiShellFileOpen.obj
 0002:0000058c       ??_C@_03DOPCBAKB@a?$CLb@   000000018000a58c     toroC64:osifUefiShellFileOpen.obj
 0002:00000590       ??_C@_03GAACFCKC@ab?$CL@   000000018000a590     toroC64:osifUefiShellFileOpen.obj
 0002:00000598       ??_C@_08GAJLGCMP@CdeMkDir@ 000000018000a598     toroC64:osifUefiShellFileOpen.obj
 0002:000005a8       ??_C@_07FPDFEDEI@ctrwaxb@  000000018000a5a8     toroC64:osifUefiShellFileOpen.obj
 0002:000005b0       ??_C@_13PJJBFPED@?$AA?$DL@ 000000018000a5b0     toroC64:osifUefiShellFileOpen.obj
 0002:000005b4       ??_C@_13FPGAJAPJ@?$AA?2@   000000018000a5b4     toroC64:osifUefiShellFileOpen.obj
 0002:000005b8       ??_C@_01KICIPPFI@?2@       000000018000a5b8     toroC64:osifUefiShellFileFindAll.obj
 0002:000005bc       ??_C@_01JLIPDDHJ@?3@       000000018000a5bc     toroC64:osifUefiShellFileGetStatus.obj
 0002:000005c0       ??_C@_02OFDPNJAI@FS@       000000018000a5c0     toroC64:osifUefiShellFileGetStatus.obj
 0002:000005c4       ??_C@_15BFKPJPFA@?$AAA?$AA?3@ 000000018000a5c4     toroC64:osifUefiShellCmdExec.obj
 0002:000005cc       ??_C@_13JOFGPIOO@?$AA?4@   000000018000a5cc     toroC64:_cdeCLocale_.obj
 0002:000005d0       ??_C@_11LOCGONAA@@         000000018000a5d0     toroC64:_cdeCLocale_.obj
 0002:000005d8       ??_C@_0BO@ICHKIABJ@abnormal?5program?5termination?6@ 000000018000a5d8     toroC64:abortCDEABI.obj
 0002:000005f8       ??_C@_0CE@NLPNMFHG@invalid?5parameter?3?5?$CFS?$CI?$CFd?$CJ?5?$CFS?$CI?$CJ?5@ 000000018000a5f8     toroC64:_invalid_parameter_handlerCDEABI.obj
 0002:00000620       ??_C@_0BD@NEDHKJBG@invalid?5parameter?6@ 000000018000a620     toroC64:_invalid_parameter_handlerCDEABI.obj
 0002:00000650       __volatile_metadata        000000018000a650     <linker-defined>
 0003:000010b0       CdeAppIfShell              000000018000c0b0     toroC64:osifUefiShellEntryPoint.obj
 0003:000019d0       _cdeLconv_C                000000018000c9d0     toroC64:_cdeCLocale_.obj
 0003:00001a68       _cdeCLocale                000000018000ca68     toroC64:_cdeCLocale_.obj
 0003:00001a80       __imp_free                 000000018000ca80     toroC64:FreeCDEABI.obj
 0003:00001a88       __imp_memset               000000018000ca88     toroC64:MemSetCDEINTRINABI.obj
 0003:00001a90       __imp_memcmp               000000018000ca90     toroC64:MemCmpCDEINTRINABI.obj
 0003:00001aa0       __imp_fclose               000000018000caa0     toroC64:FcloseCDEABI.obj
 0003:00001aa8       __imp_fgetc                000000018000caa8     toroC64:FgetcCDEABI.obj
 0003:00001ab0       __imp_fwrite               000000018000cab0     toroC64:FwriteCDEABI.obj
 0003:00001ab8       __imp_sprintf              000000018000cab8     toroC64:SprintfCDEABI.obj
 0003:00001ac0       __imp_raise                000000018000cac0     toroC64:raiseCDEABI.obj
 0003:00001ad0       __imp_strcmp               000000018000cad0     toroC64:StrCmpCDEABI.obj
 0003:00001ad8       __imp_fprintf              000000018000cad8     toroC64:FprintfCDEABI.obj
 0003:00001ae0       _gCdeEfiShellProtocolGuid  000000018000cae0     toroC64:EFI_SHELL_PROTOCOL_GUID.obj
 0003:00001af0       _gCdeStrLibcVersion        000000018000caf0     toroC64:_gCdeStrLibcVersion.obj
 0003:00001b18       __imp_strlen               000000018000cb18     toroC64:StrLenCDEABI.obj
 0003:00001b20       __imp_wcslen               000000018000cb20     toroC64:WcsLenCDEABI.obj
 0003:00001b30       _fltused                   000000018000cb30     toroC64:_fltused.obj
 0003:00001b38       __imp_isspace              000000018000cb38     toroC64:isspaceCDEABI.obj
 0003:00001b40       __imp_isdigit              000000018000cb40     toroC64:isdigitCDEABI.obj
 0003:00001b48       __imp_isxdigit             000000018000cb48     toroC64:isxdigitCDEABI.obj
 0003:00001b50       __imp__mktime64            000000018000cb50     toroC64:mktimeCDEABI.obj
 0003:00001b58       __imp_mktime               000000018000cb58     toroC64:mktimeCDEABI.obj
 0003:00001b60       __imp_wcschr               000000018000cb60     toroC64:WcsChrCDEABI.obj
 0003:00001b68       __imp_wcscat               000000018000cb68     toroC64:WcsCatCDEABI.obj
 0003:00001b70       __imp_wcscpy               000000018000cb70     toroC64:WcsCpyCDEABI.obj
 0003:00001b80       __imp_wcsncmp              000000018000cb80     toroC64:WcsNCmpCDEABI.obj
 0003:00001b88       __imp_wcsncpy              000000018000cb88     toroC64:WcsNCpyCDEABI.obj
 0003:00001b98       __imp_wcstok               000000018000cb98     toroC64:WcsTokCDEABI.obj
 0003:00001ba8       __imp__wcsicmp             000000018000cba8     toroC64:_WcsICmpCDEABI.obj
 0003:00001bb8       __imp__stricmp             000000018000cbb8     toroC64:_StrICmpCDEABI.obj
 0003:00001bc0       _gEfiSimpleFileSystemProtocolGuid 000000018000cbc0     toroC64:EFI_SIMPLE_FILE_SYSTEM_PROTOCOL_GUID.obj
 0003:00001bd0       _gEfiDevicePathToTextProtocolGuid 000000018000cbd0     toroC64:EFI_DEVICE_PATH_TO_TEXT_PROTOCOL_GUID.obj
 0003:00001be0       _gEfiDevicePathProtocolGuid 000000018000cbe0     toroC64:EFI_DEVICE_PATH_PROTOCOL_GUID.obj
 0003:00001bf0       __imp_malloc               000000018000cbf0     toroC64:MallocCDEABI.obj
 0003:00001bf8       __imp_wcsrchr              000000018000cbf8     toroC64:WcsRChrCDEABI.obj
 0003:00001c00       __imp__errno               000000018000cc00     toroC64:errnoCDEABI.obj
 0003:00001c10       __imp_fopen                000000018000cc10     toroC64:FopenCDEABI.obj
 0003:00001c18       __imp_fread                000000018000cc18     toroC64:FreadCDEABI.obj
 0003:00001c20       __imp_fseek                000000018000cc20     toroC64:FseekCDEABI.obj
 0003:00001c28       __imp_strchr               000000018000cc28     toroC64:StrChrCDEABI.obj
 0003:00001c30       __imp_realloc              000000018000cc30     toroC64:ReallocCDEABI.obj
 0003:00001c38       __imp_wcstombs             000000018000cc38     toroC64:wcstombsCDEABI.obj
 0003:00001c40       __imp_mbstowcs             000000018000cc40     toroC64:mbstowcsCDEABI.obj
 0003:00001c48       __imp_abort                000000018000cc48     toroC64:abortCDEABI.obj
 0003:00001c50       __imp_strncpy              000000018000cc50     toroC64:StrNCpyCDEABI.obj
 0003:00001c60       __imp_strncmp              000000018000cc60     toroC64:StrNCmpCDEABI.obj
 0003:00001c68       __imp_strcpy               000000018000cc68     toroC64:StrCpyCDEABI.obj
 0003:00001c70       __imp_strcat               000000018000cc70     toroC64:StrCatCDEABI.obj
 0003:00001c78       __imp_strtol               000000018000cc78     toroC64:strtolCDEABI.obj
 0003:00001c80       __imp_strstr               000000018000cc80     toroC64:StrStrCDEABI.obj
 0003:00001c90       __imp__strnicmp            000000018000cc90     toroC64:_StrNICmpCDEABI.obj
 0003:00001c98       __imp_toupper              000000018000cc98     toroC64:toupperCDEABI.obj
 0003:00001ca0       _gEfiFileInfoIdGuid        000000018000cca0     toroC64:EFI_FILE_INFO_ID_GUID.obj
 0003:00001cb0       __imp_wcsstr               000000018000ccb0     toroC64:WcsStrCDEABI.obj
 0003:00001cb8       __imp_fflush               000000018000ccb8     toroC64:FflushCDEABI.obj
 0003:00001cc0       __imp_remove               000000018000ccc0     toroC64:RemoveCDEABI.obj
 0003:00001cc8       pinvalid_parameter_handlerCDEABI 000000018000ccc8     toroC64:_invalid_parameter_handlerCDEABI.obj
 0003:00001cd8       __imp_vsnprintf            000000018000ccd8     toroC64:VsnprintfCDEABI.obj
 0003:00001ce8       __imp_vfprintf             000000018000cce8     toroC64:VfprintfCDEABI.obj
 0003:00001cf0       __imp_wcspbrk              000000018000ccf0     toroC64:WcsPbrkCDEABI.obj
 0003:00001cf8       __imp_memcpy               000000018000ccf8     toroC64:MemCpyCDEABI.obj
 0003:00001d00       __imp_strpbrk              000000018000cd00     toroC64:StrPbrkCDEABI.obj
 0003:00001d08       __imp_exit                 000000018000cd08     toroC64:exitCDEABI.obj
 0003:00001d20       __imp_islower              000000018000cd20     toroC64:islowerCDEABI.obj
 0003:00001d28       __imp_fputc                000000018000cd28     toroC64:FputcCDEABI.obj
 0003:00001d30       _gCdeCfgCmdLnParmPoolMemRetain 000000018000cd30     toroC64:_gCdeCfgCmdLnParmPoolMemRetain.obj
 0003:00001d38       __imp_fsetpos              000000018000cd38     toroC64:FsetposCDEABI.obj
 0003:00015360       _gCdeCfgCmdLnParmReportStatusCodeSTDOUT 0000000180020360     toroC64:_gCdeCfgCmdLnParmReportStatusCodeSTDOUT.obj
 0003:00015368       pEFI_FILE_WRITE            0000000180020368     <common>
 0003:00015370       pConIOClr                  0000000180020370     <common>
 0003:00015378       pCdeEfiDevicePathToTextProtocol 0000000180020378     <common>
 0003:00015380       gszCdeDriverName           0000000180020380     <common>
 0003:00015388       _cdegRT                    0000000180020388     <common>
 0003:00015390       _cdegBS                    0000000180020390     <common>
 0003:00015398       _cdegST                    0000000180020398     <common>
 0003:000153a0       _cdegImageHandle           00000001800203a0     <common>

 entry point at        0001:00000760

 Static symbols

 0001:00000034       _StdOutPutChar             0000000180001034 f   toroC64:osifUefiShellEntryPoint.obj
 0001:0000007c       _StdInGetChar              000000018000107c f   toroC64:osifUefiShellEntryPoint.obj
 0001:0000078c       __CdeChkCtrlC              000000018000178c f   toroC64:osifUefiShellEntryPoint.obj
 0001:00001e40       $LN275                     0000000180002e40     toroC64:_cdeCoreVwxPrintf.obj
 0001:00001ec4       ExpFieldOfDouble           0000000180002ec4 f   toroC64:_cdeCoreVwxPrintf.obj
 0001:00001ed8       FractBinDigits             0000000180002ed8 f   toroC64:_cdeCoreVwxPrintf.obj
 0001:00001f40       FractFieldOfDouble         0000000180002f40 f   toroC64:_cdeCoreVwxPrintf.obj
 0001:00001f54       IntgrBinDigits             0000000180002f54 f   toroC64:_cdeCoreVwxPrintf.obj
 0001:00001f9c       fract2bcd                  0000000180002f9c f   toroC64:_cdeCoreVwxPrintf.obj
 0001:00002074       intgr2bcd                  0000000180003074 f   toroC64:_cdeCoreVwxPrintf.obj
 0001:00002174       nfill                      0000000180003174 f   toroC64:_cdeCoreVwxPrintf.obj
 0001:000021e4       nprintfield                00000001800031e4 f   toroC64:_cdeCoreVwxPrintf.obj
 0001:0000267c       num2str                    000000018000367c f   toroC64:_cdeCoreVwxPrintf.obj
 0001:000027e0       str2dev                    00000001800037e0 f   toroC64:_cdeCoreVwxPrintf.obj
 0001:00003698       GetCharAndCount            0000000180004698 f   toroC64:_cdeCoreVwxScanf.obj
 0001:000036c4       IsCharInNumberRange        00000001800046c4 f   toroC64:_cdeCoreVwxScanf.obj
 0001:00003738       StoreTerminate             0000000180004738 f   toroC64:_cdeCoreVwxScanf.obj
 0001:00003798       UngetCharAndDecount        0000000180004798 f   toroC64:_cdeCoreVwxScanf.obj
 0001:000037b8       inrange                    00000001800047b8 f   toroC64:_cdeCoreVwxScanf.obj
 0001:000037e0       str2num                    00000001800047e0 f   toroC64:_cdeCoreVwxScanf.obj
 0001:0000428c       __insertFree               000000018000528c f   toroC64:_cdeCoreMemRealloc.obj
 0001:0000466c       bcd2int                    000000018000566c f   toroC64:osifIbmAtGetTime.obj
 0001:00004684       inside                     0000000180005684 f   toroC64:osifIbmAtGetTime.obj
 0001:00004694       rtcrd8                     0000000180005694 f   toroC64:osifIbmAtGetTime.obj
 0001:00004748       GetACPICount               0000000180005748 f   toroC64:osifUefiShellGetTscPerSec.obj
 0001:00004f44       __CdeFsEnum                0000000180005f44 f   toroC64:osifUefiShellFileOpen.obj
 0001:000050e4       __CdeIsFsEnum              00000001800060e4 f   toroC64:osifUefiShellFileOpen.obj
 0001:000050f8       efifopen                   00000001800060f8 f   toroC64:osifUefiShellFileOpen.obj
 0001:000057a4       __cdeReadDirectory         00000001800067a4 f   toroC64:osifUefiShellFileFindAll.obj
 0001:00005b44       myConIOClr                 0000000180006b44 f   toroC64:osifUefiShellCmdExec.obj
 0001:00005b50       myEFI_FILE_WRITE           0000000180006b50 f   toroC64:osifUefiShellCmdExec.obj
 0001:00006790       $$000000                   0000000180007790     toroC64:setjmp64CDEINTRINABI.obj
 0001:00006aa0       $$000000                   0000000180007aa0     toroC64:CdeGetCurrentPrivilegeLevel64.obj
 0001:00006aa4       freeCDEABI                 0000000180007aa4 f   toroC64:FreeCDEABI.obj
 0001:00006b1c       fcloseCDEABI               0000000180007b1c f   toroC64:FcloseCDEABI.obj
 0001:00006be8       fgetcCDEABI                0000000180007be8 f   toroC64:FgetcCDEABI.obj
 0001:00006c3c       fwriteCDEABI               0000000180007c3c f   toroC64:FwriteCDEABI.obj
 0001:00006c94       sprintfCDEABI              0000000180007c94 f   toroC64:SprintfCDEABI.obj
 0001:00006cc0       raiseCDEABI                0000000180007cc0 f   toroC64:raiseCDEABI.obj
 0001:00006d44       strcmpCDEABI               0000000180007d44 f   toroC64:StrCmpCDEABI.obj
 0001:00006d80       fprintfCDEABI              0000000180007d80 f   toroC64:FprintfCDEABI.obj
 0001:00006f84       strlenCDEABI               0000000180007f84 f   toroC64:StrLenCDEABI.obj
 0001:00006f98       wcslenCDEABI               0000000180007f98 f   toroC64:WcsLenCDEABI.obj
 0001:00006ffc       isspaceCDEABI              0000000180007ffc f   toroC64:isspaceCDEABI.obj
 0001:00007014       isdigitCDEABI              0000000180008014 f   toroC64:isdigitCDEABI.obj
 0001:00007028       isxdigitCDEABI             0000000180008028 f   toroC64:isxdigitCDEABI.obj
 0001:000070c0       _mktime64CDEABI            00000001800080c0 f   toroC64:mktimeCDEABI.obj
 0001:0000714c       mktimeCDEABI               000000018000814c f   toroC64:mktimeCDEABI.obj
 0001:000072fc       wcschrCDEABI               00000001800082fc f   toroC64:WcsChrCDEABI.obj
 0001:00007334       wcscatCDEABI               0000000180008334 f   toroC64:WcsCatCDEABI.obj
 0001:00007368       wcscpyCDEABI               0000000180008368 f   toroC64:WcsCpyCDEABI.obj
 0001:000073a0       wcsncmpCDEABI              00000001800083a0 f   toroC64:WcsNCmpCDEABI.obj
 0001:000073e8       wcsncpyCDEABI              00000001800083e8 f   toroC64:WcsNCpyCDEABI.obj
 0001:0000742c       wcstokCDEABI               000000018000842c f   toroC64:WcsTokCDEABI.obj
 0001:0000747c       _wcsicmpCDEABI             000000018000847c f   toroC64:_WcsICmpCDEABI.obj
 0001:000074b8       _stricmpCDEABI             00000001800084b8 f   toroC64:_StrICmpCDEABI.obj
 0001:000075dc       mallocCDEABI               00000001800085dc f   toroC64:MallocCDEABI.obj
 0001:000075e8       wcsrchrCDEABI              00000001800085e8 f   toroC64:WcsRChrCDEABI.obj
 0001:00007640       _errnoCDEABI               0000000180008640 f   toroC64:errnoCDEABI.obj
 0001:00007664       fopenCDEABI                0000000180008664 f   toroC64:FopenCDEABI.obj
 0001:000078b8       freadCDEABI                00000001800088b8 f   toroC64:FreadCDEABI.obj
 0001:00007910       fseekCDEABI                0000000180008910 f   toroC64:FseekCDEABI.obj
 0001:00007918       strchrCDEABI               0000000180008918 f   toroC64:StrChrCDEABI.obj
 0001:0000794c       reallocCDEABI              000000018000894c f   toroC64:ReallocCDEABI.obj
 0001:00007984       wcstombsCDEABI             0000000180008984 f   toroC64:wcstombsCDEABI.obj
 0001:000079d4       mbstowcsCDEABI             00000001800089d4 f   toroC64:mbstowcsCDEABI.obj
 0001:000079fc       abortCDEABI                00000001800089fc f   toroC64:abortCDEABI.obj
 0001:00007a70       strncpyCDEABI              0000000180008a70 f   toroC64:StrNCpyCDEABI.obj
 0001:00007ab4       strncmpCDEABI              0000000180008ab4 f   toroC64:StrNCmpCDEABI.obj
 0001:00007afc       strcpyCDEABI               0000000180008afc f   toroC64:StrCpyCDEABI.obj
 0001:00007b34       strcatCDEABI               0000000180008b34 f   toroC64:StrCatCDEABI.obj
 0001:00007b68       strtolCDEABI               0000000180008b68 f   toroC64:strtolCDEABI.obj
 0001:00007c28       strstrCDEABI               0000000180008c28 f   toroC64:StrStrCDEABI.obj
 0001:00007c6c       _strnicmpCDEABI            0000000180008c6c f   toroC64:_StrNICmpCDEABI.obj
 0001:00007cb4       toupperCDEABI              0000000180008cb4 f   toroC64:toupperCDEABI.obj
 0001:00007d2c       wcsstrCDEABI               0000000180008d2c f   toroC64:WcsStrCDEABI.obj
 0001:00007ef4       fflushCDEABI               0000000180008ef4 f   toroC64:FflushCDEABI.obj
 0001:00007f18       removeCDEABI               0000000180008f18 f   toroC64:RemoveCDEABI.obj
 0001:00007f90       invalid_parameter_handler  0000000180008f90 f   toroC64:_invalid_parameter_handlerCDEABI.obj
 0001:00008014       vsnprintfCDEABI            0000000180009014 f   toroC64:VsnprintfCDEABI.obj
 0001:0000810c       __fputcpp                  000000018000910c f   toroC64:VfprintfCDEABI.obj
 0001:0000811c       vfprintfCDEABI             000000018000911c f   toroC64:VfprintfCDEABI.obj
 0001:000083f4       wcspbrkCDEABI              00000001800093f4 f   toroC64:WcsPbrkCDEABI.obj
 0001:00008438       memcpyCDEABI               0000000180009438 f   toroC64:MemCpyCDEABI.obj
 0001:00008584       strpbrkCDEABI              0000000180009584 f   toroC64:StrPbrkCDEABI.obj
 0001:000085c4       exitCDEABI                 00000001800095c4 f   toroC64:exitCDEABI.obj
 0001:0000865c       islowerCDEABI              000000018000965c f   toroC64:islowerCDEABI.obj
 0001:000086d4       fputcCDEABI                00000001800096d4 f   toroC64:FputcCDEABI.obj
 0001:00008740       $$000000                   0000000180009740     toroC64:longjmp64CDEINTRINABI.obj
 0002:000007c8       $unwind$main               000000018000a7c8     main.obj
 0002:000007d0       $unwind$__cdeGetAppIf      000000018000a7d0     toroC64:osifUefiShellEntryPoint.obj
 0002:000007d8       $unwind$_StdOutPutChar     000000018000a7d8     toroC64:osifUefiShellEntryPoint.obj
 0002:000007e0       $unwind$_StdInGetChar      000000018000a7e0     toroC64:osifUefiShellEntryPoint.obj
 0002:000007e8       $unwind$_MainEntryPointShell 000000018000a7e8     toroC64:osifUefiShellEntryPoint.obj
 0002:00000804       $unwind$FractBinDigits     000000018000a804     toroC64:_cdeCoreVwxPrintf.obj
 0002:00000804       $unwind$IntgrBinDigits     000000018000a804     toroC64:_cdeCoreVwxPrintf.obj
 0002:00000804       $unwind$__CdeChkCtrlC      000000018000a804     toroC64:osifUefiShellEntryPoint.obj
 0002:0000080c       $unwind$puts               000000018000a80c     toroC64:Puts.obj
 0002:0000081c       $unwind$_CdeDbgPutChar     000000018000a81c     toroC64:_CdeDbgPutChar.obj
 0002:00000838       $unwind$_cdeCoreVwxPrintf  000000018000a838     toroC64:_cdeCoreVwxPrintf.obj
 0002:00000858       $unwind$intgr2bcd          000000018000a858     toroC64:_cdeCoreVwxPrintf.obj
 0002:0000086c       $unwind$fract2bcd          000000018000a86c     toroC64:_cdeCoreVwxPrintf.obj
 0002:0000086c       $unwind$GetCharAndCount    000000018000a86c     toroC64:_cdeCoreVwxScanf.obj
 0002:00000878       $unwind$str2dev            000000018000a878     toroC64:_cdeCoreVwxPrintf.obj
 0002:00000890       $unwind$num2str            000000018000a890     toroC64:_cdeCoreVwxPrintf.obj
 0002:000008a8       $unwind$nfill              000000018000a8a8     toroC64:_cdeCoreVwxPrintf.obj
 0002:000008c0       $unwind$nprintfield        000000018000a8c0     toroC64:_cdeCoreVwxPrintf.obj
 0002:000008d8       $unwind$UngetCharAndDecount 000000018000a8d8     toroC64:_cdeCoreVwxScanf.obj
 0002:000008e0       $unwind$str2num            000000018000a8e0     toroC64:_cdeCoreVwxScanf.obj
 0002:000008f8       $unwind$_cdeCoreVwxScanf   000000018000a8f8     toroC64:_cdeCoreVwxScanf.obj
 0002:00000914       $unwind$_cdeCoreWcsStrTok  000000018000a914     toroC64:_cdeCoreWcsStrTok.obj
 0002:00000930       $unwind$_cdeWcsStrPbrkSpn  000000018000a930     toroC64:_cdeWcsStrPbrkSpn.obj
 0002:0000094c       $unwind$_cdeCoreMemRealloc 000000018000a94c     toroC64:_cdeCoreMemRealloc.obj
 0002:00000968       $unwind$_cdeMemStrxCpy     000000018000a968     toroC64:_cdeMemStrxCpy.obj
 0002:00000980       $unwind$_cdeMemStrxCmp     000000018000a980     toroC64:_cdeMemStrxCmp.obj
 0002:0000099c       $unwind$_osifIbmAtGetTime  000000018000a99c     toroC64:osifIbmAtGetTime.obj
 0002:000009a8       $unwind$_osifUefiShellGetTscPerSec 000000018000a9a8     toroC64:osifUefiShellGetTscPerSec.obj
 0002:000009c0       $unwind$_osifUefiShellMemAlloc 000000018000a9c0     toroC64:osifUefiShellMemAlloc.obj
 0002:000009c8       $unwind$_osifUefiShellFileWrite 000000018000a9c8     toroC64:osifUefiShellFileWrite.obj
 0002:000009e0       $unwind$_osifUefiShellFileRead 000000018000a9e0     toroC64:osifUefiShellFileRead.obj
 0002:000009f4       $unwind$_osifUefiShellFileSetPos 000000018000a9f4     toroC64:osifUefiShellFileSetPos.obj
 0002:00000a08       $unwind$efifopen           000000018000aa08     toroC64:osifUefiShellFileOpen.obj
 0002:00000a20       $unwind$__CdeFsEnum        000000018000aa20     toroC64:osifUefiShellFileOpen.obj
 0002:00000a34       $unwind$_osifUefiShellFileOpen 000000018000aa34     toroC64:osifUefiShellFileOpen.obj
 0002:00000a4c       $unwind$_osifUefiShellFileClose 000000018000aa4c     toroC64:osifUefiShellFileClose.obj
 0002:00000a5c       $unwind$_osifUefiShellFileDelete 000000018000aa5c     toroC64:osifUefiShellFileDelete.obj
 0002:00000a64       $unwind$_osifUefiShellFileRename 000000018000aa64     toroC64:osifUefiShellFileRename.obj
 0002:00000a80       $unwind$__cdeReadDirectory 000000018000aa80     toroC64:osifUefiShellFileFindAll.obj
 0002:00000a9c       $unwind$_osifUefiShellFileFindAll 000000018000aa9c     toroC64:osifUefiShellFileFindAll.obj
 0002:00000ab4       $unwind$_osifUefiShellFileGetStatus 000000018000aab4     toroC64:osifUefiShellFileGetStatus.obj
 0002:00000ac8       $unwind$_osifUefiShellDirectoryCreate 000000018000aac8     toroC64:osifUefiShellDirectoryCreate.obj
 0002:00000adc       $unwind$myEFI_FILE_WRITE   000000018000aadc     toroC64:osifUefiShellCmdExec.obj
 0002:00000af4       $unwind$_osifUefiShellCmdExec 000000018000aaf4     toroC64:osifUefiShellCmdExec.obj
 0002:00000b08       $unwind$_osifUefiShellGetEnv 000000018000ab08     toroC64:osifUefiShellGetEnv.obj
 0002:00000b20       $unwind$_osifUefiShellGetDrvCwd 000000018000ab20     toroC64:osifUefiShellGetDrvCwd.obj
 0002:00000b2c       $unwind$_cdeCoreFread      000000018000ab2c     toroC64:_cdeCoreFread.obj
 0002:00000b44       $unwind$_cdeCoreFwrite     000000018000ab44     toroC64:_cdeCoreFwrite.obj
 0002:00000b5c       $unwind$_cdeCoreFsetpos    000000018000ab5c     toroC64:_cdeCoreFsetpos.obj
 0002:00000b70       $unwind$_cdeCoreFflush     000000018000ab70     toroC64:_cdeCoreFflush.obj
 0002:00000b80       $unwind$__acrt_iob_func    000000018000ab80     toroC64:__acrt_iob_func.obj
 0002:00000b8c       $unwind$_CdeLocateProtocol 000000018000ab8c     toroC64:_CdeLocateProtocol.obj
 0002:00000b94       $unwind$_cdeStr2Argcv      000000018000ab94     toroC64:_cdeStr2Argcv.obj
 0002:00000bac       $unwind$memset             000000018000abac     toroC64:MemSetCDEINTRINABI.obj
 0002:00000bb4       $unwind$memcmp             000000018000abb4     toroC64:MemCmpCDEINTRINABI.obj
 0002:00000bc4       $unwind$fcloseCDEABI       000000018000abc4     toroC64:FcloseCDEABI.obj
 0002:00000bdc       $unwind$fgetcCDEABI        000000018000abdc     toroC64:FgetcCDEABI.obj
 0002:00000be4       $unwind$fwriteCDEABI       000000018000abe4     toroC64:FwriteCDEABI.obj
 0002:00000bf8       $unwind$sprintfCDEABI      000000018000abf8     toroC64:SprintfCDEABI.obj
 0002:00000c00       $unwind$raiseCDEABI        000000018000ac00     toroC64:raiseCDEABI.obj
 0002:00000c0c       $unwind$strcmpCDEABI       000000018000ac0c     toroC64:StrCmpCDEABI.obj
 0002:00000c18       $unwind$fprintfCDEABI      000000018000ac18     toroC64:FprintfCDEABI.obj
 0002:00000c20       $unwind$fwrite             000000018000ac20     toroC64:Fwrite.obj
 0002:00000c34       $unwind$_cdeCoreSprintf    000000018000ac34     toroC64:_cdeCoreSprintf.obj
 0002:00000c3c       $unwind$isxdigitCDEABI     000000018000ac3c     toroC64:isxdigitCDEABI.obj
 0002:00000c44       $unwind$_cdeUMUL128        000000018000ac44     toroC64:_cdeUMUL128.obj
 0002:00000c4c       $unwind$_mktime64CDEABI    000000018000ac4c     toroC64:mktimeCDEABI.obj
 0002:00000c54       $unwind$_cdeGmltime        000000018000ac54     toroC64:_cdeGmltime.obj
 0002:00000c60       $unwind$__cdeOnErrSet_status 000000018000ac60     toroC64:__cdeOnErrSet_status.obj
 0002:00000c68       $unwind$__cdeOffsetCdeFposType 000000018000ac68     toroC64:__cdeGetOffsetCdeFposType.obj
 0002:00000c70       $unwind$__cdeBiasCdeFposType 000000018000ac70     toroC64:__cdeGetBiasCdeFposType.obj
 0002:00000c7c       $unwind$wcschrCDEABI       000000018000ac7c     toroC64:WcsChrCDEABI.obj
 0002:00000c84       $unwind$wcscatCDEABI       000000018000ac84     toroC64:WcsCatCDEABI.obj
 0002:00000c90       $unwind$wcscpyCDEABI       000000018000ac90     toroC64:WcsCpyCDEABI.obj
 0002:00000c9c       $unwind$wcsncmpCDEABI      000000018000ac9c     toroC64:WcsNCmpCDEABI.obj
 0002:00000cac       $unwind$wcsncpyCDEABI      000000018000acac     toroC64:WcsNCpyCDEABI.obj
 0002:00000cbc       $unwind$wcstokCDEABI       000000018000acbc     toroC64:WcsTokCDEABI.obj
 0002:00000ccc       $unwind$_wcsicmpCDEABI     000000018000accc     toroC64:_WcsICmpCDEABI.obj
 0002:00000cd8       $unwind$_stricmpCDEABI     000000018000acd8     toroC64:_StrICmpCDEABI.obj
 0002:00000ce4       $unwind$_CdeLocateHandleBuffer 000000018000ace4     toroC64:_CdeLocateHandleBuffer.obj
 0002:00000cf4       $unwind$_cdeConvertDevicePathToText 000000018000acf4     toroC64:_cdeConvertDevicePathToText.obj
 0002:00000cfc       $unwind$_CdeGetMapFromDevicePath 000000018000acfc     toroC64:_CdeGetMapFromDevicePath.obj
 0002:00000d04       $unwind$_CdeGetCurDir      000000018000ad04     toroC64:_CdeGetCurDir.obj
 0002:00000d0c       $unwind$wcsrchrCDEABI      000000018000ad0c     toroC64:WcsRChrCDEABI.obj
 0002:00000d18       $unwind$_errnoCDEABI       000000018000ad18     toroC64:errnoCDEABI.obj
 0002:00000d20       $unwind$fopenCDEABI        000000018000ad20     toroC64:FopenCDEABI.obj
 0002:00000d3c       $unwind$freadCDEABI        000000018000ad3c     toroC64:FreadCDEABI.obj
 0002:00000d50       $unwind$strchrCDEABI       000000018000ad50     toroC64:StrChrCDEABI.obj
 0002:00000d58       $unwind$reallocCDEABI      000000018000ad58     toroC64:ReallocCDEABI.obj
 0002:00000d64       $unwind$wcstombsCDEABI     000000018000ad64     toroC64:wcstombsCDEABI.obj
 0002:00000d6c       $unwind$abortCDEABI        000000018000ad6c     toroC64:abortCDEABI.obj
 0002:00000d78       $unwind$strncpyCDEABI      000000018000ad78     toroC64:StrNCpyCDEABI.obj
 0002:00000d88       $unwind$strncmpCDEABI      000000018000ad88     toroC64:StrNCmpCDEABI.obj
 0002:00000d98       $unwind$strcpyCDEABI       000000018000ad98     toroC64:StrCpyCDEABI.obj
 0002:00000da4       $unwind$strcatCDEABI       000000018000ada4     toroC64:StrCatCDEABI.obj
 0002:00000db0       $unwind$strtolCDEABI       000000018000adb0     toroC64:strtolCDEABI.obj
 0002:00000db8       $unwind$_strnicmpCDEABI    000000018000adb8     toroC64:_StrNICmpCDEABI.obj
 0002:00000dc8       $unwind$toupperCDEABI      000000018000adc8     toroC64:toupperCDEABI.obj
 0002:00000dd0       $unwind$_cdeEfiTime2TimeT  000000018000add0     toroC64:_cdeEfiTime2TimeT.obj
 0002:00000dd8       $unwind$__cdeIsFilePointerCORE 000000018000add8     toroC64:__cdeIsFilePointerCORE.obj
 0002:00000df0       $unwind$__cderewindCORE    000000018000adf0     toroC64:__cderewindCORE.obj
 0002:00000df8       $unwind$_cdeAbort          000000018000adf8     toroC64:_cdeAbort.obj
 0002:00000e00       $unwind$__cdeIsFilePointer 000000018000ae00     toroC64:__cdeIsFilePointer.obj
 0002:00000e14       $unwind$fflushCDEABI       000000018000ae14     toroC64:FflushCDEABI.obj
 0002:00000e1c       $unwind$removeCDEABI       000000018000ae1c     toroC64:RemoveCDEABI.obj
 0002:00000e30       $unwind$invalid_parameter_handler 000000018000ae30     toroC64:_invalid_parameter_handlerCDEABI.obj
 0002:00000e44       $unwind$vsnprintfCDEABI    000000018000ae44     toroC64:VsnprintfCDEABI.obj
 0002:00000e5c       $unwind$vfprintfCDEABI     000000018000ae5c     toroC64:VfprintfCDEABI.obj
 0002:00000e70       $unwind$_cdeDay2Greg       000000018000ae70     toroC64:_cdeDay2Greg.obj
 0002:00000e7c       $unwind$_efierrno          000000018000ae7c     toroC64:_efierrno.obj
 0002:00000e84       $unwind$wcspbrkCDEABI      000000018000ae84     toroC64:WcsPbrkCDEABI.obj
 0002:00000e90       $unwind$_cdePoolWcs2AppWcs 000000018000ae90     toroC64:_CdePoolWcs2AppWcs.obj
 0002:00000ea0       $unwind$_fseeki64          000000018000aea0     toroC64:_Fseeki64.obj
 0002:00000eb4       $unwind$strpbrkCDEABI      000000018000aeb4     toroC64:StrPbrkCDEABI.obj
 0002:00000ec0       $unwind$exitCDEABI         000000018000aec0     toroC64:exitCDEABI.obj
 0002:00000ec8       $unwind$_cdeSscanf         000000018000aec8     toroC64:_cdeSscanf.obj
 0002:00000ed4       $unwind$__cdeOnErrSet_errnoCORE 000000018000aed4     toroC64:__cdeOnErrSet_errnoCORE.obj
 0002:00000edc       $unwind$__cdeOnErrSet_errno 000000018000aedc     toroC64:__cdeOnErrSet_errno.obj
 0002:00000ee4       $unwind$fputcCDEABI        000000018000aee4     toroC64:FputcCDEABI.obj
 0002:00000eec       $unwind$fsetposCDEABI      000000018000aeec     toroC64:FsetposCDEABI.obj
 0003:00000000       gCdeSystemVolumes          000000018000b000     toroC64:osifUefiShellEntryPoint.obj
 0003:00000f10       gCdeServicesShell          000000018000bf10     toroC64:osifUefiShellEntryPoint.obj
 0003:000016c0       _gEfiStatusCodeRuntimeProtocolGuid 000000018000c6c0     toroC64:osifUefiShellEntryPoint.obj
 0003:000016d0       ?EfiLoadedImageProtocolGuid@?1??_MainEntryPointShell@@9@9 000000018000c6d0     toroC64:osifUefiShellEntryPoint.obj
 0003:000016e0       ?EfiShellParametersProtocolGuid@?L@??_MainEntryPointShell@@9@9 000000018000c6e0     toroC64:osifUefiShellEntryPoint.obj
 0003:000016f0       ?EfiAcpi20TableGuid@?N@??_MainEntryPointShell@@9@9 000000018000c6f0     toroC64:osifUefiShellEntryPoint.obj
 0003:00001700       ?action@?4??_cdeCoreMemRealloc@@9@9 000000018000c700     toroC64:_cdeCoreMemRealloc.obj
 0003:00001710       tblMode                    000000018000c710     toroC64:osifUefiShellFileOpen.obj
 0003:00001910       ?wcsSHELL@?1??myEFI_FILE_WRITE@@9@9 000000018000c910     toroC64:osifUefiShellCmdExec.obj
 0003:00001948       ?wcsMAP@?1??myEFI_FILE_WRITE@@9@9 000000018000c948     toroC64:osifUefiShellCmdExec.obj
 0003:00001968       ?wcsALIAS@?1??myEFI_FILE_WRITE@@9@9 000000018000c968     toroC64:osifUefiShellCmdExec.obj
 0003:00001980       ?wcsBLK@?1??myEFI_FILE_WRITE@@9@9 000000018000c980     toroC64:osifUefiShellCmdExec.obj
 0003:00001998       ?wcsBLK2@?1??myEFI_FILE_WRITE@@9@9 000000018000c998     toroC64:osifUefiShellCmdExec.obj
 0003:000019a8       ?wcsFS@?1??myEFI_FILE_WRITE@@9@9 000000018000c9a8     toroC64:osifUefiShellCmdExec.obj
 0003:000019c0       ?wcsFS2@?1??myEFI_FILE_WRITE@@9@9 000000018000c9c0     toroC64:osifUefiShellCmdExec.obj
 0003:00001a98       ROMPARM                    000000018000ca98     toroC64:MemCmpCDEINTRINABI.obj
 0003:00001ac8       ROMPARM                    000000018000cac8     toroC64:StrCmpCDEABI.obj
 0003:00001b28       ?RomParm@?1??_cdeCoreSprintf@@9@9 000000018000cb28     toroC64:_cdeCoreSprintf.obj
 0003:00001b78       ROMPARM                    000000018000cb78     toroC64:WcsNCmpCDEABI.obj
 0003:00001b90       ROMPARM                    000000018000cb90     toroC64:WcsTokCDEABI.obj
 0003:00001ba0       ROMPARM                    000000018000cba0     toroC64:_WcsICmpCDEABI.obj
 0003:00001bb0       ROMPARM                    000000018000cbb0     toroC64:_StrICmpCDEABI.obj
 0003:00001c08       ?ROMPARM@?5??fopenCDEABI@@9@9 000000018000cc08     toroC64:FopenCDEABI.obj
 0003:00001c58       ROMPARM                    000000018000cc58     toroC64:StrNCmpCDEABI.obj
 0003:00001c88       ROMPARM                    000000018000cc88     toroC64:_StrNICmpCDEABI.obj
 0003:00001cd0       RomParm                    000000018000ccd0     toroC64:VsnprintfCDEABI.obj
 0003:00001ce0       ?sigorder@?1??_cdeSig2idx@@9@9 000000018000cce0     toroC64:_cdeSig2idx.obj
 0003:00001d10       RomParm                    000000018000cd10     toroC64:_cdeSscanf.obj
 0003:00001d40       _iob                       000000018000cd40     toroC64:osifUefiShellEntryPoint.obj
 0003:00003d40       ?DblData@?CA@??_cdeCoreVwxPrintf@@9@9 000000018000ed40     toroC64:_cdeCoreVwxPrintf.obj
 0003:000042d0       ?wcBuffer@?1??_osifUefiShellFileWrite@@9@9 000000018000f2d0     toroC64:osifUefiShellFileWrite.obj
 0003:000046e0       ?zBuf64k@?O@??_osifUefiShellFileWrite@@9@9 000000018000f6e0     toroC64:osifUefiShellFileWrite.obj
 0003:000146e0       ?wcbuffer@?3??_osifUefiShellFileRead@@9@9 000000018001f6e0     toroC64:osifUefiShellFileRead.obj
 0003:00014ae0       ?wcsFilePath@?5??_osifUefiShellFileOpen@@9@9 000000018001fae0     toroC64:osifUefiShellFileOpen.obj
 0003:00014cf0       ?wcsFileName@?5??_osifUefiShellFileOpen@@9@9 000000018001fcf0     toroC64:osifUefiShellFileOpen.obj
 0003:00014ef8       ?wcsDrive@?5??_osifUefiShellFileOpen@@9@9 000000018001fef8     toroC64:osifUefiShellFileOpen.obj
 0003:00014f18       ?wcsDrive2@?5??_osifUefiShellFileOpen@@9@9 000000018001ff18     toroC64:osifUefiShellFileOpen.obj
 0003:00014f40       state                      000000018001ff40     toroC64:osifUefiShellCmdExec.obj
 0003:00014f50       ?wcsCommand@?1??_osifUefiShellCmdExec@@9@9 000000018001ff50     toroC64:osifUefiShellCmdExec.obj
 0003:00015160       ?buffer@?1??_osifUefiShellGetEnv@@9@9 0000000180020160     toroC64:osifUefiShellGetEnv.obj
