 AcpiSrc

 Timestamp is 64fd92de (Sun Sep 10 11:56:46 2023)

 Preferred load address is 0000000180000000

 Start         Length     Name                   Class
 0001:00000000 0000e4a6H .text$mn                CODE
 0002:00000000 00000008H .CRT$XCA                DATA
 0002:00000008 00000008H .CRT$XCZ                DATA
 0002:00000010 00000008H .CRT$XIA                DATA
 0002:00000018 00000008H .CRT$XIZ                DATA
 0002:00000020 00000008H .CRT$XPA                DATA
 0002:00000028 00000008H .CRT$XPZ                DATA
 0002:00000030 00000008H .CRT$XTA                DATA
 0002:00000038 00000008H .CRT$XTZ                DATA
 0002:00000040 00006c1cH .rdata                  DATA
 0002:00006c5c 00000040H .rdata$voltmd           DATA
 0002:00006c9c 00000138H .rdata$zzzdbg           DATA
 0002:00006dd4 00000eacH .xdata                  DATA
 0002:00007c80 00000000H .edata                  DATA
 0003:00000000 00005c00H .data                   DATA
 0003:00005c00 00013770H .bss                    DATA
 0004:00000000 00000bd0H .pdata                  DATA

  Address         Publics by Value              Rva+Base               Lib:Object

 0000:00000000       __AbsoluteZero             0000000000000000     <absolute>
 0000:00000000       ___safe_se_handler_count   0000000000000000     <absolute>
 0000:00000000       ___safe_se_handler_table   0000000000000000     <absolute>
 0000:00000000       __arm64x_extra_rfe_table   0000000000000000     <absolute>
 0000:00000000       __arm64x_extra_rfe_table_size 0000000000000000     <absolute>
 0000:00000000       __arm64x_native_entrypoint 0000000000000000     <absolute>
 0000:00000000       __arm64x_redirection_metadata 0000000000000000     <absolute>
 0000:00000000       __arm64x_redirection_metadata_count 0000000000000000     <absolute>
 0000:00000000       __dynamic_value_reloc_table 0000000000000000     <absolute>
 0000:00000000       __enclave_config           0000000000000000     <absolute>
 0000:00000000       __guard_check_icall_a64n_fptr 0000000000000000     <absolute>
 0000:00000000       __guard_eh_cont_count      0000000000000000     <absolute>
 0000:00000000       __guard_eh_cont_table      0000000000000000     <absolute>
 0000:00000000       __guard_fids_count         0000000000000000     <absolute>
 0000:00000000       __guard_fids_table         0000000000000000     <absolute>
 0000:00000000       __guard_flags              0000000000000000     <absolute>
 0000:00000000       __guard_iat_count          0000000000000000     <absolute>
 0000:00000000       __guard_iat_table          0000000000000000     <absolute>
 0000:00000000       __guard_longjmp_count      0000000000000000     <absolute>
 0000:00000000       __guard_longjmp_table      0000000000000000     <absolute>
 0000:00000000       __hybrid_auxiliary_delayload_iat 0000000000000000     <absolute>
 0000:00000000       __hybrid_auxiliary_delayload_iat_copy 0000000000000000     <absolute>
 0000:00000000       __hybrid_auxiliary_iat     0000000000000000     <absolute>
 0000:00000000       __hybrid_auxiliary_iat_copy 0000000000000000     <absolute>
 0000:00000000       __hybrid_code_map          0000000000000000     <absolute>
 0000:00000000       __hybrid_code_map_count    0000000000000000     <absolute>
 0000:00000000       __hybrid_image_info_bitfield 0000000000000000     <absolute>
 0000:00000000       __x64_code_ranges_to_entry_points 0000000000000000     <absolute>
 0000:00000000       __x64_code_ranges_to_entry_points_count 0000000000000000     <absolute>
 0000:00000000       __ImageBase                0000000180000000     <linker-defined>
 0001:00000000       CmGetFileSize              0000000180001000 f   cmfsize.obj
 0001:00000094       AcpiGetopt                 0000000180001094 f   getopt.obj
 0001:00000390       AcpiGetoptArgument         0000000180001390 f   getopt.obj
 0001:00000430       AcpiFormatException        0000000180001430 f   utexcep.obj
 0001:00000478       AcpiUtValidateException    0000000180001478 f   utexcep.obj
 0001:00000544       AcpiUtDivide               0000000180001544 f   utmath.obj
 0001:0000059c       AcpiUtShortDivide          000000018000159c f   utmath.obj
 0001:000005f8       AcpiUtShortMultiply        00000001800015f8 f   utmath.obj
 0001:00000610       AcpiUtShortShiftLeft       0000000180001610 f   utmath.obj
 0001:0000062c       AcpiUtShortShiftRight      000000018000162c f   utmath.obj
 0001:00000640       AcpiUtStrupr               0000000180001640 f   utnonansi.obj
 0001:00000670       AcpiUtStrlwr               0000000180001670 f   utnonansi.obj
 0001:000006a0       AcpiUtStricmp              00000001800016a0 f   utnonansi.obj
 0001:000006f0       AcpiUtSafeStrcpy           00000001800016f0 f   utnonansi.obj
 0001:0000073c       AcpiUtSafeStrncpy          000000018000173c f   utnonansi.obj
 0001:00000768       AcpiUtSafeStrcat           0000000180001768 f   utnonansi.obj
 0001:000007cc       AcpiUtSafeStrncat          00000001800017cc f   utnonansi.obj
 0001:00000850       AcpiError                  0000000180001850 f   utxferror.obj
 0001:000008a4       AcpiException              00000001800018a4 f   utxferror.obj
 0001:00000914       AcpiWarning                0000000180001914 f   utxferror.obj
 0001:00000968       AcpiInfo                   0000000180001968 f   utxferror.obj
 0001:000009b4       AcpiBiosError              00000001800019b4 f   utxferror.obj
 0001:00000a08       AcpiBiosException          0000000180001a08 f   utxferror.obj
 0001:00000a78       AcpiBiosWarning            0000000180001a78 f   utxferror.obj
 0001:00000ac8       AcpiOsOpenDirectory        0000000180001ac8 f   oswindir.obj
 0001:00000be0       AcpiOsGetNextFilename      0000000180001be0 f   oswindir.obj
 0001:00000c5c       AcpiOsCloseDirectory       0000000180001c5c f   oswindir.obj
 0001:00000c8c       AcpiOsInitialize           0000000180001c8c f   oswinxf.obj
 0001:00000cdc       AcpiOsTerminate            0000000180001cdc f   oswinxf.obj
 0001:00000ce8       AcpiOsGetRootPointer       0000000180001ce8 f   oswinxf.obj
 0001:00000cf4       AcpiOsPredefinedOverride   0000000180001cf4 f   oswinxf.obj
 0001:00000d14       AcpiOsTableOverride        0000000180001d14 f   oswinxf.obj
 0001:00000d34       AcpiOsPhysicalTableOverride 0000000180001d34 f   oswinxf.obj
 0001:00000d40       AcpiOsCreateLock           0000000180001d40 f   oswinxf.obj
 0001:00000d58       AcpiOsDeleteLock           0000000180001d58 f   oswinxf.obj
 0001:00000d64       AcpiOsAcquireLock          0000000180001d64 f   oswinxf.obj
 0001:00000d70       AcpiOsReleaseLock          0000000180001d70 f   oswinxf.obj
 0001:00000d7c       AcpiOsCreateSemaphore      0000000180001d7c f   oswinxf.obj
 0001:00000d8c       AcpiOsDeleteSemaphore      0000000180001d8c f   oswinxf.obj
 0001:00000d98       AcpiOsWaitSemaphore        0000000180001d98 f   oswinxf.obj
 0001:00000da4       AcpiOsSignalSemaphore      0000000180001da4 f   oswinxf.obj
 0001:00000db0       AcpiOsAllocate             0000000180001db0 f   oswinxf.obj
 0001:00000dbc       AcpiOsAllocateZeroed       0000000180001dbc f   oswinxf.obj
 0001:00000dd0       AcpiOsFree                 0000000180001dd0 f   oswinxf.obj
 0001:00000ddc       AcpiOsMapMemory            0000000180001ddc f   oswinxf.obj
 0001:00000de8       AcpiOsUnmapMemory          0000000180001de8 f   oswinxf.obj
 0001:00000df4       AcpiOsInstallInterruptHandler 0000000180001df4 f   oswinxf.obj
 0001:00000e00       AcpiOsRemoveInterruptHandler 0000000180001e00 f   oswinxf.obj
 0001:00000e0c       AcpiOsGetThreadId          0000000180001e0c f   oswinxf.obj
 0001:00000e18       AcpiOsExecute              0000000180001e18 f   oswinxf.obj
 0001:00000e30       AcpiOsWaitEventsComplete   0000000180001e30 f   oswinxf.obj
 0001:00000e3c       AcpiOsSleep                0000000180001e3c f   oswinxf.obj
 0001:00000e4c       AcpiOsStall                0000000180001e4c f   oswinxf.obj
 0001:00000e64       AcpiOsReadPort             0000000180001e64 f   oswinxf.obj
 0001:00000ebc       AcpiOsWritePort            0000000180001ebc f   oswinxf.obj
 0001:00000f00       AcpiOsReadMemory           0000000180001f00 f   oswinxf.obj
 0001:00000f30       AcpiOsWriteMemory          0000000180001f30 f   oswinxf.obj
 0001:00000f3c       AcpiOsReadPciConfiguration 0000000180001f3c f   oswinxf.obj
 0001:00000f4c       AcpiOsWritePciConfiguration 0000000180001f4c f   oswinxf.obj
 0001:00000f58       AcpiOsReadable             0000000180001f58 f   oswinxf.obj
 0001:00000f74       AcpiOsWritable             0000000180001f74 f   oswinxf.obj
 0001:00000f90       AcpiOsGetTimer             0000000180001f90 f   oswinxf.obj
 0001:00000fd8       AcpiOsSignal               0000000180001fd8 f   oswinxf.obj
 0001:00000fe4       AcpiOsEnterSleep           0000000180001fe4 f   oswinxf.obj
 0001:00000ff0       AcpiOsPrintf               0000000180001ff0 f   oswinxf.obj
 0001:00001058       AcpiOsVprintf              0000000180002058 f   oswinxf.obj
 0001:000010bc       AcpiOsRedirectOutput       00000001800020bc f   oswinxf.obj
 0001:000010cc       AcpiOsGetLine              00000001800020cc f   oswinxf.obj
 0001:0000114c       AsLowerCaseString          000000018000214c f   ascase.obj
 0001:00001270       AsMixedCaseToUnderscores   0000000180002270 f   ascase.obj
 0001:00001554       AsLowerCaseIdentifiers     0000000180002554 f   ascase.obj
 0001:00001634       AsUppercaseTokens          0000000180002634 f   ascase.obj
 0001:00001778       AsReplaceString            0000000180002778 f   asconvrt.obj
 0001:00001894       AsCheckForBraces           0000000180002894 f   asconvrt.obj
 0001:000018ac       AsTrimLines                00000001800028ac f   asconvrt.obj
 0001:0000193c       AsCountTabs                000000018000293c f   asconvrt.obj
 0001:000019ac       AsBracesOnSameLine         00000001800029ac f   asconvrt.obj
 0001:00001b98       AsCountSourceLines         0000000180002b98 f   asconvrt.obj
 0001:00001c6c       AsCountNonAnsiComments     0000000180002c6c f   asconvrt.obj
 0001:00001cb4       AsTrimWhitespace           0000000180002cb4 f   asconvrt.obj
 0001:00001d74       AsTabify4                  0000000180002d74 f   asconvrt.obj
 0001:00001e1c       AsTabify8                  0000000180002e1c f   asconvrt.obj
 0001:0000200c       AsReplaceHeader            000000018000300c f   asconvrt.obj
 0001:00002080       AsDoSpdxHeader             0000000180003080 f   asconvrt.obj
 0001:00002100       AsRemoveExtraLines         0000000180003100 f   asconvrt.obj
 0001:00002188       AsRemoveSpacesAfterPeriod  0000000180003188 f   asconvrt.obj
 0001:0000221c       AsMatchExactWord           000000018000321c f   asconvrt.obj
 0001:00002268       AsPrint                    0000000180003268 f   asconvrt.obj
 0001:00002294       AsInsertPrefix             0000000180003294 f   asconvrt.obj
 0001:000023d8       AsInsertCarriageReturns    00000001800033d8 f   asconvrt.obj
 0001:00002420       AsConvertToLineFeeds       0000000180003420 f   asconvrt.obj
 0001:00002780       AsProcessTree              0000000180003780 f   asfile.obj
 0001:00002908       AsGetFile                  0000000180003908 f   asfile.obj
 0001:00002a68       AsPutFile                  0000000180003a68 f   asfile.obj
 0001:00002b30       AsConvertFile              0000000180003b30 f   asfile.obj
 0001:00002f40       AsProcessOneFile           0000000180003f40 f   asfile.obj
 0001:000031a0       AsCheckForDirectory        00000001800041a0 f   asfile.obj
 0001:000032e4       AsDoWildcard               00000001800042e4 f   asfile.obj
 0001:0000345c       AsDetectLoneLineFeeds      000000018000445c f   asfile.obj
 0001:0000355c       AsExaminePaths             000000018000455c f   asmain.obj
 0001:0000363c       AsDisplayStats             000000018000463c f   asmain.obj
 0001:00003828       AsDisplayUsage             0000000180004828 f   asmain.obj
 0001:00003968       main                       0000000180004968 f   asmain.obj
 0001:00003cbc       AsRemoveLine               0000000180004cbc f   asremove.obj
 0001:00003d24       AsReduceTypedefs           0000000180004d24 f   asremove.obj
 0001:00003e78       AsRemoveDebugMacros        0000000180004e78 f   asremove.obj
 0001:00003fac       AsRemoveEmptyBlocks        0000000180004fac f   asremove.obj
 0001:00004074       AsCleanupSpecialMacro      0000000180005074 f   asremove.obj
 0001:00004164       AsRemoveConditionalCompile 0000000180005164 f   asremove.obj
 0001:00004334       AsRemoveStatement          0000000180005334 f   asremove.obj
 0001:000043f4       AsSkipUntilChar            00000001800053f4 f   asutils.obj
 0001:00004410       AsSkipPastChar             0000000180005410 f   asutils.obj
 0001:00004430       AsReplaceData              0000000180005430 f   asutils.obj
 0001:000044b8       AsInsertData               00000001800054b8 f   asutils.obj
 0001:0000452c       AsRemoveData               000000018000552c f   asutils.obj
 0001:00004568       QueryPerformanceCounter4UEFI 0000000180005568 f   Win324UEFI:QueryPerformanceCounter.obj
 0001:00004598       QueryPerformanceFrequency4UEFI 0000000180005598 f   Win324UEFI:QueryPerformanceFrequency.obj
 0001:00004660       GetTickCount644UEFI        0000000180005660 f   Win324UEFI:GetTickCount64.obj
 0001:00004670       Sleep4UEFI                 0000000180005670 f   Win324UEFI:Sleep.obj
 0001:00004698       IsBadReadPtr4UEFI          0000000180005698 f   Win324UEFI:IsBadReadPtr.obj
 0001:00004698       IsBadWritePtr4UEFI         0000000180005698 f   Win324UEFI:IsBadWritePtr.obj
 0001:0000469c       __cdeGetAppIf              000000018000569c f   toroC64:osifUefiShellEntryPoint.obj
 0001:00004720       _MainEntryPointShell       0000000180005720 f   toroC64:osifUefiShellEntryPoint.obj
 0001:00004d18       _cdeCRT0UefiShell          0000000180005d18 f   toroC64:osifUefiShellEntryPoint.obj
 0001:00004d7c       __acrt_iob_func            0000000180005d7c f   toroC64:__acrt_iob_func.obj
 0001:00004db8       fseek                      0000000180005db8 f   toroC64:Fseek.obj
 0001:00004dc0       ftell                      0000000180005dc0 f   toroC64:Ftell.obj
 0001:00004dc8       fprintf                    0000000180005dc8 f   toroC64:Fprintf.obj
 0001:00004dec       strchr                     0000000180005dec f   toroC64:StrChr.obj
 0001:00004e1c       strcmp                     0000000180005e1c f   toroC64:StrCmp.obj
 0001:00004e58       strcat                     0000000180005e58 f   toroC64:StrCat.obj
 0001:00004e88       strcpy                     0000000180005e88 f   toroC64:StrCpy.obj
 0001:00004ec0       strlen                     0000000180005ec0 f   toroC64:StrLen.obj
 0001:00004ed4       strncat                    0000000180005ed4 f   toroC64:StrNCat.obj
 0001:00004f3c       strncpy                    0000000180005f3c f   toroC64:StrNCpy.obj
 0001:00004f80       toupper                    0000000180005f80 f   toroC64:toupper.obj
 0001:00004fa0       tolower                    0000000180005fa0 f   toroC64:tolower.obj
 0001:00004fc0       _findclose                 0000000180005fc0 f   toroC64:_findclose.obj
 0001:00004fd4       _findfirst64i32            0000000180005fd4 f   toroC64:_findfirst.obj
 0001:00005250       _findnext64i32             0000000180006250 f   toroC64:_findnext.obj
 0001:00005398       calloc                     0000000180006398 f   toroC64:Calloc.obj
 0001:000053d8       free                       00000001800063d8 f   toroC64:Free.obj
 0001:000053f0       printf                     00000001800063f0 f   toroC64:Printf.obj
 0001:0000542c       malloc                     000000018000642c f   toroC64:Malloc.obj
 0001:00005438       getchar                    0000000180006438 f   toroC64:Getchar.obj
 0001:00005450       vfprintf                   0000000180006450 f   toroC64:Vfprintf.obj
 0001:0000555c       memmove                    000000018000655c f   toroC64:MemMove.obj
 0001:000055bc       strstr                     00000001800065bc f   toroC64:StrStr.obj
 0001:00005600       isupper                    0000000180006600 f   toroC64:isupper.obj
 0001:0000560c       islower                    000000018000660c f   toroC64:islower.obj
 0001:00005620       isdigit                    0000000180006620 f   toroC64:isdigit.obj
 0001:00005634       isxdigit                   0000000180006634 f   toroC64:isxdigit.obj
 0001:00005660       isalnum                    0000000180006660 f   toroC64:isalnum.obj
 0001:00005688       strncmp                    0000000180006688 f   toroC64:StrNCmp.obj
 0001:000056d0       _errno                     00000001800066d0 f   toroC64:errno.obj
 0001:000056f4       perror                     00000001800066f4 f   toroC64:Perror.obj
 0001:00005764       isspace                    0000000180006764 f   toroC64:isspace.obj
 0001:0000577c       isprint                    000000018000677c f   toroC64:isprint.obj
 0001:0000579c       fclose                     000000018000679c f   toroC64:Fclose.obj
 0001:00005854       fopen                      0000000180006854 f   toroC64:Fopen.obj
 0001:00005a80       fread                      0000000180006a80 f   toroC64:Fread.obj
 0001:00005ad8       fwrite                     0000000180006ad8 f   toroC64:Fwrite.obj
 0001:00005b30       _mkdir                     0000000180006b30 f   toroC64:_mkdir.obj
 0001:00005c34       exit                       0000000180006c34 f   toroC64:exit.obj
 0001:00005c58       _stat64i32                 0000000180006c58 f   toroC64:_stat64i32.obj
 0001:00005d0c       clock                      0000000180006d0c f   toroC64:clock.obj
 0001:00005d60       _CdeDbgPutChar             0000000180006d60 f   toroC64:_CdeDbgPutChar.obj
 0001:00005ef4       _cdeCoreVwxPrintf          0000000180006ef4 f   toroC64:_cdeCoreVwxPrintf.obj
 0001:000071b8       ComputeFieldSize           00000001800081b8 f   toroC64:_cdeCoreVwxPrintf.obj
 0001:000071f4       ydes                       00000001800081f4 f   toroC64:_cdeCoreVwxPrintf.obj
 0001:00007bc8       _cdeCoreVwxScanf           0000000180008bc8 f   toroC64:_cdeCoreVwxScanf.obj
 0001:00009338       _cdeCoreWcsStrTok          000000018000a338 f   toroC64:_cdeCoreWcsStrTok.obj
 0001:00009434       _cdeWcsStrPbrkSpn          000000018000a434 f   toroC64:_cdeWcsStrPbrkSpn.obj
 0001:00009574       _cdeCoreMemRealloc         000000018000a574 f   toroC64:_cdeCoreMemRealloc.obj
 0001:00009944       _cdeMemStrxCpy             000000018000a944 f   toroC64:_cdeMemStrxCpy.obj
 0001:00009a38       _cdeMemStrxCmp             000000018000aa38 f   toroC64:_cdeMemStrxCmp.obj
 0001:00009b78       _osifIbmAtGetTime          000000018000ab78 f   toroC64:osifIbmAtGetTime.obj
 0001:00009d30       _osifIbmAtGetTscPerSec     000000018000ad30 f   toroC64:osifIbmAtGetTscPerSec.obj
 0001:00009dd0       _osifIbmAtGetTsc           000000018000add0 f   toroC64:osifIbmAtGetTsc.obj
 0001:00009ddc       _osifUefiShellMemAlloc     000000018000addc f   toroC64:osifUefiShellMemAlloc.obj
 0001:00009e20       _osifUefiShellMemFree      000000018000ae20 f   toroC64:osifUefiShellMemFree.obj
 0001:00009e38       _osifUefiShellFileWrite    000000018000ae38 f   toroC64:osifUefiShellFileWrite.obj
 0001:00009fc0       _osifUefiShellFileRead     000000018000afc0 f   toroC64:osifUefiShellFileRead.obj
 0001:0000a1ec       _osifUefiShellFileSetPos   000000018000b1ec f   toroC64:osifUefiShellFileSetPos.obj
 0001:0000a2f8       _osifUefiShellFileOpen     000000018000b2f8 f   toroC64:osifUefiShellFileOpen.obj
 0001:0000a9d8       _osifUefiShellFileClose    000000018000b9d8 f   toroC64:osifUefiShellFileClose.obj
 0001:0000aa2c       _osifUefiShellFileDelete   000000018000ba2c f   toroC64:osifUefiShellFileDelete.obj
 0001:0000aa54       _osifUefiShellFileRename   000000018000ba54 f   toroC64:osifUefiShellFileRename.obj
 0001:0000abb4       _osifUefiShellFileFindAll  000000018000bbb4 f   toroC64:osifUefiShellFileFindAll.obj
 0001:0000afe4       _osifUefiShellFileGetStatus 000000018000bfe4 f   toroC64:osifUefiShellFileGetStatus.obj
 0001:0000b134       _osifUefiShellDirectoryCreate 000000018000c134 f   toroC64:osifUefiShellDirectoryCreate.obj
 0001:0000b3cc       _osifUefiShellCmdExec      000000018000c3cc f   toroC64:osifUefiShellCmdExec.obj
 0001:0000b4c0       _osifUefiShellGetEnv       000000018000c4c0 f   toroC64:osifUefiShellGetEnv.obj
 0001:0000b570       _osifUefiShellGetDrvCwd    000000018000c570 f   toroC64:osifUefiShellGetDrvCwd.obj
 0001:0000b5bc       _cdeCoreFread              000000018000c5bc f   toroC64:_cdeCoreFread.obj
 0001:0000b890       _cdeCoreFwrite             000000018000c890 f   toroC64:_cdeCoreFwrite.obj
 0001:0000bb20       _cdeCoreFsetpos            000000018000cb20 f   toroC64:_cdeCoreFsetpos.obj
 0001:0000bc98       _cdeCoreFflush             000000018000cc98 f   toroC64:_cdeCoreFflush.obj
 0001:0000bd20       _cdeSigDflt                000000018000cd20 f   toroC64:_cdeSigDfl.obj
 0001:0000bd28       __cdeGetIOBuffer           000000018000cd28 f   toroC64:__cdsGetIOBuffer.obj
 0001:0000bd30       _setjmp                    000000018000cd30 f   toroC64:setjmp64CDEINTRINABI.obj
 0001:0000bdd5       __imp_setjmp               000000018000cdd5     toroC64:setjmp64CDEINTRINABI.obj
 0001:0000bddd       __cdeSETJMPCDEINTRINABIAnchor 000000018000cddd     toroC64:setjmp64CDEINTRINABI.obj
 0001:0000bde0       _CdeLocateProtocol         000000018000cde0 f   toroC64:_CdeLocateProtocol.obj
 0001:0000be10       _cdeStr2Argcv              000000018000ce10 f   toroC64:_cdeStr2Argcv.obj
 0001:0000c040       __cdeGetCurrentPrivilegeLevel 000000018000d040 f   toroC64:CdeGetCurrentPrivilegeLevel64.obj
 0001:0000c050       memset                     000000018000d050 f   toroC64:MemSetCDEINTRINABI.obj
 0001:0000c290       _fseeki64                  000000018000d290 f   toroC64:_Fseeki64.obj
 0001:0000c348       _ftelli64                  000000018000d348 f   toroC64:_Ftelli64.obj
 0001:0000c370       strpbrk                    000000018000d370 f   toroC64:StrPbrk.obj
 0001:0000c3b0       strrchr                    000000018000d3b0 f   toroC64:StrRChr.obj
 0001:0000c400       __cdeSplitSearchNameExt2Upcase 000000018000d400 f   toroC64:__cdeSplitSearchNameExt2Upcase.obj
 0001:0000c4c0       strspn                     000000018000d4c0 f   toroC64:StrSpn.obj
 0001:0000c504       __cdeStrMatch              000000018000d504 f   toroC64:__cdeStrMatch.obj
 0001:0000c65c       realloc                    000000018000d65c f   toroC64:Realloc.obj
 0001:0000c694       fgetc                      000000018000d694 f   toroC64:Fgetc.obj
 0001:0000c6e0       fputc                      000000018000d6e0 f   toroC64:Fputc.obj
 0001:0000c718       isalpha                    000000018000d718 f   toroC64:isalpha.obj
 0001:0000c740       strerror                   000000018000d740 f   toroC64:StrError.obj
 0001:0000c75c       isgraph                    000000018000d75c f   toroC64:isgraph.obj
 0001:0000c784       fflush                     000000018000d784 f   toroC64:Fflush.obj
 0001:0000c7a8       remove                     000000018000d7a8 f   toroC64:Remove.obj
 0001:0000c820       __cdeIsFilePointer         000000018000d820 f   toroC64:__cdeIsFilePointer.obj
 0001:0000c88c       _stricmp                   000000018000d88c f   toroC64:_StrICmp.obj
 0001:0000c8c8       strtok                     000000018000d8c8 f   toroC64:StrTok.obj
 0001:0000c90c       mbstowcs                   000000018000d90c f   toroC64:mbstowcs.obj
 0001:0000c934       strnlen                    000000018000d934 f   toroC64:StrNLen.obj
 0001:0000c950       longjmp                    000000018000d950 f   toroC64:longjmp64CDEINTRINABI.obj
 0001:0000c9f9       __imp_longjmp              000000018000d9f9     toroC64:longjmp64CDEINTRINABI.obj
 0001:0000ca01       __cdeLONGJMPCDEINTRINABIAnchor 000000018000da01     toroC64:longjmp64CDEINTRINABI.obj
 0001:0000ca04       _CdeDbgCOMInit             000000018000da04 f   toroC64:_CdeDbgCOMInit.obj
 0001:0000cb20       _CdeDbgCOMReady2Send       000000018000db20 f   toroC64:_CdeDbgCOMReady2Send.obj
 0001:0000cb50       _CdeDbgCOMSend             000000018000db50 f   toroC64:_CdeDbgCOMSend.obj
 0001:0000cba0       _cdeCoreSprintf            000000018000dba0 f   toroC64:_cdeCoreSprintf.obj
 0001:0000cc48       _cdeUMUL128                000000018000dc48 f   toroC64:_cdeUMUL128.obj
 0001:0000cd4c       _cdeGmltime                000000018000dd4c f   toroC64:_cdeGmltime.obj
 0001:0000ce68       __cdeOnErrSet_status       000000018000de68 f   toroC64:__cdeOnErrSet_status.obj
 0001:0000ce88       __cdeOffsetCdeFposType     000000018000de88 f   toroC64:__cdeGetOffsetCdeFposType.obj
 0001:0000cec8       __cdeBiasCdeFposType       000000018000dec8 f   toroC64:__cdeGetBiasCdeFposType.obj
 0001:0000d12c       _CdeLocateHandleBuffer     000000018000e12c f   toroC64:_CdeLocateHandleBuffer.obj
 0001:0000d1b8       _cdeConvertDevicePathToText 000000018000e1b8 f   toroC64:_cdeConvertDevicePathToText.obj
 0001:0000d1d4       _CdeGetMapFromDevicePath   000000018000e1d4 f   toroC64:_CdeGetMapFromDevicePath.obj
 0001:0000d1f4       _CdeGetCurDir              000000018000e1f4 f   toroC64:_CdeGetCurDir.obj
 0001:0000d810       _cdeEfiTime2TimeT          000000018000e810 f   toroC64:_cdeEfiTime2TimeT.obj
 0001:0000d8ac       __cdeIsFilePointerCORE     000000018000e8ac f   toroC64:__cdeIsFilePointerCORE.obj
 0001:0000d92c       __cdereallocCORE           000000018000e92c f   toroC64:__cdereallocCORE.obj
 0001:0000d93c       __cderewindCORE            000000018000e93c f   toroC64:__cderewindCORE.obj
 0001:0000d958       __cdeGetIOBufferCORE       000000018000e958 f   toroC64:__cdsGetIOBufferCORE.obj
 0001:0000d960       _cdeAbort                  000000018000e960 f   toroC64:_cdeAbort.obj
 0001:0000dba4       _cdeSig2idx                000000018000eba4 f   toroC64:_cdeSig2idx.obj
 0001:0000dbcc       _cdeSigIgn                 000000018000ebcc f   toroC64:_cdeSigIgn.obj
 0001:0000dbd0       fsetposCDEABI              000000018000ebd0 f   toroC64:FsetposCDEABI.obj
 0001:0000dc04       fgetpos                    000000018000ec04 f   toroC64:Fgetpos.obj
 0001:0000dc64       strcspn                    000000018000ec64 f   toroC64:StrCSpn.obj
 0001:0000dca8       _strnicmp                  000000018000eca8 f   toroC64:_StrNICmp.obj
 0001:0000dd60       ispunct                    000000018000ed60 f   toroC64:ispunct.obj
 0001:0000dd8c       __cdeOnErrSet_errno        000000018000ed8c f   toroC64:__cdeOnErrSet_errno.obj
 0001:0000ddac       _CdeMemPutChar             000000018000edac f   toroC64:_CdeMemPutChar.obj
 0001:0000ddb8       _cdeGreg2Day               000000018000edb8 f   toroC64:_cdeGreg2Day.obj
 0001:0000de34       _cdeDay2Greg               000000018000ee34 f   toroC64:_cdeDay2Greg.obj
 0001:0000df38       _efierrno                  000000018000ef38 f   toroC64:_efierrno.obj
 0001:0000df5c       __cdeIsCdeFposType         000000018000ef5c f   toroC64:__cdeIsCdeFposType.obj
 0001:0000dfd4       _cdePoolWcs2AppWcs         000000018000efd4 f   toroC64:_CdePoolWcs2AppWcs.obj
 0001:0000e0cc       _cdeSscanf                 000000018000f0cc f   toroC64:_cdeSscanf.obj
 0001:0000e13c       __cdeOnErrSet_errnoCORE    000000018000f13c f   toroC64:__cdeOnErrSet_errnoCORE.obj
 0001:0000e15c       __acrt_iob_funcCORE        000000018000f15c f   toroC64:__acrt_iob_funcCORE.obj
 0001:0000e23c       _CdeMemPutNada             000000018000f23c f   toroC64:_CdeMemPutNada.obj
 0001:0000e240       abort                      000000018000f240 f   toroC64:abort.obj
 0001:0000e2a8       _cdeMemGetChar             000000018000f2a8 f   toroC64:_cdeMemGetChar.obj
 0001:0000e2b8       _cdeMemUngetChar           000000018000f2b8 f   toroC64:_cdeMemUngetChar.obj
 0001:0000e2c0       _errnoCORE                 000000018000f2c0 f   toroC64:errnoCORE.obj
 0001:0000e3e0       raise                      000000018000f3e0 f   toroC64:raise.obj
 0002:00000000       __xc_a                     0000000180010000     toroC64:osifUefiShellEntryPoint.obj
 0002:00000008       __xc_z                     0000000180010008     toroC64:osifUefiShellEntryPoint.obj
 0002:00000010       __xi_a                     0000000180010010     toroC64:osifUefiShellEntryPoint.obj
 0002:00000018       __xi_z                     0000000180010018     toroC64:osifUefiShellEntryPoint.obj
 0002:00000020       __xp_a                     0000000180010020     toroC64:osifUefiShellEntryPoint.obj
 0002:00000028       __xp_z                     0000000180010028     toroC64:osifUefiShellEntryPoint.obj
 0002:00000030       __xt_a                     0000000180010030     toroC64:osifUefiShellEntryPoint.obj
 0002:00000038       __xt_z                     0000000180010038     toroC64:osifUefiShellEntryPoint.obj
 0002:00000040       ??_C@_0BL@HNKPMGKN@Could?5not?5get?5file?5offset?6@ 0000000180010040     cmfsize.obj
 0002:00000060       ??_C@_0BL@BJPGHIBP@Could?5not?5set?5file?5offset?6@ 0000000180010060     cmfsize.obj
 0002:00000080       ??_C@_0BN@NGLHEDOF@?6Option?5requires?5an?5argument@ 0000000180010080     getopt.obj
 0002:000000a0       ??_C@_05IALMJCDJ@?$CFs?$CFc?6@ 00000001800100a0     getopt.obj
 0002:000000a8       ??_C@_02BAABKJLB@?9?9@     00000001800100a8     getopt.obj
 0002:000000b0       ??_C@_0BC@PMNGDADG@Illegal?5option?3?5?9@ 00000001800100b0     getopt.obj
 0002:000000c8       ??_C@_0BP@NFLOMOC@Option?5requires?5an?5argument?3?5?9@ 00000001800100c8     getopt.obj
 0002:000000e8       ??_C@_01JKBOJNNK@?$FO@     00000001800100e8     getopt.obj
 0002:000000f0       ??_C@_0DA@IHKJENBL@Option?5requires?5a?5single?9charac@ 00000001800100f0     getopt.obj
 0002:00000460       ??_C@_05OBAPBDGL@AE_OK@    0000000180010460     utexcep.obj
 0002:00000468       ??_C@_08OLPGJMLE@AE_ERROR@ 0000000180010468     utexcep.obj
 0002:00000478       ??_C@_0BC@JINIPNCM@AE_NO_ACPI_TABLES@ 0000000180010478     utexcep.obj
 0002:00000490       ??_C@_0BA@HGCJFKIC@AE_NO_NAMESPACE@ 0000000180010490     utexcep.obj
 0002:000004a0       ??_C@_0N@MDFEEFMI@AE_NO_MEMORY@ 00000001800104a0     utexcep.obj
 0002:000004b0       ??_C@_0N@EHNPHEEE@AE_NOT_FOUND@ 00000001800104b0     utexcep.obj
 0002:000004c0       ??_C@_0N@FHHIIHCN@AE_NOT_EXIST@ 00000001800104c0     utexcep.obj
 0002:000004d0       ??_C@_0BC@KJMMOBPP@AE_ALREADY_EXISTS@ 00000001800104d0     utexcep.obj
 0002:000004e8       ??_C@_07OCFLOMK@AE_TYPE@   00000001800104e8     utexcep.obj
 0002:000004f0       ??_C@_0P@LCAACJFD@AE_NULL_OBJECT@ 00000001800104f0     utexcep.obj
 0002:00000500       ??_C@_0O@KMMNEPLB@AE_NULL_ENTRY@ 0000000180010500     utexcep.obj
 0002:00000510       ??_C@_0BD@FAHLAIFN@AE_BUFFER_OVERFLOW@ 0000000180010510     utexcep.obj
 0002:00000528       ??_C@_0BC@FEOJPKCP@AE_STACK_OVERFLOW@ 0000000180010528     utexcep.obj
 0002:00000540       ??_C@_0BD@MFEPEJKM@AE_STACK_UNDERFLOW@ 0000000180010540     utexcep.obj
 0002:00000558       ??_C@_0BD@IGFFMNIC@AE_NOT_IMPLEMENTED@ 0000000180010558     utexcep.obj
 0002:00000570       ??_C@_0L@LKIHBFJD@AE_SUPPORT@ 0000000180010570     utexcep.obj
 0002:00000580       ??_C@_08IBGEPHBC@AE_LIMIT@ 0000000180010580     utexcep.obj
 0002:00000590       ??_C@_07EKMCNJHG@AE_TIME@  0000000180010590     utexcep.obj
 0002:00000598       ??_C@_0BE@FGDBKHMM@AE_ACQUIRE_DEADLOCK@ 0000000180010598     utexcep.obj
 0002:000005b0       ??_C@_0BE@FOBDECPM@AE_RELEASE_DEADLOCK@ 00000001800105b0     utexcep.obj
 0002:000005c8       ??_C@_0BA@PPOMDOJD@AE_NOT_ACQUIRED@ 00000001800105c8     utexcep.obj
 0002:000005d8       ??_C@_0BE@HIPEDKOJ@AE_ALREADY_ACQUIRED@ 00000001800105d8     utexcep.obj
 0002:000005f0       ??_C@_0BI@KNLEMKLH@AE_NO_HARDWARE_RESPONSE@ 00000001800105f0     utexcep.obj
 0002:00000608       ??_C@_0BC@JPCCIPIN@AE_NO_GLOBAL_LOCK@ 0000000180010608     utexcep.obj
 0002:00000620       ??_C@_0BA@PKLCJEBC@AE_ABORT_METHOD@ 0000000180010620     utexcep.obj
 0002:00000630       ??_C@_0BA@GDKIHKKP@AE_SAME_HANDLER@ 0000000180010630     utexcep.obj
 0002:00000640       ??_C@_0O@PFOADCGB@AE_NO_HANDLER@ 0000000180010640     utexcep.obj
 0002:00000650       ??_C@_0BC@JGFDFDLG@AE_OWNER_ID_LIMIT@ 0000000180010650     utexcep.obj
 0002:00000668       ??_C@_0BC@PMNNBAHK@AE_NOT_CONFIGURED@ 0000000180010668     utexcep.obj
 0002:00000680       ??_C@_09FCELEONC@AE_ACCESS@ 0000000180010680     utexcep.obj
 0002:00000690       ??_C@_0M@BIPEGDFC@AE_IO_ERROR@ 0000000180010690     utexcep.obj
 0002:000006a0       ??_C@_0BE@GCBICNJK@AE_NUMERIC_OVERFLOW@ 00000001800106a0     utexcep.obj
 0002:000006b8       ??_C@_0BA@JDMHIEGJ@AE_HEX_OVERFLOW@ 00000001800106b8     utexcep.obj
 0002:000006c8       ??_C@_0BE@HHBGLENC@AE_DECIMAL_OVERFLOW@ 00000001800106c8     utexcep.obj
 0002:000006e0       ??_C@_0BC@DKCJMEPN@AE_OCTAL_OVERFLOW@ 00000001800106e0     utexcep.obj
 0002:000006f8       ??_C@_0BA@EAJEGCAK@AE_END_OF_TABLE@ 00000001800106f8     utexcep.obj
 0002:00000708       ??_C@_0BB@GGMNEPFA@AE_BAD_PARAMETER@ 0000000180010708     utexcep.obj
 0002:00000720       ??_C@_0BB@FKHHEGKA@AE_BAD_CHARACTER@ 0000000180010720     utexcep.obj
 0002:00000738       ??_C@_0BA@NBPLLLII@AE_BAD_PATHNAME@ 0000000180010738     utexcep.obj
 0002:00000748       ??_C@_0M@JECPJBCE@AE_BAD_DATA@ 0000000180010748     utexcep.obj
 0002:00000758       ??_C@_0BE@IPFKHDDI@AE_BAD_HEX_CONSTANT@ 0000000180010758     utexcep.obj
 0002:00000770       ??_C@_0BG@MIDKBGIL@AE_BAD_OCTAL_CONSTANT@ 0000000180010770     utexcep.obj
 0002:00000788       ??_C@_0BI@BEMEOOAI@AE_BAD_DECIMAL_CONSTANT@ 0000000180010788     utexcep.obj
 0002:000007a0       ??_C@_0BF@HKJOKEC@AE_MISSING_ARGUMENTS@ 00000001800107a0     utexcep.obj
 0002:000007b8       ??_C@_0P@JBCHJANB@AE_BAD_ADDRESS@ 00000001800107b8     utexcep.obj
 0002:000007c8       ??_C@_0BB@HKCFDBKC@AE_BAD_SIGNATURE@ 00000001800107c8     utexcep.obj
 0002:000007e0       ??_C@_0O@ELNDGGAE@AE_BAD_HEADER@ 00000001800107e0     utexcep.obj
 0002:000007f0       ??_C@_0BA@BIILNBAK@AE_BAD_CHECKSUM@ 00000001800107f0     utexcep.obj
 0002:00000800       ??_C@_0N@HBAFKHEM@AE_BAD_VALUE@ 0000000180010800     utexcep.obj
 0002:00000810       ??_C@_0BI@DKLNCMJF@AE_INVALID_TABLE_LENGTH@ 0000000180010810     utexcep.obj
 0002:00000828       ??_C@_0BC@KGKLJMBP@AE_AML_BAD_OPCODE@ 0000000180010828     utexcep.obj
 0002:00000840       ??_C@_0BC@ILAINBHF@AE_AML_NO_OPERAND@ 0000000180010840     utexcep.obj
 0002:00000858       ??_C@_0BE@CMBNMMAM@AE_AML_OPERAND_TYPE@ 0000000180010858     utexcep.obj
 0002:00000870       ??_C@_0BF@JPCFNMLI@AE_AML_OPERAND_VALUE@ 0000000180010870     utexcep.obj
 0002:00000888       ??_C@_0BL@BJKBHBGD@AE_AML_UNINITIALIZED_LOCAL@ 0000000180010888     utexcep.obj
 0002:000008a8       ??_C@_0BJ@BDDHFJEF@AE_AML_UNINITIALIZED_ARG@ 00000001800108a8     utexcep.obj
 0002:000008c8       ??_C@_0BN@INAHBINF@AE_AML_UNINITIALIZED_ELEMENT@ 00000001800108c8     utexcep.obj
 0002:000008e8       ??_C@_0BI@COHNKOEN@AE_AML_NUMERIC_OVERFLOW@ 00000001800108e8     utexcep.obj
 0002:00000900       ??_C@_0BE@ODNDBIBN@AE_AML_REGION_LIMIT@ 0000000180010900     utexcep.obj
 0002:00000918       ??_C@_0BE@NFHDHJIM@AE_AML_BUFFER_LIMIT@ 0000000180010918     utexcep.obj
 0002:00000930       ??_C@_0BF@PAHJLGEL@AE_AML_PACKAGE_LIMIT@ 0000000180010930     utexcep.obj
 0002:00000948       ??_C@_0BG@PJELJHDF@AE_AML_DIVIDE_BY_ZERO@ 0000000180010948     utexcep.obj
 0002:00000960       ??_C@_0BA@CIMDLPJI@AE_AML_BAD_NAME@ 0000000180010960     utexcep.obj
 0002:00000970       ??_C@_0BG@NBCCMIJD@AE_AML_NAME_NOT_FOUND@ 0000000180010970     utexcep.obj
 0002:00000988       ??_C@_0BA@JDIOKGCC@AE_AML_INTERNAL@ 0000000180010988     utexcep.obj
 0002:00000998       ??_C@_0BI@IGMDDMCI@AE_AML_INVALID_SPACE_ID@ 0000000180010998     utexcep.obj
 0002:000009b0       ??_C@_0BE@HOGNAHOK@AE_AML_STRING_LIMIT@ 00000001800109b0     utexcep.obj
 0002:000009c8       ??_C@_0BH@OKOBGBEM@AE_AML_NO_RETURN_VALUE@ 00000001800109c8     utexcep.obj
 0002:000009e0       ??_C@_0BE@DJLCLOMO@AE_AML_METHOD_LIMIT@ 00000001800109e0     utexcep.obj
 0002:000009f8       ??_C@_0BB@OOHNPDEB@AE_AML_NOT_OWNER@ 00000001800109f8     utexcep.obj
 0002:00000a10       ??_C@_0BD@BIFMCDBD@AE_AML_MUTEX_ORDER@ 0000000180010a10     utexcep.obj
 0002:00000a28       ??_C@_0BK@FDAGLEMK@AE_AML_MUTEX_NOT_ACQUIRED@ 0000000180010a28     utexcep.obj
 0002:00000a48       ??_C@_0BN@ONMIFGCB@AE_AML_INVALID_RESOURCE_TYPE@ 0000000180010a48     utexcep.obj
 0002:00000a68       ??_C@_0BF@KCCFIGMH@AE_AML_INVALID_INDEX@ 0000000180010a68     utexcep.obj
 0002:00000a80       ??_C@_0BG@GLGAPHBJ@AE_AML_REGISTER_LIMIT@ 0000000180010a80     utexcep.obj
 0002:00000a98       ??_C@_0BA@BJMBKDJP@AE_AML_NO_WHILE@ 0000000180010a98     utexcep.obj
 0002:00000aa8       ??_C@_0BB@PJHGPBLK@AE_AML_ALIGNMENT@ 0000000180010aa8     utexcep.obj
 0002:00000ac0       ??_C@_0BL@EJHJMLPF@AE_AML_NO_RESOURCE_END_TAG@ 0000000180010ac0     utexcep.obj
 0002:00000ae0       ??_C@_0BK@JPDPGMEO@AE_AML_BAD_RESOURCE_VALUE@ 0000000180010ae0     utexcep.obj
 0002:00000b00       ??_C@_0BK@NNHAJIBC@AE_AML_CIRCULAR_REFERENCE@ 0000000180010b00     utexcep.obj
 0002:00000b20       ??_C@_0BL@GMFABCFD@AE_AML_BAD_RESOURCE_LENGTH@ 0000000180010b20     utexcep.obj
 0002:00000b40       ??_C@_0BH@HMBGODKD@AE_AML_ILLEGAL_ADDRESS@ 0000000180010b40     utexcep.obj
 0002:00000b58       ??_C@_0BE@NCFBHLCM@AE_AML_LOOP_TIMEOUT@ 0000000180010b58     utexcep.obj
 0002:00000b70       ??_C@_0BK@KJMOJPMM@AE_AML_UNINITIALIZED_NODE@ 0000000180010b70     utexcep.obj
 0002:00000b90       ??_C@_0BD@GABIPGIC@AE_AML_TARGET_TYPE@ 0000000180010b90     utexcep.obj
 0002:00000ba8       ??_C@_0BA@HFCOMJIC@AE_AML_PROTOCOL@ 0000000180010ba8     utexcep.obj
 0002:00000bb8       ??_C@_0BF@MMGLEOH@AE_AML_BUFFER_LENGTH@ 0000000180010bb8     utexcep.obj
 0002:00000bd0       ??_C@_0BF@GEIGFIMD@AE_CTRL_RETURN_VALUE@ 0000000180010bd0     utexcep.obj
 0002:00000be8       ??_C@_0BA@NFCAKKBE@AE_CTRL_PENDING@ 0000000180010be8     utexcep.obj
 0002:00000bf8       ??_C@_0BC@GMBKOLLO@AE_CTRL_TERMINATE@ 0000000180010bf8     utexcep.obj
 0002:00000c10       ??_C@_0N@KLLLBMCF@AE_CTRL_TRUE@ 0000000180010c10     utexcep.obj
 0002:00000c20       ??_C@_0O@JKEFFNAO@AE_CTRL_FALSE@ 0000000180010c20     utexcep.obj
 0002:00000c30       ??_C@_0O@IICDNKCK@AE_CTRL_DEPTH@ 0000000180010c30     utexcep.obj
 0002:00000c40       ??_C@_0M@MCNHIAMO@AE_CTRL_END@ 0000000180010c40     utexcep.obj
 0002:00000c50       ??_C@_0BB@CKDICBC@AE_CTRL_TRANSFER@ 0000000180010c50     utexcep.obj
 0002:00000c68       ??_C@_0O@NKLNOHFA@AE_CTRL_BREAK@ 0000000180010c68     utexcep.obj
 0002:00000c78       ??_C@_0BB@IPPIFIGO@AE_CTRL_CONTINUE@ 0000000180010c78     utexcep.obj
 0002:00000c90       ??_C@_0BH@JBJBIHAH@AE_CTRL_PARSE_CONTINUE@ 0000000180010c90     utexcep.obj
 0002:00000ca8       ??_C@_0BG@LNANKLIG@AE_CTRL_PARSE_PENDING@ 0000000180010ca8     utexcep.obj
 0002:00000cc0       ??_C@_0CA@HAPNOHJM@Unknown?5exception?5code?3?50x?$CF8?48X@ 0000000180010cc0     utexcep.obj
 0002:00000ce0       ??_C@_0BE@JENJPLOL@UNKNOWN_STATUS_CODE@ 0000000180010ce0     utexcep.obj
 0002:00000d00       AcpiGbl_LowerHexDigits     0000000180010d00     utglobal.obj
 0002:00000d18       AcpiGbl_UpperHexDigits     0000000180010d18     utglobal.obj
 0002:00000d30       AcpiGbl_PreDefinedNames    0000000180010d30     utglobal.obj
 0002:00000e20       ??_C@_05EPMCMKIN@?2_S0_@   0000000180010e20     utglobal.obj
 0002:00000e28       ??_C@_05EOAAKALK@?2_S1_@   0000000180010e28     utglobal.obj
 0002:00000e30       ??_C@_05EMEGBOOD@?2_S2_@   0000000180010e30     utglobal.obj
 0002:00000e38       ??_C@_05ENIEHENE@?2_S3_@   0000000180010e38     utglobal.obj
 0002:00000e40       ??_C@_05EIMLGCFB@?2_S4_@   0000000180010e40     utglobal.obj
 0002:00000e48       ??_C@_05EJAJAIGG@?2_S5_@   0000000180010e48     utglobal.obj
 0002:00000e50       ??_C@_04ILLHNOLH@_S0W@     0000000180010e50     utglobal.obj
 0002:00000e58       ??_C@_04IKHFLEIA@_S1W@     0000000180010e58     utglobal.obj
 0002:00000e60       ??_C@_04IIDDAKNJ@_S2W@     0000000180010e60     utglobal.obj
 0002:00000e68       ??_C@_04IJPBGAOO@_S3W@     0000000180010e68     utglobal.obj
 0002:00000e70       ??_C@_04IMLOHGGL@_S4W@     0000000180010e70     utglobal.obj
 0002:00000e78       ??_C@_04OLJKPFBC@_S1D@     0000000180010e78     utglobal.obj
 0002:00000e80       ??_C@_04OJNMELEL@_S2D@     0000000180010e80     utglobal.obj
 0002:00000e88       ??_C@_04OIBOCBHM@_S3D@     0000000180010e88     utglobal.obj
 0002:00000e90       ??_C@_04ONFBDHPJ@_S4D@     0000000180010e90     utglobal.obj
 0002:00000e98       ??_C@_04GEOPKFIM@_GPE@     0000000180010e98     utglobal.obj
 0002:00000ea0       ??_C@_04BKIIOEBP@_PR_@     0000000180010ea0     utglobal.obj
 0002:00000ea8       ??_C@_04BEBLOIIB@_SB_@     0000000180010ea8     utglobal.obj
 0002:00000eb0       ??_C@_04BIEOAHGA@_SI_@     0000000180010eb0     utglobal.obj
 0002:00000eb8       ??_C@_04JLPJCCPA@_TZ_@     0000000180010eb8     utglobal.obj
 0002:00000ec0       ??_C@_04HICKCCCI@_REV@     0000000180010ec0     utglobal.obj
 0002:00000ec8       ??_C@_04BDDAMJOB@_OS_@     0000000180010ec8     utglobal.obj
 0002:00000ed0       ??_C@_0BF@BPDEPEPO@Microsoft?5Windows?5NT@ 0000000180010ed0     utglobal.obj
 0002:00000ee8       ??_C@_04MBPOAFED@_GL_@     0000000180010ee8     utglobal.obj
 0002:00000ef0       ??_C@_04PKIHMDG@_OSI@      0000000180010ef0     utglobal.obj
 0002:00000f00       ??_C@_0P@FGOAMMID@Divide?5by?5zero@ 0000000180010f00     utmath.obj
 0002:00000f10       ??_C@_0N@HFMBIKJA@ACPI?5Error?3?5@ 0000000180010f10     utxferror.obj
 0002:00000f20       ??_C@_0BA@IMDPOJBL@?5?$CI?$CF8?48X?1?$CFs?9?$CFu?$CJ?6@ 0000000180010f20     utxferror.obj
 0002:00000f30       ??_C@_0BB@HHBECIGO@ACPI?5Error?3?5?$CFs?0?5@ 0000000180010f30     utxferror.obj
 0002:00000f48       ??_C@_0P@HCHEAOAD@ACPI?5Warning?3?5@ 0000000180010f48     utxferror.obj
 0002:00000f58       ??_C@_06GLFELKBG@ACPI?3?5@ 0000000180010f58     utxferror.obj
 0002:00000f60       ??_C@_01EEMJAFIK@?6@       0000000180010f60     utxferror.obj
 0002:00000f68       ??_C@_0BI@JMEGFGNN@Firmware?5Error?5?$CIACPI?$CJ?3?5@ 0000000180010f68     utxferror.obj
 0002:00000f80       ??_C@_0BM@DHONDAIK@Firmware?5Error?5?$CIACPI?$CJ?3?5?$CFs?0?5@ 0000000180010f80     utxferror.obj
 0002:00000fa0       ??_C@_0BK@EPGCPCHP@Firmware?5Warning?5?$CIACPI?$CJ?3?5@ 0000000180010fa0     utxferror.obj
 0002:00000fbc       ??_C@_01LFCBOECM@?4@       0000000180010fbc     oswindir.obj
 0002:00000fc0       ??_C@_0DB@MDODPNKB@Could?5not?5allocate?5buffer?5for?5w@ 0000000180010fc0     oswindir.obj
 0002:00000ff4       ??_C@_01KMDKNFGN@?1@       0000000180010ff4     oswindir.obj
 0002:00001000       ??_C@_0BI@PGMJHKLJ@Bad?5width?5parameter?3?5?$CFX@ 0000000180011000     oswinxf.obj
 0002:00001018       ??_C@_03JPKPEJFO@?1?$CK?$CB@ 0000000180011018     ascase.obj
 0002:0000101c       ??_C@_03OBPDBDOD@?$CB?$CK?1@ 000000018001101c     ascase.obj
 0002:00001020       ??_C@_08GGFKNFHG@?5?5?5?5?5?5?5?5@ 0000000180011020     ascase.obj
 0002:00001030       ??_C@_0DD@GHHDOPAC@Found?5an?5unterminated?5quoted?5st@ 0000000180011030     ascase.obj
 0002:00001068       ??_C@_0DI@LKJHDIDG@Found?5an?5unterminated?5translati@ 0000000180011068     ascase.obj
 0002:000010a0       ??_C@_02CHHINNLG@?$CK?1@   00000001800110a0     ascase.obj
 0002:000010a4       ??_C@_03KCILDFD@?5if@      00000001800110a4     asconvrt.obj
 0002:000010a8       ??_C@_08EHONPFFO@?5else?5if@ 00000001800110a8     asconvrt.obj
 0002:000010b8       ??_C@_0M@EINHEAGF@?5else?5while@ 00000001800110b8     asconvrt.obj
 0002:000010c4       ??_C@_05CHIOKCAH@?5else@   00000001800110c4     asconvrt.obj
 0002:000010cc       ??_C@_04JKFHOPAN@?5do?5@   00000001800110cc     asconvrt.obj
 0002:000010e0       ??_C@_0GK@GFHJNHFL@?1?$CK?$CK?$CK?$CK?$CK?$CK?$CK?$CK?$CK?$CK?$CK?$CK?$CK?$CK?$CK?$CK?$CK?$CK?$CK?$CK?$CK?$CK?$CK?$CK?$CK?$CK?$CK?$CK?$CK?$CK@ 00000001800110e0     asconvrt.obj
 0002:00001150       ??_C@_0BL@BOLNOMGN@Non?9ANSI?5?1?1?5Comments?5Found@ 0000000180011150     asconvrt.obj
 0002:00001170       ??_C@_0CG@JFBIMDPA@Missing?5braces?5for?5?$DM?$CFs?$DO?0?5line?5?$CF@ 0000000180011170     asconvrt.obj
 0002:00001198       ??_C@_0BJ@ELAODKOG@Unbalanced?5quoted?5string@ 0000000180011198     asconvrt.obj
 0002:000011b8       ??_C@_0BF@KJGEFOHB@?5?5?5?5?$CF?432s?5?$CIline?5?$CFu?$CJ?6@ 00000001800111b8     asconvrt.obj
 0002:000011d0       ??_C@_0CK@HKNIAHFF@Removing?5extra?5line?5at?5start?5of@ 00000001800111d0     asconvrt.obj
 0002:00001200       ??_C@_0CI@KNMAGOHH@Removing?5extra?5line?5at?5end?5of?5f@ 0000000180011200     asconvrt.obj
 0002:00001228       ??_C@_03DDJPJKKM@?4?5?5@   0000000180011228     asconvrt.obj
 0002:0000122c       ??_C@_02KHOJGJKF@?4?5@     000000018001122c     asconvrt.obj
 0002:00001230       ??_C@_0CM@HHHCCHHM@Removed?5?$CFd?5extra?5blanks?5after?5a@ 0000000180011230     asconvrt.obj
 0002:00001260       ??_C@_0BF@HGEDOLNJ@?9?9?5?$CF4u?5?$CF28?428s?5?3?5?$CFs?6@ 0000000180011260     asconvrt.obj
 0002:00001278       ??_C@_0BK@JBDDDNBN@Extraneous?5spaces?5removed@ 0000000180011278     asconvrt.obj
 0002:00001294       ??_C@_03EGHOKNNL@?6?6?6@   0000000180011294     asconvrt.obj
 0002:00001298       ??_C@_04OLKIJNHL@?6?6?6?6@ 0000000180011298     asconvrt.obj
 0002:000012a0       ??_C@_02PHMGELLB@?6?6@     00000001800112a0     asconvrt.obj
 0002:000012a8       ??_C@_0CM@DPMDDFFE@Found?5multiple?5blank?5lines?5afte@ 00000001800112a8     asconvrt.obj
 0002:000012d8       ??_C@_0CF@BBFLNDMJ@Inserted?5blank?5line?5after?5copyr@ 00000001800112d8     asconvrt.obj
 0002:00001300       ??_C@_0FC@JAEEMFNK@?5?$CK?$CK?$CK?$CK?$CK?$CK?$CK?$CK?$CK?$CK?$CK?$CK?$CK?$CK?$CK?$CK?$CK?$CK?$CK?$CK?$CK?$CK?$CK?$CK?$CK?$CK?$CK?$CK?$CK?$CK@ 0000000180011300     asconvrt.obj
 0002:00001354       ??_C@_02PCIJFNDE@?$AN?6@   0000000180011354     asconvrt.obj
 0002:00001358       ??_C@_01LIIJDEN@?$AN@      0000000180011358     asconvrt.obj
 0002:0000135c       ??_C@_02JHLIKEIA@?6?$HN@   000000018001135c     asconvrt.obj
 0002:00001360       ??_C@_07EGDHLMDK@else?5if@ 0000000180011360     asconvrt.obj
 0002:00001368       ??_C@_0L@EALEOMBO@else?5while@ 0000000180011368     asconvrt.obj
 0002:00001374       ??_C@_04FHMCPBIP@else@     0000000180011374     asconvrt.obj
 0002:0000137c       ??_C@_03NMMCOAOG@?5?$HL?6@ 000000018001137c     asconvrt.obj
 0002:00001380       ??_C@_02PEDIMADA@?5?$HL@   0000000180011380     asconvrt.obj
 0002:00001388       ??_C@_0N@CAPFOEJE@long?3?5?$CF?480s?6@ 0000000180011388     asconvrt.obj
 0002:00001398       ??_C@_0CF@MHIAPPCD@?$CFu?5Lines?5longer?5than?580?5found?5i@ 0000000180011398     asconvrt.obj
 0002:000013c0       ??_C@_0L@CHDLJNMK@Tabs?5found@ 00000001800113c0     asconvrt.obj
 0002:000013d0       ??_C@_0CM@HGPLKGKH@?$CFu?5Comment?5?$CFu?5White?5?$CFu?5Code?5?$CFu?5@ 00000001800113d0     asconvrt.obj
 0002:00001400       ??_C@_07DIBCDNGL@struct?5@ 0000000180011400     asconvrt.obj
 0002:00001408       ??_C@_06MOJHIBMG@union?5@  0000000180011408     asconvrt.obj
 0002:00001410       ??_C@_0DA@CMEPPIKK@Checking?5for?5?$CFs?5source?5files?5in@ 0000000180011410     asfile.obj
 0002:00001440       ??_C@_0BC@DFHIDLHG@Subdirectory?3?5?$CFs?6@ 0000000180011440     asfile.obj
 0002:00001458       ??_C@_09HOEPGLGH@File?3?5?$CFs?6@ 0000000180011458     asfile.obj
 0002:00001468       ??_C@_0BJ@KLHDOAJE@Creating?5Directory?5?$CC?$CFs?$CC?6@ 0000000180011468     asfile.obj
 0002:00001488       ??_C@_0CD@DDKIDAPF@Could?5not?5create?5target?5directo@ 0000000180011488     asfile.obj
 0002:000014ac       ??_C@_03GNDHDMDH@?$CK?4c@  00000001800114ac     asfile.obj
 0002:000014b0       ??_C@_03IOMDOFPM@?$CK?4h@  00000001800114b0     asfile.obj
 0002:000014b4       ??_C@_03OKKPCAPI@?$CK?4l@  00000001800114b4     asfile.obj
 0002:000014b8       ??_C@_03NNBKMGOM@?$CK?4y@  00000001800114b8     asfile.obj
 0002:000014bc       ??_C@_05IKJOILKN@?$CK?4asl@ 00000001800114bc     asfile.obj
 0002:000014c4       ??_C@_01NBENCBCI@?$CK@     00000001800114c4     asfile.obj
 0002:000014d0       ??_C@_0EA@PKKIKIJA@?$CFs?3?5?$CK?$CK?$CK?$CKFile?5has?5UNIX?5format?$CK?$CK?$CK@ 00000001800114d0     asfile.obj
 0002:00001510       ??_C@_0BP@MPBMCIHN@?$CFs?3?5?$CFu?5lone?5linefeeds?5in?5file?6@ 0000000180011510     asfile.obj
 0002:00001530       ??_C@_0CD@EFKIABKF@Unknown?5file?5type?0?5cannot?5proce@ 0000000180011530     asfile.obj
 0002:00001558       ??_C@_0BG@MIEOMDCA@?1?$CK?5acpisrc?3StructDefs@ 0000000180011558     asfile.obj
 0002:00001570       ??_C@_0BF@DNGAKDFG@Processing?5?$CFu?5bytes?6@ 0000000180011570     asfile.obj
 0002:00001588       ??_C@_0O@HBNIKACG@typedef?5union@ 0000000180011588     asfile.obj
 0002:00001598       ??_C@_0P@HIPOHHFD@typedef?5struct@ 0000000180011598     asfile.obj
 0002:000015a8       ??_C@_0CH@GNDKHKGE@Unknown?5conversion?5subfunction?5@ 00000001800115a8     asfile.obj
 0002:000015d0       ??_C@_0DO@MLPJKHGM@Non?9printable?5character?5?$CI0x?$CF2?42@ 00000001800115d0     asfile.obj
 0002:00001610       ??_C@_0CO@ICHCNCJE@Could?5not?5allocate?5buffer?5for?5f@ 0000000180011610     asfile.obj
 0002:00001640       ??_C@_04FLEJPLED@?4asl@    0000000180011640     asfile.obj
 0002:00001650       ??_C@_0EO@JJPALEOA@?5?$CK?52?41?4?5This?5is?5your?5license?5fr@ 0000000180011650     asfile.obj
 0002:000016a0       ??_C@_0EH@DPAOOBOM@?5?$CK?5THIS?5SOFTWARE?5IS?5PROVIDED?5BY@ 00000001800116a0     asfile.obj
 0002:000016e8       ??_C@_0BL@EMOMPEIA@Converting?5lone?5linefeeds?6@ 00000001800116e8     asfile.obj
 0002:00001704       ??_C@_02DJGKEECL@?4?4@     0000000180011704     asfile.obj
 0002:00001708       ??_C@_0DJ@MEHGMEDO@Could?5not?5allocate?5buffer?5for?5d@ 0000000180011708     asfile.obj
 0002:00001748       ??_C@_0DJ@IKCOGNIL@Could?5not?5allocate?5buffer?5for?5d@ 0000000180011748     asfile.obj
 0002:00001784       ??_C@_02JDPG@rb@           0000000180011784     asfile.obj
 0002:00001788       ??_C@_0BI@LLBEIELB@Could?5not?5open?5file?5?$CFs?6@ 0000000180011788     asfile.obj
 0002:000017a0       ??_C@_0CA@IONLCBPF@Could?5not?5get?5file?5size?5for?5?$CFs?6@ 00000001800117a0     asfile.obj
 0002:000017c0       ??_C@_0CG@OPKLIKCC@Could?5not?5allocate?5buffer?5of?5si@ 00000001800117c0     asfile.obj
 0002:000017e8       ??_C@_0CN@MHJNBKPE@Could?5not?5read?5the?5input?5file?5?$CF@ 00000001800117e8     asfile.obj
 0002:00001818       ??_C@_0CP@KAPAABFA@File?5contains?5only?5printable?5AS@ 0000000180011818     asfile.obj
 0002:00001848       ??_C@_03ELIABIOC@w?$CLb@   0000000180011848     asfile.obj
 0002:00001850       ??_C@_0CC@MELMFFKM@Could?5not?5create?5destination?5fi@ 0000000180011850     asfile.obj
 0002:00001878       ??_C@_0CI@GLHLBGDD@Could?5not?5create?5destination?5fi@ 0000000180011878     asfile.obj
 0002:000018a0       ??_C@_0CA@NKPOBCBN@Error?5writing?5output?5file?5?$CC?$CFs?$CC?6@ 00000001800118a0     asfile.obj
 0002:000018c0       ??_C@_0CB@EJLHKKG@Source?5path?5?$CC?$CFs?$CC?5does?5not?5exist@ 00000001800118c0     asmain.obj
 0002:000018e8       ??_C@_0DI@IFDDNEME@Target?5path?5is?5the?5same?5as?5the?5@ 00000001800118e8     asmain.obj
 0002:00001920       ??_C@_0CI@FEJINPDI@Target?5path?5already?5exists?0?5ove@ 0000000180011920     asmain.obj
 0002:00001948       ??_C@_0BH@BCBLEHDL@?6AcpiSrc?5statistics?3?6?6@ 0000000180011948     asmain.obj
 0002:00001960       ??_C@_0BF@FEKCFCPD@?$CF8u?5Files?5processed?6@ 0000000180011960     asmain.obj
 0002:00001978       ??_C@_0BO@NDDHAMPI@?$CF8u?5Total?5bytes?5?$CI?$CF?41fK?1file?$CJ?6@ 0000000180011978     asmain.obj
 0002:00001998       ??_C@_0BA@KFONCIGD@?$CF8u?5Tabs?5found?6@ 0000000180011998     asmain.obj
 0002:000019a8       ??_C@_0CC@OIKBCFEP@?$CF8u?5Missing?5if?1else?1while?5brace@ 00000001800119a8     asmain.obj
 0002:000019d0       ??_C@_0CA@DONDPMKB@?$CF8u?5Non?9ANSI?5?1?1?5comments?5found?6@ 00000001800119d0     asmain.obj
 0002:000019f0       ??_C@_0BB@BMFBFHCB@?$CF8u?5Total?5Lines?6@ 00000001800119f0     asmain.obj
 0002:00001a08       ??_C@_0BD@NAMCEEBE@?$CF8u?5Lines?5of?5code?6@ 0000000180011a08     asmain.obj
 0002:00001a20       ??_C@_0CF@CJMNDLIM@?$CF8u?5Lines?5of?5non?9comment?5whites@ 0000000180011a20     asmain.obj
 0002:00001a48       ??_C@_0BH@GMPCKKGL@?$CF8u?5Lines?5of?5comments?6@ 0000000180011a48     asmain.obj
 0002:00001a60       ??_C@_0BG@NLOBLGAI@?$CF8u?5Long?5lines?5found?6@ 0000000180011a60     asmain.obj
 0002:00001a78       ??_C@_0CD@BNBNALJO@?$CF8?41f?5Ratio?5of?5code?5to?5whitespa@ 0000000180011a78     asmain.obj
 0002:00001aa0       ??_C@_0CB@KMMJCCJL@?$CF8?41f?5Ratio?5of?5code?5to?5comments@ 0000000180011aa0     asmain.obj
 0002:00001ad0       ??_C@_0EC@HFPALLHL@?5?5?5?5?5?5?5?5?5?$CFu?$CF?$CF?5code?0?5?$CFu?$CF?$CF?5commen@ 0000000180011ad0     asmain.obj
 0002:00001b18       ??_C@_0DG@CDBGKBNL@acpisrc?5?$FL?9c?$HMl?$HMu?$FN?5?$FL?9dsvy?$FN?5?$DMSourc@ 0000000180011b18     asmain.obj
 0002:00001b50       ??_C@_0BE@GIAJDAGE@Usage?3?5?$CFs?6Options?3?6@ 0000000180011b50     asmain.obj
 0002:00001b68       ??_C@_0CP@FKOLLMMO@Check?5entire?5file?5for?5non?9print@ 0000000180011b68     asmain.obj
 0002:00001b98       ??_C@_09EPNNIEAI@?9a?5?$DMfile?$DO@ 0000000180011b98     asmain.obj
 0002:00001ba8       ??_C@_0L@EJOMDKDJ@?5?5?$CF?920s?$CFs?6@ 0000000180011ba8     asmain.obj
 0002:00001bb8       ??_C@_0CH@MIOKDDOF@Generate?5cleaned?5version?5of?5the@ 0000000180011bb8     asmain.obj
 0002:00001be0       ??_C@_02HOPLMLDK@?9c@      0000000180011be0     asmain.obj
 0002:00001be8       ??_C@_0CM@DADEOPCP@Insert?5dual?9license?5header?5into@ 0000000180011be8     asmain.obj
 0002:00001c14       ??_C@_02JNAPBCPB@?9h@      0000000180011c14     asmain.obj
 0002:00001c18       ??_C@_0BK@HBBEEGNC@Cleanup?5macro?5indentation@ 0000000180011c18     asmain.obj
 0002:00001c34       ??_C@_02IEBECDLA@?9i@      0000000180011c34     asmain.obj
 0002:00001c38       ??_C@_0CF@DFOGMBOC@Generate?5Linux?5version?5of?5the?5s@ 0000000180011c38     asmain.obj
 0002:00001c60       ??_C@_02PJGDNHPF@?9l@      0000000180011c60     asmain.obj
 0002:00001c68       ??_C@_0CD@GKCOHDPF@Generate?5Custom?5source?5translat@ 0000000180011c68     asmain.obj
 0002:00001c8c       ??_C@_02GCGDHOON@?9u@      0000000180011c8c     asmain.obj
 0002:00001c90       ??_C@_0BP@DFDLFBPN@Leave?5debug?5statements?5in?5code@ 0000000180011c90     asmain.obj
 0002:00001cb0       ??_C@_02DBLKFNPN@?9d@      0000000180011cb0     asmain.obj
 0002:00001cb8       ??_C@_0CA@FBGPBKL@Generate?5source?5statistics?5only@ 0000000180011cb8     asmain.obj
 0002:00001cd8       ??_C@_02DEDJNJGL@?9s@      0000000180011cd8     asmain.obj
 0002:00001ce0       ??_C@_0BM@PFCLPAEM@Display?5version?5information@ 0000000180011ce0     asmain.obj
 0002:00001cfc       ??_C@_02EJEOCNCO@?9v@      0000000180011cfc     asmain.obj
 0002:00001d00       ??_C@_0N@LANNGDHD@Verbose?5mode@ 0000000180011d00     asmain.obj
 0002:00001d10       ??_C@_03ILFEEKMH@?9vb@     0000000180011d10     asmain.obj
 0002:00001d18       ??_C@_0BM@BPPIBEBA@Display?5build?5date?5and?5time@ 0000000180011d18     asmain.obj
 0002:00001d34       ??_C@_03NNAOONEB@?9vd@     0000000180011d34     asmain.obj
 0002:00001d38       ??_C@_0CA@MFLIGGGL@Suppress?5file?5overwrite?5prompts@ 0000000180011d38     asmain.obj
 0002:00001d58       ??_C@_02MONGDBOB@?9y@      0000000180011d58     asmain.obj
 0002:00001d60       ??_C@_0CM@LAHHFNKD@Copyright?5?$CIc?$CJ?52000?5?9?52021?5Intel@ 0000000180011d60     asmain.obj
 0002:00001d90       ??_C@_0CE@GNCLIJDN@ACPI?5Source?5Code?5Conversion?5Uti@ 0000000180011d90     asmain.obj
 0002:00001db8       ??_C@_0CC@GEMNFFHD@Intel?5ACPI?5Component?5Architectu@ 0000000180011db8     asmain.obj
 0002:00001de0       ??_C@_0BK@GCKDLEMI@?6?$CFs?6?$CFs?5version?5?$CF8?48X?6?$CFs?6?6@ 0000000180011de0     asmain.obj
 0002:00001e00       ??_C@_0N@JILNCGB@acdhilqsuv?$FOy@ 0000000180011e00     asmain.obj
 0002:00001e10       ??_C@_0BM@MIEPNNAO@Creating?5Linux?5source?5code?6@ 0000000180011e10     asmain.obj
 0002:00001e30       ??_C@_0O@FDOEJLNE@Code?5cleanup?6@ 0000000180011e30     asmain.obj
 0002:00001e40       ??_C@_0CO@BDNNJLOM@Inserting?5Dual?9license?5header?5t@ 0000000180011e40     asmain.obj
 0002:00001e70       ??_C@_0BP@POOMLDML@Cleaning?5up?5macro?5indentation?6@ 0000000180011e70     asmain.obj
 0002:00001e90       ??_C@_0BL@PKDHMIH@Custom?5source?5translation?6@ 0000000180011e90     asmain.obj
 0002:00001eb0       ??_C@_08BNLNKDI@11?356?345@ 0000000180011eb0     asmain.obj
 0002:00001ec0       ??_C@_0M@IEBCDICD@Sep?510?52023@ 0000000180011ec0     asmain.obj
 0002:00001ed0       ??_C@_0BI@PDHHDADA@Build?5date?1time?3?5?$CFs?5?$CFs?6@ 0000000180011ed0     asmain.obj
 0002:00001ee8       ??_C@_0BG@BMJCIMDK@Unknown?5option?3?5?9v?$CFs?6@ 0000000180011ee8     asmain.obj
 0002:00001f00       ??_C@_0BF@DHKBGELE@Missing?5source?5path?6@ 0000000180011f00     asmain.obj
 0002:00001f18       ??_C@_0BN@HDJBPDDJ@Source?5code?5statistics?5only?6@ 0000000180011f18     asmain.obj
 0002:00001f38       ??_C@_02JPEJKMKI@?4h@      0000000180011f38     asmain.obj
 0002:00001f3c       ??_C@_02HMLNHFGD@?4c@      0000000180011f3c     asmain.obj
 0002:00001f40       ??_C@_06FBIJJCGB@?4patch@  0000000180011f40     asmain.obj
 0002:00001f48       ??_C@_0BI@JFHIOKOM@Unknown?5file?5type?5?9?5?$CFs?6@ 0000000180011f48     asmain.obj
 0002:00001f60       __real@3f50000000000000    0000000180011f60     asmain.obj
 0002:00001f68       ??_C@_02FMMEOLBI@?1?$CK@   0000000180011f68     asremove.obj
 0002:00001f6c       ??_C@_03BIJNBMLN@?$CDif@   0000000180011f6c     asremove.obj
 0002:00001f70       ??_C@_06CCBIAIJP@?$CDendif@ 0000000180011f70     asremove.obj
 0002:00001f78       ??_C@_05KBBKNAKJ@?$CDelse@ 0000000180011f78     asremove.obj
 0002:00001f80       ??_C@_04HHCDBDLF@?5?7?$AN?6@ 0000000180011f80     asremove.obj
 0002:00001f88       ??_C@_07FIDIHKEG@typedef@  0000000180011f88     asremove.obj
 0002:00001f90       ??_C@_0BE@OAMBMGOI@Code?5blocks?5deleted@ 0000000180011f90     asremove.obj
 0002:00001fa8       ??_C@_0BC@KIIOMEHD@ACPI_DEBUG_OUTPUT@ 0000000180011fa8     asremove.obj
 0002:00001fc0       ??_C@_0BB@GIGNOPGH@ACPI_DEBUG_PRINT@ 0000000180011fc0     asremove.obj
 0002:00001fd8       ??_C@_0BF@MIJABHPA@ACPI_DEBUG_PRINT_RAW@ 0000000180011fd8     asremove.obj
 0002:00001ff0       ??_C@_0L@CIADGMPF@DEBUG_EXEC@ 0000000180011ff0     asremove.obj
 0002:00002000       ??_C@_0P@NJACPACG@FUNCTION_ENTRY@ 0000000180012000     asremove.obj
 0002:00002010       ??_C@_09LAGEABBF@PROC_NAME@ 0000000180012010     asremove.obj
 0002:00002020       ??_C@_0P@CIMMGICM@FUNCTION_TRACE@ 0000000180012020     asremove.obj
 0002:00002030       ??_C@_05BCOGLJFG@DUMP_@    0000000180012030     asremove.obj
 0002:00002038       ??_C@_06LNOFJDNM@return@   0000000180012038     asremove.obj
 0002:00002040       ??_C@_0M@HPBAOKMA@return_VOID@ 0000000180012040     asremove.obj
 0002:00002050       ??_C@_0L@JHHICGBC@return_PTR@ 0000000180012050     asremove.obj
 0002:00002060       ??_C@_0L@IFMNIJPM@return_STR@ 0000000180012060     asremove.obj
 0002:00002070       ??_C@_0BD@KDCJAIIH@return_ACPI_STATUS@ 0000000180012070     asremove.obj
 0002:00002088       ??_C@_0BD@PEADADAJ@return_acpi_status@ 0000000180012088     asremove.obj
 0002:000020a0       ??_C@_0N@IDBPOOAO@return_VALUE@ 00000001800120a0     asremove.obj
 0002:000020b0       ??_C@_0N@KJFKNCGA@UINT32?5?5?5?5?5?5@ 00000001800120b0     astable.obj
 0002:000020c0       ??_C@_0N@OFHMGPAL@unsigned?5int@ 00000001800120c0     astable.obj
 0002:000020d0       ??_C@_0P@PBGOAKPM@UINT16?5?5?5?5?5?5?5?5@ 00000001800120d0     astable.obj
 0002:000020e0       ??_C@_0P@IIMKEEHB@unsigned?5short@ 00000001800120e0     astable.obj
 0002:000020f0       ??_C@_0O@KCEJIOCI@UINT8?5?5?5?5?5?5?5?5@ 00000001800120f0     astable.obj
 0002:00002100       ??_C@_0O@PPAIJIHF@unsigned?5char@ 0000000180012100     astable.obj
 0002:00002110       ??_C@_0O@DINIHPO@BOOLEAN?5?5?5?5?5?5@ 0000000180012110     astable.obj
 0002:00002120       ??_C@_06FDNIMMFA@UINT32@   0000000180012120     astable.obj
 0002:00002128       ??_C@_06DEDANNDK@UINT16@   0000000180012128     astable.obj
 0002:00002130       ??_C@_05EAHMOILJ@UINT8@    0000000180012130     astable.obj
 0002:00002138       ??_C@_07JDEDMABE@BOOLEAN@  0000000180012138     astable.obj
 0002:00002140       ??_C@_07DOEOCNKL@INT32?5?5@ 0000000180012140     astable.obj
 0002:00002148       ??_C@_07NCHJABBB@int?5?5?5?5@ 0000000180012148     astable.obj
 0002:00002150       ??_C@_05OJLHEJN@INT32@     0000000180012150     astable.obj
 0002:00002158       ??_C@_03JBIPMCLC@int@      0000000180012158     astable.obj
 0002:0000215c       ??_C@_05GJHDGFPH@INT16@    000000018001215c     astable.obj
 0002:00002164       ??_C@_05BFKKPKCG@short@    0000000180012164     astable.obj
 0002:0000216c       ??_C@_04GLNPCHED@INT8@     000000018001216c     astable.obj
 0002:00002174       ??_C@_04ENMBGAPA@char@     0000000180012174     astable.obj
 0002:0000217c       ??_C@_05JCOFPAGF@_int_@    000000018001217c     astable.obj
 0002:00002188       ??_C@_07MHNLNEGL@_INT32_@  0000000180012188     astable.obj
 0002:00002190       ??_C@_0P@HGGNLJPD@_unsigned?5int_@ 0000000180012190     astable.obj
 0002:000021a0       ??_C@_08HINLINMD@_UINT32_@ 00000001800121a0     astable.obj
 0002:000021b0       ??_C@_0N@DAMLDHFD@INT64?5?5?5?5?5?5?5@ 00000001800121b0     astable.obj
 0002:000021c0       ??_C@_0N@KEODDPLK@s64?5?5?5?5?5?5?5?5?5@ 00000001800121c0     astable.obj
 0002:000021d0       ??_C@_0N@CFKCJOKI@UINT64?5?5?5?5?5?5@ 00000001800121d0     astable.obj
 0002:000021e0       ??_C@_0N@EAGOAGH@u64?5?5?5?5?5?5?5?5?5@ 00000001800121e0     astable.obj
 0002:000021f0       ??_C@_0N@HEBAFNDE@u32?5?5?5?5?5?5?5?5?5@ 00000001800121f0     astable.obj
 0002:00002200       ??_C@_0N@KFPIIFJN@INT32?5?5?5?5?5?5?5@ 0000000180012200     astable.obj
 0002:00002210       ??_C@_0N@NEPFICOJ@s32?5?5?5?5?5?5?5?5?5@ 0000000180012210     astable.obj
 0002:00002220       ??_C@_0N@DOGPEBM@UINT16?5?5?5?5?5?5@ 0000000180012220     astable.obj
 0002:00002230       ??_C@_0N@CIPCLACJ@u16?5?5?5?5?5?5?5?5?5@ 0000000180012230     astable.obj
 0002:00002240       ??_C@_0N@PMOBAEKM@INT16?5?5?5?5?5?5?5@ 0000000180012240     astable.obj
 0002:00002250       ??_C@_0N@IIBHGPPE@s16?5?5?5?5?5?5?5?5?5@ 0000000180012250     astable.obj
 0002:00002260       ??_C@_0N@BFJBHKOL@UINT8?5?5?5?5?5?5?5@ 0000000180012260     astable.obj
 0002:00002270       ??_C@_0N@PDBIIEDA@u8?5?5?5?5?5?5?5?5?5?5@ 0000000180012270     astable.obj
 0002:00002280       ??_C@_0N@LNCEK@BOOLEAN?5?5?5?5?5@ 0000000180012280     astable.obj
 0002:00002290       ??_C@_0N@HBKGDHGB@char?5?5?5?5?5?5?5?5@ 0000000180012290     astable.obj
 0002:000022a0       ??_C@_0N@DMGFNLMN@void?5?5?5?5?5?5?5?5@ 00000001800122a0     astable.obj
 0002:000022b0       ??_C@_0N@OAGGCLKJ@char?5?$CK?5?5?5?5?5?5@ 00000001800122b0     astable.obj
 0002:000022c0       ??_C@_0N@KNKFMHAF@void?5?$CK?5?5?5?5?5?5@ 00000001800122c0     astable.obj
 0002:000022d0       ??_C@_0N@MGIEMKFL@int?5?5?5?5?5?5?5?5?5@ 00000001800122d0     astable.obj
 0002:000022e0       ??_C@_0N@JLEEADIB@FILE?5?5?5?5?5?5?5?5@ 00000001800122e0     astable.obj
 0002:000022f0       ??_C@_0N@OINHPFPC@size_t?5?5?5?5?5?5@ 00000001800122f0     astable.obj
 0002:00002300       ??_C@_06DEJKJDN@UINT64@    0000000180012300     astable.obj
 0002:00002308       ??_C@_03BJJGBKJI@u64@      0000000180012308     astable.obj
 0002:0000230c       ??_C@_03EJAHHPPF@u32@      000000018001230c     astable.obj
 0002:00002310       ??_C@_03COOPGOJP@u16@      0000000180012310     astable.obj
 0002:00002314       ??_C@_02EFBLDAKN@u8@       0000000180012314     astable.obj
 0002:00002318       ??_C@_07NDMFPNAH@INT64?5?5@ 0000000180012318     astable.obj
 0002:00002320       ??_C@_07CAGAIBEO@s64?5?5?5?5@ 0000000180012320     astable.obj
 0002:00002328       ??_C@_05FOAKBBPA@INT64@    0000000180012328     astable.obj
 0002:00002330       ??_C@_03DMPNEFEE@s64@      0000000180012330     astable.obj
 0002:00002338       ??_C@_07KEABENPE@s32?5?5?5?5@ 0000000180012338     astable.obj
 0002:00002340       ??_C@_03GMGMCACJ@s32@      0000000180012340     astable.obj
 0002:00002348       ??_C@_07MLOMOJJM@INT16?5?5@ 0000000180012348     astable.obj
 0002:00002350       ??_C@_07KIAPBOML@s16?5?5?5?5@ 0000000180012350     astable.obj
 0002:00002358       ??_C@_07LDIOIDKO@INT8?5?5?5@ 0000000180012358     astable.obj
 0002:00002360       ??_C@_07OIBILKJO@s8?5?5?5?5?5@ 0000000180012360     astable.obj
 0002:00002368       ??_C@_03LIEDBED@s16@       0000000180012368     astable.obj
 0002:0000236c       ??_C@_02EBJGEMBP@s8@       000000018001236c     astable.obj
 0002:00002370       ??_C@_0N@EEHKEDPP@__FUNCTION__@ 0000000180012370     astable.obj
 0002:00002380       ??_C@_08NOMANIOG@__func__@ 0000000180012380     astable.obj
 0002:00002390       ??_C@_0BJ@EPNABINK@ACPI_ADDRESS16_ATTRIBUTE@ 0000000180012390     astable.obj
 0002:000023b0       ??_C@_0BJ@CMIKJGOO@ACPI_ADDRESS32_ATTRIBUTE@ 00000001800123b0     astable.obj
 0002:000023d0       ??_C@_0BJ@NOJIIABN@ACPI_ADDRESS64_ATTRIBUTE@ 00000001800123d0     astable.obj
 0002:000023f0       ??_C@_0BD@KEJNNKBC@ACPI_ADDRESS_RANGE@ 00000001800123f0     astable.obj
 0002:00002408       ??_C@_0BH@KNPCABKE@ACPI_ADR_SPACE_HANDLER@ 0000000180012408     astable.obj
 0002:00002420       ??_C@_0BF@GILICKPM@ACPI_ADR_SPACE_SETUP@ 0000000180012420     astable.obj
 0002:00002438       ??_C@_0BE@OLNGNLJM@ACPI_ADR_SPACE_TYPE@ 0000000180012438     astable.obj
 0002:00002450       ??_C@_0BC@GHBHACMN@ACPI_AML_OPERANDS@ 0000000180012450     astable.obj
 0002:00002468       ??_C@_0BH@DNABOMFK@ACPI_BIT_REGISTER_INFO@ 0000000180012468     astable.obj
 0002:00002480       ??_C@_0M@DPKCEIHO@ACPI_BUFFER@ 0000000180012480     astable.obj
 0002:00002490       ??_C@_0BD@LDCICJLH@ACPI_BUS_ATTRIBUTE@ 0000000180012490     astable.obj
 0002:000024a8       ??_C@_0N@NBELGCOB@ACPI_CACHE_T@ 00000001800124a8     astable.obj
 0002:000024b8       ??_C@_0BF@MKHGGLJJ@ACPI_CMTABLE_HANDLER@ 00000001800124b8     astable.obj
 0002:000024d0       ??_C@_0BH@MLGKHPAN@ACPI_COMMENT_ADDR_NODE@ 00000001800124d0     astable.obj
 0002:000024e8       ??_C@_0BC@KOPJMPEM@ACPI_COMMENT_NODE@ 00000001800124e8     astable.obj
 0002:00002500       ??_C@_0BB@OMBOMHKL@ACPI_COMMON_FACS@ 0000000180012500     astable.obj
 0002:00002518       ??_C@_0BC@JILLIKDD@ACPI_COMMON_STATE@ 0000000180012518     astable.obj
 0002:00002530       ??_C@_0BH@KKAGLHEA@ACPI_COMMON_DESCRIPTOR@ 0000000180012530     astable.obj
 0002:00002548       ??_C@_0BD@NGHLNGII@ACPI_COMPATIBLE_ID@ 0000000180012548     astable.obj
 0002:00002560       ??_C@_0BF@JKGHFDBP@ACPI_CONNECTION_INFO@ 0000000180012560     astable.obj
 0002:00002578       ??_C@_0BD@KPPKENGF@ACPI_CONTROL_STATE@ 0000000180012578     astable.obj
 0002:00002590       ??_C@_0BG@FLMNOIDG@ACPI_CONVERSION_TABLE@ 0000000180012590     astable.obj
 0002:000025a8       ??_C@_0P@GFJPHCMP@ACPI_CPU_FLAGS@ 00000001800125a8     astable.obj
 0002:000025b8       ??_C@_0BH@GAIOCOFH@ACPI_CREATE_FIELD_INFO@ 00000001800125b8     astable.obj
 0002:000025d0       ??_C@_0BG@EAFCODPK@ACPI_DB_ARGUMENT_INFO@ 00000001800125d0     astable.obj
 0002:000025e8       ??_C@_0BF@LNFFNFHG@ACPI_DB_COMMAND_HELP@ 00000001800125e8     astable.obj
 0002:00002600       ??_C@_0BF@JHPJPAIP@ACPI_DB_COMMAND_INFO@ 0000000180012600     astable.obj
 0002:00002618       ??_C@_0BF@LPPOLGJK@ACPI_DB_EXECUTE_WALK@ 0000000180012618     astable.obj
 0002:00002630       ??_C@_0BE@CCLFDALD@ACPI_DB_METHOD_INFO@ 0000000180012630     astable.obj
 0002:00002648       ??_C@_0BF@CCMNKBDF@ACPI_DEBUG_MEM_BLOCK@ 0000000180012648     astable.obj
 0002:00002660       ??_C@_0BG@HFBKJDAA@ACPI_DEBUG_MEM_HEADER@ 0000000180012660     astable.obj
 0002:00002678       ??_C@_0BG@JICDEOED@ACPI_DEBUG_PRINT_INFO@ 0000000180012678     astable.obj
 0002:00002690       ??_C@_0BA@PKMNEIHN@ACPI_DESCRIPTOR@ 0000000180012690     astable.obj
 0002:000026a0       ??_C@_0BB@JHKMAEDH@ACPI_DEVICE_INFO@ 00000001800126a0     astable.obj
 0002:000026b8       ??_C@_0BG@CBFGAAOF@ACPI_DEVICE_WALK_INFO@ 00000001800126b8     astable.obj
 0002:000026d0       ??_C@_0BC@MFPOLJGD@ACPI_DMTABLE_DATA@ 00000001800126d0     astable.obj
 0002:000026e8       ??_C@_0BC@OECMDHBE@ACPI_DMTABLE_INFO@ 00000001800126e8     astable.obj
 0002:00002700       ??_C@_0BF@DHIPJDOM@ACPI_DMTABLE_HANDLER@ 0000000180012700     astable.obj
 0002:00002718       ??_C@_0O@LJEJLPGJ@ACPI_EFI_FILE@ 0000000180012718     astable.obj
 0002:00002728       ??_C@_0BD@BGHJCFGB@ACPI_EVALUATE_INFO@ 0000000180012728     astable.obj
 0002:00002740       ??_C@_0BD@HOLBFKDE@ACPI_EVENT_HANDLER@ 0000000180012740     astable.obj
 0002:00002758       ??_C@_0BC@GOKHAPKP@ACPI_EVENT_STATUS@ 0000000180012758     astable.obj
 0002:00002770       ??_C@_0BA@BAEJEJAG@ACPI_EVENT_TYPE@ 0000000180012770     astable.obj
 0002:00002780       ??_C@_0BH@HBPDKFL@ACPI_EXCEPTION_HANDLER@ 0000000180012780     astable.obj
 0002:00002798       ??_C@_0BE@GLNAEHPH@ACPI_EXCEPTION_INFO@ 0000000180012798     astable.obj
 0002:000027b0       ??_C@_0BB@CAKIIAHP@ACPI_EXDUMP_INFO@ 00000001800127b0     astable.obj
 0002:000027c8       ??_C@_0BA@BBBHEKE@ACPI_EXECUTE_OP@ 00000001800127c8     astable.obj
 0002:000027d8       ??_C@_0BC@BGIJLBDA@ACPI_EXECUTE_TYPE@ 00000001800127d8     astable.obj
 0002:000027f0       ??_C@_0BD@HJCDDOEE@ACPI_EXTERNAL_LIST@ 00000001800127f0     astable.obj
 0002:00002808       ??_C@_0BD@HHDAOBLI@ACPI_EXTERNAL_FILE@ 0000000180012808     astable.obj
 0002:00002820       ??_C@_0P@NJPEHBOJ@ACPI_FADT_INFO@ 0000000180012820     astable.obj
 0002:00002830       ??_C@_0BC@KLHPIOJM@ACPI_FADT_PM_INFO@ 0000000180012830     astable.obj
 0002:00002848       ??_C@_0BA@MNAPGFIM@ACPI_FIELD_INFO@ 0000000180012848     astable.obj
 0002:00002858       ??_C@_0P@IDJHNIKP@ACPI_FILE_NODE@ 0000000180012858     astable.obj
 0002:00002868       ??_C@_0BC@DFKMEGAD@ACPI_FIND_CONTEXT@ 0000000180012868     astable.obj
 0002:00002880       ??_C@_0BJ@DPCENDGO@ACPI_FIXED_EVENT_HANDLER@ 0000000180012880     astable.obj
 0002:000028a0       ??_C@_0BG@CDFGIEFA@ACPI_FIXED_EVENT_INFO@ 00000001800128a0     astable.obj
 0002:000028b8       ??_C@_0BH@PMHEPGLF@ACPI_GBL_EVENT_HANDLER@ 00000001800128b8     astable.obj
 0002:000028d0       ??_C@_0BF@KKFHICMA@ACPI_GENERIC_ADDRESS@ 00000001800128d0     astable.obj
 0002:000028e8       ??_C@_0BD@EJELNEHF@ACPI_GENERIC_STATE@ 00000001800128e8     astable.obj
 0002:00002900       ??_C@_0BG@BOOLPFKI@ACPI_GET_DEVICES_INFO@ 0000000180012900     astable.obj
 0002:00002918       ??_C@_0BL@BBLFGKNL@ACPI_GLOBAL_NOTIFY_HANDLER@ 0000000180012918     astable.obj
 0002:00002938       ??_C@_0BE@CKLMNGE@ACPI_GPE_BLOCK_INFO@ 0000000180012938     astable.obj
 0002:00002950       ??_C@_0BC@EMPOAPEE@ACPI_GPE_CALLBACK@ 0000000180012950     astable.obj
 0002:00002968       ??_C@_0BF@FKFIBAFM@ACPI_GPE_DEVICE_INFO@ 0000000180012968     astable.obj
 0002:00002980       ??_C@_0BE@IEKBLKKO@ACPI_GPE_EVENT_INFO@ 0000000180012980     astable.obj
 0002:00002998       ??_C@_0BB@OCMMIIFK@ACPI_GPE_HANDLER@ 0000000180012998     astable.obj
 0002:000029b0       ??_C@_0BG@HOLFLKFI@ACPI_GPE_HANDLER_INFO@ 00000001800129b0     astable.obj
 0002:000029c8       ??_C@_0BE@DHHDILBE@ACPI_GPE_INDEX_INFO@ 00000001800129c8     astable.obj
 0002:000029e0       ??_C@_0BF@LOKLIIFK@ACPI_GPE_NOTIFY_INFO@ 00000001800129e0     astable.obj
 0002:000029f8       ??_C@_0BH@OHFDDPBC@ACPI_GPE_REGISTER_INFO@ 00000001800129f8     astable.obj
 0002:00002a10       ??_C@_0BD@JIHECGFK@ACPI_GPE_WALK_INFO@ 0000000180012a10     astable.obj
 0002:00002a28       ??_C@_0BE@CNNJPCHA@ACPI_GPE_XRUPT_INFO@ 0000000180012a28     astable.obj
 0002:00002a40       ??_C@_0P@HDFBJBAA@ACPI_GPIO_INFO@ 0000000180012a40     astable.obj
 0002:00002a50       ??_C@_0M@JDLOGLOO@ACPI_HANDLE@ 0000000180012a50     astable.obj
 0002:00002a60       ??_C@_0BC@KEBIPGJM@ACPI_HANDLER_INFO@ 0000000180012a60     astable.obj
 0002:00002a78       ??_C@_0BC@DKMIMGHE@ACPI_INIT_HANDLER@ 0000000180012a78     astable.obj
 0002:00002a90       ??_C@_0BH@HBJOGDDN@ACPI_INTERFACE_HANDLER@ 0000000180012a90     astable.obj
 0002:00002aa8       ??_C@_0BG@MNKFGIKI@ACPI_IDENTIFIER_TABLE@ 0000000180012aa8     astable.obj
 0002:00002ac0       ??_C@_0BE@CBHJLOF@ACPI_INIT_WALK_INFO@ 0000000180012ac0     astable.obj
 0002:00002ad8       ??_C@_0N@LNGCLBPJ@ACPI_INTEGER@ 0000000180012ad8     astable.obj
 0002:00002ae8       ??_C@_0BF@LLEKPB@ACPI_INTEGER_OVERLAY@ 0000000180012ae8     astable.obj
 0002:00002b00       ??_C@_0BE@HAFKBHHJ@ACPI_INTEGRITY_INFO@ 0000000180012b00     astable.obj
 0002:00002b18       ??_C@_0BE@OMGGDCPC@ACPI_INTERFACE_INFO@ 0000000180012b18     astable.obj
 0002:00002b30       ??_C@_0BF@CEHMJPI@ACPI_INTERNAL_METHOD@ 0000000180012b30     astable.obj
 0002:00002b48       ??_C@_0BG@EBKMGJNO@ACPI_INTERPRETER_MODE@ 0000000180012b48     astable.obj
 0002:00002b60       ??_C@_0BA@KELINDDP@ACPI_IO_ADDRESS@ 0000000180012b60     astable.obj
 0002:00002b70       ??_C@_0BC@HOONGCAJ@ACPI_IO_ATTRIBUTE@ 0000000180012b70     astable.obj
 0002:00002b88       ??_C@_0BB@IPECHILK@ACPI_LPIT_HEADER@ 0000000180012b88     astable.obj
 0002:00002ba0       ??_C@_0N@EDHABNHB@ACPI_LPIT_IO@ 0000000180012ba0     astable.obj
 0002:00002bb0       ??_C@_0BB@DGIKFGAG@ACPI_LPIT_NATIVE@ 0000000180012bb0     astable.obj
 0002:00002bc8       ??_C@_0BH@MHJMCOP@ACPI_MEM_SPACE_CONTEXT@ 0000000180012bc8     astable.obj
 0002:00002be0       ??_C@_0BG@BDMCLDJC@ACPI_MEMORY_ATTRIBUTE@ 0000000180012be0     astable.obj
 0002:00002bf8       ??_C@_0BB@FANCOHPE@ACPI_MEMORY_LIST@ 0000000180012bf8     astable.obj
 0002:00002c10       ??_C@_0BC@KOKOEHKE@ACPI_METHOD_LOCAL@ 0000000180012c10     astable.obj
 0002:00002c28       ??_C@_0L@GEEHGMPK@ACPI_MUTEX@ 0000000180012c28     astable.obj
 0002:00002c38       ??_C@_0BC@NJHCKLKA@ACPI_MUTEX_HANDLE@ 0000000180012c38     astable.obj
 0002:00002c50       ??_C@_0BA@NHDGDIAN@ACPI_MUTEX_INFO@ 0000000180012c50     astable.obj
 0002:00002c60       ??_C@_09MCFIMBDI@ACPI_NAME@ 0000000180012c60     astable.obj
 0002:00002c70       ??_C@_0P@BEMFLNEM@ACPI_NAME_INFO@ 0000000180012c70     astable.obj
 0002:00002c80       ??_C@_0BA@DNPDHIDL@ACPI_NAME_UNION@ 0000000180012c80     astable.obj
 0002:00002c90       ??_C@_0BE@KKIIMNC@ACPI_NAMESPACE_NODE@ 0000000180012c90     astable.obj
 0002:00002ca8       ??_C@_0BF@NFDCDPBF@ACPI_NAMESTRING_INFO@ 0000000180012ca8     astable.obj
 0002:00002cc0       ??_C@_0BA@BABOPAMI@ACPI_NATIVE_INT@ 0000000180012cc0     astable.obj
 0002:00002cd0       ??_C@_0BB@GCAOKILO@ACPI_NATIVE_UINT@ 0000000180012cd0     astable.obj
 0002:00002ce8       ??_C@_0BE@BALHPNCC@ACPI_NEW_TABLE_DESC@ 0000000180012ce8     astable.obj
 0002:00002d00       ??_C@_0BE@INPGFCNE@ACPI_NOTIFY_HANDLER@ 0000000180012d00     astable.obj
 0002:00002d18       ??_C@_0BB@HDFPJMDB@ACPI_NOTIFY_INFO@ 0000000180012d18     astable.obj
 0002:00002d30       ??_C@_0BE@BCJKNNFC@ACPI_NS_SEARCH_DATA@ 0000000180012d30     astable.obj
 0002:00002d48       ??_C@_0BF@DAGIHGEK@ACPI_OBJ_INFO_HEADER@ 0000000180012d48     astable.obj
 0002:00002d60       ??_C@_0M@MFDEICEG@ACPI_OBJECT@ 0000000180012d60     astable.obj
 0002:00002d70       ??_C@_0BJ@GMPAOOHP@ACPI_OBJECT_ADDR_HANDLER@ 0000000180012d70     astable.obj
 0002:00002d90       ??_C@_0BH@FGKCMBED@ACPI_OBJECT_BANK_FIELD@ 0000000180012d90     astable.obj
 0002:00002da8       ??_C@_0BD@PFFADDGJ@ACPI_OBJECT_BUFFER@ 0000000180012da8     astable.obj
 0002:00002dc0       ??_C@_0BJ@KJFIDOOA@ACPI_OBJECT_BUFFER_FIELD@ 0000000180012dc0     astable.obj
 0002:00002de0       ??_C@_0BH@NABFKIDA@ACPI_OBJECT_CACHE_LIST@ 0000000180012de0     astable.obj
 0002:00002df8       ??_C@_0BD@LKFLHHLL@ACPI_OBJECT_COMMON@ 0000000180012df8     astable.obj
 0002:00002e10       ??_C@_0BG@KCAIDM@ACPI_OBJECT_CONVERTER@ 0000000180012e10     astable.obj
 0002:00002e28       ??_C@_0BB@PENIDOMF@ACPI_OBJECT_DATA@ 0000000180012e28     astable.obj
 0002:00002e40       ??_C@_0BD@KMNLHLDI@ACPI_OBJECT_DEVICE@ 0000000180012e40     astable.obj
 0002:00002e58       ??_C@_0BC@MPEIJJKB@ACPI_OBJECT_EVENT@ 0000000180012e58     astable.obj
 0002:00002e70       ??_C@_0BC@LKFEKLDK@ACPI_OBJECT_EXTRA@ 0000000180012e70     astable.obj
 0002:00002e88       ??_C@_0BJ@CNKBHMNP@ACPI_OBJECT_FIELD_COMMON@ 0000000180012e88     astable.obj
 0002:00002ea8       ??_C@_0BE@EMLFDJHO@ACPI_OBJECT_HANDLER@ 0000000180012ea8     astable.obj
 0002:00002ec0       ??_C@_0BI@PJCCLCJL@ACPI_OBJECT_INDEX_FIELD@ 0000000180012ec0     astable.obj
 0002:00002ed8       ??_C@_0BE@DOHLMGEF@ACPI_OBJECT_INTEGER@ 0000000180012ed8     astable.obj
 0002:00002ef0       ??_C@_0BB@NFAKLALC@ACPI_OBJECT_INFO@ 0000000180012ef0     astable.obj
 0002:00002f08       ??_C@_0BB@DDOGKNHK@ACPI_OBJECT_LIST@ 0000000180012f08     astable.obj
 0002:00002f20       ??_C@_0BD@OLDOMCML@ACPI_OBJECT_METHOD@ 0000000180012f20     astable.obj
 0002:00002f38       ??_C@_0BC@CMPOPBAL@ACPI_OBJECT_MUTEX@ 0000000180012f38     astable.obj
 0002:00002f50       ??_C@_0BK@HALFCEJI@ACPI_OBJECT_NOTIFY_COMMON@ 0000000180012f50     astable.obj
 0002:00002f70       ??_C@_0BL@OOBIKGFP@ACPI_OBJECT_NOTIFY_HANDLER@ 0000000180012f70     astable.obj
 0002:00002f90       ??_C@_0BE@CJEIBPMK@ACPI_OBJECT_PACKAGE@ 0000000180012f90     astable.obj
 0002:00002fa8       ??_C@_0BL@FBOHANFK@ACPI_OBJECT_POWER_RESOURCE@ 0000000180012fa8     astable.obj
 0002:00002fc8       ??_C@_0BG@MFNILANJ@ACPI_OBJECT_PROCESSOR@ 0000000180012fc8     astable.obj
 0002:00002fe0       ??_C@_0BG@CKIKMDPM@ACPI_OBJECT_REFERENCE@ 0000000180012fe0     astable.obj
 0002:00002ff8       ??_C@_0BD@BPLLEMFB@ACPI_OBJECT_REGION@ 0000000180012ff8     astable.obj
 0002:00003010       ??_C@_0BJ@JPPIFPHB@ACPI_OBJECT_REGION_FIELD@ 0000000180013010     astable.obj
 0002:00003030       ??_C@_0BD@JEGFPFH@ACPI_OBJECT_STRING@ 0000000180013030     astable.obj
 0002:00003048       ??_C@_0BJ@PBMLEFKP@ACPI_OBJECT_THERMAL_ZONE@ 0000000180013048     astable.obj
 0002:00003068       ??_C@_0BB@GCPALLOP@ACPI_OBJECT_TYPE@ 0000000180013068     astable.obj
 0002:00003080       ??_C@_0BC@CHEILDKJ@ACPI_OBJECT_TYPE8@ 0000000180013080     astable.obj
 0002:00003098       ??_C@_0BC@PBHBFFNG@ACPI_OP_WALK_INFO@ 0000000180013098     astable.obj
 0002:000030b0       ??_C@_0BB@IBMHPCIP@ACPI_OPCODE_INFO@ 00000001800130b0     astable.obj
 0002:000030c8       ??_C@_0BE@BDIAMNHO@ACPI_OPERAND_OBJECT@ 00000001800130c8     astable.obj
 0002:000030e0       ??_C@_0BB@JCOAPDJL@ACPI_OSD_HANDLER@ 00000001800130e0     astable.obj
 0002:000030f8       ??_C@_0BH@FKFALNNK@ACPI_OSD_EXEC_CALLBACK@ 00000001800130f8     astable.obj
 0002:00003110       ??_C@_0O@EFONBJK@ACPI_OWNER_ID@ 0000000180013110     astable.obj
 0002:00003120       ??_C@_0BC@GBJANHML@ACPI_PACKAGE_INFO@ 0000000180013120     astable.obj
 0002:00003138       ??_C@_0BD@OBKHNPJO@ACPI_PACKAGE_INFO2@ 0000000180013138     astable.obj
 0002:00003150       ??_C@_0BD@PILMOONP@ACPI_PACKAGE_INFO3@ 0000000180013150     astable.obj
 0002:00003168       ??_C@_0BD@LHPNHIBI@ACPI_PACKAGE_INFO4@ 0000000180013168     astable.obj
 0002:00003180       ??_C@_0BF@HLIOIGKL@ACPI_PARSE_DOWNWARDS@ 0000000180013180     astable.obj
 0002:00003198       ??_C@_0BD@JFGAABP@ACPI_PARSE_OBJ_ASL@ 0000000180013198     astable.obj
 0002:000031b0       ??_C@_0BG@DHNLMCGK@ACPI_PARSE_OBJ_COMMON@ 00000001800131b0     astable.obj
 0002:000031c8       ??_C@_0BF@HMNENDLA@ACPI_PARSE_OBJ_NAMED@ 00000001800131c8     astable.obj
 0002:000031e0       ??_C@_0BC@OMEHMMOF@ACPI_PARSE_OBJECT@ 00000001800131e0     astable.obj
 0002:000031f8       ??_C@_0BB@EPDDBPCO@ACPI_PARSE_STATE@ 00000001800131f8     astable.obj
 0002:00003210       ??_C@_0BD@OCGLNLKH@ACPI_PARSE_UPWARDS@ 0000000180013210     astable.obj
 0002:00003228       ??_C@_0BB@EEFGCEIF@ACPI_PARSE_VALUE@ 0000000180013228     astable.obj
 0002:00003240       ??_C@_0BA@KJGAANGH@ACPI_PCI_DEVICE@ 0000000180013240     astable.obj
 0002:00003250       ??_C@_0M@KAKPOHGI@ACPI_PCI_ID@ 0000000180013250     astable.obj
 0002:00003260       ??_C@_0BH@LJKADCED@ACPI_PCI_ROUTING_TABLE@ 0000000180013260     astable.obj
 0002:00003278       ??_C@_0BG@GBBJMKH@ACPI_PHYSICAL_ADDRESS@ 0000000180013278     astable.obj
[...]
 0002:00007308       $unwind$__acrt_iob_func    0000000180017308     toroC64:__acrt_iob_func.obj
 0002:00007314       $unwind$fprintf            0000000180017314     toroC64:Fprintf.obj
 0002:0000731c       $unwind$strchr             000000018001731c     toroC64:StrChr.obj
 0002:00007324       $unwind$strcmp             0000000180017324     toroC64:StrCmp.obj
 0002:00007330       $unwind$strcat             0000000180017330     toroC64:StrCat.obj
 0002:0000733c       $unwind$strcpy             000000018001733c     toroC64:StrCpy.obj
 0002:00007348       $unwind$strncat            0000000180017348     toroC64:StrNCat.obj
 0002:0000735c       $unwind$strncpy            000000018001735c     toroC64:StrNCpy.obj
 0002:0000736c       $unwind$toupper            000000018001736c     toroC64:toupper.obj
 0002:00007374       $unwind$tolower            0000000180017374     toroC64:tolower.obj
 0002:0000737c       $unwind$_findclose         000000018001737c     toroC64:_findclose.obj
 0002:00007384       $unwind$_findfirst64i32    0000000180017384     toroC64:_findfirst.obj
 0002:0000739c       $unwind$_findnext64i32     000000018001739c     toroC64:_findnext.obj
 0002:000073b8       $unwind$calloc             00000001800173b8     toroC64:Calloc.obj
 0002:000073c4       $unwind$free               00000001800173c4     toroC64:Free.obj
 0002:000073cc       $unwind$printf             00000001800173cc     toroC64:Printf.obj
 0002:000073d4       $unwind$getchar            00000001800173d4     toroC64:Getchar.obj
 0002:000073dc       $unwind$vfprintf           00000001800173dc     toroC64:Vfprintf.obj
 0002:000073f0       $unwind$memmove            00000001800173f0     toroC64:MemMove.obj
 0002:00007400       $unwind$isxdigit           0000000180017400     toroC64:isxdigit.obj
 0002:00007408       $unwind$isalnum            0000000180017408     toroC64:isalnum.obj
 0002:00007414       $unwind$strncmp            0000000180017414     toroC64:StrNCmp.obj
 0002:00007424       $unwind$_errno             0000000180017424     toroC64:errno.obj
 0002:0000742c       $unwind$perror             000000018001742c     toroC64:Perror.obj
 0002:0000743c       $unwind$isprint            000000018001743c     toroC64:isprint.obj
 0002:00007444       $unwind$fclose             0000000180017444     toroC64:Fclose.obj
 0002:00007458       $unwind$fopen              0000000180017458     toroC64:Fopen.obj
 0002:00007478       $unwind$fread              0000000180017478     toroC64:Fread.obj
 0002:0000748c       $unwind$fwrite             000000018001748c     toroC64:Fwrite.obj
 0002:000074a0       $unwind$_mkdir             00000001800174a0     toroC64:_mkdir.obj
 0002:000074b8       $unwind$exit               00000001800174b8     toroC64:exit.obj
 0002:000074c0       $unwind$_stat64i32         00000001800174c0     toroC64:_stat64i32.obj
 0002:000074d8       $unwind$clock              00000001800174d8     toroC64:clock.obj
 0002:000074e4       $unwind$_CdeDbgPutChar     00000001800174e4     toroC64:_CdeDbgPutChar.obj
 0002:000074fc       $unwind$_cdeCoreVwxPrintf  00000001800174fc     toroC64:_cdeCoreVwxPrintf.obj
 0002:00007518       $unwind$intgr2bcd          0000000180017518     toroC64:_cdeCoreVwxPrintf.obj
 0002:0000752c       $unwind$str2dev            000000018001752c     toroC64:_cdeCoreVwxPrintf.obj
 0002:00007544       $unwind$num2str            0000000180017544     toroC64:_cdeCoreVwxPrintf.obj
 0002:0000755c       $unwind$nfill              000000018001755c     toroC64:_cdeCoreVwxPrintf.obj
 0002:00007574       $unwind$nprintfield        0000000180017574     toroC64:_cdeCoreVwxPrintf.obj
 0002:0000758c       $unwind$UngetCharAndDecount 000000018001758c     toroC64:_cdeCoreVwxScanf.obj
 0002:00007594       $unwind$str2num            0000000180017594     toroC64:_cdeCoreVwxScanf.obj
 0002:000075ac       $unwind$_cdeCoreVwxScanf   00000001800175ac     toroC64:_cdeCoreVwxScanf.obj
 0002:000075c8       $unwind$_cdeCoreWcsStrTok  00000001800175c8     toroC64:_cdeCoreWcsStrTok.obj
 0002:000075e4       $unwind$_cdeWcsStrPbrkSpn  00000001800175e4     toroC64:_cdeWcsStrPbrkSpn.obj
 0002:00007600       $unwind$_cdeCoreMemRealloc 0000000180017600     toroC64:_cdeCoreMemRealloc.obj
 0002:0000761c       $unwind$_cdeMemStrxCpy     000000018001761c     toroC64:_cdeMemStrxCpy.obj
 0002:00007634       $unwind$_cdeMemStrxCmp     0000000180017634     toroC64:_cdeMemStrxCmp.obj
 0002:00007650       $unwind$_osifIbmAtGetTime  0000000180017650     toroC64:osifIbmAtGetTime.obj
 0002:0000765c       $unwind$_osifIbmAtGetTscPerSec 000000018001765c     toroC64:osifIbmAtGetTscPerSec.obj
 0002:00007664       $unwind$_osifUefiShellMemAlloc 0000000180017664     toroC64:osifUefiShellMemAlloc.obj
 0002:0000766c       $unwind$_osifUefiShellFileWrite 000000018001766c     toroC64:osifUefiShellFileWrite.obj
 0002:00007684       $unwind$_osifUefiShellFileRead 0000000180017684     toroC64:osifUefiShellFileRead.obj
 0002:00007698       $unwind$_osifUefiShellFileSetPos 0000000180017698     toroC64:osifUefiShellFileSetPos.obj
 0002:000076ac       $unwind$efifopen           00000001800176ac     toroC64:osifUefiShellFileOpen.obj
 0002:000076c4       $unwind$__CdeFsEnum        00000001800176c4     toroC64:osifUefiShellFileOpen.obj
 0002:000076d8       $unwind$_osifUefiShellFileOpen 00000001800176d8     toroC64:osifUefiShellFileOpen.obj
 0002:000076f0       $unwind$_osifUefiShellFileClose 00000001800176f0     toroC64:osifUefiShellFileClose.obj
 0002:000076fc       $unwind$_osifUefiShellFileDelete 00000001800176fc     toroC64:osifUefiShellFileDelete.obj
 0002:00007704       $unwind$_osifUefiShellFileRename 0000000180017704     toroC64:osifUefiShellFileRename.obj
 0002:00007720       $unwind$__cdeReadDirectory 0000000180017720     toroC64:osifUefiShellFileFindAll.obj
 0002:0000773c       $unwind$_osifUefiShellFileFindAll 000000018001773c     toroC64:osifUefiShellFileFindAll.obj
 0002:00007754       $unwind$_osifUefiShellFileGetStatus 0000000180017754     toroC64:osifUefiShellFileGetStatus.obj
 0002:00007768       $unwind$_osifUefiShellDirectoryCreate 0000000180017768     toroC64:osifUefiShellDirectoryCreate.obj
 0002:0000777c       $unwind$myConIOPutStr      000000018001777c     toroC64:osifUefiShellCmdExec.obj
 0002:00007790       $unwind$_osifUefiShellCmdExec 0000000180017790     toroC64:osifUefiShellCmdExec.obj
 0002:0000779c       $unwind$_osifUefiShellGetEnv 000000018001779c     toroC64:osifUefiShellGetEnv.obj
 0002:000077b4       $unwind$_osifUefiShellGetDrvCwd 00000001800177b4     toroC64:osifUefiShellGetDrvCwd.obj
 0002:000077c0       $unwind$_cdeCoreFread      00000001800177c0     toroC64:_cdeCoreFread.obj
 0002:000077d8       $unwind$_cdeCoreFwrite     00000001800177d8     toroC64:_cdeCoreFwrite.obj
 0002:000077f4       $unwind$_cdeCoreFsetpos    00000001800177f4     toroC64:_cdeCoreFsetpos.obj
 0002:00007808       $unwind$_cdeCoreFflush     0000000180017808     toroC64:_cdeCoreFflush.obj
 0002:00007818       $unwind$_CdeLocateProtocol 0000000180017818     toroC64:_CdeLocateProtocol.obj
 0002:00007820       $unwind$_cdeStr2Argcv      0000000180017820     toroC64:_cdeStr2Argcv.obj
 0002:00007838       $unwind$memset             0000000180017838     toroC64:MemSetCDEINTRINABI.obj
 0002:00007840       $unwind$fcloseCDEABI       0000000180017840     toroC64:FcloseCDEABI.obj
 0002:00007854       $unwind$fgetcCDEABI        0000000180017854     toroC64:FgetcCDEABI.obj
 0002:0000785c       $unwind$fwriteCDEABI       000000018001785c     toroC64:FwriteCDEABI.obj
 0002:00007870       $unwind$sprintfCDEABI      0000000180017870     toroC64:SprintfCDEABI.obj
 0002:00007878       $unwind$raiseCDEABI        0000000180017878     toroC64:raiseCDEABI.obj
 0002:00007888       $unwind$_fseeki64          0000000180017888     toroC64:_Fseeki64.obj
 0002:0000789c       $unwind$_ftelli64          000000018001789c     toroC64:_Ftelli64.obj
 0002:000078a4       $unwind$strpbrk            00000001800178a4     toroC64:StrPbrk.obj
 0002:000078b0       $unwind$strrchr            00000001800178b0     toroC64:StrRChr.obj
 0002:000078bc       $unwind$__cdeSplitSearchNameExt2Upcase 00000001800178bc     toroC64:__cdeSplitSearchNameExt2Upcase.obj
 0002:000078d8       $unwind$strspn             00000001800178d8     toroC64:StrSpn.obj
 0002:000078e4       $unwind$__cdeStrMatch      00000001800178e4     toroC64:__cdeStrMatch.obj
 0002:000078fc       $unwind$realloc            00000001800178fc     toroC64:Realloc.obj
 0002:00007908       $unwind$fgetc              0000000180017908     toroC64:Fgetc.obj
 0002:00007910       $unwind$fputc              0000000180017910     toroC64:Fputc.obj
 0002:00007918       $unwind$isalpha            0000000180017918     toroC64:isalpha.obj
 0002:00007924       $unwind$isgraph            0000000180017924     toroC64:isgraph.obj
 0002:00007930       $unwind$fflush             0000000180017930     toroC64:Fflush.obj
 0002:00007938       $unwind$remove             0000000180017938     toroC64:Remove.obj
 0002:0000794c       $unwind$__cdeIsFilePointer 000000018001794c     toroC64:__cdeIsFilePointer.obj
 0002:00007960       $unwind$_stricmp           0000000180017960     toroC64:_StrICmp.obj
 0002:0000796c       $unwind$strtok             000000018001796c     toroC64:StrTok.obj
 0002:00007978       $unwind$_cdeCoreSprintf    0000000180017978     toroC64:_cdeCoreSprintf.obj
 0002:00007980       $unwind$isxdigitCDEABI     0000000180017980     toroC64:isxdigitCDEABI.obj
 0002:00007988       $unwind$_cdeUMUL128        0000000180017988     toroC64:_cdeUMUL128.obj
 0002:00007990       $unwind$_mktime64CDEABI    0000000180017990     toroC64:mktimeCDEABI.obj
 0002:00007998       $unwind$_cdeGmltime        0000000180017998     toroC64:_cdeGmltime.obj
 0002:000079a4       $unwind$__cdeOnErrSet_status 00000001800179a4     toroC64:__cdeOnErrSet_status.obj
 0002:000079ac       $unwind$__cdeOffsetCdeFposType 00000001800179ac     toroC64:__cdeGetOffsetCdeFposType.obj
 0002:000079b4       $unwind$__cdeBiasCdeFposType 00000001800179b4     toroC64:__cdeGetBiasCdeFposType.obj
 0002:000079c0       $unwind$wcschrCDEABI       00000001800179c0     toroC64:WcsChrCDEABI.obj
 0002:000079c8       $unwind$wcscatCDEABI       00000001800179c8     toroC64:WcsCatCDEABI.obj
 0002:000079d4       $unwind$wcscpyCDEABI       00000001800179d4     toroC64:WcsCpyCDEABI.obj
 0002:000079e0       $unwind$wcsncmpCDEABI      00000001800179e0     toroC64:WcsNCmpCDEABI.obj
 0002:000079f0       $unwind$wcsncpyCDEABI      00000001800179f0     toroC64:WcsNCpyCDEABI.obj
 0002:00007a00       $unwind$wcstokCDEABI       0000000180017a00     toroC64:WcsTokCDEABI.obj
 0002:00007a10       $unwind$_wcsicmpCDEABI     0000000180017a10     toroC64:_WcsICmpCDEABI.obj
 0002:00007a1c       $unwind$strcmpCDEABI       0000000180017a1c     toroC64:StrCmpCDEABI.obj
 0002:00007a28       $unwind$_stricmpCDEABI     0000000180017a28     toroC64:_StrICmpCDEABI.obj
 0002:00007a34       $unwind$_CdeLocateHandleBuffer 0000000180017a34     toroC64:_CdeLocateHandleBuffer.obj
 0002:00007a44       $unwind$_cdeConvertDevicePathToText 0000000180017a44     toroC64:_cdeConvertDevicePathToText.obj
 0002:00007a4c       $unwind$_CdeGetMapFromDevicePath 0000000180017a4c     toroC64:_CdeGetMapFromDevicePath.obj
 0002:00007a54       $unwind$_CdeGetCurDir      0000000180017a54     toroC64:_CdeGetCurDir.obj
 0002:00007a5c       $unwind$wcsrchrCDEABI      0000000180017a5c     toroC64:WcsRChrCDEABI.obj
 0002:00007a68       $unwind$_errnoCDEABI       0000000180017a68     toroC64:errnoCDEABI.obj
 0002:00007a70       $unwind$fopenCDEABI        0000000180017a70     toroC64:FopenCDEABI.obj
 0002:00007a90       $unwind$freadCDEABI        0000000180017a90     toroC64:FreadCDEABI.obj
 0002:00007aa4       $unwind$strchrCDEABI       0000000180017aa4     toroC64:StrChrCDEABI.obj
 0002:00007aac       $unwind$reallocCDEABI      0000000180017aac     toroC64:ReallocCDEABI.obj
 0002:00007ab8       $unwind$wcstombsCDEABI     0000000180017ab8     toroC64:wcstombsCDEABI.obj
 0002:00007ac0       $unwind$strncpyCDEABI      0000000180017ac0     toroC64:StrNCpyCDEABI.obj
 0002:00007ad0       $unwind$strncmpCDEABI      0000000180017ad0     toroC64:StrNCmpCDEABI.obj
 0002:00007ae0       $unwind$strcpyCDEABI       0000000180017ae0     toroC64:StrCpyCDEABI.obj
 0002:00007aec       $unwind$strcatCDEABI       0000000180017aec     toroC64:StrCatCDEABI.obj
 0002:00007af8       $unwind$strtolCDEABI       0000000180017af8     toroC64:strtolCDEABI.obj
 0002:00007b00       $unwind$_cdeEfiTime2TimeT  0000000180017b00     toroC64:_cdeEfiTime2TimeT.obj
 0002:00007b08       $unwind$__cdeIsFilePointerCORE 0000000180017b08     toroC64:__cdeIsFilePointerCORE.obj
 0002:00007b20       $unwind$__cderewindCORE    0000000180017b20     toroC64:__cderewindCORE.obj
 0002:00007b28       $unwind$_cdeAbort          0000000180017b28     toroC64:_cdeAbort.obj
 0002:00007b30       $unwind$fflushCDEABI       0000000180017b30     toroC64:FflushCDEABI.obj
 0002:00007b38       $unwind$removeCDEABI       0000000180017b38     toroC64:RemoveCDEABI.obj
 0002:00007b4c       $unwind$invalid_parameter_handler 0000000180017b4c     toroC64:_invalid_parameter_handlerCDEABI.obj
 0002:00007b60       $unwind$vsnprintfCDEABI    0000000180017b60     toroC64:VsnprintfCDEABI.obj
 0002:00007b78       $unwind$fsetposCDEABI      0000000180017b78     toroC64:FsetposCDEABI.obj
 0002:00007b84       $unwind$fgetpos            0000000180017b84     toroC64:Fgetpos.obj
 0002:00007b98       $unwind$strcspn            0000000180017b98     toroC64:StrCSpn.obj
 0002:00007ba4       $unwind$_strnicmp          0000000180017ba4     toroC64:_StrNICmp.obj
 0002:00007bb4       $unwind$invalid_parameter_handler 0000000180017bb4     toroC64:_invalid_parameter_handler.obj
 0002:00007bc8       $unwind$__cdeOnErrSet_errno 0000000180017bc8     toroC64:__cdeOnErrSet_errno.obj
 0002:00007bd0       $unwind$_cdeDay2Greg       0000000180017bd0     toroC64:_cdeDay2Greg.obj
 0002:00007bdc       $unwind$_efierrno          0000000180017bdc     toroC64:_efierrno.obj
 0002:00007be4       $unwind$wcspbrkCDEABI      0000000180017be4     toroC64:WcsPbrkCDEABI.obj
 0002:00007bf0       $unwind$_cdePoolWcs2AppWcs 0000000180017bf0     toroC64:_CdePoolWcs2AppWcs.obj
 0002:00007c00       $unwind$strtokCDEABI       0000000180017c00     toroC64:StrTokCDEABI.obj
 0002:00007c0c       $unwind$strpbrkCDEABI      0000000180017c0c     toroC64:StrPbrkCDEABI.obj
 0002:00007c18       $unwind$_cdeSscanf         0000000180017c18     toroC64:_cdeSscanf.obj
 0002:00007c24       $unwind$__cdeOnErrSet_errnoCORE 0000000180017c24     toroC64:__cdeOnErrSet_errnoCORE.obj
 0002:00007c2c       $unwind$exitCDEABI         0000000180017c2c     toroC64:exitCDEABI.obj
 0002:00007c34       $unwind$fprintfCDEABI      0000000180017c34     toroC64:FprintfCDEABI.obj
 0002:00007c3c       $unwind$abortCDEABI        0000000180017c3c     toroC64:abortCDEABI.obj
 0002:00007c48       $unwind$abort              0000000180017c48     toroC64:abort.obj
 0002:00007c54       $unwind$vfprintfCDEABI     0000000180017c54     toroC64:VfprintfCDEABI.obj
 0002:00007c68       $unwind$raise              0000000180017c68     toroC64:raise.obj
 0002:00007c78       $unwind$fputcCDEABI        0000000180017c78     toroC64:FputcCDEABI.obj
 0003:00000008       CurrentCharPtr             0000000180018008     getopt.obj
 0003:00003d80       gCdeSystemVolumes          000000018001bd80     toroC64:osifUefiShellEntryPoint.obj
 0003:00004c90       gCdeServicesShell          000000018001cc90     toroC64:osifUefiShellEntryPoint.obj
 0003:00005440       _gEfiStatusCodeRuntimeProtocolGuid 000000018001d440     toroC64:osifUefiShellEntryPoint.obj
 0003:00005450       ?EfiLoadedImageProtocolGuid@?1??_MainEntryPointShell@@9@9 000000018001d450     toroC64:osifUefiShellEntryPoint.obj
 0003:00005460       ?EfiShellParametersProtocolGuid@?L@??_MainEntryPointShell@@9@9 000000018001d460     toroC64:osifUefiShellEntryPoint.obj
 0003:00005470       ROMPARM                    000000018001d470     toroC64:StrCmp.obj
 0003:00005478       ROMPARM                    000000018001d478     toroC64:StrNCmp.obj
 0003:00005484       ?action@?4??_cdeCoreMemRealloc@@9@9 000000018001d484     toroC64:_cdeCoreMemRealloc.obj
 0003:00005490       tblMode                    000000018001d490     toroC64:osifUefiShellFileOpen.obj
 0003:00005690       ?wcsSHELL@?1??myConIOPutStr@@9@9 000000018001d690     toroC64:osifUefiShellCmdExec.obj
 0003:000056c8       ?wcsMAP@?1??myConIOPutStr@@9@9 000000018001d6c8     toroC64:osifUefiShellCmdExec.obj
 0003:000056e8       ?wcsALIAS@?1??myConIOPutStr@@9@9 000000018001d6e8     toroC64:osifUefiShellCmdExec.obj
 0003:00005700       ?wcsBLK@?1??myConIOPutStr@@9@9 000000018001d700     toroC64:osifUefiShellCmdExec.obj
 0003:00005718       ?wcsBLK2@?1??myConIOPutStr@@9@9 000000018001d718     toroC64:osifUefiShellCmdExec.obj
 0003:00005728       ?wcsFS@?1??myConIOPutStr@@9@9 000000018001d728     toroC64:osifUefiShellCmdExec.obj
 0003:00005740       ?wcsFS2@?1??myConIOPutStr@@9@9 000000018001d740     toroC64:osifUefiShellCmdExec.obj
 0003:00005850       rgszSysErrors              000000018001d850     toroC64:StrError.obj
 0003:000059a8       ROMPARM                    000000018001d9a8     toroC64:_StrICmp.obj
 0003:000059b0       ROMPARM                    000000018001d9b0     toroC64:StrTok.obj
 0003:000059d0       ?RomParm@?1??_cdeCoreSprintf@@9@9 000000018001d9d0     toroC64:_cdeCoreSprintf.obj
 0003:00005a18       ROMPARM                    000000018001da18     toroC64:WcsNCmpCDEABI.obj
 0003:00005a30       ROMPARM                    000000018001da30     toroC64:WcsTokCDEABI.obj
 0003:00005a40       ROMPARM                    000000018001da40     toroC64:_WcsICmpCDEABI.obj
 0003:00005a50       ROMPARM                    000000018001da50     toroC64:StrCmpCDEABI.obj
 0003:00005a60       ROMPARM                    000000018001da60     toroC64:_StrICmpCDEABI.obj
 0003:00005af8       ROMPARM                    000000018001daf8     toroC64:StrNCmpCDEABI.obj
 0003:00005b58       RomParm                    000000018001db58     toroC64:VsnprintfCDEABI.obj
 0003:00005b68       ?sigorder@?1??_cdeSig2idx@@9@9 000000018001db68     toroC64:_cdeSig2idx.obj
 0003:00005b78       ROMPARM                    000000018001db78     toroC64:_StrNICmp.obj
 0003:00005b98       ROMPARM                    000000018001db98     toroC64:StrTokCDEABI.obj
 0003:00005bb0       RomParm                    000000018001dbb0     toroC64:_cdeSscanf.obj
 0003:00005ca0       _iob                       000000018001dca0     toroC64:osifUefiShellEntryPoint.obj
 0003:00007ca0       ?DblData@?CA@??_cdeCoreVwxPrintf@@9@9 000000018001fca0     toroC64:_cdeCoreVwxPrintf.obj
 0003:00008230       ?wcBuffer@?1??_osifUefiShellFileWrite@@9@9 0000000180020230     toroC64:osifUefiShellFileWrite.obj
 0003:00008640       ?zBuf64k@?O@??_osifUefiShellFileWrite@@9@9 0000000180020640     toroC64:osifUefiShellFileWrite.obj
 0003:00018640       ?wcbuffer@?3??_osifUefiShellFileRead@@9@9 0000000180030640     toroC64:osifUefiShellFileRead.obj
 0003:00018a40       ?wcsFilePath@?5??_osifUefiShellFileOpen@@9@9 0000000180030a40     toroC64:osifUefiShellFileOpen.obj
 0003:00018c50       ?wcsFileName@?5??_osifUefiShellFileOpen@@9@9 0000000180030c50     toroC64:osifUefiShellFileOpen.obj
 0003:00018e58       ?wcsDrive@?5??_osifUefiShellFileOpen@@9@9 0000000180030e58     toroC64:osifUefiShellFileOpen.obj
 0003:00018e78       ?wcsDrive2@?5??_osifUefiShellFileOpen@@9@9 0000000180030e78     toroC64:osifUefiShellFileOpen.obj
 0003:00018ea0       state                      0000000180030ea0     toroC64:osifUefiShellCmdExec.obj
 0003:00018eb0       ?wcsCommand@?1??_osifUefiShellCmdExec@@9@9 0000000180030eb0     toroC64:osifUefiShellCmdExec.obj
 0003:000190c0       ?buffer@?1??_osifUefiShellGetEnv@@9@9 00000001800310c0     toroC64:osifUefiShellGetEnv.obj
