 ACPICA-template

 Timestamp is 652ac788 (Sat Oct 14 18:53:28 2023)

 Preferred load address is 0000000180000000

 Start         Length     Name                   Class
 0001:00000000 0000879eH .text$mn                CODE
 0002:00000000 00000008H .CRT$XCA                DATA
 0002:00000008 00000008H .CRT$XCZ                DATA
 0002:00000010 00000008H .CRT$XIA                DATA
 0002:00000018 00000008H .CRT$XIZ                DATA
 0002:00000020 00000008H .CRT$XPA                DATA
 0002:00000028 00000008H .CRT$XPZ                DATA
 0002:00000030 00000008H .CRT$XTA                DATA
 0002:00000038 00000008H .CRT$XTZ                DATA
 0002:00000040 00000604H .rdata                  DATA
 0002:00000644 00000040H .rdata$voltmd           DATA
 0002:00000684 00000138H .rdata$zzzdbg           DATA
 0002:000007bc 000006f4H .xdata                  DATA
 0002:00000eb0 00000000H .edata                  DATA
 0003:00000000 00001ce0H .data                   DATA
 0003:00001ce0 00013668H .bss                    DATA
 0004:00000000 00000588H .pdata                  DATA

  Address         Publics by Value              Rva+Base               Lib:Object

 0000:00000000       __AbsoluteZero             0000000000000000     <absolute>
 0000:00000000       ___safe_se_handler_count   0000000000000000     <absolute>
 0000:00000000       ___safe_se_handler_table   0000000000000000     <absolute>
 0000:00000000       __arm64x_extra_rfe_table   0000000000000000     <absolute>
 0000:00000000       __arm64x_extra_rfe_table_size 0000000000000000     <absolute>
 0000:00000000       __arm64x_native_entrypoint 0000000000000000     <absolute>
 0000:00000000       __arm64x_redirection_metadata 0000000000000000     <absolute>
 0000:00000000       __arm64x_redirection_metadata_count 0000000000000000     <absolute>
 0000:00000000       __dynamic_value_reloc_table 0000000000000000     <absolute>
 0000:00000000       __enclave_config           0000000000000000     <absolute>
 0000:00000000       __guard_check_icall_a64n_fptr 0000000000000000     <absolute>
 0000:00000000       __guard_eh_cont_count      0000000000000000     <absolute>
 0000:00000000       __guard_eh_cont_table      0000000000000000     <absolute>
 0000:00000000       __guard_fids_count         0000000000000000     <absolute>
 0000:00000000       __guard_fids_table         0000000000000000     <absolute>
 0000:00000000       __guard_flags              0000000000000000     <absolute>
 0000:00000000       __guard_iat_count          0000000000000000     <absolute>
 0000:00000000       __guard_iat_table          0000000000000000     <absolute>
 0000:00000000       __guard_longjmp_count      0000000000000000     <absolute>
 0000:00000000       __guard_longjmp_table      0000000000000000     <absolute>
 0000:00000000       __hybrid_auxiliary_delayload_iat 0000000000000000     <absolute>
 0000:00000000       __hybrid_auxiliary_delayload_iat_copy 0000000000000000     <absolute>
 0000:00000000       __hybrid_auxiliary_iat     0000000000000000     <absolute>
 0000:00000000       __hybrid_auxiliary_iat_copy 0000000000000000     <absolute>
 0000:00000000       __hybrid_code_map          0000000000000000     <absolute>
 0000:00000000       __hybrid_code_map_count    0000000000000000     <absolute>
 0000:00000000       __hybrid_image_info_bitfield 0000000000000000     <absolute>
 0000:00000000       __x64_code_ranges_to_entry_points 0000000000000000     <absolute>
 0000:00000000       __x64_code_ranges_to_entry_points_count 0000000000000000     <absolute>
 0000:00000000       __ImageBase                0000000180000000     <linker-defined>
 0001:00000000       main                       0000000180001000 f   main.obj
 0001:00000018       __cdeGetAppIf              0000000180001018 f   toroC64:osifUefiShellEntryPoint.obj
 0001:0000009c       _MainEntryPointShell       000000018000109c f   toroC64:osifUefiShellEntryPoint.obj
 0001:00000694       _cdeCRT0UefiShell          0000000180001694 f   toroC64:osifUefiShellEntryPoint.obj
 0001:000006f8       puts                       00000001800016f8 f   toroC64:Puts.obj
 0001:00000790       _CdeDbgPutChar             0000000180001790 f   toroC64:_CdeDbgPutChar.obj
 0001:00000924       _cdeCoreVwxPrintf          0000000180001924 f   toroC64:_cdeCoreVwxPrintf.obj
 0001:00001c00       ComputeFieldSize           0000000180002c00 f   toroC64:_cdeCoreVwxPrintf.obj
 0001:00001c3c       ydes                       0000000180002c3c f   toroC64:_cdeCoreVwxPrintf.obj
 0001:00002610       _cdeCoreVwxScanf           0000000180003610 f   toroC64:_cdeCoreVwxScanf.obj
 0001:00003d80       _cdeCoreWcsStrTok          0000000180004d80 f   toroC64:_cdeCoreWcsStrTok.obj
 0001:00003e7c       _cdeWcsStrPbrkSpn          0000000180004e7c f   toroC64:_cdeWcsStrPbrkSpn.obj
 0001:00003fbc       _cdeCoreMemRealloc         0000000180004fbc f   toroC64:_cdeCoreMemRealloc.obj
 0001:0000438c       _cdeMemStrxCpy             000000018000538c f   toroC64:_cdeMemStrxCpy.obj
 0001:00004480       _cdeMemStrxCmp             0000000180005480 f   toroC64:_cdeMemStrxCmp.obj
 0001:000045c0       _osifIbmAtGetTime          00000001800055c0 f   toroC64:osifIbmAtGetTime.obj
 0001:00004778       _osifIbmAtGetTscPerSec     0000000180005778 f   toroC64:osifIbmAtGetTscPerSec.obj
 0001:00004818       _osifIbmAtGetTsc           0000000180005818 f   toroC64:osifIbmAtGetTsc.obj
 0001:00004824       _osifUefiShellMemAlloc     0000000180005824 f   toroC64:osifUefiShellMemAlloc.obj
 0001:00004868       _osifUefiShellMemFree      0000000180005868 f   toroC64:osifUefiShellMemFree.obj
 0001:00004880       _osifUefiShellFileWrite    0000000180005880 f   toroC64:osifUefiShellFileWrite.obj
 0001:00004a08       _osifUefiShellFileRead     0000000180005a08 f   toroC64:osifUefiShellFileRead.obj
 0001:00004c34       _osifUefiShellFileSetPos   0000000180005c34 f   toroC64:osifUefiShellFileSetPos.obj
 0001:00004d40       _osifUefiShellFileOpen     0000000180005d40 f   toroC64:osifUefiShellFileOpen.obj
 0001:00005420       _osifUefiShellFileClose    0000000180006420 f   toroC64:osifUefiShellFileClose.obj
 0001:00005474       _osifUefiShellFileDelete   0000000180006474 f   toroC64:osifUefiShellFileDelete.obj
 0001:0000549c       _osifUefiShellFileRename   000000018000649c f   toroC64:osifUefiShellFileRename.obj
 0001:000055fc       _osifUefiShellFileFindAll  00000001800065fc f   toroC64:osifUefiShellFileFindAll.obj
 0001:00005a2c       _osifUefiShellFileGetStatus 0000000180006a2c f   toroC64:osifUefiShellFileGetStatus.obj
 0001:00005b7c       _osifUefiShellDirectoryCreate 0000000180006b7c f   toroC64:osifUefiShellDirectoryCreate.obj
 0001:00005e14       _osifUefiShellCmdExec      0000000180006e14 f   toroC64:osifUefiShellCmdExec.obj
 0001:00005f08       _osifUefiShellGetEnv       0000000180006f08 f   toroC64:osifUefiShellGetEnv.obj
 0001:00005fb8       _osifUefiShellGetDrvCwd    0000000180006fb8 f   toroC64:osifUefiShellGetDrvCwd.obj
 0001:00006004       _cdeCoreFread              0000000180007004 f   toroC64:_cdeCoreFread.obj
 0001:000062d8       _cdeCoreFwrite             00000001800072d8 f   toroC64:_cdeCoreFwrite.obj
 0001:00006568       _cdeCoreFsetpos            0000000180007568 f   toroC64:_cdeCoreFsetpos.obj
 0001:000066e0       _cdeCoreFflush             00000001800076e0 f   toroC64:_cdeCoreFflush.obj
 0001:00006768       _cdeSigDflt                0000000180007768 f   toroC64:_cdeSigDfl.obj
 0001:00006770       __cdeGetIOBuffer           0000000180007770 f   toroC64:__cdsGetIOBuffer.obj
 0001:00006780       _setjmp                    0000000180007780 f   toroC64:setjmp64CDEINTRINABI.obj
 0001:00006825       __imp_setjmp               0000000180007825     toroC64:setjmp64CDEINTRINABI.obj
 0001:0000682d       __cdeSETJMPCDEINTRINABIAnchor 000000018000782d     toroC64:setjmp64CDEINTRINABI.obj
 0001:00006830       _CdeLocateProtocol         0000000180007830 f   toroC64:_CdeLocateProtocol.obj
 0001:00006860       _cdeStr2Argcv              0000000180007860 f   toroC64:_cdeStr2Argcv.obj
 0001:00006a90       __cdeGetCurrentPrivilegeLevel 0000000180007a90 f   toroC64:CdeGetCurrentPrivilegeLevel64.obj
 0001:00006aa0       memset                     0000000180007aa0 f   toroC64:MemSetCDEINTRINABI.obj
 0001:00006ce0       fwrite                     0000000180007ce0 f   toroC64:Fwrite.obj
 0001:00006d38       strlen                     0000000180007d38 f   toroC64:StrLen.obj
 0001:00006d4c       _CdeDbgCOMInit             0000000180007d4c f   toroC64:_CdeDbgCOMInit.obj
 0001:00006e68       _CdeDbgCOMReady2Send       0000000180007e68 f   toroC64:_CdeDbgCOMReady2Send.obj
 0001:00006e98       _CdeDbgCOMSend             0000000180007e98 f   toroC64:_CdeDbgCOMSend.obj
 0001:00006ee8       _cdeCoreSprintf            0000000180007ee8 f   toroC64:_cdeCoreSprintf.obj
 0001:00006f90       _cdeUMUL128                0000000180007f90 f   toroC64:_cdeUMUL128.obj
 0001:00007094       _cdeGmltime                0000000180008094 f   toroC64:_cdeGmltime.obj
 0001:000071b0       __cdeOnErrSet_status       00000001800081b0 f   toroC64:__cdeOnErrSet_status.obj
 0001:000071d0       __cdeOffsetCdeFposType     00000001800081d0 f   toroC64:__cdeGetOffsetCdeFposType.obj
 0001:00007210       __cdeBiasCdeFposType       0000000180008210 f   toroC64:__cdeGetBiasCdeFposType.obj
 0001:00007474       _CdeLocateHandleBuffer     0000000180008474 f   toroC64:_CdeLocateHandleBuffer.obj
 0001:00007500       _cdeConvertDevicePathToText 0000000180008500 f   toroC64:_cdeConvertDevicePathToText.obj
 0001:0000751c       _CdeGetMapFromDevicePath   000000018000851c f   toroC64:_CdeGetMapFromDevicePath.obj
 0001:0000753c       _CdeGetCurDir              000000018000853c f   toroC64:_CdeGetCurDir.obj
 0001:00007b58       _cdeEfiTime2TimeT          0000000180008b58 f   toroC64:_cdeEfiTime2TimeT.obj
 0001:00007bf4       __cdeIsFilePointerCORE     0000000180008bf4 f   toroC64:__cdeIsFilePointerCORE.obj
 0001:00007c74       __cdereallocCORE           0000000180008c74 f   toroC64:__cdereallocCORE.obj
 0001:00007c84       __cderewindCORE            0000000180008c84 f   toroC64:__cderewindCORE.obj
 0001:00007ca0       __cdeGetIOBufferCORE       0000000180008ca0 f   toroC64:__cdsGetIOBufferCORE.obj
 0001:00007ca8       _cdeAbort                  0000000180008ca8 f   toroC64:_cdeAbort.obj
 0001:00007d00       __acrt_iob_func            0000000180008d00 f   toroC64:__acrt_iob_func.obj
 0001:00007d3c       __cdeIsFilePointer         0000000180008d3c f   toroC64:__cdeIsFilePointer.obj
 0001:00007f94       _cdeSig2idx                0000000180008f94 f   toroC64:_cdeSig2idx.obj
 0001:00007fbc       _cdeSigIgn                 0000000180008fbc f   toroC64:_cdeSigIgn.obj
 0001:00007fc0       _CdeMemPutChar             0000000180008fc0 f   toroC64:_CdeMemPutChar.obj
 0001:00007fcc       _cdeGreg2Day               0000000180008fcc f   toroC64:_cdeGreg2Day.obj
 0001:00008048       _cdeDay2Greg               0000000180009048 f   toroC64:_cdeDay2Greg.obj
 0001:0000814c       _efierrno                  000000018000914c f   toroC64:_efierrno.obj
 0001:00008170       __cdeIsCdeFposType         0000000180009170 f   toroC64:__cdeIsCdeFposType.obj
 0001:000081e8       _cdePoolWcs2AppWcs         00000001800091e8 f   toroC64:_CdePoolWcs2AppWcs.obj
 0001:000082a0       _fseeki64                  00000001800092a0 f   toroC64:_Fseeki64.obj
 0001:00008398       _cdeSscanf                 0000000180009398 f   toroC64:_cdeSscanf.obj
 0001:00008408       __cdeOnErrSet_errnoCORE    0000000180009408 f   toroC64:__cdeOnErrSet_errnoCORE.obj
 0001:00008428       __acrt_iob_funcCORE        0000000180009428 f   toroC64:__acrt_iob_funcCORE.obj
 0001:00008470       __cdeOnErrSet_errno        0000000180009470 f   toroC64:__cdeOnErrSet_errno.obj
 0001:00008528       _CdeMemPutNada             0000000180009528 f   toroC64:_CdeMemPutNada.obj
 0001:0000852c       fsetposCDEABI              000000018000952c f   toroC64:FsetposCDEABI.obj
 0001:00008560       _cdeMemGetChar             0000000180009560 f   toroC64:_cdeMemGetChar.obj
 0001:00008570       _cdeMemUngetChar           0000000180009570 f   toroC64:_cdeMemUngetChar.obj
 0001:00008578       _errnoCORE                 0000000180009578 f   toroC64:errnoCORE.obj
 0001:00008590       longjmp                    0000000180009590 f   toroC64:longjmp64CDEINTRINABI.obj
 0001:00008639       __imp_longjmp              0000000180009639     toroC64:longjmp64CDEINTRINABI.obj
 0001:00008641       __cdeLONGJMPCDEINTRINABIAnchor 0000000180009641     toroC64:longjmp64CDEINTRINABI.obj
 0002:00000000       __xc_a                     000000018000a000     toroC64:osifUefiShellEntryPoint.obj
 0002:00000008       __xc_z                     000000018000a008     toroC64:osifUefiShellEntryPoint.obj
 0002:00000010       __xi_a                     000000018000a010     toroC64:osifUefiShellEntryPoint.obj
 0002:00000018       __xi_z                     000000018000a018     toroC64:osifUefiShellEntryPoint.obj
 0002:00000020       __xp_a                     000000018000a020     toroC64:osifUefiShellEntryPoint.obj
 0002:00000028       __xp_z                     000000018000a028     toroC64:osifUefiShellEntryPoint.obj
 0002:00000030       __xt_a                     000000018000a030     toroC64:osifUefiShellEntryPoint.obj
 0002:00000038       __xt_z                     000000018000a038     toroC64:osifUefiShellEntryPoint.obj
 0002:00000040       ??_C@_0BL@IAEKKLOD@Welcome?5to?5ACPICA?5for?5UEFI@ 000000018000a040     main.obj
 0002:0000005c       ??_C@_01GFHCPBMG@C@        000000018000a05c     toroC64:osifUefiShellEntryPoint.obj
 0002:00000060       ??_C@_1GG@CBENNICG@?$AAF?$AAA?$AAT?$AAA?$AAL?$AA?5?$AAE?$AAR?$AAR?$AAO?$AAR?$AA?3?$AA?5?$AAR?$AAe@ 000000018000a060     toroC64:osifUefiShellEntryPoint.obj
 0002:000000d0       ??_C@_1BKG@PIHDEHDC@?$AAF?$AAA?$AAT?$AAA?$AAL?$AA?5?$AAE?$AAR?$AAR?$AAO?$AAR?$AA?3?$AA?5?$AAS?$AAh@ 000000018000a0d0     toroC64:osifUefiShellEntryPoint.obj
 0002:00000278       ??_C@_02KPKOKMHB@?$CFS@    000000018000a278     toroC64:osifUefiShellEntryPoint.obj
 0002:0000027c       ??_C@_15JNBOKNOG@?$AA?$AN?$AA?6@ 000000018000a27c     toroC64:osifUefiShellEntryPoint.obj
 0002:00000282       ??_C@_00CNPNBAHC@@         000000018000a282     toroC64:_cdeCoreVwxPrintf.obj
 0002:00000284       ??_C@_01JOAMLHOP@?9@       000000018000a284     toroC64:_cdeCoreVwxPrintf.obj
 0002:00000288       ??_C@_01MIFGBAGJ@?$CL@     000000018000a288     toroC64:_cdeCoreVwxPrintf.obj
 0002:0000028c       ??_C@_02MDDDDAID@0x@       000000018000a28c     toroC64:_cdeCoreVwxPrintf.obj
 0002:00000290       ??_C@_02FGLHBECB@0X@       000000018000a290     toroC64:_cdeCoreVwxPrintf.obj
 0002:00000294       ??_C@_01GBGANLPD@0@        000000018000a294     toroC64:_cdeCoreVwxPrintf.obj
 0002:00000298       ??_C@_01LFCBOECM@?4@       000000018000a298     toroC64:_cdeCoreVwxPrintf.obj
 0002:000002a0       ??_C@_0DB@NHMBHPIK@?$CF08X?9?$CF04X?9?$CF04X?9?$CF02X?$CF02X?9?$CF02X?$CF02@ 000000018000a2a0     toroC64:_cdeCoreVwxPrintf.obj
 0002:000002d8       ??_C@_0DB@PMLHLBMO@?$CF08x?9?$CF04x?9?$CF04x?9?$CF02x?$CF02x?9?$CF02x?$CF02@ 000000018000a2d8     toroC64:_cdeCoreVwxPrintf.obj
 0002:00000310       ??_C@_0BK@FCPKCIDD@?$CF02d?1?$CF02d?1?$CF04d?5?5?$CF02d?3?$CF02d@ 000000018000a310     toroC64:_cdeCoreVwxPrintf.obj
 0002:0000032c       ??_C@_03GOAGKKNE@?$CFqX@   000000018000a32c     toroC64:_cdeCoreVwxPrintf.obj
 0002:00000330       ??_C@_07PBILKAFL@Success@  000000018000a330     toroC64:_cdeCoreVwxPrintf.obj
 0002:00000338       ??_C@_0L@PLPBEPPC@Load?5Error@ 000000018000a338     toroC64:_cdeCoreVwxPrintf.obj
 0002:00000348       ??_C@_0BC@HOFHKGJN@Invalid?5Parameter@ 000000018000a348     toroC64:_cdeCoreVwxPrintf.obj
 0002:00000360       ??_C@_0M@BEECMOIL@Unsupported@ 000000018000a360     toroC64:_cdeCoreVwxPrintf.obj
 0002:00000370       ??_C@_0BA@FLNMPMCF@Bad?5Buffer?5Size@ 000000018000a370     toroC64:_cdeCoreVwxPrintf.obj
 0002:00000380       ??_C@_0BB@EGELJFOB@Buffer?5Too?5Small@ 000000018000a380     toroC64:_cdeCoreVwxPrintf.obj
 0002:00000398       ??_C@_09NKFGCIPN@Not?5Ready@ 000000018000a398     toroC64:_cdeCoreVwxPrintf.obj
 0002:000003a8       ??_C@_0N@HHEABDHO@Device?5Error@ 000000018000a3a8     toroC64:_cdeCoreVwxPrintf.obj
 0002:000003b8       ??_C@_0BA@LNEDDFNB@Write?5Protected@ 000000018000a3b8     toroC64:_cdeCoreVwxPrintf.obj
 0002:000003c8       ??_C@_0BB@GOILNEAA@Out?5of?5Resources@ 000000018000a3c8     toroC64:_cdeCoreVwxPrintf.obj
 0002:000003e0       ??_C@_0P@EIOJGIF@Volume?5Corrupt@ 000000018000a3e0     toroC64:_cdeCoreVwxPrintf.obj
 0002:000003f0       ??_C@_0M@HDLEPOFA@Volume?5Full@ 000000018000a3f0     toroC64:_cdeCoreVwxPrintf.obj
 0002:00000400       ??_C@_08KEGAJDNN@No?5Media@ 000000018000a400     toroC64:_cdeCoreVwxPrintf.obj
 0002:00000410       ??_C@_0O@JNCJKCCD@Media?5changed@ 000000018000a410     toroC64:_cdeCoreVwxPrintf.obj
 0002:00000420       ??_C@_09CFCBFJND@Not?5Found@ 000000018000a420     toroC64:_cdeCoreVwxPrintf.obj
 0002:00000430       ??_C@_0O@NFHOBIDO@Access?5Denied@ 000000018000a430     toroC64:_cdeCoreVwxPrintf.obj
 0002:00000440       ??_C@_0M@ENKCBFEP@No?5Response@ 000000018000a440     toroC64:_cdeCoreVwxPrintf.obj
 0002:00000450       ??_C@_0L@IFPBNFC@No?5mapping@ 000000018000a450     toroC64:_cdeCoreVwxPrintf.obj
 0002:00000460       ??_C@_08PAFJCNGP@Time?5out@ 000000018000a460     toroC64:_cdeCoreVwxPrintf.obj
 0002:00000470       ??_C@_0M@DCJFAFHJ@Not?5started@ 000000018000a470     toroC64:_cdeCoreVwxPrintf.obj
 0002:00000480       ??_C@_0BA@IGIBFFPH@Already?5started@ 000000018000a480     toroC64:_cdeCoreVwxPrintf.obj
 0002:00000490       ??_C@_07LCKDCBKK@Aborted@  000000018000a490     toroC64:_cdeCoreVwxPrintf.obj
 0002:00000498       ??_C@_0L@LKIFCMNO@ICMP?5Error@ 000000018000a498     toroC64:_cdeCoreVwxPrintf.obj
 0002:000004a8       ??_C@_0L@DJKNJKHM@TFTP?5Error@ 000000018000a4a8     toroC64:_cdeCoreVwxPrintf.obj
 0002:000004b8       ??_C@_0P@NCJHBCLM@Protocol?5Error@ 000000018000a4b8     toroC64:_cdeCoreVwxPrintf.obj
 0002:000004c8       ??_C@_0BG@CFJMNNJK@Warning?5Unknown?5Glyph@ 000000018000a4c8     toroC64:_cdeCoreVwxPrintf.obj
 0002:000004e0       ??_C@_0BH@GKKCJEPJ@Warning?5Delete?5Failure@ 000000018000a4e0     toroC64:_cdeCoreVwxPrintf.obj
 0002:000004f8       ??_C@_0BG@ECIJMOED@Warning?5Write?5Failure@ 000000018000a4f8     toroC64:_cdeCoreVwxPrintf.obj
 0002:00000510       ??_C@_0BJ@ODIPDGHB@Warning?5Buffer?5Too?5Small@ 000000018000a510     toroC64:_cdeCoreVwxPrintf.obj
 0002:00000530       ??_C@_1O@CEDCILHN@?$AA?$CI?$AAn?$AAu?$AAl?$AAl?$AA?$CJ@ 000000018000a530     toroC64:_cdeCoreVwxPrintf.obj
 0002:00000540       ??_C@_06OJHGLDPL@?$CInull?$CJ@ 000000018000a540     toroC64:_cdeCoreVwxPrintf.obj
 0002:00000548       ??_C@_01KDCPPGHE@r@        000000018000a548     toroC64:osifUefiShellFileOpen.obj
 0002:0000054c       ??_C@_02JDPG@rb@           000000018000a54c     toroC64:osifUefiShellFileOpen.obj
 0002:00000550       ??_C@_02CBLLGHLK@r?$CL@    000000018000a550     toroC64:osifUefiShellFileOpen.obj
 0002:00000554       ??_C@_03HMFOOINA@r?$CLb@   000000018000a554     toroC64:osifUefiShellFileOpen.obj
 0002:00000558       ??_C@_03CCKOKKND@rb?$CL@   000000018000a558     toroC64:osifUefiShellFileOpen.obj
 0002:0000055c       ??_C@_01NOFIACDB@w@        000000018000a55c     toroC64:osifUefiShellFileOpen.obj
 0002:00000560       ??_C@_02GMLFBBN@wb@        000000018000a560     toroC64:osifUefiShellFileOpen.obj
 0002:00000564       ??_C@_02CHHAKFFB@w?$CL@    000000018000a564     toroC64:osifUefiShellFileOpen.obj
 0002:00000568       ??_C@_03ELIABIOC@w?$CLb@   000000018000a568     toroC64:osifUefiShellFileOpen.obj
 0002:0000056c       ??_C@_03BFHAFKOB@wb?$CL@   000000018000a56c     toroC64:osifUefiShellFileOpen.obj
 0002:00000570       ??_C@_01MCMALHOG@a@        000000018000a570     toroC64:osifUefiShellFileOpen.obj
 0002:00000574       ??_C@_02BOGAIONP@ab@       000000018000a574     toroC64:osifUefiShellFileOpen.obj
 0002:00000578       ??_C@_02DPNLHKJD@a?$CL@    000000018000a578     toroC64:osifUefiShellFileOpen.obj
 0002:0000057c       ??_C@_03DOPCBAKB@a?$CLb@   000000018000a57c     toroC64:osifUefiShellFileOpen.obj
 0002:00000580       ??_C@_03GAACFCKC@ab?$CL@   000000018000a580     toroC64:osifUefiShellFileOpen.obj
 0002:00000588       ??_C@_08GAJLGCMP@CdeMkDir@ 000000018000a588     toroC64:osifUefiShellFileOpen.obj
 0002:00000598       ??_C@_07FPDFEDEI@ctrwaxb@  000000018000a598     toroC64:osifUefiShellFileOpen.obj
 0002:000005a0       ??_C@_13PJJBFPED@?$AA?$DL@ 000000018000a5a0     toroC64:osifUefiShellFileOpen.obj
 0002:000005a4       ??_C@_13FPGAJAPJ@?$AA?2@   000000018000a5a4     toroC64:osifUefiShellFileOpen.obj
 0002:000005a8       ??_C@_01KICIPPFI@?2@       000000018000a5a8     toroC64:osifUefiShellFileFindAll.obj
 0002:000005ac       ??_C@_01JLIPDDHJ@?3@       000000018000a5ac     toroC64:osifUefiShellFileGetStatus.obj
 0002:000005b0       ??_C@_02OFDPNJAI@FS@       000000018000a5b0     toroC64:osifUefiShellFileGetStatus.obj
 0002:000005b4       ??_C@_15BFKPJPFA@?$AAA?$AA?3@ 000000018000a5b4     toroC64:osifUefiShellCmdExec.obj
 0002:000005bc       ??_C@_13JOFGPIOO@?$AA?4@   000000018000a5bc     toroC64:_cdeCLocale_.obj
 0002:000005c0       ??_C@_11LOCGONAA@@         000000018000a5c0     toroC64:_cdeCLocale_.obj
 0002:000005c8       ??_C@_0CE@NLPNMFHG@invalid?5parameter?3?5?$CFS?$CI?$CFd?$CJ?5?$CFS?$CI?$CJ?5@ 000000018000a5c8     toroC64:_invalid_parameter_handlerCDEABI.obj
 0002:000005f0       ??_C@_0BD@NEDHKJBG@invalid?5parameter?6@ 000000018000a5f0     toroC64:_invalid_parameter_handlerCDEABI.obj
 0002:00000608       ??_C@_0BO@ICHKIABJ@abnormal?5program?5termination?6@ 000000018000a608     toroC64:abortCDEABI.obj
 0002:00000644       __volatile_metadata        000000018000a644     <linker-defined>
 0003:000010b0       CdeAppIfShell              000000018000c0b0     toroC64:osifUefiShellEntryPoint.obj
 0003:000019c0       _cdeLconv_C                000000018000c9c0     toroC64:_cdeCLocale_.obj
 0003:00001a58       _cdeCLocale                000000018000ca58     toroC64:_cdeCLocale_.obj
 0003:00001a70       __imp_free                 000000018000ca70     toroC64:FreeCDEABI.obj
 0003:00001a78       __imp_memset               000000018000ca78     toroC64:MemSetCDEINTRINABI.obj
 0003:00001a80       __imp_fclose               000000018000ca80     toroC64:FcloseCDEABI.obj
 0003:00001a88       __imp_fgetc                000000018000ca88     toroC64:FgetcCDEABI.obj
 0003:00001a90       __imp_fwrite               000000018000ca90     toroC64:FwriteCDEABI.obj
 0003:00001a98       __imp_sprintf              000000018000ca98     toroC64:SprintfCDEABI.obj
 0003:00001aa0       __imp_raise                000000018000caa0     toroC64:raiseCDEABI.obj
 0003:00001aa8       _gCdeEfiShellProtocolGuid  000000018000caa8     toroC64:EFI_SHELL_PROTOCOL_GUID.obj
 0003:00001ab8       __imp_strlen               000000018000cab8     toroC64:StrLenCDEABI.obj
 0003:00001ac0       __imp_wcslen               000000018000cac0     toroC64:WcsLenCDEABI.obj
 0003:00001ad0       _fltused                   000000018000cad0     toroC64:_fltused.obj
 0003:00001ad8       __imp_isspace              000000018000cad8     toroC64:isspaceCDEABI.obj
 0003:00001ae0       __imp_isdigit              000000018000cae0     toroC64:isdigitCDEABI.obj
 0003:00001ae8       __imp_isxdigit             000000018000cae8     toroC64:isxdigitCDEABI.obj
 0003:00001af0       __imp__mktime64            000000018000caf0     toroC64:mktimeCDEABI.obj
 0003:00001af8       __imp_mktime               000000018000caf8     toroC64:mktimeCDEABI.obj
 0003:00001b00       __imp_wcschr               000000018000cb00     toroC64:WcsChrCDEABI.obj
 0003:00001b08       __imp_wcscat               000000018000cb08     toroC64:WcsCatCDEABI.obj
 0003:00001b10       __imp_wcscpy               000000018000cb10     toroC64:WcsCpyCDEABI.obj
 0003:00001b20       __imp_wcsncmp              000000018000cb20     toroC64:WcsNCmpCDEABI.obj
 0003:00001b28       __imp_wcsncpy              000000018000cb28     toroC64:WcsNCpyCDEABI.obj
 0003:00001b38       __imp_wcstok               000000018000cb38     toroC64:WcsTokCDEABI.obj
 0003:00001b48       __imp__wcsicmp             000000018000cb48     toroC64:_WcsICmpCDEABI.obj
 0003:00001b58       __imp_strcmp               000000018000cb58     toroC64:StrCmpCDEABI.obj
 0003:00001b68       __imp__stricmp             000000018000cb68     toroC64:_StrICmpCDEABI.obj
 0003:00001b70       _gEfiSimpleFileSystemProtocolGuid 000000018000cb70     toroC64:EFI_SIMPLE_FILE_SYSTEM_PROTOCOL_GUID.obj
 0003:00001b80       _gEfiDevicePathToTextProtocolGuid 000000018000cb80     toroC64:EFI_DEVICE_PATH_TO_TEXT_PROTOCOL_GUID.obj
 0003:00001b90       _gEfiDevicePathProtocolGuid 000000018000cb90     toroC64:EFI_DEVICE_PATH_PROTOCOL_GUID.obj
 0003:00001ba0       __imp_malloc               000000018000cba0     toroC64:MallocCDEABI.obj
 0003:00001ba8       __imp_wcsrchr              000000018000cba8     toroC64:WcsRChrCDEABI.obj
 0003:00001bb0       __imp__errno               000000018000cbb0     toroC64:errnoCDEABI.obj
 0003:00001bb8       __imp_fopen                000000018000cbb8     toroC64:FopenCDEABI.obj
 0003:00001bc0       __imp_fread                000000018000cbc0     toroC64:FreadCDEABI.obj
 0003:00001bc8       __imp_fseek                000000018000cbc8     toroC64:FseekCDEABI.obj
 0003:00001bd0       __imp_strchr               000000018000cbd0     toroC64:StrChrCDEABI.obj
 0003:00001bd8       __imp_realloc              000000018000cbd8     toroC64:ReallocCDEABI.obj
 0003:00001be0       __imp_wcstombs             000000018000cbe0     toroC64:wcstombsCDEABI.obj
 0003:00001be8       __imp_mbstowcs             000000018000cbe8     toroC64:mbstowcsCDEABI.obj
 0003:00001bf0       __imp_strncpy              000000018000cbf0     toroC64:StrNCpyCDEABI.obj
 0003:00001c00       __imp_strncmp              000000018000cc00     toroC64:StrNCmpCDEABI.obj
 0003:00001c08       __imp_strcpy               000000018000cc08     toroC64:StrCpyCDEABI.obj
 0003:00001c10       __imp_strcat               000000018000cc10     toroC64:StrCatCDEABI.obj
 0003:00001c18       __imp_strtol               000000018000cc18     toroC64:strtolCDEABI.obj
 0003:00001c20       __imp_strstr               000000018000cc20     toroC64:StrStrCDEABI.obj
 0003:00001c28       _gEfiFileInfoIdGuid        000000018000cc28     toroC64:EFI_FILE_INFO_ID_GUID.obj
 0003:00001c38       __imp_wcsstr               000000018000cc38     toroC64:WcsStrCDEABI.obj
 0003:00001c40       __imp_fflush               000000018000cc40     toroC64:FflushCDEABI.obj
 0003:00001c48       __imp_remove               000000018000cc48     toroC64:RemoveCDEABI.obj
 0003:00001c50       pinvalid_parameter_handlerCDEABI 000000018000cc50     toroC64:_invalid_parameter_handlerCDEABI.obj
 0003:00001c60       __imp_vsnprintf            000000018000cc60     toroC64:VsnprintfCDEABI.obj
 0003:00001c70       __imp_wcspbrk              000000018000cc70     toroC64:WcsPbrkCDEABI.obj
 0003:00001c78       __imp_memcpy               000000018000cc78     toroC64:MemCpyCDEABI.obj
 0003:00001c88       __imp_strtok               000000018000cc88     toroC64:StrTokCDEABI.obj
 0003:00001c90       __imp_strpbrk              000000018000cc90     toroC64:StrPbrkCDEABI.obj
 0003:00001ca8       __imp_exit                 000000018000cca8     toroC64:exitCDEABI.obj
 0003:00001cb0       __imp_fprintf              000000018000ccb0     toroC64:FprintfCDEABI.obj
 0003:00001cb8       __imp_abort                000000018000ccb8     toroC64:abortCDEABI.obj
 0003:00001cc0       _gCdeCfgCmdLnParmPoolMemRetain 000000018000ccc0     toroC64:_gCdeCfgCmdLnParmPoolMemRetain.obj
 0003:00001cc8       __imp_fsetpos              000000018000ccc8     toroC64:FsetposCDEABI.obj
 0003:00001cd0       __imp_vfprintf             000000018000ccd0     toroC64:VfprintfCDEABI.obj
 0003:00001cd8       __imp_fputc                000000018000ccd8     toroC64:FputcCDEABI.obj
 0003:00015300       _gCdeCfgCmdLnParmReportStatusCodeSTDOUT 0000000180020300     toroC64:_gCdeCfgCmdLnParmReportStatusCodeSTDOUT.obj
 0003:00015308       pConIOPutStr               0000000180020308     <common>
 0003:00015310       pConIOClr                  0000000180020310     <common>
 0003:00015318       pCdeEfiDevicePathToTextProtocol 0000000180020318     <common>
 0003:00015320       gszCdeDriverName           0000000180020320     <common>
 0003:00015328       _cdegRT                    0000000180020328     <common>
 0003:00015330       _cdegBS                    0000000180020330     <common>
 0003:00015338       _cdegST                    0000000180020338     <common>
 0003:00015340       _cdegImageHandle           0000000180020340     <common>

 entry point at        0001:00000694

 Static symbols

 0001:00000034       _StdOutPutChar             0000000180001034 f   toroC64:osifUefiShellEntryPoint.obj
 0001:0000007c       _StdInGetChar              000000018000107c f   toroC64:osifUefiShellEntryPoint.obj
 0001:000006c0       __CdeChkCtrlC              00000001800016c0 f   toroC64:osifUefiShellEntryPoint.obj
 0001:00001bc0       $LN276                     0000000180002bc0     toroC64:_cdeCoreVwxPrintf.obj
 0001:00001c44       ExpFieldOfDouble           0000000180002c44 f   toroC64:_cdeCoreVwxPrintf.obj
 0001:00001c58       FractBinDigits             0000000180002c58 f   toroC64:_cdeCoreVwxPrintf.obj
 0001:00001cc0       FractFieldOfDouble         0000000180002cc0 f   toroC64:_cdeCoreVwxPrintf.obj
 0001:00001cd4       IntgrBinDigits             0000000180002cd4 f   toroC64:_cdeCoreVwxPrintf.obj
 0001:00001d1c       fract2bcd                  0000000180002d1c f   toroC64:_cdeCoreVwxPrintf.obj
 0001:00001df4       intgr2bcd                  0000000180002df4 f   toroC64:_cdeCoreVwxPrintf.obj
 0001:00001ef4       nfill                      0000000180002ef4 f   toroC64:_cdeCoreVwxPrintf.obj
 0001:00001f64       nprintfield                0000000180002f64 f   toroC64:_cdeCoreVwxPrintf.obj
 0001:000023e8       num2str                    00000001800033e8 f   toroC64:_cdeCoreVwxPrintf.obj
 0001:0000254c       str2dev                    000000018000354c f   toroC64:_cdeCoreVwxPrintf.obj
 0001:00003768       GetCharAndCount            0000000180004768 f   toroC64:_cdeCoreVwxScanf.obj
 0001:00003794       IsCharInNumberRange        0000000180004794 f   toroC64:_cdeCoreVwxScanf.obj
 0001:00003808       StoreTerminate             0000000180004808 f   toroC64:_cdeCoreVwxScanf.obj
 0001:00003868       UngetCharAndDecount        0000000180004868 f   toroC64:_cdeCoreVwxScanf.obj
 0001:00003888       inrange                    0000000180004888 f   toroC64:_cdeCoreVwxScanf.obj
 0001:000038b0       str2num                    00000001800048b0 f   toroC64:_cdeCoreVwxScanf.obj
 0001:0000435c       __insertFree               000000018000535c f   toroC64:_cdeCoreMemRealloc.obj
 0001:0000473c       bcd2int                    000000018000573c f   toroC64:osifIbmAtGetTime.obj
 0001:00004754       inside                     0000000180005754 f   toroC64:osifIbmAtGetTime.obj
 0001:00004764       rtcrd8                     0000000180005764 f   toroC64:osifIbmAtGetTime.obj
 0001:00004fec       __CdeFsEnum                0000000180005fec f   toroC64:osifUefiShellFileOpen.obj
 0001:00005184       __CdeIsFsEnum              0000000180006184 f   toroC64:osifUefiShellFileOpen.obj
 0001:00005194       efifopen                   0000000180006194 f   toroC64:osifUefiShellFileOpen.obj
 0001:00005878       __cdeReadDirectory         0000000180006878 f   toroC64:osifUefiShellFileFindAll.obj
 0001:00005c08       myConIOClr                 0000000180006c08 f   toroC64:osifUefiShellCmdExec.obj
 0001:00005c14       myConIOPutStr              0000000180006c14 f   toroC64:osifUefiShellCmdExec.obj
 0001:00006780       $$000000                   0000000180007780     toroC64:setjmp64CDEINTRINABI.obj
 0001:00006a90       $$000000                   0000000180007a90     toroC64:CdeGetCurrentPrivilegeLevel64.obj
 0001:00006a94       freeCDEABI                 0000000180007a94 f   toroC64:FreeCDEABI.obj
 0001:00006ac4       fcloseCDEABI               0000000180007ac4 f   toroC64:FcloseCDEABI.obj
 0001:00006b80       fgetcCDEABI                0000000180007b80 f   toroC64:FgetcCDEABI.obj
 0001:00006bcc       fwriteCDEABI               0000000180007bcc f   toroC64:FwriteCDEABI.obj
 0001:00006c24       sprintfCDEABI              0000000180007c24 f   toroC64:SprintfCDEABI.obj
 0001:00006c50       raiseCDEABI                0000000180007c50 f   toroC64:raiseCDEABI.obj
 0001:00006ec0       strlenCDEABI               0000000180007ec0 f   toroC64:StrLenCDEABI.obj
 0001:00006ed4       wcslenCDEABI               0000000180007ed4 f   toroC64:WcsLenCDEABI.obj
 0001:00006f38       isspaceCDEABI              0000000180007f38 f   toroC64:isspaceCDEABI.obj
 0001:00006f50       isdigitCDEABI              0000000180007f50 f   toroC64:isdigitCDEABI.obj
 0001:00006f64       isxdigitCDEABI             0000000180007f64 f   toroC64:isxdigitCDEABI.obj
 0001:00006ffc       _mktime64CDEABI            0000000180007ffc f   toroC64:mktimeCDEABI.obj
 0001:0000708c       mktimeCDEABI               000000018000808c f   toroC64:mktimeCDEABI.obj
 0001:00007240       wcschrCDEABI               0000000180008240 f   toroC64:WcsChrCDEABI.obj
 0001:00007278       wcscatCDEABI               0000000180008278 f   toroC64:WcsCatCDEABI.obj
 0001:000072ac       wcscpyCDEABI               00000001800082ac f   toroC64:WcsCpyCDEABI.obj
 0001:000072e4       wcsncmpCDEABI              00000001800082e4 f   toroC64:WcsNCmpCDEABI.obj
 0001:0000732c       wcsncpyCDEABI              000000018000832c f   toroC64:WcsNCpyCDEABI.obj
 0001:00007370       wcstokCDEABI               0000000180008370 f   toroC64:WcsTokCDEABI.obj
 0001:000073c0       _wcsicmpCDEABI             00000001800083c0 f   toroC64:_WcsICmpCDEABI.obj
 0001:000073fc       strcmpCDEABI               00000001800083fc f   toroC64:StrCmpCDEABI.obj
 0001:00007438       _stricmpCDEABI             0000000180008438 f   toroC64:_StrICmpCDEABI.obj
 0001:0000755c       mallocCDEABI               000000018000855c f   toroC64:MallocCDEABI.obj
 0001:00007568       wcsrchrCDEABI              0000000180008568 f   toroC64:WcsRChrCDEABI.obj
 0001:000075c0       _errnoCDEABI               00000001800085c0 f   toroC64:errnoCDEABI.obj
 0001:000075e4       fopenCDEABI                00000001800085e4 f   toroC64:FopenCDEABI.obj
 0001:00007820       freadCDEABI                0000000180008820 f   toroC64:FreadCDEABI.obj
 0001:00007878       fseekCDEABI                0000000180008878 f   toroC64:FseekCDEABI.obj
 0001:00007880       strchrCDEABI               0000000180008880 f   toroC64:StrChrCDEABI.obj
 0001:000078b4       reallocCDEABI              00000001800088b4 f   toroC64:ReallocCDEABI.obj
 0001:000078ec       wcstombsCDEABI             00000001800088ec f   toroC64:wcstombsCDEABI.obj
 0001:0000793c       mbstowcsCDEABI             000000018000893c f   toroC64:mbstowcsCDEABI.obj
 0001:00007964       strncpyCDEABI              0000000180008964 f   toroC64:StrNCpyCDEABI.obj
 0001:000079a8       strncmpCDEABI              00000001800089a8 f   toroC64:StrNCmpCDEABI.obj
 0001:000079f0       strcpyCDEABI               00000001800089f0 f   toroC64:StrCpyCDEABI.obj
 0001:00007a28       strcatCDEABI               0000000180008a28 f   toroC64:StrCatCDEABI.obj
 0001:00007a5c       strtolCDEABI               0000000180008a5c f   toroC64:strtolCDEABI.obj
 0001:00007b14       strstrCDEABI               0000000180008b14 f   toroC64:StrStrCDEABI.obj
 0001:00007bac       wcsstrCDEABI               0000000180008bac f   toroC64:WcsStrCDEABI.obj
 0001:00007da8       fflushCDEABI               0000000180008da8 f   toroC64:FflushCDEABI.obj
 0001:00007dcc       removeCDEABI               0000000180008dcc f   toroC64:RemoveCDEABI.obj
 0001:00007e44       invalid_parameter_handler  0000000180008e44 f   toroC64:_invalid_parameter_handlerCDEABI.obj
 0001:00007ec8       vsnprintfCDEABI            0000000180008ec8 f   toroC64:VsnprintfCDEABI.obj
 0001:00008184       wcspbrkCDEABI              0000000180009184 f   toroC64:WcsPbrkCDEABI.obj
 0001:000081c8       memcpyCDEABI               00000001800091c8 f   toroC64:MemCpyCDEABI.obj
 0001:0000825c       strtokCDEABI               000000018000925c f   toroC64:StrTokCDEABI.obj
 0001:00008358       strpbrkCDEABI              0000000180009358 f   toroC64:StrPbrkCDEABI.obj
 0001:00008448       exitCDEABI                 0000000180009448 f   toroC64:exitCDEABI.obj
 0001:00008490       fprintfCDEABI              0000000180009490 f   toroC64:FprintfCDEABI.obj
 0001:000084b4       abortCDEABI                00000001800094b4 f   toroC64:abortCDEABI.obj
 0001:00008590       $$000000                   0000000180009590     toroC64:longjmp64CDEINTRINABI.obj
 0001:00008644       __fputcpp                  0000000180009644 f   toroC64:VfprintfCDEABI.obj
 0001:00008654       vfprintfCDEABI             0000000180009654 f   toroC64:VfprintfCDEABI.obj
 0001:00008768       fputcCDEABI                0000000180009768 f   toroC64:FputcCDEABI.obj
 0002:000007bc       $unwind$main               000000018000a7bc     main.obj
 0002:000007c4       $unwind$__cdeGetAppIf      000000018000a7c4     toroC64:osifUefiShellEntryPoint.obj
 0002:000007cc       $unwind$_StdOutPutChar     000000018000a7cc     toroC64:osifUefiShellEntryPoint.obj
 0002:000007d4       $unwind$_StdInGetChar      000000018000a7d4     toroC64:osifUefiShellEntryPoint.obj
 0002:000007dc       $unwind$_MainEntryPointShell 000000018000a7dc     toroC64:osifUefiShellEntryPoint.obj
 0002:000007f4       $unwind$FractBinDigits     000000018000a7f4     toroC64:_cdeCoreVwxPrintf.obj
 0002:000007f4       $unwind$IntgrBinDigits     000000018000a7f4     toroC64:_cdeCoreVwxPrintf.obj
 0002:000007f4       $unwind$__CdeChkCtrlC      000000018000a7f4     toroC64:osifUefiShellEntryPoint.obj
 0002:000007fc       $unwind$puts               000000018000a7fc     toroC64:Puts.obj
 0002:0000080c       $unwind$_CdeDbgPutChar     000000018000a80c     toroC64:_CdeDbgPutChar.obj
 0002:00000824       $unwind$_cdeCoreVwxPrintf  000000018000a824     toroC64:_cdeCoreVwxPrintf.obj
 0002:00000844       $unwind$intgr2bcd          000000018000a844     toroC64:_cdeCoreVwxPrintf.obj
 0002:00000858       $unwind$fract2bcd          000000018000a858     toroC64:_cdeCoreVwxPrintf.obj
 0002:00000858       $unwind$GetCharAndCount    000000018000a858     toroC64:_cdeCoreVwxScanf.obj
 0002:00000864       $unwind$str2dev            000000018000a864     toroC64:_cdeCoreVwxPrintf.obj
 0002:0000087c       $unwind$num2str            000000018000a87c     toroC64:_cdeCoreVwxPrintf.obj
 0002:00000894       $unwind$nfill              000000018000a894     toroC64:_cdeCoreVwxPrintf.obj
 0002:000008ac       $unwind$nprintfield        000000018000a8ac     toroC64:_cdeCoreVwxPrintf.obj
 0002:000008c4       $unwind$UngetCharAndDecount 000000018000a8c4     toroC64:_cdeCoreVwxScanf.obj
 0002:000008cc       $unwind$str2num            000000018000a8cc     toroC64:_cdeCoreVwxScanf.obj
 0002:000008e4       $unwind$_cdeCoreVwxScanf   000000018000a8e4     toroC64:_cdeCoreVwxScanf.obj
 0002:00000900       $unwind$_cdeCoreWcsStrTok  000000018000a900     toroC64:_cdeCoreWcsStrTok.obj
 0002:0000091c       $unwind$_cdeWcsStrPbrkSpn  000000018000a91c     toroC64:_cdeWcsStrPbrkSpn.obj
 0002:00000938       $unwind$_cdeCoreMemRealloc 000000018000a938     toroC64:_cdeCoreMemRealloc.obj
 0002:00000954       $unwind$_cdeMemStrxCpy     000000018000a954     toroC64:_cdeMemStrxCpy.obj
 0002:0000096c       $unwind$_cdeMemStrxCmp     000000018000a96c     toroC64:_cdeMemStrxCmp.obj
 0002:00000988       $unwind$_osifIbmAtGetTime  000000018000a988     toroC64:osifIbmAtGetTime.obj
 0002:00000994       $unwind$_osifIbmAtGetTscPerSec 000000018000a994     toroC64:osifIbmAtGetTscPerSec.obj
 0002:0000099c       $unwind$_osifUefiShellMemAlloc 000000018000a99c     toroC64:osifUefiShellMemAlloc.obj
 0002:000009a4       $unwind$_osifUefiShellFileWrite 000000018000a9a4     toroC64:osifUefiShellFileWrite.obj
 0002:000009bc       $unwind$_osifUefiShellFileRead 000000018000a9bc     toroC64:osifUefiShellFileRead.obj
 0002:000009d0       $unwind$_osifUefiShellFileSetPos 000000018000a9d0     toroC64:osifUefiShellFileSetPos.obj
 0002:000009e4       $unwind$efifopen           000000018000a9e4     toroC64:osifUefiShellFileOpen.obj
 0002:000009fc       $unwind$__CdeFsEnum        000000018000a9fc     toroC64:osifUefiShellFileOpen.obj
 0002:00000a10       $unwind$_osifUefiShellFileOpen 000000018000aa10     toroC64:osifUefiShellFileOpen.obj
 0002:00000a28       $unwind$_osifUefiShellFileClose 000000018000aa28     toroC64:osifUefiShellFileClose.obj
 0002:00000a34       $unwind$_osifUefiShellFileDelete 000000018000aa34     toroC64:osifUefiShellFileDelete.obj
 0002:00000a3c       $unwind$_osifUefiShellFileRename 000000018000aa3c     toroC64:osifUefiShellFileRename.obj
 0002:00000a58       $unwind$__cdeReadDirectory 000000018000aa58     toroC64:osifUefiShellFileFindAll.obj
 0002:00000a74       $unwind$_osifUefiShellFileFindAll 000000018000aa74     toroC64:osifUefiShellFileFindAll.obj
 0002:00000a8c       $unwind$_osifUefiShellFileGetStatus 000000018000aa8c     toroC64:osifUefiShellFileGetStatus.obj
 0002:00000aa0       $unwind$_osifUefiShellDirectoryCreate 000000018000aaa0     toroC64:osifUefiShellDirectoryCreate.obj
 0002:00000ab4       $unwind$myConIOPutStr      000000018000aab4     toroC64:osifUefiShellCmdExec.obj
 0002:00000ac8       $unwind$_osifUefiShellCmdExec 000000018000aac8     toroC64:osifUefiShellCmdExec.obj
 0002:00000ad4       $unwind$_osifUefiShellGetEnv 000000018000aad4     toroC64:osifUefiShellGetEnv.obj
 0002:00000aec       $unwind$_osifUefiShellGetDrvCwd 000000018000aaec     toroC64:osifUefiShellGetDrvCwd.obj
 0002:00000af8       $unwind$_cdeCoreFread      000000018000aaf8     toroC64:_cdeCoreFread.obj
 0002:00000b10       $unwind$_cdeCoreFwrite     000000018000ab10     toroC64:_cdeCoreFwrite.obj
 0002:00000b2c       $unwind$_cdeCoreFsetpos    000000018000ab2c     toroC64:_cdeCoreFsetpos.obj
 0002:00000b40       $unwind$_cdeCoreFflush     000000018000ab40     toroC64:_cdeCoreFflush.obj
 0002:00000b50       $unwind$_CdeLocateProtocol 000000018000ab50     toroC64:_CdeLocateProtocol.obj
 0002:00000b58       $unwind$_cdeStr2Argcv      000000018000ab58     toroC64:_cdeStr2Argcv.obj
 0002:00000b70       $unwind$memset             000000018000ab70     toroC64:MemSetCDEINTRINABI.obj
 0002:00000b78       $unwind$fcloseCDEABI       000000018000ab78     toroC64:FcloseCDEABI.obj
 0002:00000b8c       $unwind$fgetcCDEABI        000000018000ab8c     toroC64:FgetcCDEABI.obj
 0002:00000b94       $unwind$fwriteCDEABI       000000018000ab94     toroC64:FwriteCDEABI.obj
 0002:00000ba8       $unwind$sprintfCDEABI      000000018000aba8     toroC64:SprintfCDEABI.obj
 0002:00000bb0       $unwind$raiseCDEABI        000000018000abb0     toroC64:raiseCDEABI.obj
 0002:00000bc0       $unwind$fwrite             000000018000abc0     toroC64:Fwrite.obj
 0002:00000bd4       $unwind$_cdeCoreSprintf    000000018000abd4     toroC64:_cdeCoreSprintf.obj
 0002:00000bdc       $unwind$isxdigitCDEABI     000000018000abdc     toroC64:isxdigitCDEABI.obj
 0002:00000be4       $unwind$_cdeUMUL128        000000018000abe4     toroC64:_cdeUMUL128.obj
 0002:00000bec       $unwind$_mktime64CDEABI    000000018000abec     toroC64:mktimeCDEABI.obj
 0002:00000bf4       $unwind$_cdeGmltime        000000018000abf4     toroC64:_cdeGmltime.obj
 0002:00000c00       $unwind$__cdeOnErrSet_status 000000018000ac00     toroC64:__cdeOnErrSet_status.obj
 0002:00000c08       $unwind$__cdeOffsetCdeFposType 000000018000ac08     toroC64:__cdeGetOffsetCdeFposType.obj
 0002:00000c10       $unwind$__cdeBiasCdeFposType 000000018000ac10     toroC64:__cdeGetBiasCdeFposType.obj
 0002:00000c1c       $unwind$wcschrCDEABI       000000018000ac1c     toroC64:WcsChrCDEABI.obj
 0002:00000c24       $unwind$wcscatCDEABI       000000018000ac24     toroC64:WcsCatCDEABI.obj
 0002:00000c30       $unwind$wcscpyCDEABI       000000018000ac30     toroC64:WcsCpyCDEABI.obj
 0002:00000c3c       $unwind$wcsncmpCDEABI      000000018000ac3c     toroC64:WcsNCmpCDEABI.obj
 0002:00000c4c       $unwind$wcsncpyCDEABI      000000018000ac4c     toroC64:WcsNCpyCDEABI.obj
 0002:00000c5c       $unwind$wcstokCDEABI       000000018000ac5c     toroC64:WcsTokCDEABI.obj
 0002:00000c6c       $unwind$_wcsicmpCDEABI     000000018000ac6c     toroC64:_WcsICmpCDEABI.obj
 0002:00000c78       $unwind$strcmpCDEABI       000000018000ac78     toroC64:StrCmpCDEABI.obj
 0002:00000c84       $unwind$_stricmpCDEABI     000000018000ac84     toroC64:_StrICmpCDEABI.obj
 0002:00000c90       $unwind$_CdeLocateHandleBuffer 000000018000ac90     toroC64:_CdeLocateHandleBuffer.obj
 0002:00000ca0       $unwind$_cdeConvertDevicePathToText 000000018000aca0     toroC64:_cdeConvertDevicePathToText.obj
 0002:00000ca8       $unwind$_CdeGetMapFromDevicePath 000000018000aca8     toroC64:_CdeGetMapFromDevicePath.obj
 0002:00000cb0       $unwind$_CdeGetCurDir      000000018000acb0     toroC64:_CdeGetCurDir.obj
 0002:00000cb8       $unwind$wcsrchrCDEABI      000000018000acb8     toroC64:WcsRChrCDEABI.obj
 0002:00000cc4       $unwind$_errnoCDEABI       000000018000acc4     toroC64:errnoCDEABI.obj
 0002:00000ccc       $unwind$fopenCDEABI        000000018000accc     toroC64:FopenCDEABI.obj
 0002:00000cec       $unwind$freadCDEABI        000000018000acec     toroC64:FreadCDEABI.obj
 0002:00000d00       $unwind$strchrCDEABI       000000018000ad00     toroC64:StrChrCDEABI.obj
 0002:00000d08       $unwind$reallocCDEABI      000000018000ad08     toroC64:ReallocCDEABI.obj
 0002:00000d14       $unwind$wcstombsCDEABI     000000018000ad14     toroC64:wcstombsCDEABI.obj
 0002:00000d1c       $unwind$strncpyCDEABI      000000018000ad1c     toroC64:StrNCpyCDEABI.obj
 0002:00000d2c       $unwind$strncmpCDEABI      000000018000ad2c     toroC64:StrNCmpCDEABI.obj
 0002:00000d3c       $unwind$strcpyCDEABI       000000018000ad3c     toroC64:StrCpyCDEABI.obj
 0002:00000d48       $unwind$strcatCDEABI       000000018000ad48     toroC64:StrCatCDEABI.obj
 0002:00000d54       $unwind$strtolCDEABI       000000018000ad54     toroC64:strtolCDEABI.obj
 0002:00000d5c       $unwind$_cdeEfiTime2TimeT  000000018000ad5c     toroC64:_cdeEfiTime2TimeT.obj
 0002:00000d64       $unwind$__cdeIsFilePointerCORE 000000018000ad64     toroC64:__cdeIsFilePointerCORE.obj
 0002:00000d7c       $unwind$__cderewindCORE    000000018000ad7c     toroC64:__cderewindCORE.obj
 0002:00000d84       $unwind$_cdeAbort          000000018000ad84     toroC64:_cdeAbort.obj
 0002:00000d8c       $unwind$__acrt_iob_func    000000018000ad8c     toroC64:__acrt_iob_func.obj
 0002:00000d98       $unwind$__cdeIsFilePointer 000000018000ad98     toroC64:__cdeIsFilePointer.obj
 0002:00000dac       $unwind$fflushCDEABI       000000018000adac     toroC64:FflushCDEABI.obj
 0002:00000db4       $unwind$removeCDEABI       000000018000adb4     toroC64:RemoveCDEABI.obj
 0002:00000dc8       $unwind$invalid_parameter_handler 000000018000adc8     toroC64:_invalid_parameter_handlerCDEABI.obj
 0002:00000ddc       $unwind$vsnprintfCDEABI    000000018000addc     toroC64:VsnprintfCDEABI.obj
 0002:00000df4       $unwind$_cdeDay2Greg       000000018000adf4     toroC64:_cdeDay2Greg.obj
 0002:00000e00       $unwind$_efierrno          000000018000ae00     toroC64:_efierrno.obj
 0002:00000e08       $unwind$wcspbrkCDEABI      000000018000ae08     toroC64:WcsPbrkCDEABI.obj
 0002:00000e14       $unwind$_cdePoolWcs2AppWcs 000000018000ae14     toroC64:_CdePoolWcs2AppWcs.obj
 0002:00000e24       $unwind$strtokCDEABI       000000018000ae24     toroC64:StrTokCDEABI.obj
 0002:00000e30       $unwind$_fseeki64          000000018000ae30     toroC64:_Fseeki64.obj
 0002:00000e44       $unwind$strpbrkCDEABI      000000018000ae44     toroC64:StrPbrkCDEABI.obj
 0002:00000e50       $unwind$_cdeSscanf         000000018000ae50     toroC64:_cdeSscanf.obj
 0002:00000e5c       $unwind$__cdeOnErrSet_errnoCORE 000000018000ae5c     toroC64:__cdeOnErrSet_errnoCORE.obj
 0002:00000e64       $unwind$exitCDEABI         000000018000ae64     toroC64:exitCDEABI.obj
 0002:00000e6c       $unwind$__cdeOnErrSet_errno 000000018000ae6c     toroC64:__cdeOnErrSet_errno.obj
 0002:00000e74       $unwind$fprintfCDEABI      000000018000ae74     toroC64:FprintfCDEABI.obj
 0002:00000e7c       $unwind$abortCDEABI        000000018000ae7c     toroC64:abortCDEABI.obj
 0002:00000e88       $unwind$fsetposCDEABI      000000018000ae88     toroC64:FsetposCDEABI.obj
 0002:00000e94       $unwind$vfprintfCDEABI     000000018000ae94     toroC64:VfprintfCDEABI.obj
 0002:00000ea8       $unwind$fputcCDEABI        000000018000aea8     toroC64:FputcCDEABI.obj
 0003:00000000       gCdeSystemVolumes          000000018000b000     toroC64:osifUefiShellEntryPoint.obj
 0003:00000f10       gCdeServicesShell          000000018000bf10     toroC64:osifUefiShellEntryPoint.obj
 0003:000016c0       _gEfiStatusCodeRuntimeProtocolGuid 000000018000c6c0     toroC64:osifUefiShellEntryPoint.obj
 0003:000016d0       ?EfiLoadedImageProtocolGuid@?1??_MainEntryPointShell@@9@9 000000018000c6d0     toroC64:osifUefiShellEntryPoint.obj
 0003:000016e0       ?EfiShellParametersProtocolGuid@?L@??_MainEntryPointShell@@9@9 000000018000c6e0     toroC64:osifUefiShellEntryPoint.obj
 0003:000016f0       ?action@?4??_cdeCoreMemRealloc@@9@9 000000018000c6f0     toroC64:_cdeCoreMemRealloc.obj
 0003:00001700       tblMode                    000000018000c700     toroC64:osifUefiShellFileOpen.obj
 0003:00001900       ?wcsSHELL@?1??myConIOPutStr@@9@9 000000018000c900     toroC64:osifUefiShellCmdExec.obj
 0003:00001938       ?wcsMAP@?1??myConIOPutStr@@9@9 000000018000c938     toroC64:osifUefiShellCmdExec.obj
 0003:00001958       ?wcsALIAS@?1??myConIOPutStr@@9@9 000000018000c958     toroC64:osifUefiShellCmdExec.obj
 0003:00001970       ?wcsBLK@?1??myConIOPutStr@@9@9 000000018000c970     toroC64:osifUefiShellCmdExec.obj
 0003:00001988       ?wcsBLK2@?1??myConIOPutStr@@9@9 000000018000c988     toroC64:osifUefiShellCmdExec.obj
 0003:00001998       ?wcsFS@?1??myConIOPutStr@@9@9 000000018000c998     toroC64:osifUefiShellCmdExec.obj
 0003:000019b0       ?wcsFS2@?1??myConIOPutStr@@9@9 000000018000c9b0     toroC64:osifUefiShellCmdExec.obj
 0003:00001ac8       ?RomParm@?1??_cdeCoreSprintf@@9@9 000000018000cac8     toroC64:_cdeCoreSprintf.obj
 0003:00001b18       ROMPARM                    000000018000cb18     toroC64:WcsNCmpCDEABI.obj
 0003:00001b30       ROMPARM                    000000018000cb30     toroC64:WcsTokCDEABI.obj
 0003:00001b40       ROMPARM                    000000018000cb40     toroC64:_WcsICmpCDEABI.obj
 0003:00001b50       ROMPARM                    000000018000cb50     toroC64:StrCmpCDEABI.obj
 0003:00001b60       ROMPARM                    000000018000cb60     toroC64:_StrICmpCDEABI.obj
 0003:00001bf8       ROMPARM                    000000018000cbf8     toroC64:StrNCmpCDEABI.obj
 0003:00001c58       RomParm                    000000018000cc58     toroC64:VsnprintfCDEABI.obj
 0003:00001c68       ?sigorder@?1??_cdeSig2idx@@9@9 000000018000cc68     toroC64:_cdeSig2idx.obj
 0003:00001c80       ROMPARM                    000000018000cc80     toroC64:StrTokCDEABI.obj
 0003:00001c98       RomParm                    000000018000cc98     toroC64:_cdeSscanf.obj
 0003:00001ce0       _iob                       000000018000cce0     toroC64:osifUefiShellEntryPoint.obj
 0003:00003ce0       ?DblData@?CA@??_cdeCoreVwxPrintf@@9@9 000000018000ece0     toroC64:_cdeCoreVwxPrintf.obj
 0003:00004270       ?wcBuffer@?1??_osifUefiShellFileWrite@@9@9 000000018000f270     toroC64:osifUefiShellFileWrite.obj
 0003:00004680       ?zBuf64k@?O@??_osifUefiShellFileWrite@@9@9 000000018000f680     toroC64:osifUefiShellFileWrite.obj
 0003:00014680       ?wcbuffer@?3??_osifUefiShellFileRead@@9@9 000000018001f680     toroC64:osifUefiShellFileRead.obj
 0003:00014a80       ?wcsFilePath@?5??_osifUefiShellFileOpen@@9@9 000000018001fa80     toroC64:osifUefiShellFileOpen.obj
 0003:00014c90       ?wcsFileName@?5??_osifUefiShellFileOpen@@9@9 000000018001fc90     toroC64:osifUefiShellFileOpen.obj
 0003:00014e98       ?wcsDrive@?5??_osifUefiShellFileOpen@@9@9 000000018001fe98     toroC64:osifUefiShellFileOpen.obj
 0003:00014eb8       ?wcsDrive2@?5??_osifUefiShellFileOpen@@9@9 000000018001feb8     toroC64:osifUefiShellFileOpen.obj
 0003:00014ee0       state                      000000018001fee0     toroC64:osifUefiShellCmdExec.obj
 0003:00014ef0       ?wcsCommand@?1??_osifUefiShellCmdExec@@9@9 000000018001fef0     toroC64:osifUefiShellCmdExec.obj
 0003:00015100       ?buffer@?1??_osifUefiShellGetEnv@@9@9 0000000180020100     toroC64:osifUefiShellGetEnv.obj
