 AcpiSrc

 Timestamp is 671e8472 (Sun Oct 27 19:20:34 2024)

 Preferred load address is 0000000180000000

 Start         Length     Name                   Class
 0001:00000000 0000e731H .text$mn                CODE
 0002:00000000 00000008H .CRT$XCA                DATA
 0002:00000008 00000008H .CRT$XCZ                DATA
 0002:00000010 00000008H .CRT$XIA                DATA
 0002:00000018 00000008H .CRT$XIZ                DATA
 0002:00000020 00000008H .CRT$XPA                DATA
 0002:00000028 00000008H .CRT$XPZ                DATA
 0002:00000030 00000008H .CRT$XTA                DATA
 0002:00000038 00000008H .CRT$XTZ                DATA
 0002:00000040 00006ce8H .rdata                  DATA
 0002:00006d28 00000040H .rdata$voltmd           DATA
 0002:00006d68 00000138H .rdata$zzzdbg           DATA
 0002:00006ea0 00000f04H .xdata                  DATA
 0002:00007da4 00000000H .edata                  DATA
 0003:00000000 00005d40H .data                   DATA
 0003:00005d40 00013790H .bss                    DATA
 0004:00000000 00000c00H .pdata                  DATA

  Address         Publics by Value              Rva+Base               Lib:Object

 0000:00000000       __AbsoluteZero             0000000000000000     <absolute>
 0000:00000000       ___safe_se_handler_count   0000000000000000     <absolute>
 0000:00000000       ___safe_se_handler_table   0000000000000000     <absolute>
 0000:00000000       __arm64x_extra_rfe_table   0000000000000000     <absolute>
 0000:00000000       __arm64x_extra_rfe_table_size 0000000000000000     <absolute>
 0000:00000000       __arm64x_native_entrypoint 0000000000000000     <absolute>
 0000:00000000       __arm64x_redirection_metadata 0000000000000000     <absolute>
 0000:00000000       __arm64x_redirection_metadata_count 0000000000000000     <absolute>
 0000:00000000       __dynamic_value_reloc_table 0000000000000000     <absolute>
 0000:00000000       __enclave_config           0000000000000000     <absolute>
 0000:00000000       __guard_check_icall_a64n_fptr 0000000000000000     <absolute>
 0000:00000000       __guard_eh_cont_count      0000000000000000     <absolute>
 0000:00000000       __guard_eh_cont_table      0000000000000000     <absolute>
 0000:00000000       __guard_fids_count         0000000000000000     <absolute>
 0000:00000000       __guard_fids_table         0000000000000000     <absolute>
 0000:00000000       __guard_flags              0000000000000000     <absolute>
 0000:00000000       __guard_iat_count          0000000000000000     <absolute>
 0000:00000000       __guard_iat_table          0000000000000000     <absolute>
 0000:00000000       __guard_longjmp_count      0000000000000000     <absolute>
 0000:00000000       __guard_longjmp_table      0000000000000000     <absolute>
 0000:00000000       __hybrid_auxiliary_delayload_iat 0000000000000000     <absolute>
 0000:00000000       __hybrid_auxiliary_delayload_iat_copy 0000000000000000     <absolute>
 0000:00000000       __hybrid_auxiliary_iat     0000000000000000     <absolute>
 0000:00000000       __hybrid_auxiliary_iat_copy 0000000000000000     <absolute>
 0000:00000000       __hybrid_code_map          0000000000000000     <absolute>
 0000:00000000       __hybrid_code_map_count    0000000000000000     <absolute>
 0000:00000000       __hybrid_image_info_bitfield 0000000000000000     <absolute>
 0000:00000000       __x64_code_ranges_to_entry_points 0000000000000000     <absolute>
 0000:00000000       __x64_code_ranges_to_entry_points_count 0000000000000000     <absolute>
 0000:00000000       __ImageBase                0000000180000000     <linker-defined>
 0001:00000000       CmGetFileSize              0000000180001000 f   cmfsize.obj
 0001:00000094       AcpiGetopt                 0000000180001094 f   getopt.obj
 0001:00000390       AcpiGetoptArgument         0000000180001390 f   getopt.obj
 0001:00000430       AcpiFormatException        0000000180001430 f   utexcep.obj
 0001:00000478       AcpiUtValidateException    0000000180001478 f   utexcep.obj
 0001:00000544       AcpiUtDivide               0000000180001544 f   utmath.obj
 0001:0000059c       AcpiUtShortDivide          000000018000159c f   utmath.obj
 0001:000005f8       AcpiUtShortMultiply        00000001800015f8 f   utmath.obj
 0001:00000610       AcpiUtShortShiftLeft       0000000180001610 f   utmath.obj
 0001:0000062c       AcpiUtShortShiftRight      000000018000162c f   utmath.obj
 0001:00000640       AcpiUtStrupr               0000000180001640 f   utnonansi.obj
 0001:00000670       AcpiUtStrlwr               0000000180001670 f   utnonansi.obj
 0001:000006a0       AcpiUtStricmp              00000001800016a0 f   utnonansi.obj
 0001:000006f0       AcpiUtSafeStrcpy           00000001800016f0 f   utnonansi.obj
 0001:0000073c       AcpiUtSafeStrncpy          000000018000173c f   utnonansi.obj
 0001:00000768       AcpiUtSafeStrcat           0000000180001768 f   utnonansi.obj
 0001:000007cc       AcpiUtSafeStrncat          00000001800017cc f   utnonansi.obj
 0001:00000850       AcpiError                  0000000180001850 f   utxferror.obj
 0001:000008a4       AcpiException              00000001800018a4 f   utxferror.obj
 0001:00000914       AcpiWarning                0000000180001914 f   utxferror.obj
 0001:00000968       AcpiInfo                   0000000180001968 f   utxferror.obj
 0001:000009b4       AcpiBiosError              00000001800019b4 f   utxferror.obj
 0001:00000a08       AcpiBiosException          0000000180001a08 f   utxferror.obj
 0001:00000a78       AcpiBiosWarning            0000000180001a78 f   utxferror.obj
 0001:00000ac8       AcpiOsOpenDirectory        0000000180001ac8 f   oswindir.obj
 0001:00000be0       AcpiOsGetNextFilename      0000000180001be0 f   oswindir.obj
 0001:00000c54       AcpiOsCloseDirectory       0000000180001c54 f   oswindir.obj
 0001:00000c84       AcpiOsInitialize           0000000180001c84 f   oswinxf.obj
 0001:00000cd4       AcpiOsTerminate            0000000180001cd4 f   oswinxf.obj
 0001:00000ce0       AcpiOsGetRootPointer       0000000180001ce0 f   oswinxf.obj
 0001:00000cec       AcpiOsPredefinedOverride   0000000180001cec f   oswinxf.obj
 0001:00000d0c       AcpiOsTableOverride        0000000180001d0c f   oswinxf.obj
 0001:00000d2c       AcpiOsPhysicalTableOverride 0000000180001d2c f   oswinxf.obj
 0001:00000d38       AcpiOsCreateLock           0000000180001d38 f   oswinxf.obj
 0001:00000d50       AcpiOsDeleteLock           0000000180001d50 f   oswinxf.obj
 0001:00000d5c       AcpiOsAcquireLock          0000000180001d5c f   oswinxf.obj
 0001:00000d68       AcpiOsReleaseLock          0000000180001d68 f   oswinxf.obj
 0001:00000d74       AcpiOsCreateSemaphore      0000000180001d74 f   oswinxf.obj
 0001:00000d84       AcpiOsDeleteSemaphore      0000000180001d84 f   oswinxf.obj
 0001:00000d90       AcpiOsWaitSemaphore        0000000180001d90 f   oswinxf.obj
 0001:00000d9c       AcpiOsSignalSemaphore      0000000180001d9c f   oswinxf.obj
 0001:00000da8       AcpiOsAllocate             0000000180001da8 f   oswinxf.obj
 0001:00000db4       AcpiOsAllocateZeroed       0000000180001db4 f   oswinxf.obj
 0001:00000dc8       AcpiOsFree                 0000000180001dc8 f   oswinxf.obj
 0001:00000dd4       AcpiOsMapMemory            0000000180001dd4 f   oswinxf.obj
 0001:00000de0       AcpiOsUnmapMemory          0000000180001de0 f   oswinxf.obj
 0001:00000dec       AcpiOsInstallInterruptHandler 0000000180001dec f   oswinxf.obj
 0001:00000df8       AcpiOsRemoveInterruptHandler 0000000180001df8 f   oswinxf.obj
 0001:00000e04       AcpiOsGetThreadId          0000000180001e04 f   oswinxf.obj
 0001:00000e10       AcpiOsExecute              0000000180001e10 f   oswinxf.obj
 0001:00000e28       AcpiOsWaitEventsComplete   0000000180001e28 f   oswinxf.obj
 0001:00000e34       AcpiOsSleep                0000000180001e34 f   oswinxf.obj
 0001:00000e44       AcpiOsStall                0000000180001e44 f   oswinxf.obj
 0001:00000e5c       AcpiOsReadPort             0000000180001e5c f   oswinxf.obj
 0001:00000eb4       AcpiOsWritePort            0000000180001eb4 f   oswinxf.obj
 0001:00000ef8       AcpiOsReadMemory           0000000180001ef8 f   oswinxf.obj
 0001:00000f28       AcpiOsWriteMemory          0000000180001f28 f   oswinxf.obj
 0001:00000f34       AcpiOsReadPciConfiguration 0000000180001f34 f   oswinxf.obj
 0001:00000f44       AcpiOsWritePciConfiguration 0000000180001f44 f   oswinxf.obj
 0001:00000f50       AcpiOsReadable             0000000180001f50 f   oswinxf.obj
 0001:00000f6c       AcpiOsWritable             0000000180001f6c f   oswinxf.obj
 0001:00000f88       AcpiOsGetTimer             0000000180001f88 f   oswinxf.obj
 0001:00000fd0       AcpiOsSignal               0000000180001fd0 f   oswinxf.obj
 0001:00000fdc       AcpiOsEnterSleep           0000000180001fdc f   oswinxf.obj
 0001:00000fe8       AcpiOsPrintf               0000000180001fe8 f   oswinxf.obj
 0001:00001050       AcpiOsVprintf              0000000180002050 f   oswinxf.obj
 0001:000010b4       AcpiOsRedirectOutput       00000001800020b4 f   oswinxf.obj
 0001:000010c4       AcpiOsGetLine              00000001800020c4 f   oswinxf.obj
 0001:00001144       AsLowerCaseString          0000000180002144 f   ascase.obj
 0001:00001268       AsMixedCaseToUnderscores   0000000180002268 f   ascase.obj
 0001:00001558       AsLowerCaseIdentifiers     0000000180002558 f   ascase.obj
 0001:00001630       AsUppercaseTokens          0000000180002630 f   ascase.obj
 0001:00001774       AsReplaceString            0000000180002774 f   asconvrt.obj
 0001:00001890       AsCheckForBraces           0000000180002890 f   asconvrt.obj
 0001:000018a8       AsTrimLines                00000001800028a8 f   asconvrt.obj
 0001:00001930       AsCountTabs                0000000180002930 f   asconvrt.obj
 0001:000019a0       AsBracesOnSameLine         00000001800029a0 f   asconvrt.obj
 0001:00001b8c       AsCountSourceLines         0000000180002b8c f   asconvrt.obj
 0001:00001c60       AsCountNonAnsiComments     0000000180002c60 f   asconvrt.obj
 0001:00001ca8       AsTrimWhitespace           0000000180002ca8 f   asconvrt.obj
 0001:00001d68       AsTabify4                  0000000180002d68 f   asconvrt.obj
 0001:00001e24       AsTabify8                  0000000180002e24 f   asconvrt.obj
 0001:00002034       AsReplaceHeader            0000000180003034 f   asconvrt.obj
 0001:000020a8       AsDoSpdxHeader             00000001800030a8 f   asconvrt.obj
 0001:00002128       AsRemoveExtraLines         0000000180003128 f   asconvrt.obj
 0001:000021b0       AsRemoveSpacesAfterPeriod  00000001800031b0 f   asconvrt.obj
 0001:00002244       AsMatchExactWord           0000000180003244 f   asconvrt.obj
 0001:00002290       AsPrint                    0000000180003290 f   asconvrt.obj
 0001:000022bc       AsInsertPrefix             00000001800032bc f   asconvrt.obj
 0001:00002488       AsInsertCarriageReturns    0000000180003488 f   asconvrt.obj
 0001:000024d0       AsConvertToLineFeeds       00000001800034d0 f   asconvrt.obj
 0001:00002820       AsProcessTree              0000000180003820 f   asfile.obj
 0001:000029a8       AsGetFile                  00000001800039a8 f   asfile.obj
 0001:00002b08       AsPutFile                  0000000180003b08 f   asfile.obj
 0001:00002bd0       AsConvertFile              0000000180003bd0 f   asfile.obj
 0001:00002fdc       AsProcessOneFile           0000000180003fdc f   asfile.obj
 0001:0000323c       AsCheckForDirectory        000000018000423c f   asfile.obj
 0001:00003380       AsDoWildcard               0000000180004380 f   asfile.obj
 0001:000034f8       AsDetectLoneLineFeeds      00000001800044f8 f   asfile.obj
 0001:000035f8       AsExaminePaths             00000001800045f8 f   asmain.obj
 0001:000036d8       AsDisplayStats             00000001800046d8 f   asmain.obj
 0001:000038c4       AsDisplayUsage             00000001800048c4 f   asmain.obj
 0001:00003a04       main                       0000000180004a04 f   asmain.obj
 0001:00003d4c       AsRemoveLine               0000000180004d4c f   asremove.obj
 0001:00003db4       AsReduceTypedefs           0000000180004db4 f   asremove.obj
 0001:00003f08       AsRemoveDebugMacros        0000000180004f08 f   asremove.obj
 0001:0000403c       AsRemoveEmptyBlocks        000000018000503c f   asremove.obj
 0001:00004110       AsCleanupSpecialMacro      0000000180005110 f   asremove.obj
 0001:00004204       AsRemoveConditionalCompile 0000000180005204 f   asremove.obj
 0001:000043d4       AsRemoveStatement          00000001800053d4 f   asremove.obj
 0001:00004494       AsSkipUntilChar            0000000180005494 f   asutils.obj
 0001:000044b0       AsSkipPastChar             00000001800054b0 f   asutils.obj
 0001:000044d0       AsReplaceData              00000001800054d0 f   asutils.obj
 0001:00004558       AsInsertData               0000000180005558 f   asutils.obj
 0001:000045cc       AsRemoveData               00000001800055cc f   asutils.obj
 0001:00004610       QueryPerformanceCounter4UEFI 0000000180005610 f   LibWin324UEFI:QueryPerformanceCounter.obj
 0001:00004640       _w4uQueryPerformanceCounter 0000000180005640 f   LibWin324UEFI:QueryPerformanceCounter.obj
 0001:00004660       QueryPerformanceFrequency4UEFI 0000000180005660 f   LibWin324UEFI:QueryPerformanceFrequency.obj
 0001:00004790       _w4uQueryPerformanceFrequency 0000000180005790 f   LibWin324UEFI:QueryPerformanceFrequency.obj
 0001:000047b0       GetTickCount644UEFI        00000001800057b0 f   LibWin324UEFI:GetTickCount64.obj
 0001:000047c0       Sleep4UEFI                 00000001800057c0 f   LibWin324UEFI:Sleep.obj
 0001:00004800       _w4uSleep                  0000000180005800 f   LibWin324UEFI:Sleep.obj
 0001:00004820       IsBadReadPtr4UEFI          0000000180005820 f   LibWin324UEFI:IsBadReadPtr.obj
 0001:00004830       IsBadWritePtr4UEFI         0000000180005830 f   LibWin324UEFI:IsBadWritePtr.obj
 0001:00004840       __cdeGetAppIf              0000000180005840 f   toroC64:osifUefiShellEntryPoint.obj
 0001:000048c4       _MainEntryPointShell       00000001800058c4 f   toroC64:osifUefiShellEntryPoint.obj
 0001:00004f88       _cdeCRT0UefiShell          0000000180005f88 f   toroC64:osifUefiShellEntryPoint.obj
 0001:00004fec       __acrt_iob_func            0000000180005fec f   toroC64:__acrt_iob_func.obj
 0001:00005028       fseek                      0000000180006028 f   toroC64:Fseek.obj
 0001:00005030       ftell                      0000000180006030 f   toroC64:Ftell.obj
 0001:00005038       fprintf                    0000000180006038 f   toroC64:Fprintf.obj
 0001:0000505c       strchr                     000000018000605c f   toroC64:StrChr.obj
 0001:0000508c       strcmp                     000000018000608c f   toroC64:StrCmp.obj
 0001:000050c8       strcat                     00000001800060c8 f   toroC64:StrCat.obj
 0001:000050f8       strcpy                     00000001800060f8 f   toroC64:StrCpy.obj
 0001:00005130       strlen                     0000000180006130 f   toroC64:StrLen.obj
 0001:00005144       strncat                    0000000180006144 f   toroC64:StrNCat.obj
 0001:000051ac       strncpy                    00000001800061ac f   toroC64:StrNCpy.obj
 0001:000051f0       toupper                    00000001800061f0 f   toroC64:toupper.obj
 0001:00005210       tolower                    0000000180006210 f   toroC64:tolower.obj
 0001:00005230       _findclose                 0000000180006230 f   toroC64:_findclose.obj
 0001:00005244       _findfirst64i32            0000000180006244 f   toroC64:_findfirst.obj
 0001:000054dc       _findnext64i32             00000001800064dc f   toroC64:_findnext.obj
 0001:00005624       calloc                     0000000180006624 f   toroC64:Calloc.obj
 0001:00005664       free                       0000000180006664 f   toroC64:Free.obj
 0001:0000567c       printf                     000000018000667c f   toroC64:Printf.obj
 0001:000056b8       malloc                     00000001800066b8 f   toroC64:Malloc.obj
 0001:000056c4       getchar                    00000001800066c4 f   toroC64:Getchar.obj
 0001:000056dc       vfprintf                   00000001800066dc f   toroC64:Vfprintf.obj
 0001:000057fc       memmove                    00000001800067fc f   toroC64:MemMove.obj
 0001:0000585c       strstr                     000000018000685c f   toroC64:StrStr.obj
 0001:000058a0       isupper                    00000001800068a0 f   toroC64:isupper.obj
 0001:000058ac       islower                    00000001800068ac f   toroC64:islower.obj
 0001:000058c0       isdigit                    00000001800068c0 f   toroC64:isdigit.obj
 0001:000058d4       isxdigit                   00000001800068d4 f   toroC64:isxdigit.obj
 0001:00005900       isalnum                    0000000180006900 f   toroC64:isalnum.obj
 0001:00005928       strncmp                    0000000180006928 f   toroC64:StrNCmp.obj
 0001:00005970       _errno                     0000000180006970 f   toroC64:errno.obj
 0001:00005994       perror                     0000000180006994 f   toroC64:Perror.obj
 0001:00005a04       isspace                    0000000180006a04 f   toroC64:isspace.obj
 0001:00005a1c       isprint                    0000000180006a1c f   toroC64:isprint.obj
 0001:00005a3c       fclose                     0000000180006a3c f   toroC64:Fclose.obj
 0001:00005b08       fopen                      0000000180006b08 f   toroC64:Fopen.obj
 0001:00005d4c       fread                      0000000180006d4c f   toroC64:Fread.obj
 0001:00005da4       fwrite                     0000000180006da4 f   toroC64:Fwrite.obj
 0001:00005dfc       _mkdir                     0000000180006dfc f   toroC64:_mkdir.obj
 0001:00005f0c       exit                       0000000180006f0c f   toroC64:exit.obj
 0001:00005f30       _stat64i32                 0000000180006f30 f   toroC64:_stat64i32.obj
 0001:00005fe4       clock                      0000000180006fe4 f   toroC64:clock.obj
 0001:00006038       _CdeDbgPutChar             0000000180007038 f   toroC64:_CdeDbgPutChar.obj
 0001:00006244       _cdeCoreVwxPrintf          0000000180007244 f   toroC64:_cdeCoreVwxPrintf.obj
 0001:0000765c       ComputeFieldSize           000000018000865c f   toroC64:_cdeCoreVwxPrintf.obj
 0001:00007698       ydes                       0000000180008698 f   toroC64:_cdeCoreVwxPrintf.obj
 0001:00008080       _cdeCoreVwxScanf           0000000180009080 f   toroC64:_cdeCoreVwxScanf.obj
 0001:00009488       _cdeCoreWcsStrTok          000000018000a488 f   toroC64:_cdeCoreWcsStrTok.obj
 0001:00009584       _cdeWcsStrPbrkSpn          000000018000a584 f   toroC64:_cdeWcsStrPbrkSpn.obj
 0001:000096c4       _cdeCoreMemRealloc         000000018000a6c4 f   toroC64:_cdeCoreMemRealloc.obj
 0001:00009a98       _cdeMemStrxCpy             000000018000aa98 f   toroC64:_cdeMemStrxCpy.obj
 0001:00009b8c       _cdeMemStrxCmp             000000018000ab8c f   toroC64:_cdeMemStrxCmp.obj
 0001:00009ccc       _osifIbmAtGetTime          000000018000accc f   toroC64:osifIbmAtGetTime.obj
 0001:00009e84       _osifUefiShellGetTscPerSec 000000018000ae84 f   toroC64:osifUefiShellGetTscPerSec.obj
 0001:00009f2c       _osifIbmAtGetTsc           000000018000af2c f   toroC64:osifIbmAtGetTsc.obj
 0001:00009f38       _osifUefiShellMemAlloc     000000018000af38 f   toroC64:osifUefiShellMemAlloc.obj
 0001:00009f7c       _osifUefiShellMemFree      000000018000af7c f   toroC64:osifUefiShellMemFree.obj
 0001:00009f94       _osifUefiShellFileWrite    000000018000af94 f   toroC64:osifUefiShellFileWrite.obj
 0001:0000a11c       _osifUefiShellFileRead     000000018000b11c f   toroC64:osifUefiShellFileRead.obj
 0001:0000a348       _osifUefiShellFileSetPos   000000018000b348 f   toroC64:osifUefiShellFileSetPos.obj
 0001:0000a454       _osifUefiShellFileOpen     000000018000b454 f   toroC64:osifUefiShellFileOpen.obj
 0001:0000ab14       _osifUefiShellFileClose    000000018000bb14 f   toroC64:osifUefiShellFileClose.obj
 0001:0000ab74       _osifUefiShellFileDelete   000000018000bb74 f   toroC64:osifUefiShellFileDelete.obj
 0001:0000ab9c       _osifUefiShellFileRename   000000018000bb9c f   toroC64:osifUefiShellFileRename.obj
 0001:0000acfc       _osifUefiShellFileFindAll  000000018000bcfc f   toroC64:osifUefiShellFileFindAll.obj
 0001:0000b11c       _osifUefiShellFileGetStatus 000000018000c11c f   toroC64:osifUefiShellFileGetStatus.obj
 0001:0000b294       _osifUefiShellDirectoryCreate 000000018000c294 f   toroC64:osifUefiShellDirectoryCreate.obj
 0001:0000b540       _osifUefiShellCmdExec      000000018000c540 f   toroC64:osifUefiShellCmdExec.obj
 0001:0000b65c       _osifUefiShellGetEnv       000000018000c65c f   toroC64:osifUefiShellGetEnv.obj
 0001:0000b70c       _osifUefiShellGetDrvCwd    000000018000c70c f   toroC64:osifUefiShellGetDrvCwd.obj
 0001:0000b758       _cdeCoreFread              000000018000c758 f   toroC64:_cdeCoreFread.obj
 0001:0000baa4       _cdeCoreFwrite             000000018000caa4 f   toroC64:_cdeCoreFwrite.obj
 0001:0000bd20       _cdeCoreFsetpos            000000018000cd20 f   toroC64:_cdeCoreFsetpos.obj
 0001:0000be98       _cdeCoreFflush             000000018000ce98 f   toroC64:_cdeCoreFflush.obj
 0001:0000bf20       _cdeSigDflt                000000018000cf20 f   toroC64:_cdeSigDfl.obj
 0001:0000bf28       __cdeGetIOBuffer           000000018000cf28 f   toroC64:__cdsGetIOBuffer.obj
 0001:0000bf30       _setjmp                    000000018000cf30 f   toroC64:setjmp64CDEINTRINABI.obj
 0001:0000bfd5       __imp_setjmp               000000018000cfd5     toroC64:setjmp64CDEINTRINABI.obj
 0001:0000bfdd       __cdeSETJMPCDEINTRINABIAnchor 000000018000cfdd     toroC64:setjmp64CDEINTRINABI.obj
 0001:0000bfe0       _CdeLocateProtocol         000000018000cfe0 f   toroC64:_CdeLocateProtocol.obj
 0001:0000c010       _cdeStr2Argcv              000000018000d010 f   toroC64:_cdeStr2Argcv.obj
 0001:0000c240       __cdeGetCurrentPrivilegeLevel 000000018000d240 f   toroC64:CdeGetCurrentPrivilegeLevel64.obj
 0001:0000c250       memset                     000000018000d250 f   toroC64:MemSetCDEINTRINABI.obj
 0001:0000c274       memcmp                     000000018000d274 f   toroC64:MemCmpCDEINTRINABI.obj
 0001:0000c544       _fseeki64                  000000018000d544 f   toroC64:_Fseeki64.obj
 0001:0000c5fc       _ftelli64                  000000018000d5fc f   toroC64:_Ftelli64.obj
 0001:0000c624       strpbrk                    000000018000d624 f   toroC64:StrPbrk.obj
 0001:0000c664       abort                      000000018000d664 f   toroC64:abort.obj
 0001:0000c6cc       strrchr                    000000018000d6cc f   toroC64:StrRChr.obj
 0001:0000c71c       __cdeSplitSearchNameExt2Upcase 000000018000d71c f   toroC64:__cdeSplitSearchNameExt2Upcase.obj
 0001:0000c7e4       strspn                     000000018000d7e4 f   toroC64:StrSpn.obj
 0001:0000c828       __cdeStrMatch              000000018000d828 f   toroC64:__cdeStrMatch.obj
 0001:0000c980       realloc                    000000018000d980 f   toroC64:Realloc.obj
 0001:0000c9b8       fgetc                      000000018000d9b8 f   toroC64:Fgetc.obj
 0001:0000ca08       fputc                      000000018000da08 f   toroC64:Fputc.obj
 0001:0000ca40       isalpha                    000000018000da40 f   toroC64:isalpha.obj
 0001:0000ca68       strerror                   000000018000da68 f   toroC64:StrError.obj
 0001:0000ca84       isgraph                    000000018000da84 f   toroC64:isgraph.obj
 0001:0000caac       fflush                     000000018000daac f   toroC64:Fflush.obj
 0001:0000cad0       remove                     000000018000dad0 f   toroC64:Remove.obj
 0001:0000cb48       __cdeIsFilePointer         000000018000db48 f   toroC64:__cdeIsFilePointer.obj
 0001:0000cbb8       _stricmp                   000000018000dbb8 f   toroC64:_StrICmp.obj
 0001:0000cbf4       mbstowcs                   000000018000dbf4 f   toroC64:mbstowcs.obj
 0001:0000cc1c       strnlen                    000000018000dc1c f   toroC64:StrNLen.obj
 0001:0000cc40       longjmp                    000000018000dc40 f   toroC64:longjmp64CDEINTRINABI.obj
 0001:0000cce9       __imp_longjmp              000000018000dce9     toroC64:longjmp64CDEINTRINABI.obj
 0001:0000ccf1       __cdeLONGJMPCDEINTRINABIAnchor 000000018000dcf1     toroC64:longjmp64CDEINTRINABI.obj
 0001:0000ccf4       _CdeDbgCOMInit             000000018000dcf4 f   toroC64:_CdeDbgCOMInit.obj
 0001:0000ce10       _CdeDbgCOMReady2Send       000000018000de10 f   toroC64:_CdeDbgCOMReady2Send.obj
 0001:0000ce40       _CdeDbgCOMSend             000000018000de40 f   toroC64:_CdeDbgCOMSend.obj
 0001:0000ce90       _cdeCoreSprintf            000000018000de90 f   toroC64:_cdeCoreSprintf.obj
 0001:0000cf38       _cdeUMUL128                000000018000df38 f   toroC64:_cdeUMUL128.obj
 0001:0000d038       _cdeGmltime                000000018000e038 f   toroC64:_cdeGmltime.obj
 0001:0000d150       __cdeOnErrSet_status       000000018000e150 f   toroC64:__cdeOnErrSet_status.obj
 0001:0000d170       __cdeOffsetCdeFposType     000000018000e170 f   toroC64:__cdeGetOffsetCdeFposType.obj
 0001:0000d1b0       __cdeBiasCdeFposType       000000018000e1b0 f   toroC64:__cdeGetBiasCdeFposType.obj
 0001:0000d3d8       _CdeLocateHandleBuffer     000000018000e3d8 f   toroC64:_CdeLocateHandleBuffer.obj
 0001:0000d464       _cdeConvertDevicePathToText 000000018000e464 f   toroC64:_cdeConvertDevicePathToText.obj
 0001:0000d480       _CdeGetMapFromDevicePath   000000018000e480 f   toroC64:_CdeGetMapFromDevicePath.obj
 0001:0000d4a0       _CdeGetCurDir              000000018000e4a0 f   toroC64:_CdeGetCurDir.obj
 0001:0000dbb8       _cdeEfiTime2TimeT          000000018000ebb8 f   toroC64:_cdeEfiTime2TimeT.obj
 0001:0000dc58       __cdeIsFilePointerCORE     000000018000ec58 f   toroC64:__cdeIsFilePointerCORE.obj
 0001:0000dcdc       __cdereallocCORE           000000018000ecdc f   toroC64:__cdereallocCORE.obj
 0001:0000dcec       __cderewindCORE            000000018000ecec f   toroC64:__cderewindCORE.obj
 0001:0000dd08       __cdeGetIOBufferCORE       000000018000ed08 f   toroC64:__cdsGetIOBufferCORE.obj
 0001:0000dd10       _cdeAbort                  000000018000ed10 f   toroC64:_cdeAbort.obj
 0001:0000df54       _cdeSig2idx                000000018000ef54 f   toroC64:_cdeSig2idx.obj
 0001:0000df7c       _cdeSigIgn                 000000018000ef7c f   toroC64:_cdeSigIgn.obj
 0001:0000e0a4       fsetposCDEABI              000000018000f0a4 f   toroC64:FsetposCDEABI.obj
 0001:0000e0d8       fgetpos                    000000018000f0d8 f   toroC64:Fgetpos.obj
 0001:0000e138       raise                      000000018000f138 f   toroC64:raise.obj
 0001:0000e1bc       strcspn                    000000018000f1bc f   toroC64:StrCSpn.obj
 0001:0000e200       _strnicmp                  000000018000f200 f   toroC64:_StrNICmp.obj
 0001:0000e2b8       ispunct                    000000018000f2b8 f   toroC64:ispunct.obj
 0001:0000e2e4       __cdeOnErrSet_errno        000000018000f2e4 f   toroC64:__cdeOnErrSet_errno.obj
 0001:0000e304       _CdeMemPutChar             000000018000f304 f   toroC64:_CdeMemPutChar.obj
 0001:0000e310       _cdeGreg2Day               000000018000f310 f   toroC64:_cdeGreg2Day.obj
 0001:0000e38c       _cdeDay2Greg               000000018000f38c f   toroC64:_cdeDay2Greg.obj
 0001:0000e490       _efierrno                  000000018000f490 f   toroC64:_efierrno.obj
 0001:0000e4b4       __cdeIsCdeFposType         000000018000f4b4 f   toroC64:__cdeIsCdeFposType.obj
 0001:0000e52c       _cdePoolWcs2AppWcs         000000018000f52c f   toroC64:_CdePoolWcs2AppWcs.obj
 0001:0000e608       _cdeSscanf                 000000018000f608 f   toroC64:_cdeSscanf.obj
 0001:0000e68c       __cdeOnErrSet_errnoCORE    000000018000f68c f   toroC64:__cdeOnErrSet_errnoCORE.obj
 0001:0000e6ac       __acrt_iob_funcCORE        000000018000f6ac f   toroC64:__acrt_iob_funcCORE.obj
 0001:0000e6cc       _CdeMemPutNada             000000018000f6cc f   toroC64:_CdeMemPutNada.obj
 0001:0000e708       _cdeMemGetChar             000000018000f708 f   toroC64:_cdeMemGetChar.obj
 0001:0000e718       _cdeMemUngetChar           000000018000f718 f   toroC64:_cdeMemUngetChar.obj
 0001:0000e720       _errnoCORE                 000000018000f720 f   toroC64:errnoCORE.obj
 0002:00000000       __xc_a                     0000000180010000     toroC64:osifUefiShellEntryPoint.obj
 0002:00000008       __xc_z                     0000000180010008     toroC64:osifUefiShellEntryPoint.obj
 0002:00000010       __xi_a                     0000000180010010     toroC64:osifUefiShellEntryPoint.obj
 0002:00000018       __xi_z                     0000000180010018     toroC64:osifUefiShellEntryPoint.obj
 0002:00000020       __xp_a                     0000000180010020     toroC64:osifUefiShellEntryPoint.obj
 0002:00000028       __xp_z                     0000000180010028     toroC64:osifUefiShellEntryPoint.obj
 0002:00000030       __xt_a                     0000000180010030     toroC64:osifUefiShellEntryPoint.obj
 0002:00000038       __xt_z                     0000000180010038     toroC64:osifUefiShellEntryPoint.obj
 0002:00000040       ??_C@_0BL@HNKPMGKN@Could?5not?5get?5file?5offset?6@ 0000000180010040     cmfsize.obj
 0002:00000060       ??_C@_0BL@BJPGHIBP@Could?5not?5set?5file?5offset?6@ 0000000180010060     cmfsize.obj
 0002:00000080       ??_C@_0BN@NGLHEDOF@?6Option?5requires?5an?5argument@ 0000000180010080     getopt.obj
 0002:000000a0       ??_C@_05IALMJCDJ@?$CFs?$CFc?6@ 00000001800100a0     getopt.obj
 0002:000000a8       ??_C@_02BAABKJLB@?9?9@     00000001800100a8     getopt.obj
 0002:000000b0       ??_C@_0BC@PMNGDADG@Illegal?5option?3?5?9@ 00000001800100b0     getopt.obj
 0002:000000c8       ??_C@_0BP@NFLOMOC@Option?5requires?5an?5argument?3?5?9@ 00000001800100c8     getopt.obj
 0002:000000e8       ??_C@_01JKBOJNNK@?$FO@     00000001800100e8     getopt.obj
 0002:000000f0       ??_C@_0DA@IHKJENBL@Option?5requires?5a?5single?9charac@ 00000001800100f0     getopt.obj
 0002:00000468       ??_C@_05OBAPBDGL@AE_OK@    0000000180010468     utexcep.obj
 0002:00000470       ??_C@_08OLPGJMLE@AE_ERROR@ 0000000180010470     utexcep.obj
 0002:00000480       ??_C@_0BC@JINIPNCM@AE_NO_ACPI_TABLES@ 0000000180010480     utexcep.obj
 0002:00000498       ??_C@_0BA@HGCJFKIC@AE_NO_NAMESPACE@ 0000000180010498     utexcep.obj
 0002:000004a8       ??_C@_0N@MDFEEFMI@AE_NO_MEMORY@ 00000001800104a8     utexcep.obj
 0002:000004b8       ??_C@_0N@EHNPHEEE@AE_NOT_FOUND@ 00000001800104b8     utexcep.obj
 0002:000004c8       ??_C@_0N@FHHIIHCN@AE_NOT_EXIST@ 00000001800104c8     utexcep.obj
 0002:000004d8       ??_C@_0BC@KJMMOBPP@AE_ALREADY_EXISTS@ 00000001800104d8     utexcep.obj
 0002:000004f0       ??_C@_07OCFLOMK@AE_TYPE@   00000001800104f0     utexcep.obj
 0002:000004f8       ??_C@_0P@LCAACJFD@AE_NULL_OBJECT@ 00000001800104f8     utexcep.obj
 0002:00000508       ??_C@_0O@KMMNEPLB@AE_NULL_ENTRY@ 0000000180010508     utexcep.obj
 0002:00000518       ??_C@_0BD@FAHLAIFN@AE_BUFFER_OVERFLOW@ 0000000180010518     utexcep.obj
 0002:00000530       ??_C@_0BC@FEOJPKCP@AE_STACK_OVERFLOW@ 0000000180010530     utexcep.obj
 0002:00000548       ??_C@_0BD@MFEPEJKM@AE_STACK_UNDERFLOW@ 0000000180010548     utexcep.obj
 0002:00000560       ??_C@_0BD@IGFFMNIC@AE_NOT_IMPLEMENTED@ 0000000180010560     utexcep.obj
 0002:00000578       ??_C@_0L@LKIHBFJD@AE_SUPPORT@ 0000000180010578     utexcep.obj
 0002:00000588       ??_C@_08IBGEPHBC@AE_LIMIT@ 0000000180010588     utexcep.obj
 0002:00000598       ??_C@_07EKMCNJHG@AE_TIME@  0000000180010598     utexcep.obj
 0002:000005a0       ??_C@_0BE@FGDBKHMM@AE_ACQUIRE_DEADLOCK@ 00000001800105a0     utexcep.obj
 0002:000005b8       ??_C@_0BE@FOBDECPM@AE_RELEASE_DEADLOCK@ 00000001800105b8     utexcep.obj
 0002:000005d0       ??_C@_0BA@PPOMDOJD@AE_NOT_ACQUIRED@ 00000001800105d0     utexcep.obj
 0002:000005e0       ??_C@_0BE@HIPEDKOJ@AE_ALREADY_ACQUIRED@ 00000001800105e0     utexcep.obj
 0002:000005f8       ??_C@_0BI@KNLEMKLH@AE_NO_HARDWARE_RESPONSE@ 00000001800105f8     utexcep.obj
 0002:00000610       ??_C@_0BC@JPCCIPIN@AE_NO_GLOBAL_LOCK@ 0000000180010610     utexcep.obj
 0002:00000628       ??_C@_0BA@PKLCJEBC@AE_ABORT_METHOD@ 0000000180010628     utexcep.obj
 0002:00000638       ??_C@_0BA@GDKIHKKP@AE_SAME_HANDLER@ 0000000180010638     utexcep.obj
 0002:00000648       ??_C@_0O@PFOADCGB@AE_NO_HANDLER@ 0000000180010648     utexcep.obj
 0002:00000658       ??_C@_0BC@JGFDFDLG@AE_OWNER_ID_LIMIT@ 0000000180010658     utexcep.obj
 0002:00000670       ??_C@_0BC@PMNNBAHK@AE_NOT_CONFIGURED@ 0000000180010670     utexcep.obj
 0002:00000688       ??_C@_09FCELEONC@AE_ACCESS@ 0000000180010688     utexcep.obj
 0002:00000698       ??_C@_0M@BIPEGDFC@AE_IO_ERROR@ 0000000180010698     utexcep.obj
 0002:000006a8       ??_C@_0BE@GCBICNJK@AE_NUMERIC_OVERFLOW@ 00000001800106a8     utexcep.obj
 0002:000006c0       ??_C@_0BA@JDMHIEGJ@AE_HEX_OVERFLOW@ 00000001800106c0     utexcep.obj
 0002:000006d0       ??_C@_0BE@HHBGLENC@AE_DECIMAL_OVERFLOW@ 00000001800106d0     utexcep.obj
 0002:000006e8       ??_C@_0BC@DKCJMEPN@AE_OCTAL_OVERFLOW@ 00000001800106e8     utexcep.obj
 0002:00000700       ??_C@_0BA@EAJEGCAK@AE_END_OF_TABLE@ 0000000180010700     utexcep.obj
 0002:00000710       ??_C@_0BB@GGMNEPFA@AE_BAD_PARAMETER@ 0000000180010710     utexcep.obj
 0002:00000728       ??_C@_0BB@FKHHEGKA@AE_BAD_CHARACTER@ 0000000180010728     utexcep.obj
 0002:00000740       ??_C@_0BA@NBPLLLII@AE_BAD_PATHNAME@ 0000000180010740     utexcep.obj
 0002:00000750       ??_C@_0M@JECPJBCE@AE_BAD_DATA@ 0000000180010750     utexcep.obj
 0002:00000760       ??_C@_0BE@IPFKHDDI@AE_BAD_HEX_CONSTANT@ 0000000180010760     utexcep.obj
 0002:00000778       ??_C@_0BG@MIDKBGIL@AE_BAD_OCTAL_CONSTANT@ 0000000180010778     utexcep.obj
 0002:00000790       ??_C@_0BI@BEMEOOAI@AE_BAD_DECIMAL_CONSTANT@ 0000000180010790     utexcep.obj
 0002:000007a8       ??_C@_0BF@HKJOKEC@AE_MISSING_ARGUMENTS@ 00000001800107a8     utexcep.obj
 0002:000007c0       ??_C@_0P@JBCHJANB@AE_BAD_ADDRESS@ 00000001800107c0     utexcep.obj
 0002:000007d0       ??_C@_0BB@HKCFDBKC@AE_BAD_SIGNATURE@ 00000001800107d0     utexcep.obj
 0002:000007e8       ??_C@_0O@ELNDGGAE@AE_BAD_HEADER@ 00000001800107e8     utexcep.obj
 0002:000007f8       ??_C@_0BA@BIILNBAK@AE_BAD_CHECKSUM@ 00000001800107f8     utexcep.obj
 0002:00000808       ??_C@_0N@HBAFKHEM@AE_BAD_VALUE@ 0000000180010808     utexcep.obj
 0002:00000818       ??_C@_0BI@DKLNCMJF@AE_INVALID_TABLE_LENGTH@ 0000000180010818     utexcep.obj
 0002:00000830       ??_C@_0BC@KGKLJMBP@AE_AML_BAD_OPCODE@ 0000000180010830     utexcep.obj
 0002:00000848       ??_C@_0BC@ILAINBHF@AE_AML_NO_OPERAND@ 0000000180010848     utexcep.obj
 0002:00000860       ??_C@_0BE@CMBNMMAM@AE_AML_OPERAND_TYPE@ 0000000180010860     utexcep.obj
 0002:00000878       ??_C@_0BF@JPCFNMLI@AE_AML_OPERAND_VALUE@ 0000000180010878     utexcep.obj
 0002:00000890       ??_C@_0BL@BJKBHBGD@AE_AML_UNINITIALIZED_LOCAL@ 0000000180010890     utexcep.obj
 0002:000008b0       ??_C@_0BJ@BDDHFJEF@AE_AML_UNINITIALIZED_ARG@ 00000001800108b0     utexcep.obj
 0002:000008d0       ??_C@_0BN@INAHBINF@AE_AML_UNINITIALIZED_ELEMENT@ 00000001800108d0     utexcep.obj
 0002:000008f0       ??_C@_0BI@COHNKOEN@AE_AML_NUMERIC_OVERFLOW@ 00000001800108f0     utexcep.obj
 0002:00000908       ??_C@_0BE@ODNDBIBN@AE_AML_REGION_LIMIT@ 0000000180010908     utexcep.obj
 0002:00000920       ??_C@_0BE@NFHDHJIM@AE_AML_BUFFER_LIMIT@ 0000000180010920     utexcep.obj
 0002:00000938       ??_C@_0BF@PAHJLGEL@AE_AML_PACKAGE_LIMIT@ 0000000180010938     utexcep.obj
 0002:00000950       ??_C@_0BG@PJELJHDF@AE_AML_DIVIDE_BY_ZERO@ 0000000180010950     utexcep.obj
 0002:00000968       ??_C@_0BA@CIMDLPJI@AE_AML_BAD_NAME@ 0000000180010968     utexcep.obj
 0002:00000978       ??_C@_0BG@NBCCMIJD@AE_AML_NAME_NOT_FOUND@ 0000000180010978     utexcep.obj
 0002:00000990       ??_C@_0BA@JDIOKGCC@AE_AML_INTERNAL@ 0000000180010990     utexcep.obj
 0002:000009a0       ??_C@_0BI@IGMDDMCI@AE_AML_INVALID_SPACE_ID@ 00000001800109a0     utexcep.obj
 0002:000009b8       ??_C@_0BE@HOGNAHOK@AE_AML_STRING_LIMIT@ 00000001800109b8     utexcep.obj
 0002:000009d0       ??_C@_0BH@OKOBGBEM@AE_AML_NO_RETURN_VALUE@ 00000001800109d0     utexcep.obj
 0002:000009e8       ??_C@_0BE@DJLCLOMO@AE_AML_METHOD_LIMIT@ 00000001800109e8     utexcep.obj
 0002:00000a00       ??_C@_0BB@OOHNPDEB@AE_AML_NOT_OWNER@ 0000000180010a00     utexcep.obj
 0002:00000a18       ??_C@_0BD@BIFMCDBD@AE_AML_MUTEX_ORDER@ 0000000180010a18     utexcep.obj
 0002:00000a30       ??_C@_0BK@FDAGLEMK@AE_AML_MUTEX_NOT_ACQUIRED@ 0000000180010a30     utexcep.obj
 0002:00000a50       ??_C@_0BN@ONMIFGCB@AE_AML_INVALID_RESOURCE_TYPE@ 0000000180010a50     utexcep.obj
 0002:00000a70       ??_C@_0BF@KCCFIGMH@AE_AML_INVALID_INDEX@ 0000000180010a70     utexcep.obj
 0002:00000a88       ??_C@_0BG@GLGAPHBJ@AE_AML_REGISTER_LIMIT@ 0000000180010a88     utexcep.obj
 0002:00000aa0       ??_C@_0BA@BJMBKDJP@AE_AML_NO_WHILE@ 0000000180010aa0     utexcep.obj
 0002:00000ab0       ??_C@_0BB@PJHGPBLK@AE_AML_ALIGNMENT@ 0000000180010ab0     utexcep.obj
 0002:00000ac8       ??_C@_0BL@EJHJMLPF@AE_AML_NO_RESOURCE_END_TAG@ 0000000180010ac8     utexcep.obj
 0002:00000ae8       ??_C@_0BK@JPDPGMEO@AE_AML_BAD_RESOURCE_VALUE@ 0000000180010ae8     utexcep.obj
 0002:00000b08       ??_C@_0BK@NNHAJIBC@AE_AML_CIRCULAR_REFERENCE@ 0000000180010b08     utexcep.obj
 0002:00000b28       ??_C@_0BL@GMFABCFD@AE_AML_BAD_RESOURCE_LENGTH@ 0000000180010b28     utexcep.obj
 0002:00000b48       ??_C@_0BH@HMBGODKD@AE_AML_ILLEGAL_ADDRESS@ 0000000180010b48     utexcep.obj
 0002:00000b60       ??_C@_0BE@NCFBHLCM@AE_AML_LOOP_TIMEOUT@ 0000000180010b60     utexcep.obj
 0002:00000b78       ??_C@_0BK@KJMOJPMM@AE_AML_UNINITIALIZED_NODE@ 0000000180010b78     utexcep.obj
 0002:00000b98       ??_C@_0BD@GABIPGIC@AE_AML_TARGET_TYPE@ 0000000180010b98     utexcep.obj
 0002:00000bb0       ??_C@_0BA@HFCOMJIC@AE_AML_PROTOCOL@ 0000000180010bb0     utexcep.obj
 0002:00000bc0       ??_C@_0BF@MMGLEOH@AE_AML_BUFFER_LENGTH@ 0000000180010bc0     utexcep.obj
 0002:00000bd8       ??_C@_0BF@GEIGFIMD@AE_CTRL_RETURN_VALUE@ 0000000180010bd8     utexcep.obj
 0002:00000bf0       ??_C@_0BA@NFCAKKBE@AE_CTRL_PENDING@ 0000000180010bf0     utexcep.obj
 0002:00000c00       ??_C@_0BC@GMBKOLLO@AE_CTRL_TERMINATE@ 0000000180010c00     utexcep.obj
 0002:00000c18       ??_C@_0N@KLLLBMCF@AE_CTRL_TRUE@ 0000000180010c18     utexcep.obj
 0002:00000c28       ??_C@_0O@JKEFFNAO@AE_CTRL_FALSE@ 0000000180010c28     utexcep.obj
 0002:00000c38       ??_C@_0O@IICDNKCK@AE_CTRL_DEPTH@ 0000000180010c38     utexcep.obj
 0002:00000c48       ??_C@_0M@MCNHIAMO@AE_CTRL_END@ 0000000180010c48     utexcep.obj
 0002:00000c58       ??_C@_0BB@CKDICBC@AE_CTRL_TRANSFER@ 0000000180010c58     utexcep.obj
 0002:00000c70       ??_C@_0O@NKLNOHFA@AE_CTRL_BREAK@ 0000000180010c70     utexcep.obj
 0002:00000c80       ??_C@_0BB@IPPIFIGO@AE_CTRL_CONTINUE@ 0000000180010c80     utexcep.obj
 0002:00000c98       ??_C@_0BH@JBJBIHAH@AE_CTRL_PARSE_CONTINUE@ 0000000180010c98     utexcep.obj
 0002:00000cb0       ??_C@_0BG@LNANKLIG@AE_CTRL_PARSE_PENDING@ 0000000180010cb0     utexcep.obj
 0002:00000cc8       ??_C@_0CA@HAPNOHJM@Unknown?5exception?5code?3?50x?$CF8?48X@ 0000000180010cc8     utexcep.obj
 0002:00000ce8       ??_C@_0BE@JENJPLOL@UNKNOWN_STATUS_CODE@ 0000000180010ce8     utexcep.obj
 0002:00000d00       AcpiGbl_LowerHexDigits     0000000180010d00     utglobal.obj
 0002:00000d18       AcpiGbl_UpperHexDigits     0000000180010d18     utglobal.obj
 0002:00000d30       AcpiGbl_PreDefinedNames    0000000180010d30     utglobal.obj
 0002:00000e20       ??_C@_05EPMCMKIN@?2_S0_@   0000000180010e20     utglobal.obj
 0002:00000e28       ??_C@_05EOAAKALK@?2_S1_@   0000000180010e28     utglobal.obj
 0002:00000e30       ??_C@_05EMEGBOOD@?2_S2_@   0000000180010e30     utglobal.obj
 0002:00000e38       ??_C@_05ENIEHENE@?2_S3_@   0000000180010e38     utglobal.obj
 0002:00000e40       ??_C@_05EIMLGCFB@?2_S4_@   0000000180010e40     utglobal.obj
 0002:00000e48       ??_C@_05EJAJAIGG@?2_S5_@   0000000180010e48     utglobal.obj
 0002:00000e50       ??_C@_04ILLHNOLH@_S0W@     0000000180010e50     utglobal.obj
 0002:00000e58       ??_C@_04IKHFLEIA@_S1W@     0000000180010e58     utglobal.obj
 0002:00000e60       ??_C@_04IIDDAKNJ@_S2W@     0000000180010e60     utglobal.obj
 0002:00000e68       ??_C@_04IJPBGAOO@_S3W@     0000000180010e68     utglobal.obj
 0002:00000e70       ??_C@_04IMLOHGGL@_S4W@     0000000180010e70     utglobal.obj
 0002:00000e78       ??_C@_04OLJKPFBC@_S1D@     0000000180010e78     utglobal.obj
 0002:00000e80       ??_C@_04OJNMELEL@_S2D@     0000000180010e80     utglobal.obj
 0002:00000e88       ??_C@_04OIBOCBHM@_S3D@     0000000180010e88     utglobal.obj
 0002:00000e90       ??_C@_04ONFBDHPJ@_S4D@     0000000180010e90     utglobal.obj
 0002:00000e98       ??_C@_04GEOPKFIM@_GPE@     0000000180010e98     utglobal.obj
 0002:00000ea0       ??_C@_04BKIIOEBP@_PR_@     0000000180010ea0     utglobal.obj
 0002:00000ea8       ??_C@_04BEBLOIIB@_SB_@     0000000180010ea8     utglobal.obj
 0002:00000eb0       ??_C@_04BIEOAHGA@_SI_@     0000000180010eb0     utglobal.obj
 0002:00000eb8       ??_C@_04JLPJCCPA@_TZ_@     0000000180010eb8     utglobal.obj
 0002:00000ec0       ??_C@_04HICKCCCI@_REV@     0000000180010ec0     utglobal.obj
 0002:00000ec8       ??_C@_04BDDAMJOB@_OS_@     0000000180010ec8     utglobal.obj
 0002:00000ed0       ??_C@_0BF@BPDEPEPO@Microsoft?5Windows?5NT@ 0000000180010ed0     utglobal.obj
 0002:00000ee8       ??_C@_04MBPOAFED@_GL_@     0000000180010ee8     utglobal.obj
 0002:00000ef0       ??_C@_04PKIHMDG@_OSI@      0000000180010ef0     utglobal.obj
 0002:00000f00       ??_C@_0P@FGOAMMID@Divide?5by?5zero@ 0000000180010f00     utmath.obj
 0002:00000f10       ??_C@_0N@HFMBIKJA@ACPI?5Error?3?5@ 0000000180010f10     utxferror.obj
 0002:00000f20       ??_C@_0BA@IMDPOJBL@?5?$CI?$CF8?48X?1?$CFs?9?$CFu?$CJ?6@ 0000000180010f20     utxferror.obj
 0002:00000f30       ??_C@_0BB@HHBECIGO@ACPI?5Error?3?5?$CFs?0?5@ 0000000180010f30     utxferror.obj
 0002:00000f48       ??_C@_0P@HCHEAOAD@ACPI?5Warning?3?5@ 0000000180010f48     utxferror.obj
 0002:00000f58       ??_C@_06GLFELKBG@ACPI?3?5@ 0000000180010f58     utxferror.obj
 0002:00000f60       ??_C@_01EEMJAFIK@?6@       0000000180010f60     utxferror.obj
 0002:00000f68       ??_C@_0BI@JMEGFGNN@Firmware?5Error?5?$CIACPI?$CJ?3?5@ 0000000180010f68     utxferror.obj
 0002:00000f80       ??_C@_0BM@DHONDAIK@Firmware?5Error?5?$CIACPI?$CJ?3?5?$CFs?0?5@ 0000000180010f80     utxferror.obj
 0002:00000fa0       ??_C@_0BK@EPGCPCHP@Firmware?5Warning?5?$CIACPI?$CJ?3?5@ 0000000180010fa0     utxferror.obj
 0002:00000fbc       ??_C@_01LFCBOECM@?4@       0000000180010fbc     oswindir.obj
 0002:00000fc0       ??_C@_0DB@MDODPNKB@Could?5not?5allocate?5buffer?5for?5w@ 0000000180010fc0     oswindir.obj
 0002:00000ff4       ??_C@_01KMDKNFGN@?1@       0000000180010ff4     oswindir.obj
 0002:00001000       ??_C@_0BI@PGMJHKLJ@Bad?5width?5parameter?3?5?$CFX@ 0000000180011000     oswinxf.obj
 0002:00001018       ??_C@_03JPKPEJFO@?1?$CK?$CB@ 0000000180011018     ascase.obj
 0002:0000101c       ??_C@_03OBPDBDOD@?$CB?$CK?1@ 000000018001101c     ascase.obj
 0002:00001020       ??_C@_08GGFKNFHG@?5?5?5?5?5?5?5?5@ 0000000180011020     ascase.obj
 0002:00001030       ??_C@_0DD@GHHDOPAC@Found?5an?5unterminated?5quoted?5st@ 0000000180011030     ascase.obj
 0002:00001068       ??_C@_0DI@LKJHDIDG@Found?5an?5unterminated?5translati@ 0000000180011068     ascase.obj
 0002:000010a0       ??_C@_02CHHINNLG@?$CK?1@   00000001800110a0     ascase.obj
 0002:000010a4       ??_C@_03KCILDFD@?5if@      00000001800110a4     asconvrt.obj
 0002:000010a8       ??_C@_08EHONPFFO@?5else?5if@ 00000001800110a8     asconvrt.obj
 0002:000010b8       ??_C@_0M@EINHEAGF@?5else?5while@ 00000001800110b8     asconvrt.obj
 0002:000010c4       ??_C@_05CHIOKCAH@?5else@   00000001800110c4     asconvrt.obj
 0002:000010cc       ??_C@_04JKFHOPAN@?5do?5@   00000001800110cc     asconvrt.obj
 0002:000010e0       ??_C@_0GK@GFHJNHFL@?1?$CK?$CK?$CK?$CK?$CK?$CK?$CK?$CK?$CK?$CK?$CK?$CK?$CK?$CK?$CK?$CK?$CK?$CK?$CK?$CK?$CK?$CK?$CK?$CK?$CK?$CK?$CK?$CK?$CK?$CK@ 00000001800110e0     asconvrt.obj
 0002:00001150       ??_C@_0BL@BOLNOMGN@Non?9ANSI?5?1?1?5Comments?5Found@ 0000000180011150     asconvrt.obj
 0002:00001170       ??_C@_0CG@JFBIMDPA@Missing?5braces?5for?5?$DM?$CFs?$DO?0?5line?5?$CF@ 0000000180011170     asconvrt.obj
 0002:00001198       ??_C@_0BJ@ELAODKOG@Unbalanced?5quoted?5string@ 0000000180011198     asconvrt.obj
 0002:000011b8       ??_C@_0BF@KJGEFOHB@?5?5?5?5?$CF?432s?5?$CIline?5?$CFu?$CJ?6@ 00000001800111b8     asconvrt.obj
 0002:000011d0       ??_C@_0CK@HKNIAHFF@Removing?5extra?5line?5at?5start?5of@ 00000001800111d0     asconvrt.obj
 0002:00001200       ??_C@_0CI@KNMAGOHH@Removing?5extra?5line?5at?5end?5of?5f@ 0000000180011200     asconvrt.obj
 0002:00001228       ??_C@_03DDJPJKKM@?4?5?5@   0000000180011228     asconvrt.obj
 0002:0000122c       ??_C@_02KHOJGJKF@?4?5@     000000018001122c     asconvrt.obj
 0002:00001230       ??_C@_0CM@HHHCCHHM@Removed?5?$CFd?5extra?5blanks?5after?5a@ 0000000180011230     asconvrt.obj
 0002:00001260       ??_C@_0BF@HGEDOLNJ@?9?9?5?$CF4u?5?$CF28?428s?5?3?5?$CFs?6@ 0000000180011260     asconvrt.obj
 0002:00001278       ??_C@_0BK@JBDDDNBN@Extraneous?5spaces?5removed@ 0000000180011278     asconvrt.obj
 0002:00001294       ??_C@_03EGHOKNNL@?6?6?6@   0000000180011294     asconvrt.obj
 0002:00001298       ??_C@_04OLKIJNHL@?6?6?6?6@ 0000000180011298     asconvrt.obj
 0002:000012a0       ??_C@_02PHMGELLB@?6?6@     00000001800112a0     asconvrt.obj
 0002:000012a8       ??_C@_0CM@DPMDDFFE@Found?5multiple?5blank?5lines?5afte@ 00000001800112a8     asconvrt.obj
 0002:000012d8       ??_C@_0CF@BBFLNDMJ@Inserted?5blank?5line?5after?5copyr@ 00000001800112d8     asconvrt.obj
 0002:00001300       ??_C@_0FC@JAEEMFNK@?5?$CK?$CK?$CK?$CK?$CK?$CK?$CK?$CK?$CK?$CK?$CK?$CK?$CK?$CK?$CK?$CK?$CK?$CK?$CK?$CK?$CK?$CK?$CK?$CK?$CK?$CK?$CK?$CK?$CK?$CK@ 0000000180011300     asconvrt.obj
 0002:00001354       ??_C@_02PCIJFNDE@?$AN?6@   0000000180011354     asconvrt.obj
 0002:00001358       ??_C@_01LIIJDEN@?$AN@      0000000180011358     asconvrt.obj
 0002:0000135c       ??_C@_02JHLIKEIA@?6?$HN@   000000018001135c     asconvrt.obj
 0002:00001360       ??_C@_07EGDHLMDK@else?5if@ 0000000180011360     asconvrt.obj
 0002:00001368       ??_C@_0L@EALEOMBO@else?5while@ 0000000180011368     asconvrt.obj
 0002:00001374       ??_C@_04FHMCPBIP@else@     0000000180011374     asconvrt.obj
 0002:0000137c       ??_C@_03NMMCOAOG@?5?$HL?6@ 000000018001137c     asconvrt.obj
 0002:00001380       ??_C@_02PEDIMADA@?5?$HL@   0000000180011380     asconvrt.obj
 0002:00001388       ??_C@_0N@CAPFOEJE@long?3?5?$CF?480s?6@ 0000000180011388     asconvrt.obj
 0002:00001398       ??_C@_0CF@MHIAPPCD@?$CFu?5Lines?5longer?5than?580?5found?5i@ 0000000180011398     asconvrt.obj
 0002:000013c0       ??_C@_0L@CHDLJNMK@Tabs?5found@ 00000001800113c0     asconvrt.obj
 0002:000013d0       ??_C@_0CM@HGPLKGKH@?$CFu?5Comment?5?$CFu?5White?5?$CFu?5Code?5?$CFu?5@ 00000001800113d0     asconvrt.obj
 0002:00001400       ??_C@_07DIBCDNGL@struct?5@ 0000000180011400     asconvrt.obj
 0002:00001408       ??_C@_06MOJHIBMG@union?5@  0000000180011408     asconvrt.obj
 0002:00001410       ??_C@_04HHCDBDLF@?5?7?$AN?6@ 0000000180011410     asconvrt.obj
 0002:00001418       ??_C@_0DA@CMEPPIKK@Checking?5for?5?$CFs?5source?5files?5in@ 0000000180011418     asfile.obj
 0002:00001448       ??_C@_0BC@DFHIDLHG@Subdirectory?3?5?$CFs?6@ 0000000180011448     asfile.obj
 0002:00001460       ??_C@_09HOEPGLGH@File?3?5?$CFs?6@ 0000000180011460     asfile.obj
 0002:00001470       ??_C@_0BJ@KLHDOAJE@Creating?5Directory?5?$CC?$CFs?$CC?6@ 0000000180011470     asfile.obj
 0002:00001490       ??_C@_0CD@DDKIDAPF@Could?5not?5create?5target?5directo@ 0000000180011490     asfile.obj
 0002:000014b4       ??_C@_03GNDHDMDH@?$CK?4c@  00000001800114b4     asfile.obj
 0002:000014b8       ??_C@_03IOMDOFPM@?$CK?4h@  00000001800114b8     asfile.obj
 0002:000014bc       ??_C@_03OKKPCAPI@?$CK?4l@  00000001800114bc     asfile.obj
 0002:000014c0       ??_C@_03NNBKMGOM@?$CK?4y@  00000001800114c0     asfile.obj
 0002:000014c4       ??_C@_05IKJOILKN@?$CK?4asl@ 00000001800114c4     asfile.obj
 0002:000014cc       ??_C@_01NBENCBCI@?$CK@     00000001800114cc     asfile.obj
 0002:000014d0       ??_C@_0EA@PKKIKIJA@?$CFs?3?5?$CK?$CK?$CK?$CKFile?5has?5UNIX?5format?$CK?$CK?$CK@ 00000001800114d0     asfile.obj
 0002:00001510       ??_C@_0BP@MPBMCIHN@?$CFs?3?5?$CFu?5lone?5linefeeds?5in?5file?6@ 0000000180011510     asfile.obj
 0002:00001530       ??_C@_0CD@EFKIABKF@Unknown?5file?5type?0?5cannot?5proce@ 0000000180011530     asfile.obj
 0002:00001558       ??_C@_0BG@MIEOMDCA@?1?$CK?5acpisrc?3StructDefs@ 0000000180011558     asfile.obj
 0002:00001570       ??_C@_0BF@DNGAKDFG@Processing?5?$CFu?5bytes?6@ 0000000180011570     asfile.obj
 0002:00001588       ??_C@_0O@HBNIKACG@typedef?5union@ 0000000180011588     asfile.obj
 0002:00001598       ??_C@_0P@HIPOHHFD@typedef?5struct@ 0000000180011598     asfile.obj
 0002:000015a8       ??_C@_0CH@GNDKHKGE@Unknown?5conversion?5subfunction?5@ 00000001800115a8     asfile.obj
 0002:000015d0       ??_C@_0DO@MLPJKHGM@Non?9printable?5character?5?$CI0x?$CF2?42@ 00000001800115d0     asfile.obj
 0002:00001610       ??_C@_0CO@ICHCNCJE@Could?5not?5allocate?5buffer?5for?5f@ 0000000180011610     asfile.obj
 0002:00001640       ??_C@_04FLEJPLED@?4asl@    0000000180011640     asfile.obj
 0002:00001650       ??_C@_0EO@JJPALEOA@?5?$CK?52?41?4?5This?5is?5your?5license?5fr@ 0000000180011650     asfile.obj
 0002:000016a0       ??_C@_0EH@DPAOOBOM@?5?$CK?5THIS?5SOFTWARE?5IS?5PROVIDED?5BY@ 00000001800116a0     asfile.obj
 0002:000016e8       ??_C@_0BL@EMOMPEIA@Converting?5lone?5linefeeds?6@ 00000001800116e8     asfile.obj
 0002:00001704       ??_C@_02DJGKEECL@?4?4@     0000000180011704     asfile.obj
 0002:00001708       ??_C@_0DJ@MEHGMEDO@Could?5not?5allocate?5buffer?5for?5d@ 0000000180011708     asfile.obj
 0002:00001748       ??_C@_0DJ@IKCOGNIL@Could?5not?5allocate?5buffer?5for?5d@ 0000000180011748     asfile.obj
 0002:00001784       ??_C@_02JDPG@rb@           0000000180011784     asfile.obj
 0002:00001788       ??_C@_0BI@LLBEIELB@Could?5not?5open?5file?5?$CFs?6@ 0000000180011788     asfile.obj
 0002:000017a0       ??_C@_0CA@IONLCBPF@Could?5not?5get?5file?5size?5for?5?$CFs?6@ 00000001800117a0     asfile.obj
 0002:000017c0       ??_C@_0CG@OPKLIKCC@Could?5not?5allocate?5buffer?5of?5si@ 00000001800117c0     asfile.obj
 0002:000017e8       ??_C@_0CN@MHJNBKPE@Could?5not?5read?5the?5input?5file?5?$CF@ 00000001800117e8     asfile.obj
 0002:00001818       ??_C@_0CP@KAPAABFA@File?5contains?5only?5printable?5AS@ 0000000180011818     asfile.obj
 0002:00001848       ??_C@_03ELIABIOC@w?$CLb@   0000000180011848     asfile.obj
 0002:00001850       ??_C@_0CC@MELMFFKM@Could?5not?5create?5destination?5fi@ 0000000180011850     asfile.obj
 0002:00001878       ??_C@_0CI@GLHLBGDD@Could?5not?5create?5destination?5fi@ 0000000180011878     asfile.obj
 0002:000018a0       ??_C@_0CA@NKPOBCBN@Error?5writing?5output?5file?5?$CC?$CFs?$CC?6@ 00000001800118a0     asfile.obj
 0002:000018c0       ??_C@_0CB@EJLHKKG@Source?5path?5?$CC?$CFs?$CC?5does?5not?5exist@ 00000001800118c0     asmain.obj
 0002:000018e8       ??_C@_0DI@IFDDNEME@Target?5path?5is?5the?5same?5as?5the?5@ 00000001800118e8     asmain.obj
 0002:00001920       ??_C@_0CI@FEJINPDI@Target?5path?5already?5exists?0?5ove@ 0000000180011920     asmain.obj
 0002:00001948       ??_C@_0BH@BCBLEHDL@?6AcpiSrc?5statistics?3?6?6@ 0000000180011948     asmain.obj
 0002:00001960       ??_C@_0BF@FEKCFCPD@?$CF8u?5Files?5processed?6@ 0000000180011960     asmain.obj
 0002:00001978       ??_C@_0BO@NDDHAMPI@?$CF8u?5Total?5bytes?5?$CI?$CF?41fK?1file?$CJ?6@ 0000000180011978     asmain.obj
 0002:00001998       ??_C@_0BA@KFONCIGD@?$CF8u?5Tabs?5found?6@ 0000000180011998     asmain.obj
 0002:000019a8       ??_C@_0CC@OIKBCFEP@?$CF8u?5Missing?5if?1else?1while?5brace@ 00000001800119a8     asmain.obj
 0002:000019d0       ??_C@_0CA@DONDPMKB@?$CF8u?5Non?9ANSI?5?1?1?5comments?5found?6@ 00000001800119d0     asmain.obj
 0002:000019f0       ??_C@_0BB@BMFBFHCB@?$CF8u?5Total?5Lines?6@ 00000001800119f0     asmain.obj
 0002:00001a08       ??_C@_0BD@NAMCEEBE@?$CF8u?5Lines?5of?5code?6@ 0000000180011a08     asmain.obj
 0002:00001a20       ??_C@_0CF@CJMNDLIM@?$CF8u?5Lines?5of?5non?9comment?5whites@ 0000000180011a20     asmain.obj
 0002:00001a48       ??_C@_0BH@GMPCKKGL@?$CF8u?5Lines?5of?5comments?6@ 0000000180011a48     asmain.obj
 0002:00001a60       ??_C@_0BG@NLOBLGAI@?$CF8u?5Long?5lines?5found?6@ 0000000180011a60     asmain.obj
 0002:00001a78       ??_C@_0CD@BNBNALJO@?$CF8?41f?5Ratio?5of?5code?5to?5whitespa@ 0000000180011a78     asmain.obj
 0002:00001aa0       ??_C@_0CB@KMMJCCJL@?$CF8?41f?5Ratio?5of?5code?5to?5comments@ 0000000180011aa0     asmain.obj
 0002:00001ad0       ??_C@_0EC@HFPALLHL@?5?5?5?5?5?5?5?5?5?$CFu?$CF?$CF?5code?0?5?$CFu?$CF?$CF?5commen@ 0000000180011ad0     asmain.obj
 0002:00001b18       ??_C@_0DG@CDBGKBNL@acpisrc?5?$FL?9c?$HMl?$HMu?$FN?5?$FL?9dsvy?$FN?5?$DMSourc@ 0000000180011b18     asmain.obj
 0002:00001b50       ??_C@_0BE@GIAJDAGE@Usage?3?5?$CFs?6Options?3?6@ 0000000180011b50     asmain.obj
 0002:00001b68       ??_C@_0CP@FKOLLMMO@Check?5entire?5file?5for?5non?9print@ 0000000180011b68     asmain.obj
 0002:00001b98       ??_C@_09EPNNIEAI@?9a?5?$DMfile?$DO@ 0000000180011b98     asmain.obj
 0002:00001ba8       ??_C@_0L@EJOMDKDJ@?5?5?$CF?920s?$CFs?6@ 0000000180011ba8     asmain.obj
 0002:00001bb8       ??_C@_0CH@MIOKDDOF@Generate?5cleaned?5version?5of?5the@ 0000000180011bb8     asmain.obj
 0002:00001be0       ??_C@_02HOPLMLDK@?9c@      0000000180011be0     asmain.obj
 0002:00001be8       ??_C@_0CM@DADEOPCP@Insert?5dual?9license?5header?5into@ 0000000180011be8     asmain.obj
 0002:00001c14       ??_C@_02JNAPBCPB@?9h@      0000000180011c14     asmain.obj
 0002:00001c18       ??_C@_0BK@HBBEEGNC@Cleanup?5macro?5indentation@ 0000000180011c18     asmain.obj
 0002:00001c34       ??_C@_02IEBECDLA@?9i@      0000000180011c34     asmain.obj
 0002:00001c38       ??_C@_0CF@DFOGMBOC@Generate?5Linux?5version?5of?5the?5s@ 0000000180011c38     asmain.obj
 0002:00001c60       ??_C@_02PJGDNHPF@?9l@      0000000180011c60     asmain.obj
 0002:00001c68       ??_C@_0CD@GKCOHDPF@Generate?5Custom?5source?5translat@ 0000000180011c68     asmain.obj
 0002:00001c8c       ??_C@_02GCGDHOON@?9u@      0000000180011c8c     asmain.obj
 0002:00001c90       ??_C@_0BP@DFDLFBPN@Leave?5debug?5statements?5in?5code@ 0000000180011c90     asmain.obj
 0002:00001cb0       ??_C@_02DBLKFNPN@?9d@      0000000180011cb0     asmain.obj
 0002:00001cb8       ??_C@_0CA@FBGPBKL@Generate?5source?5statistics?5only@ 0000000180011cb8     asmain.obj
 0002:00001cd8       ??_C@_02DEDJNJGL@?9s@      0000000180011cd8     asmain.obj
 0002:00001ce0       ??_C@_0BM@PFCLPAEM@Display?5version?5information@ 0000000180011ce0     asmain.obj
 0002:00001cfc       ??_C@_02EJEOCNCO@?9v@      0000000180011cfc     asmain.obj
 0002:00001d00       ??_C@_0N@LANNGDHD@Verbose?5mode@ 0000000180011d00     asmain.obj
 0002:00001d10       ??_C@_03ILFEEKMH@?9vb@     0000000180011d10     asmain.obj
 0002:00001d18       ??_C@_0BM@BPPIBEBA@Display?5build?5date?5and?5time@ 0000000180011d18     asmain.obj
 0002:00001d34       ??_C@_03NNAOONEB@?9vd@     0000000180011d34     asmain.obj
 0002:00001d38       ??_C@_0CA@MFLIGGGL@Suppress?5file?5overwrite?5prompts@ 0000000180011d38     asmain.obj
 0002:00001d58       ??_C@_02MONGDBOB@?9y@      0000000180011d58     asmain.obj
 0002:00001d60       ??_C@_0CM@HKLJCLCP@Copyright?5?$CIc?$CJ?52000?5?9?52023?5Intel@ 0000000180011d60     asmain.obj
 0002:00001d90       ??_C@_0CE@GNCLIJDN@ACPI?5Source?5Code?5Conversion?5Uti@ 0000000180011d90     asmain.obj
 0002:00001db8       ??_C@_0CC@GEMNFFHD@Intel?5ACPI?5Component?5Architectu@ 0000000180011db8     asmain.obj
 0002:00001de0       ??_C@_0BK@GCKDLEMI@?6?$CFs?6?$CFs?5version?5?$CF8?48X?6?$CFs?6?6@ 0000000180011de0     asmain.obj
 0002:00001e00       ??_C@_0N@JILNCGB@acdhilqsuv?$FOy@ 0000000180011e00     asmain.obj
 0002:00001e10       ??_C@_0BM@MIEPNNAO@Creating?5Linux?5source?5code?6@ 0000000180011e10     asmain.obj
 0002:00001e30       ??_C@_0O@FDOEJLNE@Code?5cleanup?6@ 0000000180011e30     asmain.obj
 0002:00001e40       ??_C@_0CO@BDNNJLOM@Inserting?5Dual?9license?5header?5t@ 0000000180011e40     asmain.obj
 0002:00001e70       ??_C@_0BP@POOMLDML@Cleaning?5up?5macro?5indentation?6@ 0000000180011e70     asmain.obj
 0002:00001e90       ??_C@_0BL@PKDHMIH@Custom?5source?5translation?6@ 0000000180011e90     asmain.obj
 0002:00001eb0       ??_C@_08BDGOLFJG@19?320?333@ 0000000180011eb0     asmain.obj
 0002:00001ec0       ??_C@_0M@GIDHFNMN@Oct?527?52024@ 0000000180011ec0     asmain.obj
 0002:00001ed0       ??_C@_0BI@PDHHDADA@Build?5date?1time?3?5?$CFs?5?$CFs?6@ 0000000180011ed0     asmain.obj
 0002:00001ee8       ??_C@_0BG@BMJCIMDK@Unknown?5option?3?5?9v?$CFs?6@ 0000000180011ee8     asmain.obj
 0002:00001f00       ??_C@_0BF@DHKBGELE@Missing?5source?5path?6@ 0000000180011f00     asmain.obj
 0002:00001f18       ??_C@_0BN@HDJBPDDJ@Source?5code?5statistics?5only?6@ 0000000180011f18     asmain.obj
 0002:00001f38       ??_C@_02JPEJKMKI@?4h@      0000000180011f38     asmain.obj
 0002:00001f3c       ??_C@_02HMLNHFGD@?4c@      0000000180011f3c     asmain.obj
 0002:00001f40       ??_C@_06FBIJJCGB@?4patch@  0000000180011f40     asmain.obj
 0002:00001f48       ??_C@_0BI@JFHIOKOM@Unknown?5file?5type?5?9?5?$CFs?6@ 0000000180011f48     asmain.obj
 0002:00001f60       __real@3f50000000000000    0000000180011f60     asmain.obj
 0002:00001f68       ??_C@_02FMMEOLBI@?1?$CK@   0000000180011f68     asremove.obj
 0002:00001f6c       ??_C@_03BIJNBMLN@?$CDif@   0000000180011f6c     asremove.obj
 0002:00001f70       ??_C@_06CCBIAIJP@?$CDendif@ 0000000180011f70     asremove.obj
 0002:00001f78       ??_C@_05KBBKNAKJ@?$CDelse@ 0000000180011f78     asremove.obj
 0002:00001f80       ??_C@_07FIDIHKEG@typedef@  0000000180011f80     asremove.obj
 0002:00001f88       ??_C@_0BE@OAMBMGOI@Code?5blocks?5deleted@ 0000000180011f88     asremove.obj
 0002:00001fa0       ??_C@_0BC@KIIOMEHD@ACPI_DEBUG_OUTPUT@ 0000000180011fa0     asremove.obj
 0002:00001fb8       ??_C@_0BB@GIGNOPGH@ACPI_DEBUG_PRINT@ 0000000180011fb8     asremove.obj
 0002:00001fd0       ??_C@_0BF@MIJABHPA@ACPI_DEBUG_PRINT_RAW@ 0000000180011fd0     asremove.obj
 0002:00001fe8       ??_C@_0L@CIADGMPF@DEBUG_EXEC@ 0000000180011fe8     asremove.obj
 0002:00001ff8       ??_C@_0P@NJACPACG@FUNCTION_ENTRY@ 0000000180011ff8     asremove.obj
 0002:00002008       ??_C@_09LAGEABBF@PROC_NAME@ 0000000180012008     asremove.obj
 0002:00002018       ??_C@_0P@CIMMGICM@FUNCTION_TRACE@ 0000000180012018     asremove.obj
 0002:00002028       ??_C@_05BCOGLJFG@DUMP_@    0000000180012028     asremove.obj
 0002:00002030       ??_C@_06LNOFJDNM@return@   0000000180012030     asremove.obj
 0002:00002038       ??_C@_0M@HPBAOKMA@return_VOID@ 0000000180012038     asremove.obj
 0002:00002048       ??_C@_0L@JHHICGBC@return_PTR@ 0000000180012048     asremove.obj
 0002:00002058       ??_C@_0L@IFMNIJPM@return_STR@ 0000000180012058     asremove.obj
 0002:00002068       ??_C@_0BD@KDCJAIIH@return_ACPI_STATUS@ 0000000180012068     asremove.obj
 0002:00002080       ??_C@_0BD@PEADADAJ@return_acpi_status@ 0000000180012080     asremove.obj
 0002:00002098       ??_C@_0N@IDBPOOAO@return_VALUE@ 0000000180012098     asremove.obj
 0002:000020a8       ??_C@_0N@KJFKNCGA@UINT32?5?5?5?5?5?5@ 00000001800120a8     astable.obj
 0002:000020b8       ??_C@_0N@OFHMGPAL@unsigned?5int@ 00000001800120b8     astable.obj
 0002:000020c8       ??_C@_0P@PBGOAKPM@UINT16?5?5?5?5?5?5?5?5@ 00000001800120c8     astable.obj
 0002:000020d8       ??_C@_0P@IIMKEEHB@unsigned?5short@ 00000001800120d8     astable.obj
 0002:000020e8       ??_C@_0O@KCEJIOCI@UINT8?5?5?5?5?5?5?5?5@ 00000001800120e8     astable.obj
 0002:000020f8       ??_C@_0O@PPAIJIHF@unsigned?5char@ 00000001800120f8     astable.obj
 0002:00002108       ??_C@_0O@DINIHPO@BOOLEAN?5?5?5?5?5?5@ 0000000180012108     astable.obj
 0002:00002118       ??_C@_06FDNIMMFA@UINT32@   0000000180012118     astable.obj
 0002:00002120       ??_C@_06DEDANNDK@UINT16@   0000000180012120     astable.obj
 0002:00002128       ??_C@_05EAHMOILJ@UINT8@    0000000180012128     astable.obj
 0002:00002130       ??_C@_07JDEDMABE@BOOLEAN@  0000000180012130     astable.obj
 0002:00002138       ??_C@_07DOEOCNKL@INT32?5?5@ 0000000180012138     astable.obj
 0002:00002140       ??_C@_07NCHJABBB@int?5?5?5?5@ 0000000180012140     astable.obj
 0002:00002148       ??_C@_05OJLHEJN@INT32@     0000000180012148     astable.obj
 0002:00002150       ??_C@_03JBIPMCLC@int@      0000000180012150     astable.obj
 0002:00002154       ??_C@_05GJHDGFPH@INT16@    0000000180012154     astable.obj
 0002:0000215c       ??_C@_05BFKKPKCG@short@    000000018001215c     astable.obj
 0002:00002164       ??_C@_04GLNPCHED@INT8@     0000000180012164     astable.obj
 0002:0000216c       ??_C@_04ENMBGAPA@char@     000000018001216c     astable.obj
 0002:00002174       ??_C@_05JCOFPAGF@_int_@    0000000180012174     astable.obj
 0002:00002180       ??_C@_07MHNLNEGL@_INT32_@  0000000180012180     astable.obj
 0002:00002188       ??_C@_0P@HGGNLJPD@_unsigned?5int_@ 0000000180012188     astable.obj
 0002:00002198       ??_C@_08HINLINMD@_UINT32_@ 0000000180012198     astable.obj
 0002:000021a8       ??_C@_0N@DAMLDHFD@INT64?5?5?5?5?5?5?5@ 00000001800121a8     astable.obj
 0002:000021b8       ??_C@_0N@KEODDPLK@s64?5?5?5?5?5?5?5?5?5@ 00000001800121b8     astable.obj
 0002:000021c8       ??_C@_0N@CFKCJOKI@UINT64?5?5?5?5?5?5@ 00000001800121c8     astable.obj
 0002:000021d8       ??_C@_0N@EAGOAGH@u64?5?5?5?5?5?5?5?5?5@ 00000001800121d8     astable.obj
 0002:000021e8       ??_C@_0N@HEBAFNDE@u32?5?5?5?5?5?5?5?5?5@ 00000001800121e8     astable.obj
 0002:000021f8       ??_C@_0N@KFPIIFJN@INT32?5?5?5?5?5?5?5@ 00000001800121f8     astable.obj
 0002:00002208       ??_C@_0N@NEPFICOJ@s32?5?5?5?5?5?5?5?5?5@ 0000000180012208     astable.obj
 0002:00002218       ??_C@_0N@DOGPEBM@UINT16?5?5?5?5?5?5@ 0000000180012218     astable.obj
 0002:00002228       ??_C@_0N@CIPCLACJ@u16?5?5?5?5?5?5?5?5?5@ 0000000180012228     astable.obj
 0002:00002238       ??_C@_0N@PMOBAEKM@INT16?5?5?5?5?5?5?5@ 0000000180012238     astable.obj
 0002:00002248       ??_C@_0N@IIBHGPPE@s16?5?5?5?5?5?5?5?5?5@ 0000000180012248     astable.obj
 0002:00002258       ??_C@_0N@BFJBHKOL@UINT8?5?5?5?5?5?5?5@ 0000000180012258     astable.obj
 0002:00002268       ??_C@_0N@PDBIIEDA@u8?5?5?5?5?5?5?5?5?5?5@ 0000000180012268     astable.obj
 0002:00002278       ??_C@_0N@LNCEK@BOOLEAN?5?5?5?5?5@ 0000000180012278     astable.obj
 0002:00002288       ??_C@_0N@HBKGDHGB@char?5?5?5?5?5?5?5?5@ 0000000180012288     astable.obj
 0002:00002298       ??_C@_0N@DMGFNLMN@void?5?5?5?5?5?5?5?5@ 0000000180012298     astable.obj
 0002:000022a8       ??_C@_0N@OAGGCLKJ@char?5?$CK?5?5?5?5?5?5@ 00000001800122a8     astable.obj
 0002:000022b8       ??_C@_0N@KNKFMHAF@void?5?$CK?5?5?5?5?5?5@ 00000001800122b8     astable.obj
 0002:000022c8       ??_C@_0N@MGIEMKFL@int?5?5?5?5?5?5?5?5?5@ 00000001800122c8     astable.obj
 0002:000022d8       ??_C@_0N@JLEEADIB@FILE?5?5?5?5?5?5?5?5@ 00000001800122d8     astable.obj
 0002:000022e8       ??_C@_0N@OINHPFPC@size_t?5?5?5?5?5?5@ 00000001800122e8     astable.obj
 0002:000022f8       ??_C@_06DEJKJDN@UINT64@    00000001800122f8     astable.obj
 0002:00002300       ??_C@_03BJJGBKJI@u64@      0000000180012300     astable.obj
 0002:00002304       ??_C@_03EJAHHPPF@u32@      0000000180012304     astable.obj
 0002:00002308       ??_C@_03COOPGOJP@u16@      0000000180012308     astable.obj
 0002:0000230c       ??_C@_02EFBLDAKN@u8@       000000018001230c     astable.obj
 0002:00002310       ??_C@_07NDMFPNAH@INT64?5?5@ 0000000180012310     astable.obj
 0002:00002318       ??_C@_07CAGAIBEO@s64?5?5?5?5@ 0000000180012318     astable.obj
 0002:00002320       ??_C@_05FOAKBBPA@INT64@    0000000180012320     astable.obj
 0002:00002328       ??_C@_03DMPNEFEE@s64@      0000000180012328     astable.obj
 0002:00002330       ??_C@_07KEABENPE@s32?5?5?5?5@ 0000000180012330     astable.obj
 0002:00002338       ??_C@_03GMGMCACJ@s32@      0000000180012338     astable.obj
 0002:00002340       ??_C@_07MLOMOJJM@INT16?5?5@ 0000000180012340     astable.obj
 0002:00002348       ??_C@_07KIAPBOML@s16?5?5?5?5@ 0000000180012348     astable.obj
 0002:00002350       ??_C@_07LDIOIDKO@INT8?5?5?5@ 0000000180012350     astable.obj
 0002:00002358       ??_C@_07OIBILKJO@s8?5?5?5?5?5@ 0000000180012358     astable.obj
 0002:00002360       ??_C@_03LIEDBED@s16@       0000000180012360     astable.obj
 0002:00002364       ??_C@_02EBJGEMBP@s8@       0000000180012364     astable.obj
 0002:00002368       ??_C@_0N@EEHKEDPP@__FUNCTION__@ 0000000180012368     astable.obj
 0002:00002378       ??_C@_08NOMANIOG@__func__@ 0000000180012378     astable.obj
 0002:00002388       ??_C@_0BJ@EPNABINK@ACPI_ADDRESS16_ATTRIBUTE@ 0000000180012388     astable.obj
 0002:000023a8       ??_C@_0BJ@CMIKJGOO@ACPI_ADDRESS32_ATTRIBUTE@ 00000001800123a8     astable.obj
 0002:000023c8       ??_C@_0BJ@NOJIIABN@ACPI_ADDRESS64_ATTRIBUTE@ 00000001800123c8     astable.obj
 0002:000023e8       ??_C@_0BD@KEJNNKBC@ACPI_ADDRESS_RANGE@ 00000001800123e8     astable.obj
 0002:00002400       ??_C@_0BH@KNPCABKE@ACPI_ADR_SPACE_HANDLER@ 0000000180012400     astable.obj
 0002:00002418       ??_C@_0BF@GILICKPM@ACPI_ADR_SPACE_SETUP@ 0000000180012418     astable.obj
 0002:00002430       ??_C@_0BE@OLNGNLJM@ACPI_ADR_SPACE_TYPE@ 0000000180012430     astable.obj
 0002:00002448       ??_C@_0BC@GHBHACMN@ACPI_AML_OPERANDS@ 0000000180012448     astable.obj
 0002:00002460       ??_C@_0BH@DNABOMFK@ACPI_BIT_REGISTER_INFO@ 0000000180012460     astable.obj
 0002:00002478       ??_C@_0M@DPKCEIHO@ACPI_BUFFER@ 0000000180012478     astable.obj
 0002:00002488       ??_C@_0BD@LDCICJLH@ACPI_BUS_ATTRIBUTE@ 0000000180012488     astable.obj
 0002:000024a0       ??_C@_0N@NBELGCOB@ACPI_CACHE_T@ 00000001800124a0     astable.obj
 0002:000024b0       ??_C@_0BF@MKHGGLJJ@ACPI_CMTABLE_HANDLER@ 00000001800124b0     astable.obj
 0002:000024c8       ??_C@_0BH@MLGKHPAN@ACPI_COMMENT_ADDR_NODE@ 00000001800124c8     astable.obj
 0002:000024e0       ??_C@_0BC@KOPJMPEM@ACPI_COMMENT_NODE@ 00000001800124e0     astable.obj
 0002:000024f8       ??_C@_0BB@OMBOMHKL@ACPI_COMMON_FACS@ 00000001800124f8     astable.obj
 0002:00002510       ??_C@_0BC@JILLIKDD@ACPI_COMMON_STATE@ 0000000180012510     astable.obj
 0002:00002528       ??_C@_0BH@KKAGLHEA@ACPI_COMMON_DESCRIPTOR@ 0000000180012528     astable.obj
 0002:00002540       ??_C@_0BD@NGHLNGII@ACPI_COMPATIBLE_ID@ 0000000180012540     astable.obj
 0002:00002558       ??_C@_0BF@JKGHFDBP@ACPI_CONNECTION_INFO@ 0000000180012558     astable.obj
 0002:00002570       ??_C@_0BD@KPPKENGF@ACPI_CONTROL_STATE@ 0000000180012570     astable.obj
 0002:00002588       ??_C@_0BG@FLMNOIDG@ACPI_CONVERSION_TABLE@ 0000000180012588     astable.obj
 0002:000025a0       ??_C@_0P@GFJPHCMP@ACPI_CPU_FLAGS@ 00000001800125a0     astable.obj
 0002:000025b0       ??_C@_0BH@GAIOCOFH@ACPI_CREATE_FIELD_INFO@ 00000001800125b0     astable.obj
 0002:000025c8       ??_C@_0BI@FCAJAPNK@ACPI_DATA_TABLE_MAPPING@ 00000001800125c8     astable.obj
 0002:000025e0       ??_C@_0BG@EAFCODPK@ACPI_DB_ARGUMENT_INFO@ 00000001800125e0     astable.obj
 0002:000025f8       ??_C@_0BF@LNFFNFHG@ACPI_DB_COMMAND_HELP@ 00000001800125f8     astable.obj
 0002:00002610       ??_C@_0BF@JHPJPAIP@ACPI_DB_COMMAND_INFO@ 0000000180012610     astable.obj
 0002:00002628       ??_C@_0BF@LPPOLGJK@ACPI_DB_EXECUTE_WALK@ 0000000180012628     astable.obj
 0002:00002640       ??_C@_0BE@CCLFDALD@ACPI_DB_METHOD_INFO@ 0000000180012640     astable.obj
 0002:00002658       ??_C@_0BF@CCMNKBDF@ACPI_DEBUG_MEM_BLOCK@ 0000000180012658     astable.obj
 0002:00002670       ??_C@_0BG@HFBKJDAA@ACPI_DEBUG_MEM_HEADER@ 0000000180012670     astable.obj
 0002:00002688       ??_C@_0BG@JICDEOED@ACPI_DEBUG_PRINT_INFO@ 0000000180012688     astable.obj
 0002:000026a0       ??_C@_0BA@PKMNEIHN@ACPI_DESCRIPTOR@ 00000001800126a0     astable.obj
 0002:000026b0       ??_C@_0BB@JHKMAEDH@ACPI_DEVICE_INFO@ 00000001800126b0     astable.obj
 0002:000026c8       ??_C@_0BG@CBFGAAOF@ACPI_DEVICE_WALK_INFO@ 00000001800126c8     astable.obj
 0002:000026e0       ??_C@_0BC@MFPOLJGD@ACPI_DMTABLE_DATA@ 00000001800126e0     astable.obj
 0002:000026f8       ??_C@_0BC@OECMDHBE@ACPI_DMTABLE_INFO@ 00000001800126f8     astable.obj
 0002:00002710       ??_C@_0BF@DHIPJDOM@ACPI_DMTABLE_HANDLER@ 0000000180012710     astable.obj
 0002:00002728       ??_C@_0O@LJEJLPGJ@ACPI_EFI_FILE@ 0000000180012728     astable.obj
 0002:00002738       ??_C@_0BD@BGHJCFGB@ACPI_EVALUATE_INFO@ 0000000180012738     astable.obj
 0002:00002750       ??_C@_0BD@HOLBFKDE@ACPI_EVENT_HANDLER@ 0000000180012750     astable.obj
 0002:00002768       ??_C@_0BC@GOKHAPKP@ACPI_EVENT_STATUS@ 0000000180012768     astable.obj
 0002:00002780       ??_C@_0BA@BAEJEJAG@ACPI_EVENT_TYPE@ 0000000180012780     astable.obj
 0002:00002790       ??_C@_0BH@HBPDKFL@ACPI_EXCEPTION_HANDLER@ 0000000180012790     astable.obj
 0002:000027a8       ??_C@_0BE@GLNAEHPH@ACPI_EXCEPTION_INFO@ 00000001800127a8     astable.obj
 0002:000027c0       ??_C@_0BB@CAKIIAHP@ACPI_EXDUMP_INFO@ 00000001800127c0     astable.obj
 0002:000027d8       ??_C@_0BA@BBBHEKE@ACPI_EXECUTE_OP@ 00000001800127d8     astable.obj
 0002:000027e8       ??_C@_0BC@BGIJLBDA@ACPI_EXECUTE_TYPE@ 00000001800127e8     astable.obj
 0002:00002800       ??_C@_0BD@HJCDDOEE@ACPI_EXTERNAL_LIST@ 0000000180012800     astable.obj
 0002:00002818       ??_C@_0BD@HHDAOBLI@ACPI_EXTERNAL_FILE@ 0000000180012818     astable.obj
 0002:00002830       ??_C@_0P@NJPEHBOJ@ACPI_FADT_INFO@ 0000000180012830     astable.obj
 0002:00002840       ??_C@_0BC@KLHPIOJM@ACPI_FADT_PM_INFO@ 0000000180012840     astable.obj
 0002:00002858       ??_C@_0BA@MNAPGFIM@ACPI_FIELD_INFO@ 0000000180012858     astable.obj
 0002:00002868       ??_C@_0P@IDJHNIKP@ACPI_FILE_NODE@ 0000000180012868     astable.obj
 0002:00002878       ??_C@_0BC@DFKMEGAD@ACPI_FIND_CONTEXT@ 0000000180012878     astable.obj
 0002:00002890       ??_C@_0BJ@DPCENDGO@ACPI_FIXED_EVENT_HANDLER@ 0000000180012890     astable.obj
 0002:000028b0       ??_C@_0BG@CDFGIEFA@ACPI_FIXED_EVENT_INFO@ 00000001800128b0     astable.obj
 0002:000028c8       ??_C@_0O@MOEMEKCM@ACPI_FFH_INFO@ 00000001800128c8     astable.obj
 0002:000028d8       ??_C@_0BH@PMHEPGLF@ACPI_GBL_EVENT_HANDLER@ 00000001800128d8     astable.obj
 0002:000028f0       ??_C@_0BF@KKFHICMA@ACPI_GENERIC_ADDRESS@ 00000001800128f0     astable.obj
 0002:00002908       ??_C@_0BD@EJELNEHF@ACPI_GENERIC_STATE@ 0000000180012908     astable.obj
 0002:00002920       ??_C@_0BG@BOOLPFKI@ACPI_GET_DEVICES_INFO@ 0000000180012920     astable.obj
 0002:00002938       ??_C@_0BL@BBLFGKNL@ACPI_GLOBAL_NOTIFY_HANDLER@ 0000000180012938     astable.obj
 0002:00002958       ??_C@_0BE@CKLMNGE@ACPI_GPE_BLOCK_INFO@ 0000000180012958     astable.obj
 0002:00002970       ??_C@_0BC@EMPOAPEE@ACPI_GPE_CALLBACK@ 0000000180012970     astable.obj
 0002:00002988       ??_C@_0BF@FKFIBAFM@ACPI_GPE_DEVICE_INFO@ 0000000180012988     astable.obj
 0002:000029a0       ??_C@_0BE@IEKBLKKO@ACPI_GPE_EVENT_INFO@ 00000001800129a0     astable.obj
 0002:000029b8       ??_C@_0BB@OCMMIIFK@ACPI_GPE_HANDLER@ 00000001800129b8     astable.obj
 0002:000029d0       ??_C@_0BG@HOLFLKFI@ACPI_GPE_HANDLER_INFO@ 00000001800129d0     astable.obj
 0002:000029e8       ??_C@_0BE@DHHDILBE@ACPI_GPE_INDEX_INFO@ 00000001800129e8     astable.obj
 0002:00002a00       ??_C@_0BF@LOKLIIFK@ACPI_GPE_NOTIFY_INFO@ 0000000180012a00     astable.obj
 0002:00002a18       ??_C@_0BH@OHFDDPBC@ACPI_GPE_REGISTER_INFO@ 0000000180012a18     astable.obj
 0002:00002a30       ??_C@_0BD@JIHECGFK@ACPI_GPE_WALK_INFO@ 0000000180012a30     astable.obj
 0002:00002a48       ??_C@_0BE@CNNJPCHA@ACPI_GPE_XRUPT_INFO@ 0000000180012a48     astable.obj
 0002:00002a60       ??_C@_0P@HDFBJBAA@ACPI_GPIO_INFO@ 0000000180012a60     astable.obj
 0002:00002a70       ??_C@_0M@JDLOGLOO@ACPI_HANDLE@ 0000000180012a70     astable.obj
 0002:00002a80       ??_C@_0BC@KEBIPGJM@ACPI_HANDLER_INFO@ 0000000180012a80     astable.obj
 0002:00002a98       ??_C@_0BC@DKMIMGHE@ACPI_INIT_HANDLER@ 0000000180012a98     astable.obj
 0002:00002ab0       ??_C@_0BH@HBJOGDDN@ACPI_INTERFACE_HANDLER@ 0000000180012ab0     astable.obj
 0002:00002ac8       ??_C@_0BG@MNKFGIKI@ACPI_IDENTIFIER_TABLE@ 0000000180012ac8     astable.obj
 0002:00002ae0       ??_C@_0BE@CBHJLOF@ACPI_INIT_WALK_INFO@ 0000000180012ae0     astable.obj
 0002:00002af8       ??_C@_0N@LNGCLBPJ@ACPI_INTEGER@ 0000000180012af8     astable.obj
 0002:00002b08       ??_C@_0BF@LLEKPB@ACPI_INTEGER_OVERLAY@ 0000000180012b08     astable.obj
 0002:00002b20       ??_C@_0BE@HAFKBHHJ@ACPI_INTEGRITY_INFO@ 0000000180012b20     astable.obj
 0002:00002b38       ??_C@_0BE@OMGGDCPC@ACPI_INTERFACE_INFO@ 0000000180012b38     astable.obj
 0002:00002b50       ??_C@_0BF@CEHMJPI@ACPI_INTERNAL_METHOD@ 0000000180012b50     astable.obj
 0002:00002b68       ??_C@_0BG@EBKMGJNO@ACPI_INTERPRETER_MODE@ 0000000180012b68     astable.obj
 0002:00002b80       ??_C@_0BA@KELINDDP@ACPI_IO_ADDRESS@ 0000000180012b80     astable.obj
 0002:00002b90       ??_C@_0BC@HOONGCAJ@ACPI_IO_ATTRIBUTE@ 0000000180012b90     astable.obj
 0002:00002ba8       ??_C@_0BB@IPECHILK@ACPI_LPIT_HEADER@ 0000000180012ba8     astable.obj
 0002:00002bc0       ??_C@_0N@EDHABNHB@ACPI_LPIT_IO@ 0000000180012bc0     astable.obj
 0002:00002bd0       ??_C@_0BB@DGIKFGAG@ACPI_LPIT_NATIVE@ 0000000180012bd0     astable.obj
 0002:00002be8       ??_C@_0BB@CMOPONEM@ACPI_MEM_MAPPING@ 0000000180012be8     astable.obj
 0002:00002c00       ??_C@_0BH@MHJMCOP@ACPI_MEM_SPACE_CONTEXT@ 0000000180012c00     astable.obj
 0002:00002c18       ??_C@_0BG@BDMCLDJC@ACPI_MEMORY_ATTRIBUTE@ 0000000180012c18     astable.obj
 0002:00002c30       ??_C@_0BB@FANCOHPE@ACPI_MEMORY_LIST@ 0000000180012c30     astable.obj
 0002:00002c48       ??_C@_0BC@KOKOEHKE@ACPI_METHOD_LOCAL@ 0000000180012c48     astable.obj
 0002:00002c60       ??_C@_0L@GEEHGMPK@ACPI_MUTEX@ 0000000180012c60     astable.obj
 0002:00002c70       ??_C@_0BC@NJHCKLKA@ACPI_MUTEX_HANDLE@ 0000000180012c70     astable.obj
 0002:00002c88       ??_C@_0BA@NHDGDIAN@ACPI_MUTEX_INFO@ 0000000180012c88     astable.obj
 0002:00002c98       ??_C@_09MCFIMBDI@ACPI_NAME@ 0000000180012c98     astable.obj
 0002:00002ca8       ??_C@_0P@BEMFLNEM@ACPI_NAME_INFO@ 0000000180012ca8     astable.obj
 0002:00002cb8       ??_C@_0BA@DNPDHIDL@ACPI_NAME_UNION@ 0000000180012cb8     astable.obj
 0002:00002cc8       ??_C@_0BE@KKIIMNC@ACPI_NAMESPACE_NODE@ 0000000180012cc8     astable.obj
 0002:00002ce0       ??_C@_0BF@NFDCDPBF@ACPI_NAMESTRING_INFO@ 0000000180012ce0     astable.obj
 0002:00002cf8       ??_C@_0BA@BABOPAMI@ACPI_NATIVE_INT@ 0000000180012cf8     astable.obj
 0002:00002d08       ??_C@_0BB@GCAOKILO@ACPI_NATIVE_UINT@ 0000000180012d08     astable.obj
 0002:00002d20       ??_C@_0BE@BALHPNCC@ACPI_NEW_TABLE_DESC@ 0000000180012d20     astable.obj
 0002:00002d38       ??_C@_0BE@INPGFCNE@ACPI_NOTIFY_HANDLER@ 0000000180012d38     astable.obj
 0002:00002d50       ??_C@_0BB@HDFPJMDB@ACPI_NOTIFY_INFO@ 0000000180012d50     astable.obj
 0002:00002d68       ??_C@_0BE@BCJKNNFC@ACPI_NS_SEARCH_DATA@ 0000000180012d68     astable.obj
 0002:00002d80       ??_C@_0BF@DAGIHGEK@ACPI_OBJ_INFO_HEADER@ 0000000180012d80     astable.obj
 0002:00002d98       ??_C@_0M@MFDEICEG@ACPI_OBJECT@ 0000000180012d98     astable.obj
 0002:00002da8       ??_C@_0BJ@GMPAOOHP@ACPI_OBJECT_ADDR_HANDLER@ 0000000180012da8     astable.obj
 0002:00002dc8       ??_C@_0BH@FGKCMBED@ACPI_OBJECT_BANK_FIELD@ 0000000180012dc8     astable.obj
 0002:00002de0       ??_C@_0BD@PFFADDGJ@ACPI_OBJECT_BUFFER@ 0000000180012de0     astable.obj
 0002:00002df8       ??_C@_0BJ@KJFIDOOA@ACPI_OBJECT_BUFFER_FIELD@ 0000000180012df8     astable.obj
 0002:00002e18       ??_C@_0BH@NABFKIDA@ACPI_OBJECT_CACHE_LIST@ 0000000180012e18     astable.obj
 0002:00002e30       ??_C@_0BD@LKFLHHLL@ACPI_OBJECT_COMMON@ 0000000180012e30     astable.obj
 0002:00002e48       ??_C@_0BG@KCAIDM@ACPI_OBJECT_CONVERTER@ 0000000180012e48     astable.obj
 0002:00002e60       ??_C@_0BB@PENIDOMF@ACPI_OBJECT_DATA@ 0000000180012e60     astable.obj
 0002:00002e78       ??_C@_0BD@KMNLHLDI@ACPI_OBJECT_DEVICE@ 0000000180012e78     astable.obj
 0002:00002e90       ??_C@_0BC@MPEIJJKB@ACPI_OBJECT_EVENT@ 0000000180012e90     astable.obj
 0002:00002ea8       ??_C@_0BC@LKFEKLDK@ACPI_OBJECT_EXTRA@ 0000000180012ea8     astable.obj
 0002:00002ec0       ??_C@_0BJ@CNKBHMNP@ACPI_OBJECT_FIELD_COMMON@ 0000000180012ec0     astable.obj
 0002:00002ee0       ??_C@_0BE@EMLFDJHO@ACPI_OBJECT_HANDLER@ 0000000180012ee0     astable.obj
 0002:00002ef8       ??_C@_0BI@PJCCLCJL@ACPI_OBJECT_INDEX_FIELD@ 0000000180012ef8     astable.obj
 0002:00002f10       ??_C@_0BE@DOHLMGEF@ACPI_OBJECT_INTEGER@ 0000000180012f10     astable.obj
 0002:00002f28       ??_C@_0BB@NFAKLALC@ACPI_OBJECT_INFO@ 0000000180012f28     astable.obj
 0002:00002f40       ??_C@_0BB@DDOGKNHK@ACPI_OBJECT_LIST@ 0000000180012f40     astable.obj
 0002:00002f58       ??_C@_0BD@OLDOMCML@ACPI_OBJECT_METHOD@ 0000000180012f58     astable.obj
 0002:00002f70       ??_C@_0BC@CMPOPBAL@ACPI_OBJECT_MUTEX@ 0000000180012f70     astable.obj
 0002:00002f88       ??_C@_0BK@HALFCEJI@ACPI_OBJECT_NOTIFY_COMMON@ 0000000180012f88     astable.obj
 0002:00002fa8       ??_C@_0BL@OOBIKGFP@ACPI_OBJECT_NOTIFY_HANDLER@ 0000000180012fa8     astable.obj
 0002:00002fc8       ??_C@_0BE@CJEIBPMK@ACPI_OBJECT_PACKAGE@ 0000000180012fc8     astable.obj
 0002:00002fe0       ??_C@_0BL@FBOHANFK@ACPI_OBJECT_POWER_RESOURCE@ 0000000180012fe0     astable.obj
 0002:00003000       ??_C@_0BG@MFNILANJ@ACPI_OBJECT_PROCESSOR@ 0000000180013000     astable.obj
 0002:00003018       ??_C@_0BG@CKIKMDPM@ACPI_OBJECT_REFERENCE@ 0000000180013018     astable.obj
 0002:00003030       ??_C@_0BD@BPLLEMFB@ACPI_OBJECT_REGION@ 0000000180013030     astable.obj
 0002:00003048       ??_C@_0BJ@JPPIFPHB@ACPI_OBJECT_REGION_FIELD@ 0000000180013048     astable.obj
 0002:00003068       ??_C@_0BD@JEGFPFH@ACPI_OBJECT_STRING@ 0000000180013068     astable.obj
 0002:00003080       ??_C@_0BJ@PBMLEFKP@ACPI_OBJECT_THERMAL_ZONE@ 0000000180013080     astable.obj
 0002:000030a0       ??_C@_0BB@GCPALLOP@ACPI_OBJECT_TYPE@ 00000001800130a0     astable.obj
 0002:000030b8       ??_C@_0BC@CHEILDKJ@ACPI_OBJECT_TYPE8@ 00000001800130b8     astable.obj
 0002:000030d0       ??_C@_0BC@PBHBFFNG@ACPI_OP_WALK_INFO@ 00000001800130d0     astable.obj
 0002:000030e8       ??_C@_0BB@IBMHPCIP@ACPI_OPCODE_INFO@ 00000001800130e8     astable.obj
 0002:00003100       ??_C@_0BE@BDIAMNHO@ACPI_OPERAND_OBJECT@ 0000000180013100     astable.obj
 0002:00003118       ??_C@_0BB@JCOAPDJL@ACPI_OSD_HANDLER@ 0000000180013118     astable.obj
 0002:00003130       ??_C@_0BH@FKFALNNK@ACPI_OSD_EXEC_CALLBACK@ 0000000180013130     astable.obj
 0002:00003148       ??_C@_0O@EFONBJK@ACPI_OWNER_ID@ 0000000180013148     astable.obj
 0002:00003158       ??_C@_0BC@GBJANHML@ACPI_PACKAGE_INFO@ 0000000180013158     astable.obj
 0002:00003170       ??_C@_0BD@OBKHNPJO@ACPI_PACKAGE_INFO2@ 0000000180013170     astable.obj
 0002:00003188       ??_C@_0BD@PILMOONP@ACPI_PACKAGE_INFO3@ 0000000180013188     astable.obj
 0002:000031a0       ??_C@_0BD@LHPNHIBI@ACPI_PACKAGE_INFO4@ 00000001800131a0     astable.obj
 0002:000031b8       ??_C@_0BF@HLIOIGKL@ACPI_PARSE_DOWNWARDS@ 00000001800131b8     astable.obj
 0002:000031d0       ??_C@_0BD@JFGAABP@ACPI_PARSE_OBJ_ASL@ 00000001800131d0     astable.obj
 0002:000031e8       ??_C@_0BG@DHNLMCGK@ACPI_PARSE_OBJ_COMMON@ 00000001800131e8     astable.obj
 0002:00003200       ??_C@_0BF@HMNENDLA@ACPI_PARSE_OBJ_NAMED@ 0000000180013200     astable.obj
 0002:00003218       ??_C@_0BC@OMEHMMOF@ACPI_PARSE_OBJECT@ 0000000180013218     astable.obj
[...]
 0002:00007444       $unwind$strncpy            0000000180017444     toroC64:StrNCpy.obj
 0002:00007454       $unwind$toupper            0000000180017454     toroC64:toupper.obj
 0002:0000745c       $unwind$tolower            000000018001745c     toroC64:tolower.obj
 0002:00007464       $unwind$_findclose         0000000180017464     toroC64:_findclose.obj
 0002:0000746c       $unwind$_findfirst64i32    000000018001746c     toroC64:_findfirst.obj
 0002:00007484       $unwind$_findnext64i32     0000000180017484     toroC64:_findnext.obj
 0002:000074a0       $unwind$calloc             00000001800174a0     toroC64:Calloc.obj
 0002:000074ac       $unwind$free               00000001800174ac     toroC64:Free.obj
 0002:000074b4       $unwind$printf             00000001800174b4     toroC64:Printf.obj
 0002:000074bc       $unwind$getchar            00000001800174bc     toroC64:Getchar.obj
 0002:000074c4       $unwind$vfprintf           00000001800174c4     toroC64:Vfprintf.obj
 0002:000074d8       $unwind$memmove            00000001800174d8     toroC64:MemMove.obj
 0002:000074e8       $unwind$isxdigit           00000001800174e8     toroC64:isxdigit.obj
 0002:000074f0       $unwind$isalnum            00000001800174f0     toroC64:isalnum.obj
 0002:000074fc       $unwind$strncmp            00000001800174fc     toroC64:StrNCmp.obj
 0002:0000750c       $unwind$_errno             000000018001750c     toroC64:errno.obj
 0002:00007514       $unwind$perror             0000000180017514     toroC64:Perror.obj
 0002:00007524       $unwind$isprint            0000000180017524     toroC64:isprint.obj
 0002:0000752c       $unwind$fclose             000000018001752c     toroC64:Fclose.obj
 0002:00007544       $unwind$fopen              0000000180017544     toroC64:Fopen.obj
 0002:00007560       $unwind$fread              0000000180017560     toroC64:Fread.obj
 0002:00007574       $unwind$fwrite             0000000180017574     toroC64:Fwrite.obj
 0002:00007588       $unwind$_mkdir             0000000180017588     toroC64:_mkdir.obj
 0002:000075a4       $unwind$exit               00000001800175a4     toroC64:exit.obj
 0002:000075ac       $unwind$_stat64i32         00000001800175ac     toroC64:_stat64i32.obj
 0002:000075c4       $unwind$clock              00000001800175c4     toroC64:clock.obj
 0002:000075d0       $unwind$_CdeDbgPutChar     00000001800175d0     toroC64:_CdeDbgPutChar.obj
 0002:000075ec       $unwind$_cdeCoreVwxPrintf  00000001800175ec     toroC64:_cdeCoreVwxPrintf.obj
 0002:0000760c       $unwind$intgr2bcd          000000018001760c     toroC64:_cdeCoreVwxPrintf.obj
 0002:00007620       $unwind$fract2bcd          0000000180017620     toroC64:_cdeCoreVwxPrintf.obj
 0002:00007620       $unwind$GetCharAndCount    0000000180017620     toroC64:_cdeCoreVwxScanf.obj
 0002:0000762c       $unwind$str2dev            000000018001762c     toroC64:_cdeCoreVwxPrintf.obj
 0002:00007644       $unwind$num2str            0000000180017644     toroC64:_cdeCoreVwxPrintf.obj
 0002:0000765c       $unwind$nfill              000000018001765c     toroC64:_cdeCoreVwxPrintf.obj
 0002:00007674       $unwind$nprintfield        0000000180017674     toroC64:_cdeCoreVwxPrintf.obj
 0002:0000768c       $unwind$UngetCharAndDecount 000000018001768c     toroC64:_cdeCoreVwxScanf.obj
 0002:00007694       $unwind$str2num            0000000180017694     toroC64:_cdeCoreVwxScanf.obj
 0002:000076ac       $unwind$_cdeCoreVwxScanf   00000001800176ac     toroC64:_cdeCoreVwxScanf.obj
 0002:000076c8       $unwind$_cdeCoreWcsStrTok  00000001800176c8     toroC64:_cdeCoreWcsStrTok.obj
 0002:000076e4       $unwind$_cdeWcsStrPbrkSpn  00000001800176e4     toroC64:_cdeWcsStrPbrkSpn.obj
 0002:00007700       $unwind$_cdeCoreMemRealloc 0000000180017700     toroC64:_cdeCoreMemRealloc.obj
 0002:0000771c       $unwind$_cdeMemStrxCpy     000000018001771c     toroC64:_cdeMemStrxCpy.obj
 0002:00007734       $unwind$_cdeMemStrxCmp     0000000180017734     toroC64:_cdeMemStrxCmp.obj
 0002:00007750       $unwind$_osifIbmAtGetTime  0000000180017750     toroC64:osifIbmAtGetTime.obj
 0002:0000775c       $unwind$_osifUefiShellGetTscPerSec 000000018001775c     toroC64:osifUefiShellGetTscPerSec.obj
 0002:00007774       $unwind$_osifUefiShellMemAlloc 0000000180017774     toroC64:osifUefiShellMemAlloc.obj
 0002:0000777c       $unwind$_osifUefiShellFileWrite 000000018001777c     toroC64:osifUefiShellFileWrite.obj
 0002:00007794       $unwind$_osifUefiShellFileRead 0000000180017794     toroC64:osifUefiShellFileRead.obj
 0002:000077a8       $unwind$_osifUefiShellFileSetPos 00000001800177a8     toroC64:osifUefiShellFileSetPos.obj
 0002:000077bc       $unwind$efifopen           00000001800177bc     toroC64:osifUefiShellFileOpen.obj
 0002:000077d4       $unwind$__CdeFsEnum        00000001800177d4     toroC64:osifUefiShellFileOpen.obj
 0002:000077e8       $unwind$_osifUefiShellFileOpen 00000001800177e8     toroC64:osifUefiShellFileOpen.obj
 0002:00007800       $unwind$_osifUefiShellFileClose 0000000180017800     toroC64:osifUefiShellFileClose.obj
 0002:00007810       $unwind$_osifUefiShellFileDelete 0000000180017810     toroC64:osifUefiShellFileDelete.obj
 0002:00007818       $unwind$_osifUefiShellFileRename 0000000180017818     toroC64:osifUefiShellFileRename.obj
 0002:00007834       $unwind$__cdeReadDirectory 0000000180017834     toroC64:osifUefiShellFileFindAll.obj
 0002:00007850       $unwind$_osifUefiShellFileFindAll 0000000180017850     toroC64:osifUefiShellFileFindAll.obj
 0002:00007868       $unwind$_osifUefiShellFileGetStatus 0000000180017868     toroC64:osifUefiShellFileGetStatus.obj
 0002:0000787c       $unwind$_osifUefiShellDirectoryCreate 000000018001787c     toroC64:osifUefiShellDirectoryCreate.obj
 0002:00007890       $unwind$myEFI_FILE_WRITE   0000000180017890     toroC64:osifUefiShellCmdExec.obj
 0002:000078a8       $unwind$_osifUefiShellCmdExec 00000001800178a8     toroC64:osifUefiShellCmdExec.obj
 0002:000078bc       $unwind$_osifUefiShellGetEnv 00000001800178bc     toroC64:osifUefiShellGetEnv.obj
 0002:000078d4       $unwind$_osifUefiShellGetDrvCwd 00000001800178d4     toroC64:osifUefiShellGetDrvCwd.obj
 0002:000078e0       $unwind$_cdeCoreFread      00000001800178e0     toroC64:_cdeCoreFread.obj
 0002:000078f8       $unwind$_cdeCoreFwrite     00000001800178f8     toroC64:_cdeCoreFwrite.obj
 0002:00007910       $unwind$_cdeCoreFsetpos    0000000180017910     toroC64:_cdeCoreFsetpos.obj
 0002:00007924       $unwind$_cdeCoreFflush     0000000180017924     toroC64:_cdeCoreFflush.obj
 0002:00007934       $unwind$_CdeLocateProtocol 0000000180017934     toroC64:_CdeLocateProtocol.obj
 0002:0000793c       $unwind$_cdeStr2Argcv      000000018001793c     toroC64:_cdeStr2Argcv.obj
 0002:00007954       $unwind$memset             0000000180017954     toroC64:MemSetCDEINTRINABI.obj
 0002:0000795c       $unwind$memcmp             000000018001795c     toroC64:MemCmpCDEINTRINABI.obj
 0002:0000796c       $unwind$fcloseCDEABI       000000018001796c     toroC64:FcloseCDEABI.obj
 0002:00007984       $unwind$fgetcCDEABI        0000000180017984     toroC64:FgetcCDEABI.obj
 0002:0000798c       $unwind$fwriteCDEABI       000000018001798c     toroC64:FwriteCDEABI.obj
 0002:000079a0       $unwind$sprintfCDEABI      00000001800179a0     toroC64:SprintfCDEABI.obj
 0002:000079a8       $unwind$raiseCDEABI        00000001800179a8     toroC64:raiseCDEABI.obj
 0002:000079b4       $unwind$strcmpCDEABI       00000001800179b4     toroC64:StrCmpCDEABI.obj
 0002:000079c0       $unwind$fprintfCDEABI      00000001800179c0     toroC64:FprintfCDEABI.obj
 0002:000079c8       $unwind$_fseeki64          00000001800179c8     toroC64:_Fseeki64.obj
 0002:000079dc       $unwind$_ftelli64          00000001800179dc     toroC64:_Ftelli64.obj
 0002:000079e4       $unwind$strpbrk            00000001800179e4     toroC64:StrPbrk.obj
 0002:000079f0       $unwind$abort              00000001800179f0     toroC64:abort.obj
 0002:000079fc       $unwind$strrchr            00000001800179fc     toroC64:StrRChr.obj
 0002:00007a08       $unwind$__cdeSplitSearchNameExt2Upcase 0000000180017a08     toroC64:__cdeSplitSearchNameExt2Upcase.obj
 0002:00007a24       $unwind$strspn             0000000180017a24     toroC64:StrSpn.obj
 0002:00007a30       $unwind$__cdeStrMatch      0000000180017a30     toroC64:__cdeStrMatch.obj
 0002:00007a48       $unwind$realloc            0000000180017a48     toroC64:Realloc.obj
 0002:00007a54       $unwind$fgetc              0000000180017a54     toroC64:Fgetc.obj
 0002:00007a5c       $unwind$fputc              0000000180017a5c     toroC64:Fputc.obj
 0002:00007a64       $unwind$isalpha            0000000180017a64     toroC64:isalpha.obj
 0002:00007a70       $unwind$isgraph            0000000180017a70     toroC64:isgraph.obj
 0002:00007a7c       $unwind$fflush             0000000180017a7c     toroC64:Fflush.obj
 0002:00007a84       $unwind$remove             0000000180017a84     toroC64:Remove.obj
 0002:00007a98       $unwind$__cdeIsFilePointer 0000000180017a98     toroC64:__cdeIsFilePointer.obj
 0002:00007aac       $unwind$_stricmp           0000000180017aac     toroC64:_StrICmp.obj
 0002:00007ab8       $unwind$_cdeCoreSprintf    0000000180017ab8     toroC64:_cdeCoreSprintf.obj
 0002:00007ac0       $unwind$isxdigitCDEABI     0000000180017ac0     toroC64:isxdigitCDEABI.obj
 0002:00007ac8       $unwind$_cdeUMUL128        0000000180017ac8     toroC64:_cdeUMUL128.obj
 0002:00007ad0       $unwind$_mktime64CDEABI    0000000180017ad0     toroC64:mktimeCDEABI.obj
 0002:00007ad8       $unwind$_cdeGmltime        0000000180017ad8     toroC64:_cdeGmltime.obj
 0002:00007ae4       $unwind$__cdeOnErrSet_status 0000000180017ae4     toroC64:__cdeOnErrSet_status.obj
 0002:00007aec       $unwind$__cdeOffsetCdeFposType 0000000180017aec     toroC64:__cdeGetOffsetCdeFposType.obj
 0002:00007af4       $unwind$__cdeBiasCdeFposType 0000000180017af4     toroC64:__cdeGetBiasCdeFposType.obj
 0002:00007b00       $unwind$wcschrCDEABI       0000000180017b00     toroC64:WcsChrCDEABI.obj
 0002:00007b08       $unwind$wcscatCDEABI       0000000180017b08     toroC64:WcsCatCDEABI.obj
 0002:00007b14       $unwind$wcscpyCDEABI       0000000180017b14     toroC64:WcsCpyCDEABI.obj
 0002:00007b20       $unwind$wcsncmpCDEABI      0000000180017b20     toroC64:WcsNCmpCDEABI.obj
 0002:00007b30       $unwind$wcsncpyCDEABI      0000000180017b30     toroC64:WcsNCpyCDEABI.obj
 0002:00007b40       $unwind$wcstokCDEABI       0000000180017b40     toroC64:WcsTokCDEABI.obj
 0002:00007b50       $unwind$_wcsicmpCDEABI     0000000180017b50     toroC64:_WcsICmpCDEABI.obj
 0002:00007b5c       $unwind$_stricmpCDEABI     0000000180017b5c     toroC64:_StrICmpCDEABI.obj
 0002:00007b68       $unwind$_CdeLocateHandleBuffer 0000000180017b68     toroC64:_CdeLocateHandleBuffer.obj
 0002:00007b78       $unwind$_cdeConvertDevicePathToText 0000000180017b78     toroC64:_cdeConvertDevicePathToText.obj
 0002:00007b80       $unwind$_CdeGetMapFromDevicePath 0000000180017b80     toroC64:_CdeGetMapFromDevicePath.obj
 0002:00007b88       $unwind$_CdeGetCurDir      0000000180017b88     toroC64:_CdeGetCurDir.obj
 0002:00007b90       $unwind$wcsrchrCDEABI      0000000180017b90     toroC64:WcsRChrCDEABI.obj
 0002:00007b9c       $unwind$_errnoCDEABI       0000000180017b9c     toroC64:errnoCDEABI.obj
 0002:00007ba4       $unwind$fopenCDEABI        0000000180017ba4     toroC64:FopenCDEABI.obj
 0002:00007bc0       $unwind$freadCDEABI        0000000180017bc0     toroC64:FreadCDEABI.obj
 0002:00007bd4       $unwind$strchrCDEABI       0000000180017bd4     toroC64:StrChrCDEABI.obj
 0002:00007bdc       $unwind$reallocCDEABI      0000000180017bdc     toroC64:ReallocCDEABI.obj
 0002:00007be8       $unwind$wcstombsCDEABI     0000000180017be8     toroC64:wcstombsCDEABI.obj
 0002:00007bf0       $unwind$abortCDEABI        0000000180017bf0     toroC64:abortCDEABI.obj
 0002:00007bfc       $unwind$strncpyCDEABI      0000000180017bfc     toroC64:StrNCpyCDEABI.obj
 0002:00007c0c       $unwind$strncmpCDEABI      0000000180017c0c     toroC64:StrNCmpCDEABI.obj
 0002:00007c1c       $unwind$strcpyCDEABI       0000000180017c1c     toroC64:StrCpyCDEABI.obj
 0002:00007c28       $unwind$strcatCDEABI       0000000180017c28     toroC64:StrCatCDEABI.obj
 0002:00007c34       $unwind$strtolCDEABI       0000000180017c34     toroC64:strtolCDEABI.obj
 0002:00007c3c       $unwind$_strnicmpCDEABI    0000000180017c3c     toroC64:_StrNICmpCDEABI.obj
 0002:00007c4c       $unwind$toupperCDEABI      0000000180017c4c     toroC64:toupperCDEABI.obj
 0002:00007c54       $unwind$_cdeEfiTime2TimeT  0000000180017c54     toroC64:_cdeEfiTime2TimeT.obj
 0002:00007c5c       $unwind$__cdeIsFilePointerCORE 0000000180017c5c     toroC64:__cdeIsFilePointerCORE.obj
 0002:00007c74       $unwind$__cderewindCORE    0000000180017c74     toroC64:__cderewindCORE.obj
 0002:00007c7c       $unwind$_cdeAbort          0000000180017c7c     toroC64:_cdeAbort.obj
 0002:00007c84       $unwind$fflushCDEABI       0000000180017c84     toroC64:FflushCDEABI.obj
 0002:00007c8c       $unwind$removeCDEABI       0000000180017c8c     toroC64:RemoveCDEABI.obj
 0002:00007ca0       $unwind$invalid_parameter_handler 0000000180017ca0     toroC64:_invalid_parameter_handlerCDEABI.obj
 0002:00007cb4       $unwind$vsnprintfCDEABI    0000000180017cb4     toroC64:VsnprintfCDEABI.obj
 0002:00007ccc       $unwind$vfprintfCDEABI     0000000180017ccc     toroC64:VfprintfCDEABI.obj
 0002:00007ce0       $unwind$fsetposCDEABI      0000000180017ce0     toroC64:FsetposCDEABI.obj
 0002:00007cec       $unwind$fgetpos            0000000180017cec     toroC64:Fgetpos.obj
 0002:00007d00       $unwind$raise              0000000180017d00     toroC64:raise.obj
 0002:00007d0c       $unwind$strcspn            0000000180017d0c     toroC64:StrCSpn.obj
 0002:00007d18       $unwind$_strnicmp          0000000180017d18     toroC64:_StrNICmp.obj
 0002:00007d28       $unwind$invalid_parameter_handler 0000000180017d28     toroC64:_invalid_parameter_handler.obj
 0002:00007d3c       $unwind$__cdeOnErrSet_errno 0000000180017d3c     toroC64:__cdeOnErrSet_errno.obj
 0002:00007d44       $unwind$_cdeDay2Greg       0000000180017d44     toroC64:_cdeDay2Greg.obj
 0002:00007d50       $unwind$_efierrno          0000000180017d50     toroC64:_efierrno.obj
 0002:00007d58       $unwind$wcspbrkCDEABI      0000000180017d58     toroC64:WcsPbrkCDEABI.obj
 0002:00007d64       $unwind$_cdePoolWcs2AppWcs 0000000180017d64     toroC64:_CdePoolWcs2AppWcs.obj
 0002:00007d74       $unwind$strpbrkCDEABI      0000000180017d74     toroC64:StrPbrkCDEABI.obj
 0002:00007d80       $unwind$exitCDEABI         0000000180017d80     toroC64:exitCDEABI.obj
 0002:00007d88       $unwind$_cdeSscanf         0000000180017d88     toroC64:_cdeSscanf.obj
 0002:00007d94       $unwind$__cdeOnErrSet_errnoCORE 0000000180017d94     toroC64:__cdeOnErrSet_errnoCORE.obj
 0002:00007d9c       $unwind$fputcCDEABI        0000000180017d9c     toroC64:FputcCDEABI.obj
 0003:00000008       CurrentCharPtr             0000000180018008     getopt.obj
 0003:00003e70       gCdeSystemVolumes          000000018001be70     toroC64:osifUefiShellEntryPoint.obj
 0003:00004d80       gCdeServicesShell          000000018001cd80     toroC64:osifUefiShellEntryPoint.obj
 0003:00005530       _gEfiStatusCodeRuntimeProtocolGuid 000000018001d530     toroC64:osifUefiShellEntryPoint.obj
 0003:00005540       ?EfiLoadedImageProtocolGuid@?1??_MainEntryPointShell@@9@9 000000018001d540     toroC64:osifUefiShellEntryPoint.obj
 0003:00005550       ?EfiShellParametersProtocolGuid@?L@??_MainEntryPointShell@@9@9 000000018001d550     toroC64:osifUefiShellEntryPoint.obj
 0003:00005560       ?EfiAcpi20TableGuid@?N@??_MainEntryPointShell@@9@9 000000018001d560     toroC64:osifUefiShellEntryPoint.obj
 0003:00005570       ROMPARM                    000000018001d570     toroC64:StrCmp.obj
 0003:00005578       ROMPARM                    000000018001d578     toroC64:StrNCmp.obj
 0003:00005580       ?ROMPARM@?5??fopen@@9@9    000000018001d580     toroC64:Fopen.obj
 0003:00005588       ?action@?4??_cdeCoreMemRealloc@@9@9 000000018001d588     toroC64:_cdeCoreMemRealloc.obj
 0003:00005590       tblMode                    000000018001d590     toroC64:osifUefiShellFileOpen.obj
 0003:00005790       ?wcsSHELL@?1??myEFI_FILE_WRITE@@9@9 000000018001d790     toroC64:osifUefiShellCmdExec.obj
 0003:000057c8       ?wcsMAP@?1??myEFI_FILE_WRITE@@9@9 000000018001d7c8     toroC64:osifUefiShellCmdExec.obj
 0003:000057e8       ?wcsALIAS@?1??myEFI_FILE_WRITE@@9@9 000000018001d7e8     toroC64:osifUefiShellCmdExec.obj
 0003:00005800       ?wcsBLK@?1??myEFI_FILE_WRITE@@9@9 000000018001d800     toroC64:osifUefiShellCmdExec.obj
 0003:00005818       ?wcsBLK2@?1??myEFI_FILE_WRITE@@9@9 000000018001d818     toroC64:osifUefiShellCmdExec.obj
 0003:00005828       ?wcsFS@?1??myEFI_FILE_WRITE@@9@9 000000018001d828     toroC64:osifUefiShellCmdExec.obj
 0003:00005840       ?wcsFS2@?1??myEFI_FILE_WRITE@@9@9 000000018001d840     toroC64:osifUefiShellCmdExec.obj
 0003:00005918       ROMPARM                    000000018001d918     toroC64:MemCmpCDEINTRINABI.obj
 0003:00005948       ROMPARM                    000000018001d948     toroC64:StrCmpCDEABI.obj
 0003:000059a0       rgszSysErrors              000000018001d9a0     toroC64:StrError.obj
 0003:00005af8       ROMPARM                    000000018001daf8     toroC64:_StrICmp.obj
 0003:00005b10       ?RomParm@?1??_cdeCoreSprintf@@9@9 000000018001db10     toroC64:_cdeCoreSprintf.obj
 0003:00005b58       ROMPARM                    000000018001db58     toroC64:WcsNCmpCDEABI.obj
 0003:00005b70       ROMPARM                    000000018001db70     toroC64:WcsTokCDEABI.obj
 0003:00005b80       ROMPARM                    000000018001db80     toroC64:_WcsICmpCDEABI.obj
 0003:00005b90       ROMPARM                    000000018001db90     toroC64:_StrICmpCDEABI.obj
 0003:00005be8       ?ROMPARM@?5??fopenCDEABI@@9@9 000000018001dbe8     toroC64:FopenCDEABI.obj
 0003:00005c38       ROMPARM                    000000018001dc38     toroC64:StrNCmpCDEABI.obj
 0003:00005c68       ROMPARM                    000000018001dc68     toroC64:_StrNICmpCDEABI.obj
 0003:00005cb0       RomParm                    000000018001dcb0     toroC64:VsnprintfCDEABI.obj
 0003:00005cc0       ?sigorder@?1??_cdeSig2idx@@9@9 000000018001dcc0     toroC64:_cdeSig2idx.obj
 0003:00005cd8       ROMPARM                    000000018001dcd8     toroC64:_StrNICmp.obj
 0003:00005d08       RomParm                    000000018001dd08     toroC64:_cdeSscanf.obj
 0003:00005df0       _iob                       000000018001ddf0     toroC64:osifUefiShellEntryPoint.obj
 0003:00007df0       ?DblData@?CA@??_cdeCoreVwxPrintf@@9@9 000000018001fdf0     toroC64:_cdeCoreVwxPrintf.obj
 0003:00008380       ?wcBuffer@?1??_osifUefiShellFileWrite@@9@9 0000000180020380     toroC64:osifUefiShellFileWrite.obj
 0003:00008790       ?zBuf64k@?O@??_osifUefiShellFileWrite@@9@9 0000000180020790     toroC64:osifUefiShellFileWrite.obj
 0003:00018790       ?wcbuffer@?3??_osifUefiShellFileRead@@9@9 0000000180030790     toroC64:osifUefiShellFileRead.obj
 0003:00018b90       ?wcsFilePath@?5??_osifUefiShellFileOpen@@9@9 0000000180030b90     toroC64:osifUefiShellFileOpen.obj
 0003:00018da0       ?wcsFileName@?5??_osifUefiShellFileOpen@@9@9 0000000180030da0     toroC64:osifUefiShellFileOpen.obj
 0003:00018fa8       ?wcsDrive@?5??_osifUefiShellFileOpen@@9@9 0000000180030fa8     toroC64:osifUefiShellFileOpen.obj
 0003:00018fc8       ?wcsDrive2@?5??_osifUefiShellFileOpen@@9@9 0000000180030fc8     toroC64:osifUefiShellFileOpen.obj
 0003:00018ff0       state                      0000000180030ff0     toroC64:osifUefiShellCmdExec.obj
 0003:00019000       ?wcsCommand@?1??_osifUefiShellCmdExec@@9@9 0000000180031000     toroC64:osifUefiShellCmdExec.obj
 0003:00019210       ?buffer@?1??_osifUefiShellGetEnv@@9@9 0000000180031210     toroC64:osifUefiShellGetEnv.obj
