 AcpiDump

 Timestamp is 652ac789 (Sat Oct 14 18:53:29 2023)

 Preferred load address is 0000000180000000

 Start         Length     Name                   Class
 0001:00000000 0000d35eH .text$mn                CODE
 0002:00000000 00000008H .CRT$XCA                DATA
 0002:00000008 00000008H .CRT$XCZ                DATA
 0002:00000010 00000008H .CRT$XIA                DATA
 0002:00000018 00000008H .CRT$XIZ                DATA
 0002:00000020 00000008H .CRT$XPA                DATA
 0002:00000028 00000008H .CRT$XPZ                DATA
 0002:00000030 00000008H .CRT$XTA                DATA
 0002:00000038 00000008H .CRT$XTZ                DATA
 0002:00000040 0000210cH .rdata                  DATA
 0002:0000214c 00000040H .rdata$voltmd           DATA
 0002:0000218c 00000138H .rdata$zzzdbg           DATA
 0002:000022c4 00000df8H .xdata                  DATA
 0002:000030bc 00000000H .edata                  DATA
 0003:00000000 00001e80H .data                   DATA
 0003:00001e80 00013938H .bss                    DATA
 0004:00000000 00000be8H .pdata                  DATA

  Address         Publics by Value              Rva+Base               Lib:Object

 0000:00000000       __AbsoluteZero             0000000000000000     <absolute>
 0000:00000000       ___safe_se_handler_count   0000000000000000     <absolute>
 0000:00000000       ___safe_se_handler_table   0000000000000000     <absolute>
 0000:00000000       __arm64x_extra_rfe_table   0000000000000000     <absolute>
 0000:00000000       __arm64x_extra_rfe_table_size 0000000000000000     <absolute>
 0000:00000000       __arm64x_native_entrypoint 0000000000000000     <absolute>
 0000:00000000       __arm64x_redirection_metadata 0000000000000000     <absolute>
 0000:00000000       __arm64x_redirection_metadata_count 0000000000000000     <absolute>
 0000:00000000       __dynamic_value_reloc_table 0000000000000000     <absolute>
 0000:00000000       __enclave_config           0000000000000000     <absolute>
 0000:00000000       __guard_check_icall_a64n_fptr 0000000000000000     <absolute>
 0000:00000000       __guard_eh_cont_count      0000000000000000     <absolute>
 0000:00000000       __guard_eh_cont_table      0000000000000000     <absolute>
 0000:00000000       __guard_fids_count         0000000000000000     <absolute>
 0000:00000000       __guard_fids_table         0000000000000000     <absolute>
 0000:00000000       __guard_flags              0000000000000000     <absolute>
 0000:00000000       __guard_iat_count          0000000000000000     <absolute>
 0000:00000000       __guard_iat_table          0000000000000000     <absolute>
 0000:00000000       __guard_longjmp_count      0000000000000000     <absolute>
 0000:00000000       __guard_longjmp_table      0000000000000000     <absolute>
 0000:00000000       __hybrid_auxiliary_delayload_iat 0000000000000000     <absolute>
 0000:00000000       __hybrid_auxiliary_delayload_iat_copy 0000000000000000     <absolute>
 0000:00000000       __hybrid_auxiliary_iat     0000000000000000     <absolute>
 0000:00000000       __hybrid_auxiliary_iat_copy 0000000000000000     <absolute>
 0000:00000000       __hybrid_code_map          0000000000000000     <absolute>
 0000:00000000       __hybrid_code_map_count    0000000000000000     <absolute>
 0000:00000000       __hybrid_image_info_bitfield 0000000000000000     <absolute>
 0000:00000000       __x64_code_ranges_to_entry_points 0000000000000000     <absolute>
 0000:00000000       __x64_code_ranges_to_entry_points_count 0000000000000000     <absolute>
 0000:00000000       __ImageBase                0000000180000000     <linker-defined>
 0001:00000000       CmGetFileSize              0000000180001000 f   cmfsize.obj
 0001:00000094       AcpiGetopt                 0000000180001094 f   getopt.obj
 0001:00000390       AcpiGetoptArgument         0000000180001390 f   getopt.obj
 0001:00000430       AcpiTbPrintTableHeader     0000000180001430 f   tbprint.obj
 0001:00000564       AcpiTbChecksum             0000000180001564 f   tbprint.obj
 0001:00000580       AcpiTbVerifyChecksum       0000000180001580 f   tbprint.obj
 0001:00000668       AcpiFindRootPointer        0000000180001668 f   tbxfroot.obj
 0001:000007b4       AcpiTbGetRsdpLength        00000001800017b4 f   tbxfroot.obj
 0001:000007f4       AcpiTbValidateRsdp         00000001800017f4 f   tbxfroot.obj
 0001:00000860       AcpiTbScanMemoryForRsdp    0000000180001860 f   tbxfroot.obj
 0001:000008a0       AcpiUtValidNameseg         00000001800018a0 f   utascii.obj
 0001:000008e0       AcpiUtValidNameChar        00000001800018e0 f   utascii.obj
 0001:00000910       AcpiUtCheckAndRepairAscii  0000000180001910 f   utascii.obj
 0001:00000970       AcpiUtDebugDumpBuffer      0000000180001970 f   utbuffer.obj
 0001:0000099c       AcpiUtDumpBuffer           000000018000199c f   utbuffer.obj
 0001:00000b68       AcpiUtDumpBufferToFile     0000000180001b68 f   utbuffer.obj
 0001:00000d24       AcpiFormatException        0000000180001d24 f   utexcep.obj
 0001:00000d6c       AcpiUtValidateException    0000000180001d6c f   utexcep.obj
 0001:00000e38       AcpiUtHexToAsciiChar       0000000180001e38 f   uthex.obj
 0001:00000e64       AcpiUtAsciiToHexByte       0000000180001e64 f   uthex.obj
 0001:00000ecc       AcpiUtAsciiCharToHex       0000000180001ecc f   uthex.obj
 0001:00000ee4       AcpiUtDivide               0000000180001ee4 f   utmath.obj
 0001:00000f3c       AcpiUtShortDivide          0000000180001f3c f   utmath.obj
 0001:00000f98       AcpiUtShortMultiply        0000000180001f98 f   utmath.obj
 0001:00000fb0       AcpiUtShortShiftLeft       0000000180001fb0 f   utmath.obj
 0001:00000fcc       AcpiUtShortShiftRight      0000000180001fcc f   utmath.obj
 0001:00000fe0       AcpiUtStrupr               0000000180001fe0 f   utnonansi.obj
 0001:00001010       AcpiUtStrlwr               0000000180002010 f   utnonansi.obj
 0001:00001040       AcpiUtStricmp              0000000180002040 f   utnonansi.obj
 0001:00001090       AcpiUtSafeStrcpy           0000000180002090 f   utnonansi.obj
 0001:000010dc       AcpiUtSafeStrncpy          00000001800020dc f   utnonansi.obj
 0001:00001108       AcpiUtSafeStrcat           0000000180002108 f   utnonansi.obj
 0001:0000116c       AcpiUtSafeStrncat          000000018000216c f   utnonansi.obj
 0001:000011f0       AcpiUtPrintString          00000001800021f0 f   utstring.obj
 0001:0000133c       AcpiUtRepairName           000000018000233c f   utstring.obj
 0001:000013d4       AcpiUtConvertOctalString   00000001800023d4 f   utstrsuppt.obj
 0001:00001444       AcpiUtConvertDecimalString 0000000180002444 f   utstrsuppt.obj
 0001:000014bc       AcpiUtConvertHexString     00000001800024bc f   utstrsuppt.obj
 0001:00001534       AcpiUtRemoveWhitespace     0000000180002534 f   utstrsuppt.obj
 0001:00001568       AcpiUtRemoveLeadingZeros   0000000180002568 f   utstrsuppt.obj
 0001:00001584       AcpiUtDetectHexPrefix      0000000180002584 f   utstrsuppt.obj
 0001:000015b0       AcpiUtRemoveHexPrefix      00000001800025b0 f   utstrsuppt.obj
 0001:000015e0       AcpiUtDetectOctalPrefix    00000001800025e0 f   utstrsuppt.obj
 0001:000016e4       AcpiUtStrtoul64            00000001800026e4 f   utstrtoul64.obj
 0001:000017ac       AcpiUtExplicitStrtoul64    00000001800027ac f   utstrtoul64.obj
 0001:00001814       AcpiUtImplicitStrtoul64    0000000180002814 f   utstrtoul64.obj
 0001:00001868       AcpiError                  0000000180002868 f   utxferror.obj
 0001:000018bc       AcpiException              00000001800028bc f   utxferror.obj
 0001:0000192c       AcpiWarning                000000018000292c f   utxferror.obj
 0001:00001980       AcpiInfo                   0000000180002980 f   utxferror.obj
 0001:000019cc       AcpiBiosError              00000001800029cc f   utxferror.obj
 0001:00001a20       AcpiBiosException          0000000180002a20 f   utxferror.obj
 0001:00001a90       AcpiBiosWarning            0000000180002a90 f   utxferror.obj
 0001:00001ae0       AcpiOsOpenDirectory        0000000180002ae0 f   oswindir.obj
 0001:00001bf8       AcpiOsGetNextFilename      0000000180002bf8 f   oswindir.obj
 0001:00001c74       AcpiOsCloseDirectory       0000000180002c74 f   oswindir.obj
 0001:00001ca4       AcpiOsMapMemory            0000000180002ca4 f   oswintbl.obj
 0001:00001cb0       AcpiOsUnmapMemory          0000000180002cb0 f   oswintbl.obj
 0001:00001cbc       AcpiOsGetTableByName       0000000180002cbc f   oswintbl.obj
 0001:00001dc8       AcpiOsGetTableByIndex      0000000180002dc8 f   oswintbl.obj
 0001:00001eb0       AcpiOsGetTableByAddress    0000000180002eb0 f   oswintbl.obj
 0001:00001f84       AcpiOsInitialize           0000000180002f84 f   oswinxf.obj
 0001:00001fd4       AcpiOsTerminate            0000000180002fd4 f   oswinxf.obj
 0001:00001fe0       AcpiOsGetRootPointer       0000000180002fe0 f   oswinxf.obj
 0001:00001fec       AcpiOsPredefinedOverride   0000000180002fec f   oswinxf.obj
 0001:0000200c       AcpiOsTableOverride        000000018000300c f   oswinxf.obj
 0001:0000202c       AcpiOsPhysicalTableOverride 000000018000302c f   oswinxf.obj
 0001:00002038       AcpiOsCreateLock           0000000180003038 f   oswinxf.obj
 0001:00002050       AcpiOsDeleteLock           0000000180003050 f   oswinxf.obj
 0001:0000205c       AcpiOsAcquireLock          000000018000305c f   oswinxf.obj
 0001:00002068       AcpiOsReleaseLock          0000000180003068 f   oswinxf.obj
 0001:00002074       AcpiOsCreateSemaphore      0000000180003074 f   oswinxf.obj
 0001:00002084       AcpiOsDeleteSemaphore      0000000180003084 f   oswinxf.obj
 0001:00002090       AcpiOsWaitSemaphore        0000000180003090 f   oswinxf.obj
 0001:0000209c       AcpiOsSignalSemaphore      000000018000309c f   oswinxf.obj
 0001:000020a8       AcpiOsAllocate             00000001800030a8 f   oswinxf.obj
 0001:000020b4       AcpiOsAllocateZeroed       00000001800030b4 f   oswinxf.obj
 0001:000020c8       AcpiOsFree                 00000001800030c8 f   oswinxf.obj
 0001:000020d4       AcpiOsInstallInterruptHandler 00000001800030d4 f   oswinxf.obj
 0001:000020e0       AcpiOsRemoveInterruptHandler 00000001800030e0 f   oswinxf.obj
 0001:000020ec       AcpiOsGetThreadId          00000001800030ec f   oswinxf.obj
 0001:000020f8       AcpiOsExecute              00000001800030f8 f   oswinxf.obj
 0001:00002110       AcpiOsWaitEventsComplete   0000000180003110 f   oswinxf.obj
 0001:0000211c       AcpiOsSleep                000000018000311c f   oswinxf.obj
 0001:0000212c       AcpiOsStall                000000018000312c f   oswinxf.obj
 0001:00002144       AcpiOsReadPort             0000000180003144 f   oswinxf.obj
 0001:0000219c       AcpiOsWritePort            000000018000319c f   oswinxf.obj
 0001:000021e0       AcpiOsReadMemory           00000001800031e0 f   oswinxf.obj
 0001:00002210       AcpiOsWriteMemory          0000000180003210 f   oswinxf.obj
 0001:0000221c       AcpiOsReadPciConfiguration 000000018000321c f   oswinxf.obj
 0001:0000222c       AcpiOsWritePciConfiguration 000000018000322c f   oswinxf.obj
 0001:00002238       AcpiOsReadable             0000000180003238 f   oswinxf.obj
 0001:00002254       AcpiOsWritable             0000000180003254 f   oswinxf.obj
 0001:00002270       AcpiOsGetTimer             0000000180003270 f   oswinxf.obj
 0001:000022b8       AcpiOsSignal               00000001800032b8 f   oswinxf.obj
 0001:000022c4       AcpiOsEnterSleep           00000001800032c4 f   oswinxf.obj
 0001:000022d0       AcpiOsPrintf               00000001800032d0 f   oswinxf.obj
 0001:00002338       AcpiOsVprintf              0000000180003338 f   oswinxf.obj
 0001:0000239c       AcpiOsRedirectOutput       000000018000339c f   oswinxf.obj
 0001:000023ac       AcpiOsGetLine              00000001800033ac f   oswinxf.obj
 0001:0000242c       ApDumpTableFromFile        000000018000342c f   apdump.obj
 0001:00002520       ApDumpTableByName          0000000180003520 f   apdump.obj
 0001:00002624       ApDumpTableByAddress       0000000180003624 f   apdump.obj
 0001:000026e8       ApDumpAllTables            00000001800036e8 f   apdump.obj
 0001:000027a0       ApIsValidHeader            00000001800037a0 f   apdump.obj
 0001:00002818       ApIsValidChecksum          0000000180003818 f   apdump.obj
 0001:00002878       ApGetTableLength           0000000180003878 f   apdump.obj
 0001:00002978       ApOpenOutputFile           0000000180003978 f   apfiles.obj
 0001:000029dc       ApWriteToBinaryFile        00000001800039dc f   apfiles.obj
 0001:00002b68       ApGetTableFromFile         0000000180003b68 f   apfiles.obj
 0001:00002ce4       main                       0000000180003ce4 f   apmain.obj
 0001:000032dc       EnumSystemFirmwareTables4UEFI 00000001800042dc f   Win324UEFI:EnumSystemFirmwareTables.obj
 0001:0000339c       GetSystemFirmwareTable4UEFI 000000018000439c f   Win324UEFI:GetSystemFirmwareTable.obj
 0001:000034dc       QueryPerformanceCounter4UEFI 00000001800044dc f   Win324UEFI:QueryPerformanceCounter.obj
 0001:0000350c       QueryPerformanceFrequency4UEFI 000000018000450c f   Win324UEFI:QueryPerformanceFrequency.obj
 0001:000035d4       GetTickCount644UEFI        00000001800045d4 f   Win324UEFI:GetTickCount64.obj
 0001:000035e4       Sleep4UEFI                 00000001800045e4 f   Win324UEFI:Sleep.obj
 0001:0000360c       IsBadReadPtr4UEFI          000000018000460c f   Win324UEFI:IsBadReadPtr.obj
 0001:0000360c       IsBadWritePtr4UEFI         000000018000460c f   Win324UEFI:IsBadWritePtr.obj
 0001:00003610       __cdeGetAppIf              0000000180004610 f   toroC64:osifUefiShellEntryPoint.obj
 0001:00003694       _MainEntryPointShell       0000000180004694 f   toroC64:osifUefiShellEntryPoint.obj
 0001:00003c8c       _cdeCRT0UefiShell          0000000180004c8c f   toroC64:osifUefiShellEntryPoint.obj
 0001:00003cf0       __acrt_iob_func            0000000180004cf0 f   toroC64:__acrt_iob_func.obj
 0001:00003d2c       fseek                      0000000180004d2c f   toroC64:Fseek.obj
 0001:00003d34       ftell                      0000000180004d34 f   toroC64:Ftell.obj
 0001:00003d3c       fprintf                    0000000180004d3c f   toroC64:Fprintf.obj
 0001:00003d60       strchr                     0000000180004d60 f   toroC64:StrChr.obj
 0001:00003d90       strcmp                     0000000180004d90 f   toroC64:StrCmp.obj
 0001:00003dcc       memcpy                     0000000180004dcc f   toroC64:MemCpy.obj
 0001:00003dec       strncmp                    0000000180004dec f   toroC64:StrNCmp.obj
 0001:00003e34       isprint                    0000000180004e34 f   toroC64:isprint.obj
 0001:00003e54       isxdigit                   0000000180004e54 f   toroC64:isxdigit.obj
 0001:00003e80       strcat                     0000000180004e80 f   toroC64:StrCat.obj
 0001:00003eb0       strcpy                     0000000180004eb0 f   toroC64:StrCpy.obj
 0001:00003ee8       strlen                     0000000180004ee8 f   toroC64:StrLen.obj
 0001:00003efc       strncat                    0000000180004efc f   toroC64:StrNCat.obj
 0001:00003f64       strncpy                    0000000180004f64 f   toroC64:StrNCpy.obj
 0001:00003fa8       toupper                    0000000180004fa8 f   toroC64:toupper.obj
 0001:00003fc8       tolower                    0000000180004fc8 f   toroC64:tolower.obj
 0001:00003fe8       isdigit                    0000000180004fe8 f   toroC64:isdigit.obj
 0001:00003ffc       isspace                    0000000180004ffc f   toroC64:isspace.obj
 0001:00004014       _findclose                 0000000180005014 f   toroC64:_findclose.obj
 0001:00004028       _findfirst64i32            0000000180005028 f   toroC64:_findfirst.obj
 0001:000042a4       _findnext64i32             00000001800052a4 f   toroC64:_findnext.obj
 0001:000043ec       calloc                     00000001800053ec f   toroC64:Calloc.obj
 0001:0000442c       free                       000000018000542c f   toroC64:Free.obj
 0001:00004444       printf                     0000000180005444 f   toroC64:Printf.obj
 0001:00004480       malloc                     0000000180005480 f   toroC64:Malloc.obj
 0001:0000448c       memmove                    000000018000548c f   toroC64:MemMove.obj
 0001:000044ec       getchar                    00000001800054ec f   toroC64:Getchar.obj
 0001:00004504       vfprintf                   0000000180005504 f   toroC64:Vfprintf.obj
 0001:00004624       fclose                     0000000180005624 f   toroC64:Fclose.obj
 0001:000046dc       fgetc                      00000001800056dc f   toroC64:Fgetc.obj
 0001:00004728       fopen                      0000000180005728 f   toroC64:Fopen.obj
 0001:00004954       fread                      0000000180005954 f   toroC64:Fread.obj
 0001:000049ac       fwrite                     00000001800059ac f   toroC64:Fwrite.obj
 0001:00004a04       snprintf                   0000000180005a04 f   toroC64:Snprintf.obj
 0001:00004a24       _stat64i32                 0000000180005a24 f   toroC64:_stat64i32.obj
 0001:00004ad8       clock                      0000000180005ad8 f   toroC64:clock.obj
 0001:00004b2c       _CdeDbgPutChar             0000000180005b2c f   toroC64:_CdeDbgPutChar.obj
 0001:00004cc0       _cdeCoreVwxPrintf          0000000180005cc0 f   toroC64:_cdeCoreVwxPrintf.obj
 0001:00005f9c       ComputeFieldSize           0000000180006f9c f   toroC64:_cdeCoreVwxPrintf.obj
 0001:00005fd8       ydes                       0000000180006fd8 f   toroC64:_cdeCoreVwxPrintf.obj
 0001:000069ac       _cdeCoreVwxScanf           00000001800079ac f   toroC64:_cdeCoreVwxScanf.obj
 0001:0000811c       _cdeCoreWcsStrTok          000000018000911c f   toroC64:_cdeCoreWcsStrTok.obj
 0001:00008218       _cdeWcsStrPbrkSpn          0000000180009218 f   toroC64:_cdeWcsStrPbrkSpn.obj
 0001:00008358       _cdeCoreMemRealloc         0000000180009358 f   toroC64:_cdeCoreMemRealloc.obj
 0001:00008728       _cdeMemStrxCpy             0000000180009728 f   toroC64:_cdeMemStrxCpy.obj
 0001:0000881c       _cdeMemStrxCmp             000000018000981c f   toroC64:_cdeMemStrxCmp.obj
 0001:0000895c       _osifIbmAtGetTime          000000018000995c f   toroC64:osifIbmAtGetTime.obj
 0001:00008b14       _osifIbmAtGetTscPerSec     0000000180009b14 f   toroC64:osifIbmAtGetTscPerSec.obj
 0001:00008bb4       _osifIbmAtGetTsc           0000000180009bb4 f   toroC64:osifIbmAtGetTsc.obj
 0001:00008bc0       _osifUefiShellMemAlloc     0000000180009bc0 f   toroC64:osifUefiShellMemAlloc.obj
 0001:00008c04       _osifUefiShellMemFree      0000000180009c04 f   toroC64:osifUefiShellMemFree.obj
 0001:00008c1c       _osifUefiShellFileWrite    0000000180009c1c f   toroC64:osifUefiShellFileWrite.obj
 0001:00008da4       _osifUefiShellFileRead     0000000180009da4 f   toroC64:osifUefiShellFileRead.obj
 0001:00008fd0       _osifUefiShellFileSetPos   0000000180009fd0 f   toroC64:osifUefiShellFileSetPos.obj
 0001:000090dc       _osifUefiShellFileOpen     000000018000a0dc f   toroC64:osifUefiShellFileOpen.obj
 0001:000097bc       _osifUefiShellFileClose    000000018000a7bc f   toroC64:osifUefiShellFileClose.obj
 0001:00009810       _osifUefiShellFileDelete   000000018000a810 f   toroC64:osifUefiShellFileDelete.obj
 0001:00009838       _osifUefiShellFileRename   000000018000a838 f   toroC64:osifUefiShellFileRename.obj
 0001:00009998       _osifUefiShellFileFindAll  000000018000a998 f   toroC64:osifUefiShellFileFindAll.obj
 0001:00009dc8       _osifUefiShellFileGetStatus 000000018000adc8 f   toroC64:osifUefiShellFileGetStatus.obj
 0001:00009f18       _osifUefiShellDirectoryCreate 000000018000af18 f   toroC64:osifUefiShellDirectoryCreate.obj
 0001:0000a1b0       _osifUefiShellCmdExec      000000018000b1b0 f   toroC64:osifUefiShellCmdExec.obj
 0001:0000a2a4       _osifUefiShellGetEnv       000000018000b2a4 f   toroC64:osifUefiShellGetEnv.obj
 0001:0000a354       _osifUefiShellGetDrvCwd    000000018000b354 f   toroC64:osifUefiShellGetDrvCwd.obj
 0001:0000a3a0       _cdeCoreFread              000000018000b3a0 f   toroC64:_cdeCoreFread.obj
 0001:0000a674       _cdeCoreFwrite             000000018000b674 f   toroC64:_cdeCoreFwrite.obj
 0001:0000a904       _cdeCoreFsetpos            000000018000b904 f   toroC64:_cdeCoreFsetpos.obj
 0001:0000aa7c       _cdeCoreFflush             000000018000ba7c f   toroC64:_cdeCoreFflush.obj
 0001:0000ab04       _cdeSigDflt                000000018000bb04 f   toroC64:_cdeSigDfl.obj
 0001:0000ab0c       __cdeGetIOBuffer           000000018000bb0c f   toroC64:__cdsGetIOBuffer.obj
 0001:0000ab20       _setjmp                    000000018000bb20 f   toroC64:setjmp64CDEINTRINABI.obj
 0001:0000abc5       __imp_setjmp               000000018000bbc5     toroC64:setjmp64CDEINTRINABI.obj
 0001:0000abcd       __cdeSETJMPCDEINTRINABIAnchor 000000018000bbcd     toroC64:setjmp64CDEINTRINABI.obj
 0001:0000abd0       _CdeLocateProtocol         000000018000bbd0 f   toroC64:_CdeLocateProtocol.obj
 0001:0000ac00       _cdeStr2Argcv              000000018000bc00 f   toroC64:_cdeStr2Argcv.obj
 0001:0000ae30       __cdeGetCurrentPrivilegeLevel 000000018000be30 f   toroC64:CdeGetCurrentPrivilegeLevel64.obj
 0001:0000ae40       memset                     000000018000be40 f   toroC64:MemSetCDEINTRINABI.obj
 0001:0000b080       _fseeki64                  000000018000c080 f   toroC64:_Fseeki64.obj
 0001:0000b138       _ftelli64                  000000018000c138 f   toroC64:_Ftelli64.obj
 0001:0000b160       strpbrk                    000000018000c160 f   toroC64:StrPbrk.obj
 0001:0000b1a0       isgraph                    000000018000c1a0 f   toroC64:isgraph.obj
 0001:0000b1c8       islower                    000000018000c1c8 f   toroC64:islower.obj
 0001:0000b1dc       isupper                    000000018000c1dc f   toroC64:isupper.obj
 0001:0000b1e8       strrchr                    000000018000c1e8 f   toroC64:StrRChr.obj
 0001:0000b238       __cdeSplitSearchNameExt2Upcase 000000018000c238 f   toroC64:__cdeSplitSearchNameExt2Upcase.obj
 0001:0000b2f8       strspn                     000000018000c2f8 f   toroC64:StrSpn.obj
 0001:0000b33c       __cdeStrMatch              000000018000c33c f   toroC64:__cdeStrMatch.obj
 0001:0000b494       realloc                    000000018000c494 f   toroC64:Realloc.obj
 0001:0000b4cc       fputc                      000000018000c4cc f   toroC64:Fputc.obj
 0001:0000b504       _errno                     000000018000c504 f   toroC64:errno.obj
 0001:0000b528       fflush                     000000018000c528 f   toroC64:Fflush.obj
 0001:0000b54c       remove                     000000018000c54c f   toroC64:Remove.obj
 0001:0000b5c4       __cdeIsFilePointer         000000018000c5c4 f   toroC64:__cdeIsFilePointer.obj
 0001:0000b6a0       _stricmp                   000000018000c6a0 f   toroC64:_StrICmp.obj
 0001:0000b6dc       strtok                     000000018000c6dc f   toroC64:StrTok.obj
 0001:0000b720       vsnprintf                  000000018000c720 f   toroC64:Vsnprintf.obj
 0001:0000b7ec       _CdeDbgCOMInit             000000018000c7ec f   toroC64:_CdeDbgCOMInit.obj
 0001:0000b908       _CdeDbgCOMReady2Send       000000018000c908 f   toroC64:_CdeDbgCOMReady2Send.obj
 0001:0000b938       _CdeDbgCOMSend             000000018000c938 f   toroC64:_CdeDbgCOMSend.obj
 0001:0000b988       _cdeCoreSprintf            000000018000c988 f   toroC64:_cdeCoreSprintf.obj
 0001:0000ba30       _cdeUMUL128                000000018000ca30 f   toroC64:_cdeUMUL128.obj
 0001:0000bb34       _cdeGmltime                000000018000cb34 f   toroC64:_cdeGmltime.obj
 0001:0000bc50       __cdeOnErrSet_status       000000018000cc50 f   toroC64:__cdeOnErrSet_status.obj
 0001:0000bc70       __cdeOffsetCdeFposType     000000018000cc70 f   toroC64:__cdeGetOffsetCdeFposType.obj
 0001:0000bcb0       __cdeBiasCdeFposType       000000018000ccb0 f   toroC64:__cdeGetBiasCdeFposType.obj
 0001:0000bf14       _CdeLocateHandleBuffer     000000018000cf14 f   toroC64:_CdeLocateHandleBuffer.obj
 0001:0000bfa0       _cdeConvertDevicePathToText 000000018000cfa0 f   toroC64:_cdeConvertDevicePathToText.obj
 0001:0000bfbc       _CdeGetMapFromDevicePath   000000018000cfbc f   toroC64:_CdeGetMapFromDevicePath.obj
 0001:0000bfdc       _CdeGetCurDir              000000018000cfdc f   toroC64:_CdeGetCurDir.obj
 0001:0000c5f8       _cdeEfiTime2TimeT          000000018000d5f8 f   toroC64:_cdeEfiTime2TimeT.obj
 0001:0000c694       __cdeIsFilePointerCORE     000000018000d694 f   toroC64:__cdeIsFilePointerCORE.obj
 0001:0000c714       __cdereallocCORE           000000018000d714 f   toroC64:__cdereallocCORE.obj
 0001:0000c724       __cderewindCORE            000000018000d724 f   toroC64:__cderewindCORE.obj
 0001:0000c740       __cdeGetIOBufferCORE       000000018000d740 f   toroC64:__cdsGetIOBufferCORE.obj
 0001:0000c748       _cdeAbort                  000000018000d748 f   toroC64:_cdeAbort.obj
 0001:0000c98c       _cdeSig2idx                000000018000d98c f   toroC64:_cdeSig2idx.obj
 0001:0000c9b4       _cdeSigIgn                 000000018000d9b4 f   toroC64:_cdeSigIgn.obj
 0001:0000c9b8       fsetposCDEABI              000000018000d9b8 f   toroC64:FsetposCDEABI.obj
 0001:0000c9ec       fgetpos                    000000018000d9ec f   toroC64:Fgetpos.obj
 0001:0000ca4c       ispunct                    000000018000da4c f   toroC64:ispunct.obj
 0001:0000ca78       isalnum                    000000018000da78 f   toroC64:isalnum.obj
 0001:0000caa0       strcspn                    000000018000daa0 f   toroC64:StrCSpn.obj
 0001:0000cae4       _strnicmp                  000000018000dae4 f   toroC64:_StrNICmp.obj
 0001:0000cb2c       __cdeOnErrSet_errno        000000018000db2c f   toroC64:__cdeOnErrSet_errno.obj
 0001:0000cb4c       abort                      000000018000db4c f   toroC64:abort.obj
 0001:0000cbb4       _CdeMemPutNada             000000018000dbb4 f   toroC64:_CdeMemPutNada.obj
 0001:0000cbb8       _CdeMemPutChar             000000018000dbb8 f   toroC64:_CdeMemPutChar.obj
 0001:0000cbc4       _cdeGreg2Day               000000018000dbc4 f   toroC64:_cdeGreg2Day.obj
 0001:0000cc40       _cdeDay2Greg               000000018000dc40 f   toroC64:_cdeDay2Greg.obj
 0001:0000cd44       _efierrno                  000000018000dd44 f   toroC64:_efierrno.obj
 0001:0000cd68       __cdeIsCdeFposType         000000018000dd68 f   toroC64:__cdeIsCdeFposType.obj
 0001:0000cde0       _cdePoolWcs2AppWcs         000000018000dde0 f   toroC64:_CdePoolWcs2AppWcs.obj
 0001:0000ced8       _cdeSscanf                 000000018000ded8 f   toroC64:_cdeSscanf.obj
 0001:0000cf48       __cdeOnErrSet_errnoCORE    000000018000df48 f   toroC64:__cdeOnErrSet_errnoCORE.obj
 0001:0000cf68       __acrt_iob_funcCORE        000000018000df68 f   toroC64:__acrt_iob_funcCORE.obj
 0001:0000d048       isalpha                    000000018000e048 f   toroC64:isalpha.obj
 0001:0000d070       raise                      000000018000e070 f   toroC64:raise.obj
 0001:0000d100       exit                       000000018000e100 f   toroC64:exit.obj
 0001:0000d124       _cdeMemGetChar             000000018000e124 f   toroC64:_cdeMemGetChar.obj
 0001:0000d134       _cdeMemUngetChar           000000018000e134 f   toroC64:_cdeMemUngetChar.obj
 0001:0000d13c       _errnoCORE                 000000018000e13c f   toroC64:errnoCORE.obj
 0001:0000d150       longjmp                    000000018000e150 f   toroC64:longjmp64CDEINTRINABI.obj
 0001:0000d1f9       __imp_longjmp              000000018000e1f9     toroC64:longjmp64CDEINTRINABI.obj
 0001:0000d201       __cdeLONGJMPCDEINTRINABIAnchor 000000018000e201     toroC64:longjmp64CDEINTRINABI.obj
 0002:00000000       __xc_a                     000000018000f000     toroC64:osifUefiShellEntryPoint.obj
 0002:00000008       __xc_z                     000000018000f008     toroC64:osifUefiShellEntryPoint.obj
 0002:00000010       __xi_a                     000000018000f010     toroC64:osifUefiShellEntryPoint.obj
 0002:00000018       __xi_z                     000000018000f018     toroC64:osifUefiShellEntryPoint.obj
 0002:00000020       __xp_a                     000000018000f020     toroC64:osifUefiShellEntryPoint.obj
 0002:00000028       __xp_z                     000000018000f028     toroC64:osifUefiShellEntryPoint.obj
 0002:00000030       __xt_a                     000000018000f030     toroC64:osifUefiShellEntryPoint.obj
 0002:00000038       __xt_z                     000000018000f038     toroC64:osifUefiShellEntryPoint.obj
 0002:00000040       ??_C@_0BL@HNKPMGKN@Could?5not?5get?5file?5offset?6@ 000000018000f040     cmfsize.obj
 0002:00000060       ??_C@_0BL@BJPGHIBP@Could?5not?5set?5file?5offset?6@ 000000018000f060     cmfsize.obj
 0002:00000080       ??_C@_0BN@NGLHEDOF@?6Option?5requires?5an?5argument@ 000000018000f080     getopt.obj
 0002:000000a0       ??_C@_05IALMJCDJ@?$CFs?$CFc?6@ 000000018000f0a0     getopt.obj
 0002:000000a8       ??_C@_02BAABKJLB@?9?9@     000000018000f0a8     getopt.obj
 0002:000000b0       ??_C@_0BC@PMNGDADG@Illegal?5option?3?5?9@ 000000018000f0b0     getopt.obj
 0002:000000c8       ??_C@_0BP@NFLOMOC@Option?5requires?5an?5argument?3?5?9@ 000000018000f0c8     getopt.obj
 0002:000000e8       ??_C@_01JKBOJNNK@?$FO@     000000018000f0e8     getopt.obj
 0002:000000f0       ??_C@_0DA@IHKJENBL@Option?5requires?5a?5single?9charac@ 000000018000f0f0     getopt.obj
 0002:00000128       ??_C@_0BJ@CGBLBPHF@?$CF?94?44s?50x?$CF8?48X?$CF8?48X?5?$CF06X@ 000000018000f128     tbprint.obj
 0002:00000148       ??_C@_08KPNDKLJK@RSD?5PTR?5@ 000000018000f148     tbprint.obj
 0002:00000158       ??_C@_0CG@IHPOOEIB@RSDP?50x?$CF8?48X?$CF8?48X?5?$CF06X?5?$CIv?$CF?42d?5?$CF@ 000000018000f158     tbprint.obj
 0002:00000180       ??_C@_0EA@NOELHAIN@?$CF?94?44s?50x?$CF8?48X?$CF8?48X?5?$CF06X?5?$CIv?$CF?42d@ 000000018000f180     tbprint.obj
 0002:000001c0       ??_C@_0EB@PDNHIHEO@Incorrect?5checksum?5in?5table?5?$FL?$CF4@ 000000018000f1c0     tbprint.obj
 0002:00000218       ??_C@_0CO@POADIAOH@Could?5not?5map?5memory?5at?50x?$CF8?48X@ 000000018000f218     tbxfroot.obj
 0002:00000248       ??_C@_0BL@IFGNPANF@A?5valid?5RSDP?5was?5not?5found@ 000000018000f248     tbxfroot.obj
 0002:00000268       ??_C@_0CE@JNKLINAF@Null?5Buffer?5Pointer?5in?5DumpBuff@ 000000018000f268     utbuffer.obj
 0002:00000290       ??_C@_07GLABLODI@?$CF8?44X?3?5@ 000000018000f290     utbuffer.obj
 0002:00000298       ??_C@_01CLKCMJKC@?5@       000000018000f298     utbuffer.obj
 0002:0000029c       ??_C@_03HIJPJGOM@?$CF?$CKs@ 000000018000f29c     utbuffer.obj
 0002:000002a0       ??_C@_05BFHEBJNP@?$CF02X?5@ 000000018000f2a0     utbuffer.obj
 0002:000002a8       ??_C@_05DABPEGAD@?$CF04X?5@ 000000018000f2a8     utbuffer.obj
 0002:000002b0       ??_C@_05HKMJPJLL@?$CF08X?5@ 000000018000f2b0     utbuffer.obj
 0002:000002b8       ??_C@_04JIMNDDED@?$CF08X@  000000018000f2b8     utbuffer.obj
 0002:000002c0       ??_C@_01EEMJAFIK@?6@       000000018000f2c0     utbuffer.obj
 0002:000002c4       ??_C@_03IAHPLKPE@?1?1?5@   000000018000f2c4     utbuffer.obj
 0002:000002c8       ??_C@_02HAOIJKIC@?$CFc@    000000018000f2c8     utbuffer.obj
 0002:000002cc       ??_C@_01LFCBOECM@?4@       000000018000f2cc     utbuffer.obj
 0002:00000610       ??_C@_05OBAPBDGL@AE_OK@    000000018000f610     utexcep.obj
 0002:00000618       ??_C@_08OLPGJMLE@AE_ERROR@ 000000018000f618     utexcep.obj
 0002:00000628       ??_C@_0BC@JINIPNCM@AE_NO_ACPI_TABLES@ 000000018000f628     utexcep.obj
 0002:00000640       ??_C@_0BA@HGCJFKIC@AE_NO_NAMESPACE@ 000000018000f640     utexcep.obj
 0002:00000650       ??_C@_0N@MDFEEFMI@AE_NO_MEMORY@ 000000018000f650     utexcep.obj
 0002:00000660       ??_C@_0N@EHNPHEEE@AE_NOT_FOUND@ 000000018000f660     utexcep.obj
 0002:00000670       ??_C@_0N@FHHIIHCN@AE_NOT_EXIST@ 000000018000f670     utexcep.obj
 0002:00000680       ??_C@_0BC@KJMMOBPP@AE_ALREADY_EXISTS@ 000000018000f680     utexcep.obj
 0002:00000698       ??_C@_07OCFLOMK@AE_TYPE@   000000018000f698     utexcep.obj
 0002:000006a0       ??_C@_0P@LCAACJFD@AE_NULL_OBJECT@ 000000018000f6a0     utexcep.obj
 0002:000006b0       ??_C@_0O@KMMNEPLB@AE_NULL_ENTRY@ 000000018000f6b0     utexcep.obj
 0002:000006c0       ??_C@_0BD@FAHLAIFN@AE_BUFFER_OVERFLOW@ 000000018000f6c0     utexcep.obj
 0002:000006d8       ??_C@_0BC@FEOJPKCP@AE_STACK_OVERFLOW@ 000000018000f6d8     utexcep.obj
 0002:000006f0       ??_C@_0BD@MFEPEJKM@AE_STACK_UNDERFLOW@ 000000018000f6f0     utexcep.obj
 0002:00000708       ??_C@_0BD@IGFFMNIC@AE_NOT_IMPLEMENTED@ 000000018000f708     utexcep.obj
 0002:00000720       ??_C@_0L@LKIHBFJD@AE_SUPPORT@ 000000018000f720     utexcep.obj
 0002:00000730       ??_C@_08IBGEPHBC@AE_LIMIT@ 000000018000f730     utexcep.obj
 0002:00000740       ??_C@_07EKMCNJHG@AE_TIME@  000000018000f740     utexcep.obj
 0002:00000748       ??_C@_0BE@FGDBKHMM@AE_ACQUIRE_DEADLOCK@ 000000018000f748     utexcep.obj
 0002:00000760       ??_C@_0BE@FOBDECPM@AE_RELEASE_DEADLOCK@ 000000018000f760     utexcep.obj
 0002:00000778       ??_C@_0BA@PPOMDOJD@AE_NOT_ACQUIRED@ 000000018000f778     utexcep.obj
 0002:00000788       ??_C@_0BE@HIPEDKOJ@AE_ALREADY_ACQUIRED@ 000000018000f788     utexcep.obj
 0002:000007a0       ??_C@_0BI@KNLEMKLH@AE_NO_HARDWARE_RESPONSE@ 000000018000f7a0     utexcep.obj
 0002:000007b8       ??_C@_0BC@JPCCIPIN@AE_NO_GLOBAL_LOCK@ 000000018000f7b8     utexcep.obj
 0002:000007d0       ??_C@_0BA@PKLCJEBC@AE_ABORT_METHOD@ 000000018000f7d0     utexcep.obj
 0002:000007e0       ??_C@_0BA@GDKIHKKP@AE_SAME_HANDLER@ 000000018000f7e0     utexcep.obj
 0002:000007f0       ??_C@_0O@PFOADCGB@AE_NO_HANDLER@ 000000018000f7f0     utexcep.obj
 0002:00000800       ??_C@_0BC@JGFDFDLG@AE_OWNER_ID_LIMIT@ 000000018000f800     utexcep.obj
 0002:00000818       ??_C@_0BC@PMNNBAHK@AE_NOT_CONFIGURED@ 000000018000f818     utexcep.obj
 0002:00000830       ??_C@_09FCELEONC@AE_ACCESS@ 000000018000f830     utexcep.obj
 0002:00000840       ??_C@_0M@BIPEGDFC@AE_IO_ERROR@ 000000018000f840     utexcep.obj
 0002:00000850       ??_C@_0BE@GCBICNJK@AE_NUMERIC_OVERFLOW@ 000000018000f850     utexcep.obj
 0002:00000868       ??_C@_0BA@JDMHIEGJ@AE_HEX_OVERFLOW@ 000000018000f868     utexcep.obj
 0002:00000878       ??_C@_0BE@HHBGLENC@AE_DECIMAL_OVERFLOW@ 000000018000f878     utexcep.obj
 0002:00000890       ??_C@_0BC@DKCJMEPN@AE_OCTAL_OVERFLOW@ 000000018000f890     utexcep.obj
 0002:000008a8       ??_C@_0BA@EAJEGCAK@AE_END_OF_TABLE@ 000000018000f8a8     utexcep.obj
 0002:000008b8       ??_C@_0BB@GGMNEPFA@AE_BAD_PARAMETER@ 000000018000f8b8     utexcep.obj
 0002:000008d0       ??_C@_0BB@FKHHEGKA@AE_BAD_CHARACTER@ 000000018000f8d0     utexcep.obj
 0002:000008e8       ??_C@_0BA@NBPLLLII@AE_BAD_PATHNAME@ 000000018000f8e8     utexcep.obj
 0002:000008f8       ??_C@_0M@JECPJBCE@AE_BAD_DATA@ 000000018000f8f8     utexcep.obj
 0002:00000908       ??_C@_0BE@IPFKHDDI@AE_BAD_HEX_CONSTANT@ 000000018000f908     utexcep.obj
 0002:00000920       ??_C@_0BG@MIDKBGIL@AE_BAD_OCTAL_CONSTANT@ 000000018000f920     utexcep.obj
 0002:00000938       ??_C@_0BI@BEMEOOAI@AE_BAD_DECIMAL_CONSTANT@ 000000018000f938     utexcep.obj
 0002:00000950       ??_C@_0BF@HKJOKEC@AE_MISSING_ARGUMENTS@ 000000018000f950     utexcep.obj
 0002:00000968       ??_C@_0P@JBCHJANB@AE_BAD_ADDRESS@ 000000018000f968     utexcep.obj
 0002:00000978       ??_C@_0BB@HKCFDBKC@AE_BAD_SIGNATURE@ 000000018000f978     utexcep.obj
 0002:00000990       ??_C@_0O@ELNDGGAE@AE_BAD_HEADER@ 000000018000f990     utexcep.obj
 0002:000009a0       ??_C@_0BA@BIILNBAK@AE_BAD_CHECKSUM@ 000000018000f9a0     utexcep.obj
 0002:000009b0       ??_C@_0N@HBAFKHEM@AE_BAD_VALUE@ 000000018000f9b0     utexcep.obj
 0002:000009c0       ??_C@_0BI@DKLNCMJF@AE_INVALID_TABLE_LENGTH@ 000000018000f9c0     utexcep.obj
 0002:000009d8       ??_C@_0BC@KGKLJMBP@AE_AML_BAD_OPCODE@ 000000018000f9d8     utexcep.obj
 0002:000009f0       ??_C@_0BC@ILAINBHF@AE_AML_NO_OPERAND@ 000000018000f9f0     utexcep.obj
 0002:00000a08       ??_C@_0BE@CMBNMMAM@AE_AML_OPERAND_TYPE@ 000000018000fa08     utexcep.obj
 0002:00000a20       ??_C@_0BF@JPCFNMLI@AE_AML_OPERAND_VALUE@ 000000018000fa20     utexcep.obj
 0002:00000a38       ??_C@_0BL@BJKBHBGD@AE_AML_UNINITIALIZED_LOCAL@ 000000018000fa38     utexcep.obj
 0002:00000a58       ??_C@_0BJ@BDDHFJEF@AE_AML_UNINITIALIZED_ARG@ 000000018000fa58     utexcep.obj
 0002:00000a78       ??_C@_0BN@INAHBINF@AE_AML_UNINITIALIZED_ELEMENT@ 000000018000fa78     utexcep.obj
 0002:00000a98       ??_C@_0BI@COHNKOEN@AE_AML_NUMERIC_OVERFLOW@ 000000018000fa98     utexcep.obj
 0002:00000ab0       ??_C@_0BE@ODNDBIBN@AE_AML_REGION_LIMIT@ 000000018000fab0     utexcep.obj
 0002:00000ac8       ??_C@_0BE@NFHDHJIM@AE_AML_BUFFER_LIMIT@ 000000018000fac8     utexcep.obj
 0002:00000ae0       ??_C@_0BF@PAHJLGEL@AE_AML_PACKAGE_LIMIT@ 000000018000fae0     utexcep.obj
 0002:00000af8       ??_C@_0BG@PJELJHDF@AE_AML_DIVIDE_BY_ZERO@ 000000018000faf8     utexcep.obj
 0002:00000b10       ??_C@_0BA@CIMDLPJI@AE_AML_BAD_NAME@ 000000018000fb10     utexcep.obj
 0002:00000b20       ??_C@_0BG@NBCCMIJD@AE_AML_NAME_NOT_FOUND@ 000000018000fb20     utexcep.obj
 0002:00000b38       ??_C@_0BA@JDIOKGCC@AE_AML_INTERNAL@ 000000018000fb38     utexcep.obj
 0002:00000b48       ??_C@_0BI@IGMDDMCI@AE_AML_INVALID_SPACE_ID@ 000000018000fb48     utexcep.obj
 0002:00000b60       ??_C@_0BE@HOGNAHOK@AE_AML_STRING_LIMIT@ 000000018000fb60     utexcep.obj
 0002:00000b78       ??_C@_0BH@OKOBGBEM@AE_AML_NO_RETURN_VALUE@ 000000018000fb78     utexcep.obj
 0002:00000b90       ??_C@_0BE@DJLCLOMO@AE_AML_METHOD_LIMIT@ 000000018000fb90     utexcep.obj
 0002:00000ba8       ??_C@_0BB@OOHNPDEB@AE_AML_NOT_OWNER@ 000000018000fba8     utexcep.obj
 0002:00000bc0       ??_C@_0BD@BIFMCDBD@AE_AML_MUTEX_ORDER@ 000000018000fbc0     utexcep.obj
 0002:00000bd8       ??_C@_0BK@FDAGLEMK@AE_AML_MUTEX_NOT_ACQUIRED@ 000000018000fbd8     utexcep.obj
 0002:00000bf8       ??_C@_0BN@ONMIFGCB@AE_AML_INVALID_RESOURCE_TYPE@ 000000018000fbf8     utexcep.obj
 0002:00000c18       ??_C@_0BF@KCCFIGMH@AE_AML_INVALID_INDEX@ 000000018000fc18     utexcep.obj
 0002:00000c30       ??_C@_0BG@GLGAPHBJ@AE_AML_REGISTER_LIMIT@ 000000018000fc30     utexcep.obj
 0002:00000c48       ??_C@_0BA@BJMBKDJP@AE_AML_NO_WHILE@ 000000018000fc48     utexcep.obj
 0002:00000c58       ??_C@_0BB@PJHGPBLK@AE_AML_ALIGNMENT@ 000000018000fc58     utexcep.obj
 0002:00000c70       ??_C@_0BL@EJHJMLPF@AE_AML_NO_RESOURCE_END_TAG@ 000000018000fc70     utexcep.obj
 0002:00000c90       ??_C@_0BK@JPDPGMEO@AE_AML_BAD_RESOURCE_VALUE@ 000000018000fc90     utexcep.obj
 0002:00000cb0       ??_C@_0BK@NNHAJIBC@AE_AML_CIRCULAR_REFERENCE@ 000000018000fcb0     utexcep.obj
 0002:00000cd0       ??_C@_0BL@GMFABCFD@AE_AML_BAD_RESOURCE_LENGTH@ 000000018000fcd0     utexcep.obj
 0002:00000cf0       ??_C@_0BH@HMBGODKD@AE_AML_ILLEGAL_ADDRESS@ 000000018000fcf0     utexcep.obj
 0002:00000d08       ??_C@_0BE@NCFBHLCM@AE_AML_LOOP_TIMEOUT@ 000000018000fd08     utexcep.obj
 0002:00000d20       ??_C@_0BK@KJMOJPMM@AE_AML_UNINITIALIZED_NODE@ 000000018000fd20     utexcep.obj
 0002:00000d40       ??_C@_0BD@GABIPGIC@AE_AML_TARGET_TYPE@ 000000018000fd40     utexcep.obj
 0002:00000d58       ??_C@_0BA@HFCOMJIC@AE_AML_PROTOCOL@ 000000018000fd58     utexcep.obj
 0002:00000d68       ??_C@_0BF@MMGLEOH@AE_AML_BUFFER_LENGTH@ 000000018000fd68     utexcep.obj
 0002:00000d80       ??_C@_0BF@GEIGFIMD@AE_CTRL_RETURN_VALUE@ 000000018000fd80     utexcep.obj
 0002:00000d98       ??_C@_0BA@NFCAKKBE@AE_CTRL_PENDING@ 000000018000fd98     utexcep.obj
 0002:00000da8       ??_C@_0BC@GMBKOLLO@AE_CTRL_TERMINATE@ 000000018000fda8     utexcep.obj
 0002:00000dc0       ??_C@_0N@KLLLBMCF@AE_CTRL_TRUE@ 000000018000fdc0     utexcep.obj
 0002:00000dd0       ??_C@_0O@JKEFFNAO@AE_CTRL_FALSE@ 000000018000fdd0     utexcep.obj
 0002:00000de0       ??_C@_0O@IICDNKCK@AE_CTRL_DEPTH@ 000000018000fde0     utexcep.obj
 0002:00000df0       ??_C@_0M@MCNHIAMO@AE_CTRL_END@ 000000018000fdf0     utexcep.obj
 0002:00000e00       ??_C@_0BB@CKDICBC@AE_CTRL_TRANSFER@ 000000018000fe00     utexcep.obj
 0002:00000e18       ??_C@_0O@NKLNOHFA@AE_CTRL_BREAK@ 000000018000fe18     utexcep.obj
 0002:00000e28       ??_C@_0BB@IPPIFIGO@AE_CTRL_CONTINUE@ 000000018000fe28     utexcep.obj
 0002:00000e40       ??_C@_0BH@JBJBIHAH@AE_CTRL_PARSE_CONTINUE@ 000000018000fe40     utexcep.obj
 0002:00000e58       ??_C@_0BG@LNANKLIG@AE_CTRL_PARSE_PENDING@ 000000018000fe58     utexcep.obj
 0002:00000e70       ??_C@_0CA@HAPNOHJM@Unknown?5exception?5code?3?50x?$CF8?48X@ 000000018000fe70     utexcep.obj
 0002:00000e90       ??_C@_0BE@JENJPLOL@UNKNOWN_STATUS_CODE@ 000000018000fe90     utexcep.obj
 0002:00000eb0       AcpiGbl_LowerHexDigits     000000018000feb0     utglobal.obj
 0002:00000ec8       AcpiGbl_UpperHexDigits     000000018000fec8     utglobal.obj
 0002:00000ee0       AcpiGbl_PreDefinedNames    000000018000fee0     utglobal.obj
 0002:00000fd0       ??_C@_05EPMCMKIN@?2_S0_@   000000018000ffd0     utglobal.obj
 0002:00000fd8       ??_C@_05EOAAKALK@?2_S1_@   000000018000ffd8     utglobal.obj
 0002:00000fe0       ??_C@_05EMEGBOOD@?2_S2_@   000000018000ffe0     utglobal.obj
 0002:00000fe8       ??_C@_05ENIEHENE@?2_S3_@   000000018000ffe8     utglobal.obj
 0002:00000ff0       ??_C@_05EIMLGCFB@?2_S4_@   000000018000fff0     utglobal.obj
 0002:00000ff8       ??_C@_05EJAJAIGG@?2_S5_@   000000018000fff8     utglobal.obj
 0002:00001000       ??_C@_04ILLHNOLH@_S0W@     0000000180010000     utglobal.obj
 0002:00001008       ??_C@_04IKHFLEIA@_S1W@     0000000180010008     utglobal.obj
 0002:00001010       ??_C@_04IIDDAKNJ@_S2W@     0000000180010010     utglobal.obj
 0002:00001018       ??_C@_04IJPBGAOO@_S3W@     0000000180010018     utglobal.obj
 0002:00001020       ??_C@_04IMLOHGGL@_S4W@     0000000180010020     utglobal.obj
 0002:00001028       ??_C@_04OLJKPFBC@_S1D@     0000000180010028     utglobal.obj
 0002:00001030       ??_C@_04OJNMELEL@_S2D@     0000000180010030     utglobal.obj
 0002:00001038       ??_C@_04OIBOCBHM@_S3D@     0000000180010038     utglobal.obj
 0002:00001040       ??_C@_04ONFBDHPJ@_S4D@     0000000180010040     utglobal.obj
 0002:00001048       ??_C@_04GEOPKFIM@_GPE@     0000000180010048     utglobal.obj
 0002:00001050       ??_C@_04BKIIOEBP@_PR_@     0000000180010050     utglobal.obj
 0002:00001058       ??_C@_04BEBLOIIB@_SB_@     0000000180010058     utglobal.obj
 0002:00001060       ??_C@_04BIEOAHGA@_SI_@     0000000180010060     utglobal.obj
 0002:00001068       ??_C@_04JLPJCCPA@_TZ_@     0000000180010068     utglobal.obj
 0002:00001070       ??_C@_04HICKCCCI@_REV@     0000000180010070     utglobal.obj
 0002:00001078       ??_C@_04BDDAMJOB@_OS_@     0000000180010078     utglobal.obj
 0002:00001080       ??_C@_0BF@BPDEPEPO@Microsoft?5Windows?5NT@ 0000000180010080     utglobal.obj
 0002:00001098       ??_C@_04MBPOAFED@_GL_@     0000000180010098     utglobal.obj
 0002:000010a0       ??_C@_04PKIHMDG@_OSI@      00000001800100a0     utglobal.obj
 0002:000010c0       ??_C@_0P@FGOAMMID@Divide?5by?5zero@ 00000001800100c0     utmath.obj
 0002:000010e0       ??_C@_0BE@LENJFIFF@?$DM?$CCNULL?5STRING?5PTR?$CC?$DO@ 00000001800100e0     utstring.obj
 0002:000010f4       ??_C@_01BJJEKLCA@?$CC@     00000001800100f4     utstring.obj
 0002:000010f8       ??_C@_02BJPOKLNP@?2a@      00000001800100f8     utstring.obj
 0002:000010fc       ??_C@_02DCNDPIBM@?2b@      00000001800100fc     utstring.obj
 0002:00001100       ??_C@_02FGLPDNBI@?2f@      0000000180010100     utstring.obj
 0002:00001104       ??_C@_02JOGGLHBA@?2n@      0000000180010104     utstring.obj
 0002:00001108       ??_C@_02HIBBOKEN@?2r@      0000000180010108     utstring.obj
 0002:0000110c       ??_C@_02COELENML@?2t@      000000018001010c     utstring.obj
 0002:00001110       ??_C@_02BMHNCPEJ@?2v@      0000000180010110     utstring.obj
 0002:00001114       ??_C@_03CPDGCMJG@?2?$CFc@  0000000180010114     utstring.obj
 0002:00001118       ??_C@_07NODDBJJP@?2x?$CF2?42X@ 0000000180010118     utstring.obj
 0002:00001120       ??_C@_03KHICJKCI@?4?4?4@   0000000180010120     utstring.obj
 0002:00001128       ??_C@_0DJ@CGJFAAPD@Invalid?5character?$CIs?$CJ?5in?5name?5?$CI0@ 0000000180010128     utstring.obj
 0002:00001168       ??_C@_0N@HFMBIKJA@ACPI?5Error?3?5@ 0000000180010168     utxferror.obj
 0002:00001178       ??_C@_0BA@IMDPOJBL@?5?$CI?$CF8?48X?1?$CFs?9?$CFu?$CJ?6@ 0000000180010178     utxferror.obj
 0002:00001188       ??_C@_0BB@HHBECIGO@ACPI?5Error?3?5?$CFs?0?5@ 0000000180010188     utxferror.obj
 0002:000011a0       ??_C@_0P@HCHEAOAD@ACPI?5Warning?3?5@ 00000001800101a0     utxferror.obj
 0002:000011b0       ??_C@_06GLFELKBG@ACPI?3?5@ 00000001800101b0     utxferror.obj
 0002:000011b8       ??_C@_0BI@JMEGFGNN@Firmware?5Error?5?$CIACPI?$CJ?3?5@ 00000001800101b8     utxferror.obj
 0002:000011d0       ??_C@_0BM@DHONDAIK@Firmware?5Error?5?$CIACPI?$CJ?3?5?$CFs?0?5@ 00000001800101d0     utxferror.obj
 0002:000011f0       ??_C@_0BK@EPGCPCHP@Firmware?5Warning?5?$CIACPI?$CJ?3?5@ 00000001800101f0     utxferror.obj
 0002:00001210       ??_C@_0DB@MDODPNKB@Could?5not?5allocate?5buffer?5for?5w@ 0000000180010210     oswindir.obj
 0002:00001244       ??_C@_01KMDKNFGN@?1@       0000000180010244     oswindir.obj
 0002:00001248       ??_C@_0DC@PPPAEBIC@Get?5table?5by?5address?5is?5not?5sup@ 0000000180010248     oswintbl.obj
 0002:00001280       ??_C@_0CH@NOCAMONO@The?5table?5signature?5?$CFs?5does?5not@ 0000000180010280     oswintbl.obj
 0002:000012a8       ??_C@_0BI@GJMOAOBN@Could?5not?5read?5?$CFs?5data?6@ 00000001800102a8     oswintbl.obj
 0002:000012c8       ??_C@_0BI@PGMJHKLJ@Bad?5width?5parameter?3?5?$CFX@ 00000001800102c8     oswinxf.obj
 0002:000012e0       ??_C@_0CG@KPFIKJEP@Table?5signature?5?$CI0x?$CF8?48X?$CJ?5is?5in@ 00000001800102e0     apdump.obj
 0002:00001308       ??_C@_0CD@FLKGNAAF@Table?5length?5?$CI0x?$CF8?48X?$CJ?5is?5inval@ 0000000180010308     apdump.obj
 0002:00001330       ??_C@_0CJ@OCGDHGOG@?$CF4?44s?3?5Warning?3?5wrong?5checksum?5@ 0000000180010330     apdump.obj
 0002:00001360       ??_C@_0BG@JDGPOBND@?$CF4?44s?5?$EA?50x?$CF8?48X?$CF8?48X?6@ 0000000180010360     apdump.obj
 0002:00001378       ??_C@_0BP@GOHCAPCI@Could?5not?5get?5ACPI?5tables?0?5?$CFs?6@ 0000000180010378     apdump.obj
 0002:00001398       ??_C@_0CK@FKHFAFNE@Could?5not?5get?5ACPI?5table?5at?5ind@ 0000000180010398     apdump.obj
 0002:000013c8       ??_C@_0CN@ICAALDBD@?$CFs?3?5Could?5not?5convert?5to?5a?5phys@ 00000001800103c8     apdump.obj
 0002:000013f8       ??_C@_0CJ@JLFEHKHF@Could?5not?5get?5table?5at?50x?$CF8?48X?$CF@ 00000001800103f8     apdump.obj
 0002:00001428       ??_C@_0DM@EEBGJMAI@Invalid?5table?5signature?5?$FL?$CFs?$FN?3?5m@ 0000000180010428     apdump.obj
 0002:00001464       ??_C@_04FKBPEJO@FACP@      0000000180010464     apdump.obj
 0002:0000146c       ??_C@_04DDFMNMDA@APIC@     000000018001046c     apdump.obj
 0002:00001478       ??_C@_0DC@JIMLOIDI@Could?5not?5get?5ACPI?5table?5with?5s@ 0000000180010478     apdump.obj
 0002:000014b0       ??_C@_0DE@KGEEIHE@No?5valid?5ACPI?5signature?5was?5fou@ 00000001800104b0     apdump.obj
 0002:000014e8       ??_C@_0DL@OLBGKBEO@Table?5length?5?$CI0x?$CFX?$CJ?5is?5too?5larg@ 00000001800104e8     apdump.obj
 0002:00001528       ??_C@_0DJ@DHOKJCAC@Input?5file?3?5?5?$CFs?5contains?5table?5@ 0000000180010528     apdump.obj
 0002:00001568       ??_C@_0CO@IDLPKJAK@Target?5path?5already?5exists?0?5ove@ 0000000180010568     apfiles.obj
 0002:00001598       ??_C@_01NOFIACDB@w@        0000000180010598     apfiles.obj
 0002:000015a0       ??_C@_0CA@LIHOEPMB@Could?5not?5open?5output?5file?3?5?$CFs?6@ 00000001800105a0     apfiles.obj
 0002:000015c0       ??_C@_02GMHACPFF@?$CFu@    00000001800105c0     apfiles.obj
 0002:000015c4       ??_C@_04PBCOOEDG@?4dat@    00000001800105c4     apfiles.obj
 0002:000015d0       ??_C@_0DE@HCNPNIGD@Writing?5?$FL?$CF4?44s?$FN?5to?5binary?5file?3@ 00000001800105d0     apfiles.obj
 0002:00001604       ??_C@_02GMLFBBN@wb@        0000000180010604     apfiles.obj
 0002:00001608       ??_C@_0CG@LGOAGNDD@Error?5writing?5binary?5output?5fil@ 0000000180010608     apfiles.obj
 0002:00001630       ??_C@_02JDPG@rb@           0000000180010630     apfiles.obj
 0002:00001638       ??_C@_0BP@FKIGAPLC@Could?5not?5open?5input?5file?3?5?$CFs?6@ 0000000180010638     apfiles.obj
 0002:00001658       ??_C@_0CD@NCONLPKP@Could?5not?5get?5input?5file?5size?3?5@ 0000000180010658     apfiles.obj
 0002:00001680       ??_C@_0CM@GPBHBAHN@Could?5not?5allocate?5file?5buffer?5@ 0000000180010680     apfiles.obj
 0002:000016b0       ??_C@_0BP@IJBCCAFK@Could?5not?5read?5input?5file?3?5?$CFs?6@ 00000001800106b0     apfiles.obj
 0002:000016d0       ??_C@_0BD@JJEGKAAL@acpidump?5?$FLoptions?$FN@ 00000001800106d0     apmain.obj
 0002:000016e8       ??_C@_0BE@GIAJDAGE@Usage?3?5?$CFs?6Options?3?6@ 00000001800106e8     apmain.obj
 0002:00001700       ??_C@_0BM@LBAFNEFD@Dump?5tables?5to?5binary?5files@ 0000000180010700     apmain.obj
 0002:0000171c       ??_C@_02GHOAPKHL@?9b@      000000018001071c     apmain.obj
 0002:00001720       ??_C@_0L@EJOMDKDJ@?5?5?$CF?920s?$CFs?6@ 0000000180010720     apmain.obj
 0002:00001730       ??_C@_0BC@BBLDGIJO@This?5help?5message@ 0000000180010730     apmain.obj
 0002:00001744       ??_C@_05JEDECEIJ@?9h?5?9?$DP@ 0000000180010744     apmain.obj
 0002:00001750       ??_C@_0BI@FFAPPLGB@Redirect?5output?5to?5file@ 0000000180010750     apmain.obj
 0002:00001768       ??_C@_09IALDFKKM@?9o?5?$DMFile?$DO@ 0000000180010768     apmain.obj
 0002:00001778       ??_C@_0CA@EBNDLPNP@Dump?5tables?5from?5specified?5RSDP@ 0000000180010778     apmain.obj
 0002:00001798       ??_C@_0N@KDIKCHPO@?9r?5?$DMAddress?$DO@ 0000000180010798     apmain.obj
 0002:000017a8       ??_C@_0BL@HHCOEOFM@Print?5table?5summaries?5only@ 00000001800107a8     apmain.obj
 0002:000017c4       ??_C@_02DEDJNJGL@?9s@      00000001800107c4     apmain.obj
 0002:000017c8       ??_C@_0BM@PFCLPAEM@Display?5version?5information@ 00000001800107c8     apmain.obj
 0002:000017e4       ??_C@_02EJEOCNCO@?9v@      00000001800107e4     apmain.obj
 0002:000017e8       ??_C@_0BM@BPPIBEBA@Display?5build?5date?5and?5time@ 00000001800107e8     apmain.obj
 0002:00001804       ??_C@_03NNAOONEB@?9vd@     0000000180010804     apmain.obj
 0002:00001808       ??_C@_0N@LANNGDHD@Verbose?5mode@ 0000000180010808     apmain.obj
 0002:00001818       ??_C@_02OFPLGCCC@?9z@      0000000180010818     apmain.obj
 0002:00001820       ??_C@_0BB@PABJINKE@?6Table?5Options?3?6@ 0000000180010820     apmain.obj
 0002:00001838       ??_C@_0CB@LLLPLMLE@Get?5table?5via?5a?5physical?5addres@ 0000000180010838     apmain.obj
 0002:00001860       ??_C@_0N@NIAMBIPC@?9a?5?$DMAddress?$DO@ 0000000180010860     apmain.obj
 0002:00001870       ??_C@_0CI@LLMIHOGP@Turning?5on?1off?5customized?5table@ 0000000180010870     apmain.obj
 0002:00001898       ??_C@_0M@OKMIIPBA@?9c?5?$DMon?$HMoff?$DO@ 0000000180010898     apmain.obj
 0002:000018a8       ??_C@_0BM@KOPICCCC@Get?5table?5via?5a?5binary?5file@ 00000001800108a8     apmain.obj
 0002:000018c8       ??_C@_0BA@OKCKLFDA@?9f?5?$DMBinaryFile?$DO@ 00000001800108c8     apmain.obj
 0002:000018d8       ??_C@_0BP@MKEJBLHF@Get?5table?5via?5a?5name?1signature@ 00000001800108d8     apmain.obj
 0002:000018f8       ??_C@_0P@MKJOINLA@?9n?5?$DMSignature?$DO@ 00000001800108f8     apmain.obj
 0002:00001908       ??_C@_0BJ@DGDDMEMN@Use?5RSDT?5instead?5of?5XSDT@ 0000000180010908     apmain.obj
 0002:00001924       ??_C@_02NHMNAAKA@?9x@      0000000180010924     apmain.obj
 0002:00001930       ??_C@_0HF@EDAELAHM@?6Invocation?5without?5parameters?5@ 0000000180010930     apmain.obj
 0002:000019a8       ??_C@_0CB@KLNOBJGB@Too?5many?5table?5options?5?$CImax?5?$CFd?$CJ@ 00000001800109a8     apmain.obj
 0002:000019d0       ??_C@_0BF@ILJLCGAP@?$DPa?3bc?3f?3hn?3o?3r?3sv?$FOxz@ 00000001800109d0     apmain.obj
 0002:000019e8       ??_C@_02LIELOMNJ@on@       00000001800109e8     apmain.obj
 0002:000019ec       ??_C@_03MCADLMAF@off@      00000001800109ec     apmain.obj
 0002:000019f0       ??_C@_0DC@HNLEGONO@?$CFs?3?5Cannot?5handle?5this?5switch?0?5@ 00000001800109f0     apmain.obj
 0002:00001a28       ??_C@_0CM@LAHHFNKD@Copyright?5?$CIc?$CJ?52000?5?9?52021?5Intel@ 0000000180010a28     apmain.obj
 0002:00001a58       ??_C@_0BP@FHIMACMK@ACPI?5Binary?5Table?5Dump?5Utility@ 0000000180010a58     apmain.obj
 0002:00001a78       ??_C@_0CC@GEMNFFHD@Intel?5ACPI?5Component?5Architectu@ 0000000180010a78     apmain.obj
 0002:00001aa0       ??_C@_0BK@GCKDLEMI@?6?$CFs?6?$CFs?5version?5?$CF8?48X?6?$CFs?6?6@ 0000000180010aa0     apmain.obj
 0002:00001ac0       ??_C@_08GHFHEMJM@18?353?328@ 0000000180010ac0     apmain.obj
 0002:00001ad0       ??_C@_0M@JIBBNGHE@Oct?514?52023@ 0000000180010ad0     apmain.obj
 0002:00001ae0       ??_C@_0BI@PDHHDADA@Build?5date?1time?3?5?$CFs?5?$CFs?6@ 0000000180010ae0     apmain.obj
 0002:00001af8       ??_C@_0BG@BMJCIMDK@Unknown?5option?3?5?9v?$CFs?6@ 0000000180010af8     apmain.obj
 0002:00001b10       ??_C@_0CG@DDLHPAKC@Internal?5error?0?5invalid?5action?3@ 0000000180010b10     apmain.obj
 0002:00001b38       ??_C@_0CK@MPNOECEP@Output?5file?5?$CFs?5contains?50x?$CFX?5?$CI?$CF@ 0000000180010b38     apmain.obj
 0002:00001b64       ??_C@_01GFHCPBMG@C@        0000000180010b64     toroC64:osifUefiShellEntryPoint.obj
 0002:00001b70       ??_C@_1GG@CBENNICG@?$AAF?$AAA?$AAT?$AAA?$AAL?$AA?5?$AAE?$AAR?$AAR?$AAO?$AAR?$AA?3?$AA?5?$AAR?$AAe@ 0000000180010b70     toroC64:osifUefiShellEntryPoint.obj
 0002:00001be0       ??_C@_1BKG@PIHDEHDC@?$AAF?$AAA?$AAT?$AAA?$AAL?$AA?5?$AAE?$AAR?$AAR?$AAO?$AAR?$AA?3?$AA?5?$AAS?$AAh@ 0000000180010be0     toroC64:osifUefiShellEntryPoint.obj
 0002:00001d88       ??_C@_02KPKOKMHB@?$CFS@    0000000180010d88     toroC64:osifUefiShellEntryPoint.obj
 0002:00001d8c       ??_C@_15JNBOKNOG@?$AA?$AN?$AA?6@ 0000000180010d8c     toroC64:osifUefiShellEntryPoint.obj
 0002:00001d94       ??_C@_02DJGKEECL@?4?4@     0000000180010d94     toroC64:_findfirst.obj
 0002:00001d98       ??_C@_01NBENCBCI@?$CK@     0000000180010d98     toroC64:_findfirst.obj
 0002:00001d9c       ??_C@_02FNAGIBCP@?4?$CK@   0000000180010d9c     toroC64:_findfirst.obj
 0002:00001da0       ??_C@_07FPDFEDEI@ctrwaxb@  0000000180010da0     toroC64:Fopen.obj
 0002:00001da8       ??_C@_01KDCPPGHE@r@        0000000180010da8     toroC64:Fopen.obj
 0002:00001dac       ??_C@_02CHHAKFFB@w?$CL@    0000000180010dac     toroC64:Fopen.obj
 0002:00001db0       ??_C@_02DPNLHKJD@a?$CL@    0000000180010db0     toroC64:Fopen.obj
 0002:00001db3       ??_C@_00CNPNBAHC@@         0000000180010db3     toroC64:_cdeCoreVwxPrintf.obj
 0002:00001db4       ??_C@_01JOAMLHOP@?9@       0000000180010db4     toroC64:_cdeCoreVwxPrintf.obj
 0002:00001db8       ??_C@_01MIFGBAGJ@?$CL@     0000000180010db8     toroC64:_cdeCoreVwxPrintf.obj
 0002:00001dbc       ??_C@_02MDDDDAID@0x@       0000000180010dbc     toroC64:_cdeCoreVwxPrintf.obj
 0002:00001dc0       ??_C@_02FGLHBECB@0X@       0000000180010dc0     toroC64:_cdeCoreVwxPrintf.obj
 0002:00001dc4       ??_C@_01GBGANLPD@0@        0000000180010dc4     toroC64:_cdeCoreVwxPrintf.obj
 0002:00001dc8       ??_C@_0DB@NHMBHPIK@?$CF08X?9?$CF04X?9?$CF04X?9?$CF02X?$CF02X?9?$CF02X?$CF02@ 0000000180010dc8     toroC64:_cdeCoreVwxPrintf.obj
 0002:00001e00       ??_C@_0DB@PMLHLBMO@?$CF08x?9?$CF04x?9?$CF04x?9?$CF02x?$CF02x?9?$CF02x?$CF02@ 0000000180010e00     toroC64:_cdeCoreVwxPrintf.obj
 0002:00001e38       ??_C@_0BK@FCPKCIDD@?$CF02d?1?$CF02d?1?$CF04d?5?5?$CF02d?3?$CF02d@ 0000000180010e38     toroC64:_cdeCoreVwxPrintf.obj
 0002:00001e54       ??_C@_03GOAGKKNE@?$CFqX@   0000000180010e54     toroC64:_cdeCoreVwxPrintf.obj
 0002:00001e58       ??_C@_07PBILKAFL@Success@  0000000180010e58     toroC64:_cdeCoreVwxPrintf.obj
 0002:00001e60       ??_C@_0L@PLPBEPPC@Load?5Error@ 0000000180010e60     toroC64:_cdeCoreVwxPrintf.obj
 0002:00001e70       ??_C@_0BC@HOFHKGJN@Invalid?5Parameter@ 0000000180010e70     toroC64:_cdeCoreVwxPrintf.obj
 0002:00001e88       ??_C@_0M@BEECMOIL@Unsupported@ 0000000180010e88     toroC64:_cdeCoreVwxPrintf.obj
 0002:00001e98       ??_C@_0BA@FLNMPMCF@Bad?5Buffer?5Size@ 0000000180010e98     toroC64:_cdeCoreVwxPrintf.obj
 0002:00001ea8       ??_C@_0BB@EGELJFOB@Buffer?5Too?5Small@ 0000000180010ea8     toroC64:_cdeCoreVwxPrintf.obj
 0002:00001ec0       ??_C@_09NKFGCIPN@Not?5Ready@ 0000000180010ec0     toroC64:_cdeCoreVwxPrintf.obj
 0002:00001ed0       ??_C@_0N@HHEABDHO@Device?5Error@ 0000000180010ed0     toroC64:_cdeCoreVwxPrintf.obj
 0002:00001ee0       ??_C@_0BA@LNEDDFNB@Write?5Protected@ 0000000180010ee0     toroC64:_cdeCoreVwxPrintf.obj
 0002:00001ef0       ??_C@_0BB@GOILNEAA@Out?5of?5Resources@ 0000000180010ef0     toroC64:_cdeCoreVwxPrintf.obj
 0002:00001f08       ??_C@_0P@EIOJGIF@Volume?5Corrupt@ 0000000180010f08     toroC64:_cdeCoreVwxPrintf.obj
 0002:00001f18       ??_C@_0M@HDLEPOFA@Volume?5Full@ 0000000180010f18     toroC64:_cdeCoreVwxPrintf.obj
 0002:00001f28       ??_C@_08KEGAJDNN@No?5Media@ 0000000180010f28     toroC64:_cdeCoreVwxPrintf.obj
 0002:00001f38       ??_C@_0O@JNCJKCCD@Media?5changed@ 0000000180010f38     toroC64:_cdeCoreVwxPrintf.obj
 0002:00001f48       ??_C@_09CFCBFJND@Not?5Found@ 0000000180010f48     toroC64:_cdeCoreVwxPrintf.obj
 0002:00001f58       ??_C@_0O@NFHOBIDO@Access?5Denied@ 0000000180010f58     toroC64:_cdeCoreVwxPrintf.obj
 0002:00001f68       ??_C@_0M@ENKCBFEP@No?5Response@ 0000000180010f68     toroC64:_cdeCoreVwxPrintf.obj
 0002:00001f78       ??_C@_0L@IFPBNFC@No?5mapping@ 0000000180010f78     toroC64:_cdeCoreVwxPrintf.obj
 0002:00001f88       ??_C@_08PAFJCNGP@Time?5out@ 0000000180010f88     toroC64:_cdeCoreVwxPrintf.obj
 0002:00001f98       ??_C@_0M@DCJFAFHJ@Not?5started@ 0000000180010f98     toroC64:_cdeCoreVwxPrintf.obj
 0002:00001fa8       ??_C@_0BA@IGIBFFPH@Already?5started@ 0000000180010fa8     toroC64:_cdeCoreVwxPrintf.obj
 0002:00001fb8       ??_C@_07LCKDCBKK@Aborted@  0000000180010fb8     toroC64:_cdeCoreVwxPrintf.obj
 0002:00001fc0       ??_C@_0L@LKIFCMNO@ICMP?5Error@ 0000000180010fc0     toroC64:_cdeCoreVwxPrintf.obj
 0002:00001fd0       ??_C@_0L@DJKNJKHM@TFTP?5Error@ 0000000180010fd0     toroC64:_cdeCoreVwxPrintf.obj
 0002:00001fe0       ??_C@_0P@NCJHBCLM@Protocol?5Error@ 0000000180010fe0     toroC64:_cdeCoreVwxPrintf.obj
 0002:00001ff0       ??_C@_0BG@CFJMNNJK@Warning?5Unknown?5Glyph@ 0000000180010ff0     toroC64:_cdeCoreVwxPrintf.obj
 0002:00002008       ??_C@_0BH@GKKCJEPJ@Warning?5Delete?5Failure@ 0000000180011008     toroC64:_cdeCoreVwxPrintf.obj
 0002:00002020       ??_C@_0BG@ECIJMOED@Warning?5Write?5Failure@ 0000000180011020     toroC64:_cdeCoreVwxPrintf.obj
 0002:00002038       ??_C@_0BJ@ODIPDGHB@Warning?5Buffer?5Too?5Small@ 0000000180011038     toroC64:_cdeCoreVwxPrintf.obj
 0002:00002058       ??_C@_1O@CEDCILHN@?$AA?$CI?$AAn?$AAu?$AAl?$AAl?$AA?$CJ@ 0000000180011058     toroC64:_cdeCoreVwxPrintf.obj
 0002:00002068       ??_C@_06OJHGLDPL@?$CInull?$CJ@ 0000000180011068     toroC64:_cdeCoreVwxPrintf.obj
 0002:00002070       ??_C@_02CBLLGHLK@r?$CL@    0000000180011070     toroC64:osifUefiShellFileOpen.obj
 0002:00002074       ??_C@_03HMFOOINA@r?$CLb@   0000000180011074     toroC64:osifUefiShellFileOpen.obj
 0002:00002078       ??_C@_03CCKOKKND@rb?$CL@   0000000180011078     toroC64:osifUefiShellFileOpen.obj
 0002:0000207c       ??_C@_03ELIABIOC@w?$CLb@   000000018001107c     toroC64:osifUefiShellFileOpen.obj
 0002:00002080       ??_C@_03BFHAFKOB@wb?$CL@   0000000180011080     toroC64:osifUefiShellFileOpen.obj
 0002:00002084       ??_C@_01MCMALHOG@a@        0000000180011084     toroC64:osifUefiShellFileOpen.obj
 0002:00002088       ??_C@_02BOGAIONP@ab@       0000000180011088     toroC64:osifUefiShellFileOpen.obj
 0002:0000208c       ??_C@_03DOPCBAKB@a?$CLb@   000000018001108c     toroC64:osifUefiShellFileOpen.obj
 0002:00002090       ??_C@_03GAACFCKC@ab?$CL@   0000000180011090     toroC64:osifUefiShellFileOpen.obj
 0002:00002098       ??_C@_08GAJLGCMP@CdeMkDir@ 0000000180011098     toroC64:osifUefiShellFileOpen.obj
 0002:000020a4       ??_C@_13PJJBFPED@?$AA?$DL@ 00000001800110a4     toroC64:osifUefiShellFileOpen.obj
 0002:000020a8       ??_C@_13FPGAJAPJ@?$AA?2@   00000001800110a8     toroC64:osifUefiShellFileOpen.obj
 0002:000020ac       ??_C@_01KICIPPFI@?2@       00000001800110ac     toroC64:osifUefiShellFileFindAll.obj
 0002:000020b0       ??_C@_01JLIPDDHJ@?3@       00000001800110b0     toroC64:osifUefiShellFileGetStatus.obj
 0002:000020b4       ??_C@_02OFDPNJAI@FS@       00000001800110b4     toroC64:osifUefiShellFileGetStatus.obj
 0002:000020b8       ??_C@_15BFKPJPFA@?$AAA?$AA?3@ 00000001800110b8     toroC64:osifUefiShellCmdExec.obj
 0002:000020c0       ??_C@_13JOFGPIOO@?$AA?4@   00000001800110c0     toroC64:_cdeCLocale_.obj
 0002:000020c4       ??_C@_11LOCGONAA@@         00000001800110c4     toroC64:_cdeCLocale_.obj
 0002:000020c8       ??_C@_02GNLKMPOH@?$CK?$DP@ 00000001800110c8     toroC64:__cdeStrMatch.obj
 0002:000020cc       ??_C@_01OGPIMHDM@?$DP@     00000001800110cc     toroC64:__cdeStrMatch.obj
 0002:000020d0       ??_C@_0CE@NLPNMFHG@invalid?5parameter?3?5?$CFS?$CI?$CFd?$CJ?5?$CFS?$CI?$CJ?5@ 00000001800110d0     toroC64:_invalid_parameter_handler.obj
 0002:000020f8       ??_C@_0BD@NEDHKJBG@invalid?5parameter?6@ 00000001800110f8     toroC64:_invalid_parameter_handler.obj
 0002:00002110       ??_C@_0BO@ICHKIABJ@abnormal?5program?5termination?6@ 0000000180011110     toroC64:abort.obj
 0002:0000214c       __volatile_metadata        000000018001114c     <linker-defined>
 0003:00000000       AcpiGbl_Optind             0000000180013000     getopt.obj
 0003:00000004       AcpiGbl_Opterr             0000000180013004     getopt.obj
 0003:00000010       AcpiGbl_AutoSerializeMethods 0000000180013010     utglobal.obj
 0003:00000011       AcpiGbl_CreateOsiMethod    0000000180013011     utglobal.obj
 0003:00000012       AcpiGbl_UseDefaultRegisterWidths 0000000180013012     utglobal.obj
 0003:00000013       AcpiGbl_EnableTableValidation 0000000180013013     utglobal.obj
 0003:00000014       AcpiGbl_Use32BitFacsAddresses 0000000180013014     utglobal.obj
 0003:00000015       AcpiGbl_RuntimeNamespaceOverride 0000000180013015     utglobal.obj
 0003:00000016       AcpiGbl_Shutdown           0000000180013016     utglobal.obj
 0003:00000017       AcpiGbl_EarlyInitialization 0000000180013017     utglobal.obj
 0003:00000018       AcpiGbl_MaxLoopIterations  0000000180013018     utglobal.obj
 0003:0000001c       AcpiGbl_TraceDbgLevel      000000018001301c     utglobal.obj
 0003:00000020       AcpiGbl_TraceDbgLayer      0000000180013020     utglobal.obj
 0003:00000024       AcpiDbgLevel               0000000180013024     utglobal.obj
 0003:00000028       AcpiDbgLayer               0000000180013028     utglobal.obj
 0003:0000002c       AcpiGbl_DsdtIndex          000000018001302c     utglobal.obj
 0003:00000030       AcpiGbl_FacsIndex          0000000180013030     utglobal.obj
 0003:00000034       AcpiGbl_XFacsIndex         0000000180013034     utglobal.obj
 0003:00000038       AcpiGbl_FadtIndex          0000000180013038     utglobal.obj
 0003:0000003c       AcpiGbl_DbOutputFlags      000000018001303c     utglobal.obj
 0003:00000040       AcpiGbl_SleepStateNames    0000000180013040     utglobal.obj
 0003:00000070       AcpiGbl_LowestDstateNames  0000000180013070     utglobal.obj
 0003:00000098       AcpiGbl_HighestDstateNames 0000000180013098     utglobal.obj
 0003:000000c0       AcpiGbl_BitRegisterInfo    00000001800130c0     utglobal.obj
 0003:00000110       AcpiGbl_FixedEventInfo     0000000180013110     utglobal.obj
 0003:0000012e       Gbl_DumpCustomizedTables   000000018001312e     apmain.obj
 0003:00001200       CdeAppIfShell              0000000180014200     toroC64:osifUefiShellEntryPoint.obj
 0003:00001b20       _cdeLconv_C                0000000180014b20     toroC64:_cdeCLocale_.obj
 0003:00001bb8       _cdeCLocale                0000000180014bb8     toroC64:_cdeCLocale_.obj
 0003:00001bd0       __imp_free                 0000000180014bd0     toroC64:FreeCDEABI.obj
 0003:00001bd8       __imp_memset               0000000180014bd8     toroC64:MemSetCDEINTRINABI.obj
 0003:00001be0       __imp_fclose               0000000180014be0     toroC64:FcloseCDEABI.obj
 0003:00001be8       __imp_fgetc                0000000180014be8     toroC64:FgetcCDEABI.obj
 0003:00001bf0       __imp_fwrite               0000000180014bf0     toroC64:FwriteCDEABI.obj
 0003:00001bf8       __imp_sprintf              0000000180014bf8     toroC64:SprintfCDEABI.obj
 0003:00001c00       __imp_raise                0000000180014c00     toroC64:raiseCDEABI.obj
 0003:00001c08       _gCdeEfiShellProtocolGuid  0000000180014c08     toroC64:EFI_SHELL_PROTOCOL_GUID.obj
 0003:00001c18       pinvalid_parameter_handler 0000000180014c18     toroC64:_invalid_parameter_handler.obj
 0003:00001c38       __imp_strlen               0000000180014c38     toroC64:StrLenCDEABI.obj
 0003:00001c40       __imp_wcslen               0000000180014c40     toroC64:WcsLenCDEABI.obj
 0003:00001c50       _fltused                   0000000180014c50     toroC64:_fltused.obj
 0003:00001c58       __imp_isspace              0000000180014c58     toroC64:isspaceCDEABI.obj
 0003:00001c60       __imp_isdigit              0000000180014c60     toroC64:isdigitCDEABI.obj
 0003:00001c68       __imp_isxdigit             0000000180014c68     toroC64:isxdigitCDEABI.obj
 0003:00001c70       __imp__mktime64            0000000180014c70     toroC64:mktimeCDEABI.obj
 0003:00001c78       __imp_mktime               0000000180014c78     toroC64:mktimeCDEABI.obj
 0003:00001c80       __imp_wcschr               0000000180014c80     toroC64:WcsChrCDEABI.obj
 0003:00001c88       __imp_wcscat               0000000180014c88     toroC64:WcsCatCDEABI.obj
 0003:00001c90       __imp_wcscpy               0000000180014c90     toroC64:WcsCpyCDEABI.obj
 0003:00001ca0       __imp_wcsncmp              0000000180014ca0     toroC64:WcsNCmpCDEABI.obj
 0003:00001ca8       __imp_wcsncpy              0000000180014ca8     toroC64:WcsNCpyCDEABI.obj
 0003:00001cb8       __imp_wcstok               0000000180014cb8     toroC64:WcsTokCDEABI.obj
 0003:00001cc8       __imp__wcsicmp             0000000180014cc8     toroC64:_WcsICmpCDEABI.obj
 0003:00001cd8       __imp_strcmp               0000000180014cd8     toroC64:StrCmpCDEABI.obj
 0003:00001ce8       __imp__stricmp             0000000180014ce8     toroC64:_StrICmpCDEABI.obj
 0003:00001cf0       _gEfiSimpleFileSystemProtocolGuid 0000000180014cf0     toroC64:EFI_SIMPLE_FILE_SYSTEM_PROTOCOL_GUID.obj
 0003:00001d00       _gEfiDevicePathToTextProtocolGuid 0000000180014d00     toroC64:EFI_DEVICE_PATH_TO_TEXT_PROTOCOL_GUID.obj
 0003:00001d10       _gEfiDevicePathProtocolGuid 0000000180014d10     toroC64:EFI_DEVICE_PATH_PROTOCOL_GUID.obj
 0003:00001d20       __imp_malloc               0000000180014d20     toroC64:MallocCDEABI.obj
 0003:00001d28       __imp_wcsrchr              0000000180014d28     toroC64:WcsRChrCDEABI.obj
 0003:00001d30       __imp__errno               0000000180014d30     toroC64:errnoCDEABI.obj
 0003:00001d38       __imp_fopen                0000000180014d38     toroC64:FopenCDEABI.obj
 0003:00001d40       __imp_fread                0000000180014d40     toroC64:FreadCDEABI.obj
 0003:00001d48       __imp_fseek                0000000180014d48     toroC64:FseekCDEABI.obj
 0003:00001d50       __imp_strchr               0000000180014d50     toroC64:StrChrCDEABI.obj
 0003:00001d58       __imp_realloc              0000000180014d58     toroC64:ReallocCDEABI.obj
 0003:00001d60       __imp_wcstombs             0000000180014d60     toroC64:wcstombsCDEABI.obj
 0003:00001d68       __imp_mbstowcs             0000000180014d68     toroC64:mbstowcsCDEABI.obj
 0003:00001d70       __imp_strncpy              0000000180014d70     toroC64:StrNCpyCDEABI.obj
 0003:00001d80       __imp_strncmp              0000000180014d80     toroC64:StrNCmpCDEABI.obj
 0003:00001d88       __imp_strcpy               0000000180014d88     toroC64:StrCpyCDEABI.obj
 0003:00001d90       __imp_strcat               0000000180014d90     toroC64:StrCatCDEABI.obj
 0003:00001d98       __imp_strtol               0000000180014d98     toroC64:strtolCDEABI.obj
 0003:00001da0       __imp_strstr               0000000180014da0     toroC64:StrStrCDEABI.obj
 0003:00001da8       _gEfiFileInfoIdGuid        0000000180014da8     toroC64:EFI_FILE_INFO_ID_GUID.obj
 0003:00001db8       __imp_wcsstr               0000000180014db8     toroC64:WcsStrCDEABI.obj
 0003:00001dc0       __imp_fflush               0000000180014dc0     toroC64:FflushCDEABI.obj
 0003:00001dc8       __imp_remove               0000000180014dc8     toroC64:RemoveCDEABI.obj
 0003:00001dd0       pinvalid_parameter_handlerCDEABI 0000000180014dd0     toroC64:_invalid_parameter_handlerCDEABI.obj
 0003:00001de0       __imp_vsnprintf            0000000180014de0     toroC64:VsnprintfCDEABI.obj
 0003:00001df0       __imp_fsetpos              0000000180014df0     toroC64:FsetposCDEABI.obj
 0003:00001e00       __imp_wcspbrk              0000000180014e00     toroC64:WcsPbrkCDEABI.obj
 0003:00001e08       __imp_memcpy               0000000180014e08     toroC64:MemCpyCDEABI.obj
 0003:00001e18       __imp_strtok               0000000180014e18     toroC64:StrTokCDEABI.obj
 0003:00001e20       __imp_strpbrk              0000000180014e20     toroC64:StrPbrkCDEABI.obj
 0003:00001e38       __imp_exit                 0000000180014e38     toroC64:exitCDEABI.obj
 0003:00001e40       __imp_fprintf              0000000180014e40     toroC64:FprintfCDEABI.obj
 0003:00001e48       __imp_abort                0000000180014e48     toroC64:abortCDEABI.obj
 0003:00001e50       _gCdeCfgCmdLnParmPoolMemRetain 0000000180014e50     toroC64:_gCdeCfgCmdLnParmPoolMemRetain.obj
 0003:00001e60       __imp_vfprintf             0000000180014e60     toroC64:VfprintfCDEABI.obj
 0003:00001e68       __imp_fputc                0000000180014e68     toroC64:FputcCDEABI.obj
 0003:00001e80       AcpiGbl_SubOptChar         0000000180014e80     getopt.obj
 0003:00001e88       AcpiGbl_EnableInterpreterSlack 0000000180014e88     utglobal.obj
 0003:00001e89       AcpiGbl_EnableAmlDebugObject 0000000180014e89     utglobal.obj
 0003:00001e8a       AcpiGbl_CopyDsdtLocally    0000000180014e8a     utglobal.obj
 0003:00001e8b       AcpiGbl_DoNotUseXsdt       0000000180014e8b     utglobal.obj
 0003:00001e8c       AcpiGbl_Use32BitFadtAddresses 0000000180014e8c     utglobal.obj
 0003:00001e8d       AcpiGbl_TruncateIoAddresses 0000000180014e8d     utglobal.obj
 0003:00001e8e       AcpiGbl_DisableAutoRepair  0000000180014e8e     utglobal.obj
 0003:00001e8f       AcpiGbl_DisableSsdtTableInstall 0000000180014e8f     utglobal.obj
 0003:00001e90       AcpiGbl_OsiData            0000000180014e90     utglobal.obj
 0003:00001e91       AcpiGbl_ReducedHardware    0000000180014e91     utglobal.obj
 0003:00001e92       AcpiGbl_IgnorePackageResolutionErrors 0000000180014e92     utglobal.obj
 0003:00001e93       AcpiGbl_DisplayDebugTimer  0000000180014e93     utglobal.obj
 0003:00001e94       AcpiGbl_TraceFlags         0000000180014e94     utglobal.obj
 0003:00001e98       AcpiGbl_TraceMethodName    0000000180014e98     utglobal.obj
 0003:00001ea0       AcpiGbl_StartupFlags       0000000180014ea0     utglobal.obj
 0003:00001ea4       AcpiGbl_NamespaceInitialized 0000000180014ea4     utglobal.obj
 0003:00001ea5       AcpiGbl_CaptureComments    0000000180014ea5     utglobal.obj
 0003:00001ea6       AcpiGbl_DebugTimeout       0000000180014ea6     utglobal.obj
 0003:00001ea8       AcpiGbl_CurrentScope       0000000180014ea8     utglobal.obj
 0003:00001eb0       AcpiGbl_LastListHead       0000000180014eb0     utglobal.obj
 0003:00001eb8       AcpiGbl_DebugFile          0000000180014eb8     utglobal.obj
 0003:00001ec0       AcpiGbl_OutputFile         0000000180014ec0     utglobal.obj
 0003:00001ec8       Gbl_TableCount             0000000180014ec8     oswintbl.obj
 0003:00001ecc       Gbl_SsdtInstance           0000000180014ecc     oswintbl.obj
 0003:00001ed0       Gbl_TableListInitialized   0000000180014ed0     oswintbl.obj
 0003:00001ed8       Gbl_SummaryMode            0000000180014ed8     apmain.obj
 0003:00001ed9       Gbl_VerboseMode            0000000180014ed9     apmain.obj
 0003:00001eda       Gbl_BinaryMode             0000000180014eda     apmain.obj
 0003:00001edb       Gbl_DoNotDumpXsdt          0000000180014edb     apmain.obj
 0003:00001edc       CurrentAction              0000000180014edc     apmain.obj
 0003:00001ee0       Gbl_OutputFile             0000000180014ee0     apmain.obj
 0003:00001ee8       Gbl_OutputFilename         0000000180014ee8     apmain.obj
 0003:00001ef0       Gbl_RsdpBase               0000000180014ef0     apmain.obj
 0003:00015520       _gCdeCfgCmdLnParmReportStatusCodeSTDOUT 0000000180028520     toroC64:_gCdeCfgCmdLnParmReportStatusCodeSTDOUT.obj
 0003:00015540       ActionTable                0000000180028540     <common>
 0003:00015740       hEfiImageHandle            0000000180028740     <common>
 0003:00015748       pEfiSystemTable            0000000180028748     <common>
 0003:00015750       TimerFrequency             0000000180028750     <common>
 0003:00015758       Gbl_AvailableTableSignatures 0000000180028758     <common>
 0003:00015760       AcpiGbl_PrintLock          0000000180028760     <common>
 0003:00015768       AcpiGbl_IntegerByteWidth   0000000180028768     <common>
 0003:00015769       AcpiGbl_IntegerBitWidth    0000000180028769     <common>
 0003:00015770       AcpiGbl_Optarg             0000000180028770     <common>
 0003:00015778       pConIOPutStr               0000000180028778     <common>
 0003:00015780       pConIOClr                  0000000180028780     <common>
 0003:00015788       pCdeEfiDevicePathToTextProtocol 0000000180028788     <common>
 0003:00015790       gszCdeDriverName           0000000180028790     <common>
 0003:00015798       _cdegRT                    0000000180028798     <common>
 0003:000157a0       _cdegBS                    00000001800287a0     <common>
 0003:000157a8       _cdegST                    00000001800287a8     <common>
 0003:000157b0       _cdegImageHandle           00000001800287b0     <common>

 entry point at        0001:00003c8c

 Static symbols

 0001:000005d8       AcpiTbCleanupTableHeader   00000001800015d8 f   tbprint.obj
 0001:00000628       AcpiTbFixString            0000000180001628 f   tbprint.obj
 0001:000015f4       AcpiUtInsertDigit          00000001800025f4 f   utstrsuppt.obj
 0001:00001638       AcpiUtStrtoulAdd64         0000000180002638 f   utstrsuppt.obj
 0001:00001670       AcpiUtStrtoulMultiply64    0000000180002670 f   utstrsuppt.obj
 0001:00001ed8       OslTableInitialize         0000000180002ed8 f   oswintbl.obj
 0001:000028c0       ApDumpTableBuffer          00000001800038c0 f   apdump.obj
 0001:00002c80       ApIsExistingFile           0000000180003c80 f   apfiles.obj
 0001:00002e30       ApDisplayUsage             0000000180003e30 f   apmain.obj
 0001:00002f8c       ApDoOptions                0000000180003f8c f   apmain.obj
 0001:00003280       ApInsertAction             0000000180004280 f   apmain.obj
 0001:0000362c       _StdOutPutChar             000000018000462c f   toroC64:osifUefiShellEntryPoint.obj
 0001:00003674       _StdInGetChar              0000000180004674 f   toroC64:osifUefiShellEntryPoint.obj
 0001:00003cb8       __CdeChkCtrlC              0000000180004cb8 f   toroC64:osifUefiShellEntryPoint.obj
 0001:0000461c       __fputcpp                  000000018000561c f   toroC64:Vfprintf.obj
 0001:00005f5c       $LN276                     0000000180006f5c     toroC64:_cdeCoreVwxPrintf.obj
 0001:00005fe0       ExpFieldOfDouble           0000000180006fe0 f   toroC64:_cdeCoreVwxPrintf.obj
 0001:00005ff4       FractBinDigits             0000000180006ff4 f   toroC64:_cdeCoreVwxPrintf.obj
 0001:0000605c       FractFieldOfDouble         000000018000705c f   toroC64:_cdeCoreVwxPrintf.obj
 0001:00006070       IntgrBinDigits             0000000180007070 f   toroC64:_cdeCoreVwxPrintf.obj
 0001:000060b8       fract2bcd                  00000001800070b8 f   toroC64:_cdeCoreVwxPrintf.obj
 0001:00006190       intgr2bcd                  0000000180007190 f   toroC64:_cdeCoreVwxPrintf.obj
 0001:00006290       nfill                      0000000180007290 f   toroC64:_cdeCoreVwxPrintf.obj
 0001:00006300       nprintfield                0000000180007300 f   toroC64:_cdeCoreVwxPrintf.obj
 0001:00006784       num2str                    0000000180007784 f   toroC64:_cdeCoreVwxPrintf.obj
 0001:000068e8       str2dev                    00000001800078e8 f   toroC64:_cdeCoreVwxPrintf.obj
 0001:00007b04       GetCharAndCount            0000000180008b04 f   toroC64:_cdeCoreVwxScanf.obj
 0001:00007b30       IsCharInNumberRange        0000000180008b30 f   toroC64:_cdeCoreVwxScanf.obj
 0001:00007ba4       StoreTerminate             0000000180008ba4 f   toroC64:_cdeCoreVwxScanf.obj
 0001:00007c04       UngetCharAndDecount        0000000180008c04 f   toroC64:_cdeCoreVwxScanf.obj
 0001:00007c24       inrange                    0000000180008c24 f   toroC64:_cdeCoreVwxScanf.obj
 0001:00007c4c       str2num                    0000000180008c4c f   toroC64:_cdeCoreVwxScanf.obj
 0001:000086f8       __insertFree               00000001800096f8 f   toroC64:_cdeCoreMemRealloc.obj
 0001:00008ad8       bcd2int                    0000000180009ad8 f   toroC64:osifIbmAtGetTime.obj
 0001:00008af0       inside                     0000000180009af0 f   toroC64:osifIbmAtGetTime.obj
 0001:00008b00       rtcrd8                     0000000180009b00 f   toroC64:osifIbmAtGetTime.obj
 0001:00009388       __CdeFsEnum                000000018000a388 f   toroC64:osifUefiShellFileOpen.obj
 0001:00009520       __CdeIsFsEnum              000000018000a520 f   toroC64:osifUefiShellFileOpen.obj
 0001:00009530       efifopen                   000000018000a530 f   toroC64:osifUefiShellFileOpen.obj
 0001:00009c14       __cdeReadDirectory         000000018000ac14 f   toroC64:osifUefiShellFileFindAll.obj
 0001:00009fa4       myConIOClr                 000000018000afa4 f   toroC64:osifUefiShellCmdExec.obj
 0001:00009fb0       myConIOPutStr              000000018000afb0 f   toroC64:osifUefiShellCmdExec.obj
 0001:0000ab20       $$000000                   000000018000bb20     toroC64:setjmp64CDEINTRINABI.obj
 0001:0000ae30       $$000000                   000000018000be30     toroC64:CdeGetCurrentPrivilegeLevel64.obj
 0001:0000ae34       freeCDEABI                 000000018000be34 f   toroC64:FreeCDEABI.obj
 0001:0000ae64       fcloseCDEABI               000000018000be64 f   toroC64:FcloseCDEABI.obj
 0001:0000af20       fgetcCDEABI                000000018000bf20 f   toroC64:FgetcCDEABI.obj
 0001:0000af6c       fwriteCDEABI               000000018000bf6c f   toroC64:FwriteCDEABI.obj
 0001:0000afc4       sprintfCDEABI              000000018000bfc4 f   toroC64:SprintfCDEABI.obj
 0001:0000aff0       raiseCDEABI                000000018000bff0 f   toroC64:raiseCDEABI.obj
 0001:0000b630       invalid_parameter_handler  000000018000c630 f   toroC64:_invalid_parameter_handler.obj
 0001:0000b960       strlenCDEABI               000000018000c960 f   toroC64:StrLenCDEABI.obj
 0001:0000b974       wcslenCDEABI               000000018000c974 f   toroC64:WcsLenCDEABI.obj
 0001:0000b9d8       isspaceCDEABI              000000018000c9d8 f   toroC64:isspaceCDEABI.obj
 0001:0000b9f0       isdigitCDEABI              000000018000c9f0 f   toroC64:isdigitCDEABI.obj
 0001:0000ba04       isxdigitCDEABI             000000018000ca04 f   toroC64:isxdigitCDEABI.obj
 0001:0000ba9c       _mktime64CDEABI            000000018000ca9c f   toroC64:mktimeCDEABI.obj
 0001:0000bb2c       mktimeCDEABI               000000018000cb2c f   toroC64:mktimeCDEABI.obj
 0001:0000bce0       wcschrCDEABI               000000018000cce0 f   toroC64:WcsChrCDEABI.obj
 0001:0000bd18       wcscatCDEABI               000000018000cd18 f   toroC64:WcsCatCDEABI.obj
 0001:0000bd4c       wcscpyCDEABI               000000018000cd4c f   toroC64:WcsCpyCDEABI.obj
 0001:0000bd84       wcsncmpCDEABI              000000018000cd84 f   toroC64:WcsNCmpCDEABI.obj
[...]
 0002:0000275c       $unwind$fprintf            000000018001175c     toroC64:Fprintf.obj
 0002:00002764       $unwind$strchr             0000000180011764     toroC64:StrChr.obj
 0002:0000276c       $unwind$strcmp             000000018001176c     toroC64:StrCmp.obj
 0002:00002778       $unwind$strncmp            0000000180011778     toroC64:StrNCmp.obj
 0002:00002788       $unwind$isprint            0000000180011788     toroC64:isprint.obj
 0002:00002790       $unwind$isxdigit           0000000180011790     toroC64:isxdigit.obj
 0002:00002798       $unwind$strcat             0000000180011798     toroC64:StrCat.obj
 0002:000027a4       $unwind$strcpy             00000001800117a4     toroC64:StrCpy.obj
 0002:000027b0       $unwind$strncat            00000001800117b0     toroC64:StrNCat.obj
 0002:000027c4       $unwind$strncpy            00000001800117c4     toroC64:StrNCpy.obj
 0002:000027d4       $unwind$toupper            00000001800117d4     toroC64:toupper.obj
 0002:000027dc       $unwind$tolower            00000001800117dc     toroC64:tolower.obj
 0002:000027e4       $unwind$_findclose         00000001800117e4     toroC64:_findclose.obj
 0002:000027ec       $unwind$_findfirst64i32    00000001800117ec     toroC64:_findfirst.obj
 0002:00002804       $unwind$_findnext64i32     0000000180011804     toroC64:_findnext.obj
 0002:00002820       $unwind$calloc             0000000180011820     toroC64:Calloc.obj
 0002:0000282c       $unwind$free               000000018001182c     toroC64:Free.obj
 0002:00002834       $unwind$printf             0000000180011834     toroC64:Printf.obj
 0002:0000283c       $unwind$memmove            000000018001183c     toroC64:MemMove.obj
 0002:0000284c       $unwind$getchar            000000018001184c     toroC64:Getchar.obj
 0002:00002854       $unwind$vfprintf           0000000180011854     toroC64:Vfprintf.obj
 0002:00002868       $unwind$fclose             0000000180011868     toroC64:Fclose.obj
 0002:0000287c       $unwind$fgetc              000000018001187c     toroC64:Fgetc.obj
 0002:00002884       $unwind$fopen              0000000180011884     toroC64:Fopen.obj
 0002:000028a4       $unwind$fread              00000001800118a4     toroC64:Fread.obj
 0002:000028b8       $unwind$fwrite             00000001800118b8     toroC64:Fwrite.obj
 0002:000028cc       $unwind$snprintf           00000001800118cc     toroC64:Snprintf.obj
 0002:000028d4       $unwind$_stat64i32         00000001800118d4     toroC64:_stat64i32.obj
 0002:000028ec       $unwind$clock              00000001800118ec     toroC64:clock.obj
 0002:000028f8       $unwind$_CdeDbgPutChar     00000001800118f8     toroC64:_CdeDbgPutChar.obj
 0002:00002910       $unwind$_cdeCoreVwxPrintf  0000000180011910     toroC64:_cdeCoreVwxPrintf.obj
 0002:00002930       $unwind$intgr2bcd          0000000180011930     toroC64:_cdeCoreVwxPrintf.obj
 0002:00002944       $unwind$str2dev            0000000180011944     toroC64:_cdeCoreVwxPrintf.obj
 0002:0000295c       $unwind$num2str            000000018001195c     toroC64:_cdeCoreVwxPrintf.obj
 0002:00002974       $unwind$nfill              0000000180011974     toroC64:_cdeCoreVwxPrintf.obj
 0002:0000298c       $unwind$nprintfield        000000018001198c     toroC64:_cdeCoreVwxPrintf.obj
 0002:000029a4       $unwind$str2num            00000001800119a4     toroC64:_cdeCoreVwxScanf.obj
 0002:000029bc       $unwind$_cdeCoreVwxScanf   00000001800119bc     toroC64:_cdeCoreVwxScanf.obj
 0002:000029d8       $unwind$_cdeCoreWcsStrTok  00000001800119d8     toroC64:_cdeCoreWcsStrTok.obj
 0002:000029f4       $unwind$_cdeWcsStrPbrkSpn  00000001800119f4     toroC64:_cdeWcsStrPbrkSpn.obj
 0002:00002a10       $unwind$_cdeCoreMemRealloc 0000000180011a10     toroC64:_cdeCoreMemRealloc.obj
 0002:00002a2c       $unwind$_cdeMemStrxCpy     0000000180011a2c     toroC64:_cdeMemStrxCpy.obj
 0002:00002a44       $unwind$_cdeMemStrxCmp     0000000180011a44     toroC64:_cdeMemStrxCmp.obj
 0002:00002a60       $unwind$_osifIbmAtGetTime  0000000180011a60     toroC64:osifIbmAtGetTime.obj
 0002:00002a6c       $unwind$_osifIbmAtGetTscPerSec 0000000180011a6c     toroC64:osifIbmAtGetTscPerSec.obj
 0002:00002a74       $unwind$_osifUefiShellMemAlloc 0000000180011a74     toroC64:osifUefiShellMemAlloc.obj
 0002:00002a7c       $unwind$_osifUefiShellFileWrite 0000000180011a7c     toroC64:osifUefiShellFileWrite.obj
 0002:00002a94       $unwind$_osifUefiShellFileRead 0000000180011a94     toroC64:osifUefiShellFileRead.obj
 0002:00002aa8       $unwind$_osifUefiShellFileSetPos 0000000180011aa8     toroC64:osifUefiShellFileSetPos.obj
 0002:00002abc       $unwind$efifopen           0000000180011abc     toroC64:osifUefiShellFileOpen.obj
 0002:00002ad4       $unwind$__CdeFsEnum        0000000180011ad4     toroC64:osifUefiShellFileOpen.obj
 0002:00002ae8       $unwind$_osifUefiShellFileOpen 0000000180011ae8     toroC64:osifUefiShellFileOpen.obj
 0002:00002b00       $unwind$_osifUefiShellFileClose 0000000180011b00     toroC64:osifUefiShellFileClose.obj
 0002:00002b0c       $unwind$_osifUefiShellFileDelete 0000000180011b0c     toroC64:osifUefiShellFileDelete.obj
 0002:00002b14       $unwind$_osifUefiShellFileRename 0000000180011b14     toroC64:osifUefiShellFileRename.obj
 0002:00002b30       $unwind$__cdeReadDirectory 0000000180011b30     toroC64:osifUefiShellFileFindAll.obj
 0002:00002b4c       $unwind$_osifUefiShellFileFindAll 0000000180011b4c     toroC64:osifUefiShellFileFindAll.obj
 0002:00002b64       $unwind$_osifUefiShellFileGetStatus 0000000180011b64     toroC64:osifUefiShellFileGetStatus.obj
 0002:00002b78       $unwind$_osifUefiShellDirectoryCreate 0000000180011b78     toroC64:osifUefiShellDirectoryCreate.obj
 0002:00002b8c       $unwind$myConIOPutStr      0000000180011b8c     toroC64:osifUefiShellCmdExec.obj
 0002:00002ba0       $unwind$_osifUefiShellCmdExec 0000000180011ba0     toroC64:osifUefiShellCmdExec.obj
 0002:00002bac       $unwind$_osifUefiShellGetEnv 0000000180011bac     toroC64:osifUefiShellGetEnv.obj
 0002:00002bc4       $unwind$_osifUefiShellGetDrvCwd 0000000180011bc4     toroC64:osifUefiShellGetDrvCwd.obj
 0002:00002bd0       $unwind$_cdeCoreFread      0000000180011bd0     toroC64:_cdeCoreFread.obj
 0002:00002be8       $unwind$_cdeCoreFwrite     0000000180011be8     toroC64:_cdeCoreFwrite.obj
 0002:00002c04       $unwind$_cdeCoreFsetpos    0000000180011c04     toroC64:_cdeCoreFsetpos.obj
 0002:00002c18       $unwind$_cdeCoreFflush     0000000180011c18     toroC64:_cdeCoreFflush.obj
 0002:00002c28       $unwind$_CdeLocateProtocol 0000000180011c28     toroC64:_CdeLocateProtocol.obj
 0002:00002c30       $unwind$_cdeStr2Argcv      0000000180011c30     toroC64:_cdeStr2Argcv.obj
 0002:00002c48       $unwind$memset             0000000180011c48     toroC64:MemSetCDEINTRINABI.obj
 0002:00002c50       $unwind$fcloseCDEABI       0000000180011c50     toroC64:FcloseCDEABI.obj
 0002:00002c64       $unwind$fgetcCDEABI        0000000180011c64     toroC64:FgetcCDEABI.obj
 0002:00002c6c       $unwind$fwriteCDEABI       0000000180011c6c     toroC64:FwriteCDEABI.obj
 0002:00002c80       $unwind$sprintfCDEABI      0000000180011c80     toroC64:SprintfCDEABI.obj
 0002:00002c88       $unwind$raiseCDEABI        0000000180011c88     toroC64:raiseCDEABI.obj
 0002:00002c98       $unwind$_fseeki64          0000000180011c98     toroC64:_Fseeki64.obj
 0002:00002cac       $unwind$_ftelli64          0000000180011cac     toroC64:_Ftelli64.obj
 0002:00002cb4       $unwind$strpbrk            0000000180011cb4     toroC64:StrPbrk.obj
 0002:00002cc0       $unwind$isgraph            0000000180011cc0     toroC64:isgraph.obj
 0002:00002ccc       $unwind$strrchr            0000000180011ccc     toroC64:StrRChr.obj
 0002:00002cd8       $unwind$__cdeSplitSearchNameExt2Upcase 0000000180011cd8     toroC64:__cdeSplitSearchNameExt2Upcase.obj
 0002:00002cf4       $unwind$strspn             0000000180011cf4     toroC64:StrSpn.obj
 0002:00002d00       $unwind$__cdeStrMatch      0000000180011d00     toroC64:__cdeStrMatch.obj
 0002:00002d18       $unwind$realloc            0000000180011d18     toroC64:Realloc.obj
 0002:00002d24       $unwind$fputc              0000000180011d24     toroC64:Fputc.obj
 0002:00002d2c       $unwind$_errno             0000000180011d2c     toroC64:errno.obj
 0002:00002d34       $unwind$fflush             0000000180011d34     toroC64:Fflush.obj
 0002:00002d3c       $unwind$remove             0000000180011d3c     toroC64:Remove.obj
 0002:00002d50       $unwind$__cdeIsFilePointer 0000000180011d50     toroC64:__cdeIsFilePointer.obj
 0002:00002d64       $unwind$invalid_parameter_handler 0000000180011d64     toroC64:_invalid_parameter_handler.obj
 0002:00002d78       $unwind$_stricmp           0000000180011d78     toroC64:_StrICmp.obj
 0002:00002d84       $unwind$strtok             0000000180011d84     toroC64:StrTok.obj
 0002:00002d90       $unwind$vsnprintf          0000000180011d90     toroC64:Vsnprintf.obj
 0002:00002da8       $unwind$_cdeCoreSprintf    0000000180011da8     toroC64:_cdeCoreSprintf.obj
 0002:00002db0       $unwind$isxdigitCDEABI     0000000180011db0     toroC64:isxdigitCDEABI.obj
 0002:00002db8       $unwind$_cdeUMUL128        0000000180011db8     toroC64:_cdeUMUL128.obj
 0002:00002dc0       $unwind$_mktime64CDEABI    0000000180011dc0     toroC64:mktimeCDEABI.obj
 0002:00002dc8       $unwind$_cdeGmltime        0000000180011dc8     toroC64:_cdeGmltime.obj
 0002:00002dd4       $unwind$__cdeOnErrSet_status 0000000180011dd4     toroC64:__cdeOnErrSet_status.obj
 0002:00002ddc       $unwind$__cdeOffsetCdeFposType 0000000180011ddc     toroC64:__cdeGetOffsetCdeFposType.obj
 0002:00002de4       $unwind$__cdeBiasCdeFposType 0000000180011de4     toroC64:__cdeGetBiasCdeFposType.obj
 0002:00002df0       $unwind$wcschrCDEABI       0000000180011df0     toroC64:WcsChrCDEABI.obj
 0002:00002df8       $unwind$wcscatCDEABI       0000000180011df8     toroC64:WcsCatCDEABI.obj
 0002:00002e04       $unwind$wcscpyCDEABI       0000000180011e04     toroC64:WcsCpyCDEABI.obj
 0002:00002e10       $unwind$wcsncmpCDEABI      0000000180011e10     toroC64:WcsNCmpCDEABI.obj
 0002:00002e20       $unwind$wcsncpyCDEABI      0000000180011e20     toroC64:WcsNCpyCDEABI.obj
 0002:00002e30       $unwind$wcstokCDEABI       0000000180011e30     toroC64:WcsTokCDEABI.obj
 0002:00002e40       $unwind$_wcsicmpCDEABI     0000000180011e40     toroC64:_WcsICmpCDEABI.obj
 0002:00002e4c       $unwind$strcmpCDEABI       0000000180011e4c     toroC64:StrCmpCDEABI.obj
 0002:00002e58       $unwind$_stricmpCDEABI     0000000180011e58     toroC64:_StrICmpCDEABI.obj
 0002:00002e64       $unwind$_CdeLocateHandleBuffer 0000000180011e64     toroC64:_CdeLocateHandleBuffer.obj
 0002:00002e74       $unwind$_cdeConvertDevicePathToText 0000000180011e74     toroC64:_cdeConvertDevicePathToText.obj
 0002:00002e7c       $unwind$_CdeGetMapFromDevicePath 0000000180011e7c     toroC64:_CdeGetMapFromDevicePath.obj
 0002:00002e84       $unwind$_CdeGetCurDir      0000000180011e84     toroC64:_CdeGetCurDir.obj
 0002:00002e8c       $unwind$wcsrchrCDEABI      0000000180011e8c     toroC64:WcsRChrCDEABI.obj
 0002:00002e98       $unwind$_errnoCDEABI       0000000180011e98     toroC64:errnoCDEABI.obj
 0002:00002ea0       $unwind$fopenCDEABI        0000000180011ea0     toroC64:FopenCDEABI.obj
 0002:00002ec0       $unwind$freadCDEABI        0000000180011ec0     toroC64:FreadCDEABI.obj
 0002:00002ed4       $unwind$strchrCDEABI       0000000180011ed4     toroC64:StrChrCDEABI.obj
 0002:00002edc       $unwind$reallocCDEABI      0000000180011edc     toroC64:ReallocCDEABI.obj
 0002:00002ee8       $unwind$wcstombsCDEABI     0000000180011ee8     toroC64:wcstombsCDEABI.obj
 0002:00002ef0       $unwind$strncpyCDEABI      0000000180011ef0     toroC64:StrNCpyCDEABI.obj
 0002:00002f00       $unwind$strncmpCDEABI      0000000180011f00     toroC64:StrNCmpCDEABI.obj
 0002:00002f10       $unwind$strcpyCDEABI       0000000180011f10     toroC64:StrCpyCDEABI.obj
 0002:00002f1c       $unwind$strcatCDEABI       0000000180011f1c     toroC64:StrCatCDEABI.obj
 0002:00002f28       $unwind$strtolCDEABI       0000000180011f28     toroC64:strtolCDEABI.obj
 0002:00002f30       $unwind$_cdeEfiTime2TimeT  0000000180011f30     toroC64:_cdeEfiTime2TimeT.obj
 0002:00002f38       $unwind$__cdeIsFilePointerCORE 0000000180011f38     toroC64:__cdeIsFilePointerCORE.obj
 0002:00002f50       $unwind$__cderewindCORE    0000000180011f50     toroC64:__cderewindCORE.obj
 0002:00002f58       $unwind$_cdeAbort          0000000180011f58     toroC64:_cdeAbort.obj
 0002:00002f60       $unwind$fflushCDEABI       0000000180011f60     toroC64:FflushCDEABI.obj
 0002:00002f68       $unwind$removeCDEABI       0000000180011f68     toroC64:RemoveCDEABI.obj
 0002:00002f7c       $unwind$invalid_parameter_handler 0000000180011f7c     toroC64:_invalid_parameter_handlerCDEABI.obj
 0002:00002f90       $unwind$vsnprintfCDEABI    0000000180011f90     toroC64:VsnprintfCDEABI.obj
 0002:00002fa8       $unwind$fsetposCDEABI      0000000180011fa8     toroC64:FsetposCDEABI.obj
 0002:00002fb4       $unwind$fgetpos            0000000180011fb4     toroC64:Fgetpos.obj
 0002:00002fc8       $unwind$isalnum            0000000180011fc8     toroC64:isalnum.obj
 0002:00002fd4       $unwind$strcspn            0000000180011fd4     toroC64:StrCSpn.obj
 0002:00002fe0       $unwind$_strnicmp          0000000180011fe0     toroC64:_StrNICmp.obj
 0002:00002ff0       $unwind$__cdeOnErrSet_errno 0000000180011ff0     toroC64:__cdeOnErrSet_errno.obj
 0002:00002ff8       $unwind$abort              0000000180011ff8     toroC64:abort.obj
 0002:00003004       $unwind$_cdeDay2Greg       0000000180012004     toroC64:_cdeDay2Greg.obj
 0002:00003010       $unwind$_efierrno          0000000180012010     toroC64:_efierrno.obj
 0002:00003018       $unwind$wcspbrkCDEABI      0000000180012018     toroC64:WcsPbrkCDEABI.obj
 0002:00003024       $unwind$_cdePoolWcs2AppWcs 0000000180012024     toroC64:_CdePoolWcs2AppWcs.obj
 0002:00003034       $unwind$strtokCDEABI       0000000180012034     toroC64:StrTokCDEABI.obj
 0002:00003040       $unwind$strpbrkCDEABI      0000000180012040     toroC64:StrPbrkCDEABI.obj
 0002:0000304c       $unwind$_cdeSscanf         000000018001204c     toroC64:_cdeSscanf.obj
 0002:00003058       $unwind$__cdeOnErrSet_errnoCORE 0000000180012058     toroC64:__cdeOnErrSet_errnoCORE.obj
 0002:00003060       $unwind$exitCDEABI         0000000180012060     toroC64:exitCDEABI.obj
 0002:00003068       $unwind$fprintfCDEABI      0000000180012068     toroC64:FprintfCDEABI.obj
 0002:00003070       $unwind$abortCDEABI        0000000180012070     toroC64:abortCDEABI.obj
 0002:0000307c       $unwind$isalpha            000000018001207c     toroC64:isalpha.obj
 0002:00003088       $unwind$raise              0000000180012088     toroC64:raise.obj
 0002:00003098       $unwind$exit               0000000180012098     toroC64:exit.obj
 0002:000030a0       $unwind$vfprintfCDEABI     00000001800120a0     toroC64:VfprintfCDEABI.obj
 0002:000030b4       $unwind$fputcCDEABI        00000001800120b4     toroC64:FputcCDEABI.obj
 0003:00000008       CurrentCharPtr             0000000180013008     getopt.obj
 0003:00000130       ?EfiAcpi20TableGuid@?1??EnumSystemFirmwareTables4UEFI@@9@9 0000000180013130     Win324UEFI:EnumSystemFirmwareTables.obj
 0003:00000140       ?EfiAcpi20TableGuid@?1??GetSystemFirmwareTable4UEFI@@9@9 0000000180013140     Win324UEFI:GetSystemFirmwareTable.obj
 0003:00000150       gCdeSystemVolumes          0000000180013150     toroC64:osifUefiShellEntryPoint.obj
 0003:00001060       gCdeServicesShell          0000000180014060     toroC64:osifUefiShellEntryPoint.obj
 0003:00001810       _gEfiStatusCodeRuntimeProtocolGuid 0000000180014810     toroC64:osifUefiShellEntryPoint.obj
 0003:00001820       ?EfiLoadedImageProtocolGuid@?1??_MainEntryPointShell@@9@9 0000000180014820     toroC64:osifUefiShellEntryPoint.obj
 0003:00001830       ?EfiShellParametersProtocolGuid@?L@??_MainEntryPointShell@@9@9 0000000180014830     toroC64:osifUefiShellEntryPoint.obj
 0003:00001840       ROMPARM                    0000000180014840     toroC64:StrCmp.obj
 0003:00001848       ROMPARM                    0000000180014848     toroC64:StrNCmp.obj
 0003:00001850       ?action@?4??_cdeCoreMemRealloc@@9@9 0000000180014850     toroC64:_cdeCoreMemRealloc.obj
 0003:00001860       tblMode                    0000000180014860     toroC64:osifUefiShellFileOpen.obj
 0003:00001a60       ?wcsSHELL@?1??myConIOPutStr@@9@9 0000000180014a60     toroC64:osifUefiShellCmdExec.obj
 0003:00001a98       ?wcsMAP@?1??myConIOPutStr@@9@9 0000000180014a98     toroC64:osifUefiShellCmdExec.obj
 0003:00001ab8       ?wcsALIAS@?1??myConIOPutStr@@9@9 0000000180014ab8     toroC64:osifUefiShellCmdExec.obj
 0003:00001ad0       ?wcsBLK@?1??myConIOPutStr@@9@9 0000000180014ad0     toroC64:osifUefiShellCmdExec.obj
 0003:00001ae8       ?wcsBLK2@?1??myConIOPutStr@@9@9 0000000180014ae8     toroC64:osifUefiShellCmdExec.obj
 0003:00001af8       ?wcsFS@?1??myConIOPutStr@@9@9 0000000180014af8     toroC64:osifUefiShellCmdExec.obj
 0003:00001b10       ?wcsFS2@?1??myConIOPutStr@@9@9 0000000180014b10     toroC64:osifUefiShellCmdExec.obj
 0003:00001c20       ROMPARM                    0000000180014c20     toroC64:_StrICmp.obj
 0003:00001c28       ROMPARM                    0000000180014c28     toroC64:StrTok.obj
 0003:00001c2c       RomParm                    0000000180014c2c     toroC64:Vsnprintf.obj
 0003:00001c48       ?RomParm@?1??_cdeCoreSprintf@@9@9 0000000180014c48     toroC64:_cdeCoreSprintf.obj
 0003:00001c98       ROMPARM                    0000000180014c98     toroC64:WcsNCmpCDEABI.obj
 0003:00001cb0       ROMPARM                    0000000180014cb0     toroC64:WcsTokCDEABI.obj
 0003:00001cc0       ROMPARM                    0000000180014cc0     toroC64:_WcsICmpCDEABI.obj
 0003:00001cd0       ROMPARM                    0000000180014cd0     toroC64:StrCmpCDEABI.obj
 0003:00001ce0       ROMPARM                    0000000180014ce0     toroC64:_StrICmpCDEABI.obj
 0003:00001d78       ROMPARM                    0000000180014d78     toroC64:StrNCmpCDEABI.obj
 0003:00001dd8       RomParm                    0000000180014dd8     toroC64:VsnprintfCDEABI.obj
 0003:00001de8       ?sigorder@?1??_cdeSig2idx@@9@9 0000000180014de8     toroC64:_cdeSig2idx.obj
 0003:00001df8       ROMPARM                    0000000180014df8     toroC64:_StrNICmp.obj
 0003:00001e10       ROMPARM                    0000000180014e10     toroC64:StrTokCDEABI.obj
 0003:00001e28       RomParm                    0000000180014e28     toroC64:_cdeSscanf.obj
 0003:00001f00       _iob                       0000000180014f00     toroC64:osifUefiShellEntryPoint.obj
 0003:00003f00       ?DblData@?CA@??_cdeCoreVwxPrintf@@9@9 0000000180016f00     toroC64:_cdeCoreVwxPrintf.obj
 0003:00004490       ?wcBuffer@?1??_osifUefiShellFileWrite@@9@9 0000000180017490     toroC64:osifUefiShellFileWrite.obj
 0003:000048a0       ?zBuf64k@?O@??_osifUefiShellFileWrite@@9@9 00000001800178a0     toroC64:osifUefiShellFileWrite.obj
 0003:000148a0       ?wcbuffer@?3??_osifUefiShellFileRead@@9@9 00000001800278a0     toroC64:osifUefiShellFileRead.obj
 0003:00014ca0       ?wcsFilePath@?5??_osifUefiShellFileOpen@@9@9 0000000180027ca0     toroC64:osifUefiShellFileOpen.obj
 0003:00014eb0       ?wcsFileName@?5??_osifUefiShellFileOpen@@9@9 0000000180027eb0     toroC64:osifUefiShellFileOpen.obj
 0003:000150b8       ?wcsDrive@?5??_osifUefiShellFileOpen@@9@9 00000001800280b8     toroC64:osifUefiShellFileOpen.obj
 0003:000150d8       ?wcsDrive2@?5??_osifUefiShellFileOpen@@9@9 00000001800280d8     toroC64:osifUefiShellFileOpen.obj
 0003:00015100       state                      0000000180028100     toroC64:osifUefiShellCmdExec.obj
 0003:00015110       ?wcsCommand@?1??_osifUefiShellCmdExec@@9@9 0000000180028110     toroC64:osifUefiShellCmdExec.obj
 0003:00015320       ?buffer@?1??_osifUefiShellGetEnv@@9@9 0000000180028320     toroC64:osifUefiShellGetEnv.obj
