 AcpiXtract

 Timestamp is 671e8471 (Sun Oct 27 19:20:33 2024)

 Preferred load address is 0000000180000000

 Start         Length     Name                   Class
 0001:00000000 0000b759H .text$mn                CODE
 0002:00000000 00000008H .CRT$XCA                DATA
 0002:00000008 00000008H .CRT$XCZ                DATA
 0002:00000010 00000008H .CRT$XIA                DATA
 0002:00000018 00000008H .CRT$XIZ                DATA
 0002:00000020 00000008H .CRT$XPA                DATA
 0002:00000028 00000008H .CRT$XPZ                DATA
 0002:00000030 00000008H .CRT$XTA                DATA
 0002:00000038 00000008H .CRT$XTZ                DATA
 0002:00000040 00001d34H .rdata                  DATA
 0002:00001d74 00000040H .rdata$voltmd           DATA
 0002:00001db4 00000138H .rdata$zzzdbg           DATA
 0002:00001eec 00000ba4H .xdata                  DATA
 0002:00002a90 00000000H .edata                  DATA
 0003:00000000 00001ee0H .data                   DATA
 0003:00001ee0 00013938H .bss                    DATA
 0004:00000000 000009ccH .pdata                  DATA

  Address         Publics by Value              Rva+Base               Lib:Object

 0000:00000000       __AbsoluteZero             0000000000000000     <absolute>
 0000:00000000       ___safe_se_handler_count   0000000000000000     <absolute>
 0000:00000000       ___safe_se_handler_table   0000000000000000     <absolute>
 0000:00000000       __arm64x_extra_rfe_table   0000000000000000     <absolute>
 0000:00000000       __arm64x_extra_rfe_table_size 0000000000000000     <absolute>
 0000:00000000       __arm64x_native_entrypoint 0000000000000000     <absolute>
 0000:00000000       __arm64x_redirection_metadata 0000000000000000     <absolute>
 0000:00000000       __arm64x_redirection_metadata_count 0000000000000000     <absolute>
 0000:00000000       __dynamic_value_reloc_table 0000000000000000     <absolute>
 0000:00000000       __enclave_config           0000000000000000     <absolute>
 0000:00000000       __guard_check_icall_a64n_fptr 0000000000000000     <absolute>
 0000:00000000       __guard_eh_cont_count      0000000000000000     <absolute>
 0000:00000000       __guard_eh_cont_table      0000000000000000     <absolute>
 0000:00000000       __guard_fids_count         0000000000000000     <absolute>
 0000:00000000       __guard_fids_table         0000000000000000     <absolute>
 0000:00000000       __guard_flags              0000000000000000     <absolute>
 0000:00000000       __guard_iat_count          0000000000000000     <absolute>
 0000:00000000       __guard_iat_table          0000000000000000     <absolute>
 0000:00000000       __guard_longjmp_count      0000000000000000     <absolute>
 0000:00000000       __guard_longjmp_table      0000000000000000     <absolute>
 0000:00000000       __hybrid_auxiliary_delayload_iat 0000000000000000     <absolute>
 0000:00000000       __hybrid_auxiliary_delayload_iat_copy 0000000000000000     <absolute>
 0000:00000000       __hybrid_auxiliary_iat     0000000000000000     <absolute>
 0000:00000000       __hybrid_auxiliary_iat_copy 0000000000000000     <absolute>
 0000:00000000       __hybrid_code_map          0000000000000000     <absolute>
 0000:00000000       __hybrid_code_map_count    0000000000000000     <absolute>
 0000:00000000       __hybrid_image_info_bitfield 0000000000000000     <absolute>
 0000:00000000       __x64_code_ranges_to_entry_points 0000000000000000     <absolute>
 0000:00000000       __x64_code_ranges_to_entry_points_count 0000000000000000     <absolute>
 0000:00000000       __ImageBase                0000000180000000     <linker-defined>
 0001:00000000       AcpiGetopt                 0000000180001000 f   getopt.obj
 0001:000002fc       AcpiGetoptArgument         00000001800012fc f   getopt.obj
 0001:0000039c       AcpiUtValidNameseg         000000018000139c f   utascii.obj
 0001:000003dc       AcpiUtValidNameChar        00000001800013dc f   utascii.obj
 0001:0000040c       AcpiUtCheckAndRepairAscii  000000018000140c f   utascii.obj
 0001:0000046c       AcpiFormatException        000000018000146c f   utexcep.obj
 0001:000004b4       AcpiUtValidateException    00000001800014b4 f   utexcep.obj
 0001:00000580       AcpiUtDivide               0000000180001580 f   utmath.obj
 0001:000005d8       AcpiUtShortDivide          00000001800015d8 f   utmath.obj
 0001:00000634       AcpiUtShortMultiply        0000000180001634 f   utmath.obj
 0001:0000064c       AcpiUtShortShiftLeft       000000018000164c f   utmath.obj
 0001:00000668       AcpiUtShortShiftRight      0000000180001668 f   utmath.obj
 0001:0000067c       AcpiUtStrupr               000000018000167c f   utnonansi.obj
 0001:000006ac       AcpiUtStrlwr               00000001800016ac f   utnonansi.obj
 0001:000006dc       AcpiUtStricmp              00000001800016dc f   utnonansi.obj
 0001:0000072c       AcpiUtSafeStrcpy           000000018000172c f   utnonansi.obj
 0001:00000778       AcpiUtSafeStrncpy          0000000180001778 f   utnonansi.obj
 0001:000007a4       AcpiUtSafeStrcat           00000001800017a4 f   utnonansi.obj
 0001:00000808       AcpiUtSafeStrncat          0000000180001808 f   utnonansi.obj
 0001:0000088c       AcpiError                  000000018000188c f   utxferror.obj
 0001:000008e0       AcpiException              00000001800018e0 f   utxferror.obj
 0001:00000950       AcpiWarning                0000000180001950 f   utxferror.obj
 0001:000009a4       AcpiInfo                   00000001800019a4 f   utxferror.obj
 0001:000009f0       AcpiBiosError              00000001800019f0 f   utxferror.obj
 0001:00000a44       AcpiBiosException          0000000180001a44 f   utxferror.obj
 0001:00000ab4       AcpiBiosWarning            0000000180001ab4 f   utxferror.obj
 0001:00000b04       AcpiOsInitialize           0000000180001b04 f   oswinxf.obj
 0001:00000b54       AcpiOsTerminate            0000000180001b54 f   oswinxf.obj
 0001:00000b60       AcpiOsGetRootPointer       0000000180001b60 f   oswinxf.obj
 0001:00000b6c       AcpiOsPredefinedOverride   0000000180001b6c f   oswinxf.obj
 0001:00000b8c       AcpiOsTableOverride        0000000180001b8c f   oswinxf.obj
 0001:00000bac       AcpiOsPhysicalTableOverride 0000000180001bac f   oswinxf.obj
 0001:00000bb8       AcpiOsCreateLock           0000000180001bb8 f   oswinxf.obj
 0001:00000bd0       AcpiOsDeleteLock           0000000180001bd0 f   oswinxf.obj
 0001:00000bdc       AcpiOsAcquireLock          0000000180001bdc f   oswinxf.obj
 0001:00000be8       AcpiOsReleaseLock          0000000180001be8 f   oswinxf.obj
 0001:00000bf4       AcpiOsCreateSemaphore      0000000180001bf4 f   oswinxf.obj
 0001:00000c04       AcpiOsDeleteSemaphore      0000000180001c04 f   oswinxf.obj
 0001:00000c10       AcpiOsWaitSemaphore        0000000180001c10 f   oswinxf.obj
 0001:00000c1c       AcpiOsSignalSemaphore      0000000180001c1c f   oswinxf.obj
 0001:00000c28       AcpiOsAllocate             0000000180001c28 f   oswinxf.obj
 0001:00000c34       AcpiOsAllocateZeroed       0000000180001c34 f   oswinxf.obj
 0001:00000c48       AcpiOsFree                 0000000180001c48 f   oswinxf.obj
 0001:00000c54       AcpiOsMapMemory            0000000180001c54 f   oswinxf.obj
 0001:00000c60       AcpiOsUnmapMemory          0000000180001c60 f   oswinxf.obj
 0001:00000c6c       AcpiOsInstallInterruptHandler 0000000180001c6c f   oswinxf.obj
 0001:00000c78       AcpiOsRemoveInterruptHandler 0000000180001c78 f   oswinxf.obj
 0001:00000c84       AcpiOsGetThreadId          0000000180001c84 f   oswinxf.obj
 0001:00000c90       AcpiOsExecute              0000000180001c90 f   oswinxf.obj
 0001:00000ca8       AcpiOsWaitEventsComplete   0000000180001ca8 f   oswinxf.obj
 0001:00000cb4       AcpiOsSleep                0000000180001cb4 f   oswinxf.obj
 0001:00000cc4       AcpiOsStall                0000000180001cc4 f   oswinxf.obj
 0001:00000cdc       AcpiOsReadPort             0000000180001cdc f   oswinxf.obj
 0001:00000d34       AcpiOsWritePort            0000000180001d34 f   oswinxf.obj
 0001:00000d78       AcpiOsReadMemory           0000000180001d78 f   oswinxf.obj
 0001:00000da8       AcpiOsWriteMemory          0000000180001da8 f   oswinxf.obj
 0001:00000db4       AcpiOsReadPciConfiguration 0000000180001db4 f   oswinxf.obj
 0001:00000dc4       AcpiOsWritePciConfiguration 0000000180001dc4 f   oswinxf.obj
 0001:00000dd0       AcpiOsReadable             0000000180001dd0 f   oswinxf.obj
 0001:00000dec       AcpiOsWritable             0000000180001dec f   oswinxf.obj
 0001:00000e08       AcpiOsGetTimer             0000000180001e08 f   oswinxf.obj
 0001:00000e50       AcpiOsSignal               0000000180001e50 f   oswinxf.obj
 0001:00000e5c       AcpiOsEnterSleep           0000000180001e5c f   oswinxf.obj
 0001:00000e68       AcpiOsPrintf               0000000180001e68 f   oswinxf.obj
 0001:00000ed0       AcpiOsVprintf              0000000180001ed0 f   oswinxf.obj
 0001:00000f34       AcpiOsRedirectOutput       0000000180001f34 f   oswinxf.obj
 0001:00000f44       AcpiOsGetLine              0000000180001f44 f   oswinxf.obj
 0001:00000fc4       AxExtractTables            0000000180001fc4 f   acpixtract.obj
 0001:000012b8       AxExtractToMultiAmlFile    00000001800022b8 f   acpixtract.obj
 0001:000014cc       AxListAllTables            00000001800024cc f   acpixtract.obj
 0001:00001648       main                       0000000180002648 f   axmain.obj
 0001:000018d8       AxCountTableInstances      00000001800028d8 f   axutils.obj
 0001:0000198c       AxGetNextInstance          000000018000298c f   axutils.obj
 0001:00001a3c       AxNormalizeSignature       0000000180002a3c f   axutils.obj
 0001:00001a6c       AxCheckAscii               0000000180002a6c f   axutils.obj
 0001:00001ab0       AxIsFileAscii              0000000180002ab0 f   axutils.obj
 0001:00001b84       AxIsHexDataLine            0000000180002b84 f   axutils.obj
 0001:00001bcc       AxIsEmptyLine              0000000180002bcc f   axutils.obj
 0001:00001bec       AxIsDataBlockHeader        0000000180002bec f   axutils.obj
 0001:00001c58       AxConvertAndWrite          0000000180002c58 f   axutils.obj
 0001:00001cc8       AxConvertToBinary          0000000180002cc8 f   axutils.obj
 0001:00001de4       AxDumpTableHeader          0000000180002de4 f   axutils.obj
 0001:00001f10       QueryPerformanceCounter4UEFI 0000000180002f10 f   LibWin324UEFI:QueryPerformanceCounter.obj
 0001:00001f40       _w4uQueryPerformanceCounter 0000000180002f40 f   LibWin324UEFI:QueryPerformanceCounter.obj
 0001:00001f60       QueryPerformanceFrequency4UEFI 0000000180002f60 f   LibWin324UEFI:QueryPerformanceFrequency.obj
 0001:00002090       _w4uQueryPerformanceFrequency 0000000180003090 f   LibWin324UEFI:QueryPerformanceFrequency.obj
 0001:000020b0       GetTickCount644UEFI        00000001800030b0 f   LibWin324UEFI:GetTickCount64.obj
 0001:000020c0       Sleep4UEFI                 00000001800030c0 f   LibWin324UEFI:Sleep.obj
 0001:00002100       _w4uSleep                  0000000180003100 f   LibWin324UEFI:Sleep.obj
 0001:00002120       IsBadReadPtr4UEFI          0000000180003120 f   LibWin324UEFI:IsBadReadPtr.obj
 0001:00002130       IsBadWritePtr4UEFI         0000000180003130 f   LibWin324UEFI:IsBadWritePtr.obj
 0001:00002140       __cdeGetAppIf              0000000180003140 f   toroC64:osifUefiShellEntryPoint.obj
 0001:000021c4       _MainEntryPointShell       00000001800031c4 f   toroC64:osifUefiShellEntryPoint.obj
 0001:00002888       _cdeCRT0UefiShell          0000000180003888 f   toroC64:osifUefiShellEntryPoint.obj
 0001:000028ec       strchr                     00000001800038ec f   toroC64:StrChr.obj
 0001:0000291c       strcmp                     000000018000391c f   toroC64:StrCmp.obj
 0001:00002958       __acrt_iob_func            0000000180003958 f   toroC64:__acrt_iob_func.obj
 0001:00002994       fprintf                    0000000180003994 f   toroC64:Fprintf.obj
 0001:000029b8       isprint                    00000001800039b8 f   toroC64:isprint.obj
 0001:000029d8       strcat                     00000001800039d8 f   toroC64:StrCat.obj
 0001:00002a08       strcpy                     0000000180003a08 f   toroC64:StrCpy.obj
 0001:00002a40       strlen                     0000000180003a40 f   toroC64:StrLen.obj
 0001:00002a54       strncat                    0000000180003a54 f   toroC64:StrNCat.obj
 0001:00002abc       strncpy                    0000000180003abc f   toroC64:StrNCpy.obj
 0001:00002b00       toupper                    0000000180003b00 f   toroC64:toupper.obj
 0001:00002b20       tolower                    0000000180003b20 f   toroC64:tolower.obj
 0001:00002b40       calloc                     0000000180003b40 f   toroC64:Calloc.obj
 0001:00002b80       free                       0000000180003b80 f   toroC64:Free.obj
 0001:00002b98       malloc                     0000000180003b98 f   toroC64:Malloc.obj
 0001:00002ba4       getchar                    0000000180003ba4 f   toroC64:Getchar.obj
 0001:00002bbc       vfprintf                   0000000180003bbc f   toroC64:Vfprintf.obj
 0001:00002cdc       memset                     0000000180003cdc f   toroC64:MemSetCDEINTRINABI.obj
 0001:00002d00       strstr                     0000000180003d00 f   toroC64:StrStr.obj
 0001:00002d44       fclose                     0000000180003d44 f   toroC64:Fclose.obj
 0001:00002e10       fgets                      0000000180003e10 f   toroC64:Fgets.obj
 0001:00002eb8       fopen                      0000000180003eb8 f   toroC64:Fopen.obj
 0001:000030fc       printf                     00000001800040fc f   toroC64:Printf.obj
 0001:00003138       sprintf                    0000000180004138 f   toroC64:Sprintf.obj
 0001:00003164       exit                       0000000180004164 f   toroC64:exit.obj
 0001:00003188       strncmp                    0000000180004188 f   toroC64:StrNCmp.obj
 0001:000031d0       isspace                    00000001800041d0 f   toroC64:isspace.obj
 0001:000031e8       fread                      00000001800041e8 f   toroC64:Fread.obj
 0001:00003240       fseek                      0000000180004240 f   toroC64:Fseek.obj
 0001:00003248       fwrite                     0000000180004248 f   toroC64:Fwrite.obj
 0001:000032a0       sscanf                     00000001800042a0 f   toroC64:Sscanf.obj
 0001:00003308       clock                      0000000180004308 f   toroC64:clock.obj
 0001:0000335c       _CdeDbgPutChar             000000018000435c f   toroC64:_CdeDbgPutChar.obj
 0001:00003568       _cdeCoreVwxPrintf          0000000180004568 f   toroC64:_cdeCoreVwxPrintf.obj
 0001:00004980       ComputeFieldSize           0000000180005980 f   toroC64:_cdeCoreVwxPrintf.obj
 0001:000049bc       ydes                       00000001800059bc f   toroC64:_cdeCoreVwxPrintf.obj
 0001:000053a4       _cdeCoreVwxScanf           00000001800063a4 f   toroC64:_cdeCoreVwxScanf.obj
 0001:000067ac       _cdeCoreWcsStrTok          00000001800077ac f   toroC64:_cdeCoreWcsStrTok.obj
 0001:000068a8       _cdeWcsStrPbrkSpn          00000001800078a8 f   toroC64:_cdeWcsStrPbrkSpn.obj
 0001:000069e8       _cdeCoreMemRealloc         00000001800079e8 f   toroC64:_cdeCoreMemRealloc.obj
 0001:00006dbc       _cdeMemStrxCpy             0000000180007dbc f   toroC64:_cdeMemStrxCpy.obj
 0001:00006eb0       _cdeMemStrxCmp             0000000180007eb0 f   toroC64:_cdeMemStrxCmp.obj
 0001:00006ff0       _osifIbmAtGetTime          0000000180007ff0 f   toroC64:osifIbmAtGetTime.obj
 0001:000071a8       _osifUefiShellGetTscPerSec 00000001800081a8 f   toroC64:osifUefiShellGetTscPerSec.obj
 0001:00007250       _osifIbmAtGetTsc           0000000180008250 f   toroC64:osifIbmAtGetTsc.obj
 0001:0000725c       _osifUefiShellMemAlloc     000000018000825c f   toroC64:osifUefiShellMemAlloc.obj
 0001:000072a0       _osifUefiShellMemFree      00000001800082a0 f   toroC64:osifUefiShellMemFree.obj
 0001:000072b8       _osifUefiShellFileWrite    00000001800082b8 f   toroC64:osifUefiShellFileWrite.obj
 0001:00007440       _osifUefiShellFileRead     0000000180008440 f   toroC64:osifUefiShellFileRead.obj
 0001:0000766c       _osifUefiShellFileSetPos   000000018000866c f   toroC64:osifUefiShellFileSetPos.obj
 0001:00007778       _osifUefiShellFileOpen     0000000180008778 f   toroC64:osifUefiShellFileOpen.obj
 0001:00007e38       _osifUefiShellFileClose    0000000180008e38 f   toroC64:osifUefiShellFileClose.obj
 0001:00007e98       _osifUefiShellFileDelete   0000000180008e98 f   toroC64:osifUefiShellFileDelete.obj
 0001:00007ec0       _osifUefiShellFileRename   0000000180008ec0 f   toroC64:osifUefiShellFileRename.obj
 0001:00008020       _osifUefiShellFileFindAll  0000000180009020 f   toroC64:osifUefiShellFileFindAll.obj
 0001:00008440       _osifUefiShellFileGetStatus 0000000180009440 f   toroC64:osifUefiShellFileGetStatus.obj
 0001:000085b8       _osifUefiShellDirectoryCreate 00000001800095b8 f   toroC64:osifUefiShellDirectoryCreate.obj
 0001:00008864       _osifUefiShellCmdExec      0000000180009864 f   toroC64:osifUefiShellCmdExec.obj
 0001:00008980       _osifUefiShellGetEnv       0000000180009980 f   toroC64:osifUefiShellGetEnv.obj
 0001:00008a30       _osifUefiShellGetDrvCwd    0000000180009a30 f   toroC64:osifUefiShellGetDrvCwd.obj
 0001:00008a7c       _cdeCoreFread              0000000180009a7c f   toroC64:_cdeCoreFread.obj
 0001:00008dc8       _cdeCoreFwrite             0000000180009dc8 f   toroC64:_cdeCoreFwrite.obj
 0001:00009044       _cdeCoreFsetpos            000000018000a044 f   toroC64:_cdeCoreFsetpos.obj
 0001:000091bc       _cdeCoreFflush             000000018000a1bc f   toroC64:_cdeCoreFflush.obj
 0001:00009244       _cdeSigDflt                000000018000a244 f   toroC64:_cdeSigDfl.obj
 0001:0000924c       __cdeGetIOBuffer           000000018000a24c f   toroC64:__cdsGetIOBuffer.obj
 0001:00009260       _setjmp                    000000018000a260 f   toroC64:setjmp64CDEINTRINABI.obj
 0001:00009305       __imp_setjmp               000000018000a305     toroC64:setjmp64CDEINTRINABI.obj
 0001:0000930d       __cdeSETJMPCDEINTRINABIAnchor 000000018000a30d     toroC64:setjmp64CDEINTRINABI.obj
 0001:00009310       _CdeLocateProtocol         000000018000a310 f   toroC64:_CdeLocateProtocol.obj
 0001:00009340       _cdeStr2Argcv              000000018000a340 f   toroC64:_cdeStr2Argcv.obj
 0001:00009570       __cdeGetCurrentPrivilegeLevel 000000018000a570 f   toroC64:CdeGetCurrentPrivilegeLevel64.obj
 0001:00009580       memcmp                     000000018000a580 f   toroC64:MemCmpCDEINTRINABI.obj
 0001:00009850       strpbrk                    000000018000a850 f   toroC64:StrPbrk.obj
 0001:00009890       isgraph                    000000018000a890 f   toroC64:isgraph.obj
 0001:000098b8       islower                    000000018000a8b8 f   toroC64:islower.obj
 0001:000098cc       isupper                    000000018000a8cc f   toroC64:isupper.obj
 0001:000098d8       realloc                    000000018000a8d8 f   toroC64:Realloc.obj
 0001:00009910       fgetc                      000000018000a910 f   toroC64:Fgetc.obj
 0001:00009960       fputc                      000000018000a960 f   toroC64:Fputc.obj
 0001:00009998       _errno                     000000018000a998 f   toroC64:errno.obj
 0001:000099bc       fflush                     000000018000a9bc f   toroC64:Fflush.obj
 0001:000099e0       remove                     000000018000a9e0 f   toroC64:Remove.obj
 0001:00009a58       __cdeIsFilePointer         000000018000aa58 f   toroC64:__cdeIsFilePointer.obj
 0001:00009b38       _stricmp                   000000018000ab38 f   toroC64:_StrICmp.obj
 0001:00009b74       vsnprintf                  000000018000ab74 f   toroC64:Vsnprintf.obj
 0001:00009c40       longjmp                    000000018000ac40 f   toroC64:longjmp64CDEINTRINABI.obj
 0001:00009ce9       __imp_longjmp              000000018000ace9     toroC64:longjmp64CDEINTRINABI.obj
 0001:00009cf1       __cdeLONGJMPCDEINTRINABIAnchor 000000018000acf1     toroC64:longjmp64CDEINTRINABI.obj
 0001:00009cf4       _fseeki64                  000000018000acf4 f   toroC64:_Fseeki64.obj
 0001:00009dac       _cdeMemGetChar             000000018000adac f   toroC64:_cdeMemGetChar.obj
 0001:00009dbc       _cdeMemUngetChar           000000018000adbc f   toroC64:_cdeMemUngetChar.obj
 0001:00009dc4       _CdeDbgCOMInit             000000018000adc4 f   toroC64:_CdeDbgCOMInit.obj
 0001:00009ee0       _CdeDbgCOMReady2Send       000000018000aee0 f   toroC64:_CdeDbgCOMReady2Send.obj
 0001:00009f10       _CdeDbgCOMSend             000000018000af10 f   toroC64:_CdeDbgCOMSend.obj
 0001:00009f60       _cdeCoreSprintf            000000018000af60 f   toroC64:_cdeCoreSprintf.obj
 0001:0000a008       _cdeUMUL128                000000018000b008 f   toroC64:_cdeUMUL128.obj
 0001:0000a108       _cdeGmltime                000000018000b108 f   toroC64:_cdeGmltime.obj
 0001:0000a220       __cdeOnErrSet_status       000000018000b220 f   toroC64:__cdeOnErrSet_status.obj
 0001:0000a240       __cdeOffsetCdeFposType     000000018000b240 f   toroC64:__cdeGetOffsetCdeFposType.obj
 0001:0000a280       __cdeBiasCdeFposType       000000018000b280 f   toroC64:__cdeGetBiasCdeFposType.obj
 0001:0000a4a8       _CdeLocateHandleBuffer     000000018000b4a8 f   toroC64:_CdeLocateHandleBuffer.obj
 0001:0000a534       _cdeConvertDevicePathToText 000000018000b534 f   toroC64:_cdeConvertDevicePathToText.obj
 0001:0000a550       _CdeGetMapFromDevicePath   000000018000b550 f   toroC64:_CdeGetMapFromDevicePath.obj
 0001:0000a570       _CdeGetCurDir              000000018000b570 f   toroC64:_CdeGetCurDir.obj
 0001:0000ac88       _cdeEfiTime2TimeT          000000018000bc88 f   toroC64:_cdeEfiTime2TimeT.obj
 0001:0000ad28       __cdeIsFilePointerCORE     000000018000bd28 f   toroC64:__cdeIsFilePointerCORE.obj
 0001:0000adac       __cdereallocCORE           000000018000bdac f   toroC64:__cdereallocCORE.obj
 0001:0000adbc       __cderewindCORE            000000018000bdbc f   toroC64:__cderewindCORE.obj
 0001:0000add8       __cdeGetIOBufferCORE       000000018000bdd8 f   toroC64:__cdsGetIOBufferCORE.obj
 0001:0000ade0       _cdeAbort                  000000018000bde0 f   toroC64:_cdeAbort.obj
 0001:0000b024       _cdeSig2idx                000000018000c024 f   toroC64:_cdeSig2idx.obj
 0001:0000b04c       _cdeSigIgn                 000000018000c04c f   toroC64:_cdeSigIgn.obj
 0001:0000b174       ispunct                    000000018000c174 f   toroC64:ispunct.obj
 0001:0000b1a0       isalnum                    000000018000c1a0 f   toroC64:isalnum.obj
 0001:0000b1c8       __cdeOnErrSet_errno        000000018000c1c8 f   toroC64:__cdeOnErrSet_errno.obj
 0001:0000b1e8       abort                      000000018000c1e8 f   toroC64:abort.obj
 0001:0000b250       _CdeMemPutNada             000000018000c250 f   toroC64:_CdeMemPutNada.obj
 0001:0000b254       _CdeMemPutChar             000000018000c254 f   toroC64:_CdeMemPutChar.obj
 0001:0000b260       fsetposCDEABI              000000018000c260 f   toroC64:FsetposCDEABI.obj
 0001:0000b294       _cdeGreg2Day               000000018000c294 f   toroC64:_cdeGreg2Day.obj
 0001:0000b310       _cdeDay2Greg               000000018000c310 f   toroC64:_cdeDay2Greg.obj
 0001:0000b414       _efierrno                  000000018000c414 f   toroC64:_efierrno.obj
 0001:0000b438       __cdeIsCdeFposType         000000018000c438 f   toroC64:__cdeIsCdeFposType.obj
 0001:0000b4b0       _cdePoolWcs2AppWcs         000000018000c4b0 f   toroC64:_CdePoolWcs2AppWcs.obj
 0001:0000b58c       _cdeSscanf                 000000018000c58c f   toroC64:_cdeSscanf.obj
 0001:0000b610       __cdeOnErrSet_errnoCORE    000000018000c610 f   toroC64:__cdeOnErrSet_errnoCORE.obj
 0001:0000b630       __acrt_iob_funcCORE        000000018000c630 f   toroC64:__acrt_iob_funcCORE.obj
 0001:0000b688       isalpha                    000000018000c688 f   toroC64:isalpha.obj
 0001:0000b6b0       isdigit                    000000018000c6b0 f   toroC64:isdigit.obj
 0001:0000b6c4       raise                      000000018000c6c4 f   toroC64:raise.obj
 0001:0000b748       _errnoCORE                 000000018000c748 f   toroC64:errnoCORE.obj
 0002:00000000       __xc_a                     000000018000d000     toroC64:osifUefiShellEntryPoint.obj
 0002:00000008       __xc_z                     000000018000d008     toroC64:osifUefiShellEntryPoint.obj
 0002:00000010       __xi_a                     000000018000d010     toroC64:osifUefiShellEntryPoint.obj
 0002:00000018       __xi_z                     000000018000d018     toroC64:osifUefiShellEntryPoint.obj
 0002:00000020       __xp_a                     000000018000d020     toroC64:osifUefiShellEntryPoint.obj
 0002:00000028       __xp_z                     000000018000d028     toroC64:osifUefiShellEntryPoint.obj
 0002:00000030       __xt_a                     000000018000d030     toroC64:osifUefiShellEntryPoint.obj
 0002:00000038       __xt_z                     000000018000d038     toroC64:osifUefiShellEntryPoint.obj
 0002:00000040       ??_C@_0BN@NGLHEDOF@?6Option?5requires?5an?5argument@ 000000018000d040     getopt.obj
 0002:00000060       ??_C@_05IALMJCDJ@?$CFs?$CFc?6@ 000000018000d060     getopt.obj
 0002:00000068       ??_C@_02BAABKJLB@?9?9@     000000018000d068     getopt.obj
 0002:00000070       ??_C@_0BC@PMNGDADG@Illegal?5option?3?5?9@ 000000018000d070     getopt.obj
 0002:00000088       ??_C@_0BP@NFLOMOC@Option?5requires?5an?5argument?3?5?9@ 000000018000d088     getopt.obj
 0002:000000a8       ??_C@_01JKBOJNNK@?$FO@     000000018000d0a8     getopt.obj
 0002:000000b0       ??_C@_0DA@IHKJENBL@Option?5requires?5a?5single?9charac@ 000000018000d0b0     getopt.obj
 0002:00000428       ??_C@_05OBAPBDGL@AE_OK@    000000018000d428     utexcep.obj
 0002:00000430       ??_C@_08OLPGJMLE@AE_ERROR@ 000000018000d430     utexcep.obj
 0002:00000440       ??_C@_0BC@JINIPNCM@AE_NO_ACPI_TABLES@ 000000018000d440     utexcep.obj
 0002:00000458       ??_C@_0BA@HGCJFKIC@AE_NO_NAMESPACE@ 000000018000d458     utexcep.obj
 0002:00000468       ??_C@_0N@MDFEEFMI@AE_NO_MEMORY@ 000000018000d468     utexcep.obj
 0002:00000478       ??_C@_0N@EHNPHEEE@AE_NOT_FOUND@ 000000018000d478     utexcep.obj
 0002:00000488       ??_C@_0N@FHHIIHCN@AE_NOT_EXIST@ 000000018000d488     utexcep.obj
 0002:00000498       ??_C@_0BC@KJMMOBPP@AE_ALREADY_EXISTS@ 000000018000d498     utexcep.obj
 0002:000004b0       ??_C@_07OCFLOMK@AE_TYPE@   000000018000d4b0     utexcep.obj
 0002:000004b8       ??_C@_0P@LCAACJFD@AE_NULL_OBJECT@ 000000018000d4b8     utexcep.obj
 0002:000004c8       ??_C@_0O@KMMNEPLB@AE_NULL_ENTRY@ 000000018000d4c8     utexcep.obj
 0002:000004d8       ??_C@_0BD@FAHLAIFN@AE_BUFFER_OVERFLOW@ 000000018000d4d8     utexcep.obj
 0002:000004f0       ??_C@_0BC@FEOJPKCP@AE_STACK_OVERFLOW@ 000000018000d4f0     utexcep.obj
 0002:00000508       ??_C@_0BD@MFEPEJKM@AE_STACK_UNDERFLOW@ 000000018000d508     utexcep.obj
 0002:00000520       ??_C@_0BD@IGFFMNIC@AE_NOT_IMPLEMENTED@ 000000018000d520     utexcep.obj
 0002:00000538       ??_C@_0L@LKIHBFJD@AE_SUPPORT@ 000000018000d538     utexcep.obj
 0002:00000548       ??_C@_08IBGEPHBC@AE_LIMIT@ 000000018000d548     utexcep.obj
 0002:00000558       ??_C@_07EKMCNJHG@AE_TIME@  000000018000d558     utexcep.obj
 0002:00000560       ??_C@_0BE@FGDBKHMM@AE_ACQUIRE_DEADLOCK@ 000000018000d560     utexcep.obj
 0002:00000578       ??_C@_0BE@FOBDECPM@AE_RELEASE_DEADLOCK@ 000000018000d578     utexcep.obj
 0002:00000590       ??_C@_0BA@PPOMDOJD@AE_NOT_ACQUIRED@ 000000018000d590     utexcep.obj
 0002:000005a0       ??_C@_0BE@HIPEDKOJ@AE_ALREADY_ACQUIRED@ 000000018000d5a0     utexcep.obj
 0002:000005b8       ??_C@_0BI@KNLEMKLH@AE_NO_HARDWARE_RESPONSE@ 000000018000d5b8     utexcep.obj
 0002:000005d0       ??_C@_0BC@JPCCIPIN@AE_NO_GLOBAL_LOCK@ 000000018000d5d0     utexcep.obj
 0002:000005e8       ??_C@_0BA@PKLCJEBC@AE_ABORT_METHOD@ 000000018000d5e8     utexcep.obj
 0002:000005f8       ??_C@_0BA@GDKIHKKP@AE_SAME_HANDLER@ 000000018000d5f8     utexcep.obj
 0002:00000608       ??_C@_0O@PFOADCGB@AE_NO_HANDLER@ 000000018000d608     utexcep.obj
 0002:00000618       ??_C@_0BC@JGFDFDLG@AE_OWNER_ID_LIMIT@ 000000018000d618     utexcep.obj
 0002:00000630       ??_C@_0BC@PMNNBAHK@AE_NOT_CONFIGURED@ 000000018000d630     utexcep.obj
 0002:00000648       ??_C@_09FCELEONC@AE_ACCESS@ 000000018000d648     utexcep.obj
 0002:00000658       ??_C@_0M@BIPEGDFC@AE_IO_ERROR@ 000000018000d658     utexcep.obj
 0002:00000668       ??_C@_0BE@GCBICNJK@AE_NUMERIC_OVERFLOW@ 000000018000d668     utexcep.obj
 0002:00000680       ??_C@_0BA@JDMHIEGJ@AE_HEX_OVERFLOW@ 000000018000d680     utexcep.obj
 0002:00000690       ??_C@_0BE@HHBGLENC@AE_DECIMAL_OVERFLOW@ 000000018000d690     utexcep.obj
 0002:000006a8       ??_C@_0BC@DKCJMEPN@AE_OCTAL_OVERFLOW@ 000000018000d6a8     utexcep.obj
 0002:000006c0       ??_C@_0BA@EAJEGCAK@AE_END_OF_TABLE@ 000000018000d6c0     utexcep.obj
 0002:000006d0       ??_C@_0BB@GGMNEPFA@AE_BAD_PARAMETER@ 000000018000d6d0     utexcep.obj
 0002:000006e8       ??_C@_0BB@FKHHEGKA@AE_BAD_CHARACTER@ 000000018000d6e8     utexcep.obj
 0002:00000700       ??_C@_0BA@NBPLLLII@AE_BAD_PATHNAME@ 000000018000d700     utexcep.obj
 0002:00000710       ??_C@_0M@JECPJBCE@AE_BAD_DATA@ 000000018000d710     utexcep.obj
 0002:00000720       ??_C@_0BE@IPFKHDDI@AE_BAD_HEX_CONSTANT@ 000000018000d720     utexcep.obj
 0002:00000738       ??_C@_0BG@MIDKBGIL@AE_BAD_OCTAL_CONSTANT@ 000000018000d738     utexcep.obj
 0002:00000750       ??_C@_0BI@BEMEOOAI@AE_BAD_DECIMAL_CONSTANT@ 000000018000d750     utexcep.obj
 0002:00000768       ??_C@_0BF@HKJOKEC@AE_MISSING_ARGUMENTS@ 000000018000d768     utexcep.obj
 0002:00000780       ??_C@_0P@JBCHJANB@AE_BAD_ADDRESS@ 000000018000d780     utexcep.obj
 0002:00000790       ??_C@_0BB@HKCFDBKC@AE_BAD_SIGNATURE@ 000000018000d790     utexcep.obj
 0002:000007a8       ??_C@_0O@ELNDGGAE@AE_BAD_HEADER@ 000000018000d7a8     utexcep.obj
 0002:000007b8       ??_C@_0BA@BIILNBAK@AE_BAD_CHECKSUM@ 000000018000d7b8     utexcep.obj
 0002:000007c8       ??_C@_0N@HBAFKHEM@AE_BAD_VALUE@ 000000018000d7c8     utexcep.obj
 0002:000007d8       ??_C@_0BI@DKLNCMJF@AE_INVALID_TABLE_LENGTH@ 000000018000d7d8     utexcep.obj
 0002:000007f0       ??_C@_0BC@KGKLJMBP@AE_AML_BAD_OPCODE@ 000000018000d7f0     utexcep.obj
 0002:00000808       ??_C@_0BC@ILAINBHF@AE_AML_NO_OPERAND@ 000000018000d808     utexcep.obj
 0002:00000820       ??_C@_0BE@CMBNMMAM@AE_AML_OPERAND_TYPE@ 000000018000d820     utexcep.obj
 0002:00000838       ??_C@_0BF@JPCFNMLI@AE_AML_OPERAND_VALUE@ 000000018000d838     utexcep.obj
 0002:00000850       ??_C@_0BL@BJKBHBGD@AE_AML_UNINITIALIZED_LOCAL@ 000000018000d850     utexcep.obj
 0002:00000870       ??_C@_0BJ@BDDHFJEF@AE_AML_UNINITIALIZED_ARG@ 000000018000d870     utexcep.obj
 0002:00000890       ??_C@_0BN@INAHBINF@AE_AML_UNINITIALIZED_ELEMENT@ 000000018000d890     utexcep.obj
 0002:000008b0       ??_C@_0BI@COHNKOEN@AE_AML_NUMERIC_OVERFLOW@ 000000018000d8b0     utexcep.obj
 0002:000008c8       ??_C@_0BE@ODNDBIBN@AE_AML_REGION_LIMIT@ 000000018000d8c8     utexcep.obj
 0002:000008e0       ??_C@_0BE@NFHDHJIM@AE_AML_BUFFER_LIMIT@ 000000018000d8e0     utexcep.obj
 0002:000008f8       ??_C@_0BF@PAHJLGEL@AE_AML_PACKAGE_LIMIT@ 000000018000d8f8     utexcep.obj
 0002:00000910       ??_C@_0BG@PJELJHDF@AE_AML_DIVIDE_BY_ZERO@ 000000018000d910     utexcep.obj
 0002:00000928       ??_C@_0BA@CIMDLPJI@AE_AML_BAD_NAME@ 000000018000d928     utexcep.obj
 0002:00000938       ??_C@_0BG@NBCCMIJD@AE_AML_NAME_NOT_FOUND@ 000000018000d938     utexcep.obj
 0002:00000950       ??_C@_0BA@JDIOKGCC@AE_AML_INTERNAL@ 000000018000d950     utexcep.obj
 0002:00000960       ??_C@_0BI@IGMDDMCI@AE_AML_INVALID_SPACE_ID@ 000000018000d960     utexcep.obj
 0002:00000978       ??_C@_0BE@HOGNAHOK@AE_AML_STRING_LIMIT@ 000000018000d978     utexcep.obj
 0002:00000990       ??_C@_0BH@OKOBGBEM@AE_AML_NO_RETURN_VALUE@ 000000018000d990     utexcep.obj
 0002:000009a8       ??_C@_0BE@DJLCLOMO@AE_AML_METHOD_LIMIT@ 000000018000d9a8     utexcep.obj
 0002:000009c0       ??_C@_0BB@OOHNPDEB@AE_AML_NOT_OWNER@ 000000018000d9c0     utexcep.obj
 0002:000009d8       ??_C@_0BD@BIFMCDBD@AE_AML_MUTEX_ORDER@ 000000018000d9d8     utexcep.obj
 0002:000009f0       ??_C@_0BK@FDAGLEMK@AE_AML_MUTEX_NOT_ACQUIRED@ 000000018000d9f0     utexcep.obj
 0002:00000a10       ??_C@_0BN@ONMIFGCB@AE_AML_INVALID_RESOURCE_TYPE@ 000000018000da10     utexcep.obj
 0002:00000a30       ??_C@_0BF@KCCFIGMH@AE_AML_INVALID_INDEX@ 000000018000da30     utexcep.obj
 0002:00000a48       ??_C@_0BG@GLGAPHBJ@AE_AML_REGISTER_LIMIT@ 000000018000da48     utexcep.obj
 0002:00000a60       ??_C@_0BA@BJMBKDJP@AE_AML_NO_WHILE@ 000000018000da60     utexcep.obj
 0002:00000a70       ??_C@_0BB@PJHGPBLK@AE_AML_ALIGNMENT@ 000000018000da70     utexcep.obj
 0002:00000a88       ??_C@_0BL@EJHJMLPF@AE_AML_NO_RESOURCE_END_TAG@ 000000018000da88     utexcep.obj
 0002:00000aa8       ??_C@_0BK@JPDPGMEO@AE_AML_BAD_RESOURCE_VALUE@ 000000018000daa8     utexcep.obj
 0002:00000ac8       ??_C@_0BK@NNHAJIBC@AE_AML_CIRCULAR_REFERENCE@ 000000018000dac8     utexcep.obj
 0002:00000ae8       ??_C@_0BL@GMFABCFD@AE_AML_BAD_RESOURCE_LENGTH@ 000000018000dae8     utexcep.obj
 0002:00000b08       ??_C@_0BH@HMBGODKD@AE_AML_ILLEGAL_ADDRESS@ 000000018000db08     utexcep.obj
 0002:00000b20       ??_C@_0BE@NCFBHLCM@AE_AML_LOOP_TIMEOUT@ 000000018000db20     utexcep.obj
 0002:00000b38       ??_C@_0BK@KJMOJPMM@AE_AML_UNINITIALIZED_NODE@ 000000018000db38     utexcep.obj
 0002:00000b58       ??_C@_0BD@GABIPGIC@AE_AML_TARGET_TYPE@ 000000018000db58     utexcep.obj
 0002:00000b70       ??_C@_0BA@HFCOMJIC@AE_AML_PROTOCOL@ 000000018000db70     utexcep.obj
 0002:00000b80       ??_C@_0BF@MMGLEOH@AE_AML_BUFFER_LENGTH@ 000000018000db80     utexcep.obj
 0002:00000b98       ??_C@_0BF@GEIGFIMD@AE_CTRL_RETURN_VALUE@ 000000018000db98     utexcep.obj
 0002:00000bb0       ??_C@_0BA@NFCAKKBE@AE_CTRL_PENDING@ 000000018000dbb0     utexcep.obj
 0002:00000bc0       ??_C@_0BC@GMBKOLLO@AE_CTRL_TERMINATE@ 000000018000dbc0     utexcep.obj
 0002:00000bd8       ??_C@_0N@KLLLBMCF@AE_CTRL_TRUE@ 000000018000dbd8     utexcep.obj
 0002:00000be8       ??_C@_0O@JKEFFNAO@AE_CTRL_FALSE@ 000000018000dbe8     utexcep.obj
 0002:00000bf8       ??_C@_0O@IICDNKCK@AE_CTRL_DEPTH@ 000000018000dbf8     utexcep.obj
 0002:00000c08       ??_C@_0M@MCNHIAMO@AE_CTRL_END@ 000000018000dc08     utexcep.obj
 0002:00000c18       ??_C@_0BB@CKDICBC@AE_CTRL_TRANSFER@ 000000018000dc18     utexcep.obj
 0002:00000c30       ??_C@_0O@NKLNOHFA@AE_CTRL_BREAK@ 000000018000dc30     utexcep.obj
 0002:00000c40       ??_C@_0BB@IPPIFIGO@AE_CTRL_CONTINUE@ 000000018000dc40     utexcep.obj
 0002:00000c58       ??_C@_0BH@JBJBIHAH@AE_CTRL_PARSE_CONTINUE@ 000000018000dc58     utexcep.obj
 0002:00000c70       ??_C@_0BG@LNANKLIG@AE_CTRL_PARSE_PENDING@ 000000018000dc70     utexcep.obj
 0002:00000c88       ??_C@_0CA@HAPNOHJM@Unknown?5exception?5code?3?50x?$CF8?48X@ 000000018000dc88     utexcep.obj
 0002:00000ca8       ??_C@_0BE@JENJPLOL@UNKNOWN_STATUS_CODE@ 000000018000dca8     utexcep.obj
 0002:00000cc0       AcpiGbl_LowerHexDigits     000000018000dcc0     utglobal.obj
 0002:00000cd8       AcpiGbl_UpperHexDigits     000000018000dcd8     utglobal.obj
 0002:00000cf0       AcpiGbl_PreDefinedNames    000000018000dcf0     utglobal.obj
 0002:00000de0       ??_C@_05EPMCMKIN@?2_S0_@   000000018000dde0     utglobal.obj
 0002:00000de8       ??_C@_05EOAAKALK@?2_S1_@   000000018000dde8     utglobal.obj
 0002:00000df0       ??_C@_05EMEGBOOD@?2_S2_@   000000018000ddf0     utglobal.obj
 0002:00000df8       ??_C@_05ENIEHENE@?2_S3_@   000000018000ddf8     utglobal.obj
 0002:00000e00       ??_C@_05EIMLGCFB@?2_S4_@   000000018000de00     utglobal.obj
 0002:00000e08       ??_C@_05EJAJAIGG@?2_S5_@   000000018000de08     utglobal.obj
 0002:00000e10       ??_C@_04ILLHNOLH@_S0W@     000000018000de10     utglobal.obj
 0002:00000e18       ??_C@_04IKHFLEIA@_S1W@     000000018000de18     utglobal.obj
 0002:00000e20       ??_C@_04IIDDAKNJ@_S2W@     000000018000de20     utglobal.obj
 0002:00000e28       ??_C@_04IJPBGAOO@_S3W@     000000018000de28     utglobal.obj
 0002:00000e30       ??_C@_04IMLOHGGL@_S4W@     000000018000de30     utglobal.obj
 0002:00000e38       ??_C@_04OLJKPFBC@_S1D@     000000018000de38     utglobal.obj
 0002:00000e40       ??_C@_04OJNMELEL@_S2D@     000000018000de40     utglobal.obj
 0002:00000e48       ??_C@_04OIBOCBHM@_S3D@     000000018000de48     utglobal.obj
 0002:00000e50       ??_C@_04ONFBDHPJ@_S4D@     000000018000de50     utglobal.obj
 0002:00000e58       ??_C@_04GEOPKFIM@_GPE@     000000018000de58     utglobal.obj
 0002:00000e60       ??_C@_04BKIIOEBP@_PR_@     000000018000de60     utglobal.obj
 0002:00000e68       ??_C@_04BEBLOIIB@_SB_@     000000018000de68     utglobal.obj
 0002:00000e70       ??_C@_04BIEOAHGA@_SI_@     000000018000de70     utglobal.obj
 0002:00000e78       ??_C@_04JLPJCCPA@_TZ_@     000000018000de78     utglobal.obj
 0002:00000e80       ??_C@_04HICKCCCI@_REV@     000000018000de80     utglobal.obj
 0002:00000e88       ??_C@_04BDDAMJOB@_OS_@     000000018000de88     utglobal.obj
 0002:00000e90       ??_C@_0BF@BPDEPEPO@Microsoft?5Windows?5NT@ 000000018000de90     utglobal.obj
 0002:00000ea8       ??_C@_04MBPOAFED@_GL_@     000000018000dea8     utglobal.obj
 0002:00000eb0       ??_C@_04PKIHMDG@_OSI@      000000018000deb0     utglobal.obj
 0002:00000ec0       ??_C@_0P@FGOAMMID@Divide?5by?5zero@ 000000018000dec0     utmath.obj
 0002:00000ed0       ??_C@_0N@HFMBIKJA@ACPI?5Error?3?5@ 000000018000ded0     utxferror.obj
 0002:00000ee0       ??_C@_0BA@IMDPOJBL@?5?$CI?$CF8?48X?1?$CFs?9?$CFu?$CJ?6@ 000000018000dee0     utxferror.obj
 0002:00000ef0       ??_C@_0BB@HHBECIGO@ACPI?5Error?3?5?$CFs?0?5@ 000000018000def0     utxferror.obj
 0002:00000f08       ??_C@_0P@HCHEAOAD@ACPI?5Warning?3?5@ 000000018000df08     utxferror.obj
 0002:00000f18       ??_C@_06GLFELKBG@ACPI?3?5@ 000000018000df18     utxferror.obj
 0002:00000f20       ??_C@_01EEMJAFIK@?6@       000000018000df20     utxferror.obj
 0002:00000f28       ??_C@_0BI@JMEGFGNN@Firmware?5Error?5?$CIACPI?$CJ?3?5@ 000000018000df28     utxferror.obj
 0002:00000f40       ??_C@_0BM@DHONDAIK@Firmware?5Error?5?$CIACPI?$CJ?3?5?$CFs?0?5@ 000000018000df40     utxferror.obj
 0002:00000f60       ??_C@_0BK@EPGCPCHP@Firmware?5Warning?5?$CIACPI?$CJ?3?5@ 000000018000df60     utxferror.obj
 0002:00000f88       ??_C@_0BI@PGMJHKLJ@Bad?5width?5parameter?3?5?$CFX@ 000000018000df88     oswinxf.obj
 0002:00000fa0       ??_C@_01KDCPPGHE@r@        000000018000dfa0     acpixtract.obj
 0002:00000fa8       ??_C@_0BO@OIEHKPEM@Could?5not?5open?5input?5file?5?$CFs?6@ 000000018000dfa8     acpixtract.obj
 0002:00000fc8       ??_C@_0CA@NNAOONFO@Table?5?$FL?$CFs?$FN?5was?5not?5found?5in?5?$CFs?6@ 000000018000dfc8     acpixtract.obj
 0002:00000fe8       ??_C@_03JLJHCGLP@?5?$EA?5@ 000000018000dfe8     acpixtract.obj
 0002:00000ff0       ??_C@_0CM@OLOFJBM@?5?5?$CF4?44s?5?9?5?$CF7u?5bytes?5written?5?$CI0x@ 000000018000dff0     acpixtract.obj
 0002:00001020       ??_C@_0M@JCAEPPLF@?$CF4?44s?$CFu?4dat@ 000000018000e020     acpixtract.obj
 0002:00001030       ??_C@_09DDEJKMFN@?$CF4?44s?4dat@ 000000018000e030     acpixtract.obj
 0002:0000103c       ??_C@_03ELIABIOC@w?$CLb@   000000018000e03c     acpixtract.obj
 0002:00001040       ??_C@_0BP@KIHNMIIF@Could?5not?5open?5output?5file?5?$CFs?6@ 000000018000e040     acpixtract.obj
 0002:00001060       ??_C@_0CB@FIDFHLGK@No?5ACPI?5tables?5were?5found?5in?5?$CFs@ 000000018000e060     acpixtract.obj
 0002:00001088       ??_C@_0O@ECNFNBNO@amltables?4dat@ 000000018000e088     acpixtract.obj
 0002:00001098       ??_C@_0DP@MALEPJLD@?6?$CFu?5binary?5ACPI?5tables?5extracte@ 000000018000e098     acpixtract.obj
 0002:000010e0       ??_C@_0FE@NHNBMOBE@?6?5Signature?5?5Length?5?5?5?5Version?5@ 000000018000e0e0     acpixtract.obj
 0002:00001140       ??_C@_0FD@OJGONLKM@?5?5?5?5?5?5?5?5?5?5?5?5?5?5?5?5?5?5?5?5?5?5?5?5?5?5?5?5?5?5I@ 000000018000e140     acpixtract.obj
 0002:000011a0       ??_C@_0FG@NMLLCONK@?5_________?5?5__________?5?5____?5?5_@ 000000018000e1a0     acpixtract.obj
 0002:000011f8       ??_C@_0BN@MBEIOILA@?6Found?5?$CFu?5ACPI?5tables?5in?5?$CFs?6@ 000000018000e1f8     acpixtract.obj
 0002:00001218       ??_C@_0CA@PCBBHDPD@acpixtract?5?$FLoption?$FN?5?$DMInputFile?$DO@ 000000018000e218     axmain.obj
 0002:00001238       ??_C@_0BE@GIAJDAGE@Usage?3?5?$CFs?6Options?3?6@ 000000018000e238     axmain.obj
 0002:00001250       ??_C@_0CH@LHJEKOKO@Extract?5all?5tables?0?5not?5just?5DS@ 000000018000e250     axmain.obj
 0002:00001278       ??_C@_02EMMNKJLI@?9a@      000000018000e278     axmain.obj
 0002:00001280       ??_C@_0L@EJOMDKDJ@?5?5?$CF?920s?$CFs?6@ 000000018000e280     axmain.obj
 0002:00001290       ??_C@_0CL@EPOONGKK@Force?5extraction?0?5even?5if?5there@ 000000018000e290     axmain.obj
 0002:000012bc       ??_C@_02DIMDPHP@?9f@       000000018000e2bc     axmain.obj
 0002:000012c0       ??_C@_0CF@KJLMINLC@List?5table?5summaries?0?5do?5not?5ex@ 000000018000e2c0     axmain.obj
 0002:000012e8       ??_C@_02PJGDNHPF@?9l@      000000018000e2e8     axmain.obj
 0002:000012f0       ??_C@_0CN@EGAKBEPB@Extract?5multiple?5DSDT?1SSDTs?5to?5@ 000000018000e2f0     axmain.obj
 0002:00001320       ??_C@_02OAHIOGLE@?9m@      000000018000e320     axmain.obj
 0002:00001328       ??_C@_0CE@NGMFPPIF@Extract?5all?5tables?5with?5?$DMsignat@ 000000018000e328     axmain.obj
 0002:00001350       ??_C@_0P@JNEKEOFA@?9s?5?$DMsignature?$DO@ 000000018000e350     axmain.obj
 0002:00001360       ??_C@_0BM@PFCLPAEM@Display?5version?5information@ 000000018000e360     axmain.obj
 0002:0000137c       ??_C@_02EJEOCNCO@?9v@      000000018000e37c     axmain.obj
 0002:00001380       ??_C@_0BM@BPPIBEBA@Display?5build?5date?5and?5time@ 000000018000e380     axmain.obj
 0002:0000139c       ??_C@_03NNAOONEB@?9vd@     000000018000e39c     axmain.obj
 0002:000013a0       ??_C@_0DH@BKAJDAPD@?6Extract?5binary?5ACPI?5tables?5fro@ 000000018000e3a0     axmain.obj
 0002:000013d8       ??_C@_0DE@PFAEIPPM@Default?5invocation?5extracts?5the@ 000000018000e3d8     axmain.obj
 0002:00001410       ??_C@_0CM@HKLJCLCP@Copyright?5?$CIc?$CJ?52000?5?9?52023?5Intel@ 000000018000e410     axmain.obj
 0002:00001440       ??_C@_0CF@ILLJBHKE@ACPI?5Binary?5Table?5Extraction?5Ut@ 000000018000e440     axmain.obj
 0002:00001468       ??_C@_0CC@GEMNFFHD@Intel?5ACPI?5Component?5Architectu@ 000000018000e468     axmain.obj
 0002:00001490       ??_C@_0BK@GCKDLEMI@?6?$CFs?6?$CFs?5version?5?$CF8?48X?6?$CFs?6?6@ 000000018000e490     axmain.obj
 0002:000014b0       ??_C@_09KDPLGHBA@afhlms?3v?$FO@ 000000018000e4b0     axmain.obj
 0002:000014c0       ??_C@_08KHFIENH@19?320?332@ 000000018000e4c0     axmain.obj
 0002:000014d0       ??_C@_0M@GIDHFNMN@Oct?527?52024@ 000000018000e4d0     axmain.obj
 0002:000014e0       ??_C@_0BI@PDHHDADA@Build?5date?1time?3?5?$CFs?5?$CFs?6@ 000000018000e4e0     axmain.obj
 0002:000014f8       ??_C@_0BG@BMJCIMDK@Unknown?5option?3?5?9v?$CFs?6@ 000000018000e4f8     axmain.obj
 0002:00001510       ??_C@_0CB@HGOOKFCJ@Missing?5required?5input?5filename@ 000000018000e510     axmain.obj
 0002:00001534       ??_C@_04OEFCOLGL@DSDT@     000000018000e534     axmain.obj
 0002:0000153c       ??_C@_04DGJCKAPJ@SSDT@     000000018000e53c     axmain.obj
 0002:00001548       ??_C@_0DG@ICNCNLAK@Found?5non?9ascii?5char?3?5?$CF2?42X?5at?5@ 000000018000e548     axutils.obj
 0002:00001580       ??_C@_0DK@HAGFPAC@Found?5non?9printable?5char?3?5?$CF2?42X@ 000000018000e580     axutils.obj
 0002:000015c0       ??_C@_0EH@JOAOIHFE@File?5appears?5to?5be?5binary?5?$CIcont@ 000000018000e5c0     axutils.obj
 0002:00001608       ??_C@_02LMMGGCAJ@?3?5@     000000018000e608     axutils.obj
 0002:0000160c       ??_C@_04EAKBDFLL@RSD?5@    000000018000e60c     axutils.obj
 0002:00001620       ??_C@_0EE@BMEGILCK@?$CF?$CKs?5?$CF2X?5?$CF2X?5?$CF2X?5?$CF2X?5?$CF2X?5?$CF2X?5?$CF2X@ 000000018000e620     axutils.obj
 0002:00001668       ??_C@_0CL@IIPADEPM@EOF?5while?5converting?5ASCII?5line@ 000000018000e668     axutils.obj
 0002:00001698       ??_C@_0CI@LODEJFEM@Could?5not?5allocate?5memory?5?$CI0x?$CFX@ 000000018000e698     axutils.obj
 0002:000016c0       ??_C@_0BN@JOLKLHCE@Error?5while?5writing?5file?5?$CFs?6@ 000000018000e6c0     axutils.obj
 0002:000016e0       ??_C@_08KPNDKLJK@RSD?5PTR?5@ 000000018000e6e0     axutils.obj
 0002:000016ec       ??_C@_04GPJOEMEN@RSDP@     000000018000e6ec     axutils.obj
 0002:000016f8       ??_C@_0CJ@DFEBCBBA@?5?$CF?42u?$CJ?5?$CF5?44s?5?50x?$CF8?48X?5?50x?$CF2?42X?5@ 000000018000e6f8     axutils.obj
 0002:00001728       ??_C@_0BG@BGANFCKO@?5?$CF?42u?$CJ?5?$CF5?44s?5?50x?$CF8?48X@ 000000018000e728     axutils.obj
 0002:00001740       ??_C@_0L@GEJJAOLD@?5?50x?$CF2?42X?6@ 000000018000e740     axutils.obj
 0002:00001750       ??_C@_0DJ@INMCMKIM@?5?50x?$CF2?42X?5?5?$CC?$CF6?46s?$CC?5?5?$CC?$CF8?48s?$CC?5?50x@ 000000018000e750     axutils.obj
 0002:0000178c       ??_C@_01GFHCPBMG@C@        000000018000e78c     toroC64:osifUefiShellEntryPoint.obj
 0002:00001790       ??_C@_1GG@CBENNICG@?$AAF?$AAA?$AAT?$AAA?$AAL?$AA?5?$AAE?$AAR?$AAR?$AAO?$AAR?$AA?3?$AA?5?$AAR?$AAe@ 000000018000e790     toroC64:osifUefiShellEntryPoint.obj
 0002:00001800       ??_C@_1BKG@PIHDEHDC@?$AAF?$AAA?$AAT?$AAA?$AAL?$AA?5?$AAE?$AAR?$AAR?$AAO?$AAR?$AA?3?$AA?5?$AAS?$AAh@ 000000018000e800     toroC64:osifUefiShellEntryPoint.obj
 0002:000019a8       ??_C@_02KPKOKMHB@?$CFS@    000000018000e9a8     toroC64:osifUefiShellEntryPoint.obj
 0002:000019b0       ??_C@_0L@PJHNIGKF@?9?9TOROCVER@ 000000018000e9b0     toroC64:osifUefiShellEntryPoint.obj
 0002:000019bc       ??_C@_03OFAPEBGM@?$CFs?6@  000000018000e9bc     toroC64:osifUefiShellEntryPoint.obj
 0002:000019c0       ??_C@_15JNBOKNOG@?$AA?$AN?$AA?6@ 000000018000e9c0     toroC64:osifUefiShellEntryPoint.obj
 0002:000019c8       ??_C@_07FPDFEDEI@ctrwaxb@  000000018000e9c8     toroC64:Fopen.obj
 0002:000019d0       ??_C@_02CHHAKFFB@w?$CL@    000000018000e9d0     toroC64:Fopen.obj
 0002:000019d4       ??_C@_02DPNLHKJD@a?$CL@    000000018000e9d4     toroC64:Fopen.obj
 0002:000019d7       ??_C@_00CNPNBAHC@@         000000018000e9d7     toroC64:_cdeCoreVwxPrintf.obj
 0002:000019d8       ??_C@_01JOAMLHOP@?9@       000000018000e9d8     toroC64:_cdeCoreVwxPrintf.obj
 0002:000019dc       ??_C@_01MIFGBAGJ@?$CL@     000000018000e9dc     toroC64:_cdeCoreVwxPrintf.obj
 0002:000019e0       ??_C@_02MDDDDAID@0x@       000000018000e9e0     toroC64:_cdeCoreVwxPrintf.obj
 0002:000019e4       ??_C@_02FGLHBECB@0X@       000000018000e9e4     toroC64:_cdeCoreVwxPrintf.obj
 0002:000019e8       ??_C@_01GBGANLPD@0@        000000018000e9e8     toroC64:_cdeCoreVwxPrintf.obj
 0002:000019ec       ??_C@_01LFCBOECM@?4@       000000018000e9ec     toroC64:_cdeCoreVwxPrintf.obj
 0002:000019f0       ??_C@_0DB@NHMBHPIK@?$CF08X?9?$CF04X?9?$CF04X?9?$CF02X?$CF02X?9?$CF02X?$CF02@ 000000018000e9f0     toroC64:_cdeCoreVwxPrintf.obj
 0002:00001a28       ??_C@_0DB@PMLHLBMO@?$CF08x?9?$CF04x?9?$CF04x?9?$CF02x?$CF02x?9?$CF02x?$CF02@ 000000018000ea28     toroC64:_cdeCoreVwxPrintf.obj
 0002:00001a60       ??_C@_0BK@FCPKCIDD@?$CF02d?1?$CF02d?1?$CF04d?5?5?$CF02d?3?$CF02d@ 000000018000ea60     toroC64:_cdeCoreVwxPrintf.obj
 0002:00001a7c       ??_C@_03GOAGKKNE@?$CFqX@   000000018000ea7c     toroC64:_cdeCoreVwxPrintf.obj
 0002:00001a80       ??_C@_07PBILKAFL@Success@  000000018000ea80     toroC64:_cdeCoreVwxPrintf.obj
 0002:00001a88       ??_C@_0L@PLPBEPPC@Load?5Error@ 000000018000ea88     toroC64:_cdeCoreVwxPrintf.obj
 0002:00001a98       ??_C@_0BC@HOFHKGJN@Invalid?5Parameter@ 000000018000ea98     toroC64:_cdeCoreVwxPrintf.obj
 0002:00001ab0       ??_C@_0M@BEECMOIL@Unsupported@ 000000018000eab0     toroC64:_cdeCoreVwxPrintf.obj
 0002:00001ac0       ??_C@_0BA@FLNMPMCF@Bad?5Buffer?5Size@ 000000018000eac0     toroC64:_cdeCoreVwxPrintf.obj
 0002:00001ad0       ??_C@_0BB@EGELJFOB@Buffer?5Too?5Small@ 000000018000ead0     toroC64:_cdeCoreVwxPrintf.obj
 0002:00001ae8       ??_C@_09NKFGCIPN@Not?5Ready@ 000000018000eae8     toroC64:_cdeCoreVwxPrintf.obj
 0002:00001af8       ??_C@_0N@HHEABDHO@Device?5Error@ 000000018000eaf8     toroC64:_cdeCoreVwxPrintf.obj
 0002:00001b08       ??_C@_0BA@LNEDDFNB@Write?5Protected@ 000000018000eb08     toroC64:_cdeCoreVwxPrintf.obj
 0002:00001b18       ??_C@_0BB@GOILNEAA@Out?5of?5Resources@ 000000018000eb18     toroC64:_cdeCoreVwxPrintf.obj
 0002:00001b30       ??_C@_0P@EIOJGIF@Volume?5Corrupt@ 000000018000eb30     toroC64:_cdeCoreVwxPrintf.obj
 0002:00001b40       ??_C@_0M@HDLEPOFA@Volume?5Full@ 000000018000eb40     toroC64:_cdeCoreVwxPrintf.obj
 0002:00001b50       ??_C@_08KEGAJDNN@No?5Media@ 000000018000eb50     toroC64:_cdeCoreVwxPrintf.obj
 0002:00001b60       ??_C@_0O@JNCJKCCD@Media?5changed@ 000000018000eb60     toroC64:_cdeCoreVwxPrintf.obj
 0002:00001b70       ??_C@_09CFCBFJND@Not?5Found@ 000000018000eb70     toroC64:_cdeCoreVwxPrintf.obj
 0002:00001b80       ??_C@_0O@NFHOBIDO@Access?5Denied@ 000000018000eb80     toroC64:_cdeCoreVwxPrintf.obj
 0002:00001b90       ??_C@_0M@ENKCBFEP@No?5Response@ 000000018000eb90     toroC64:_cdeCoreVwxPrintf.obj
 0002:00001ba0       ??_C@_0L@IFPBNFC@No?5mapping@ 000000018000eba0     toroC64:_cdeCoreVwxPrintf.obj
 0002:00001bb0       ??_C@_08PAFJCNGP@Time?5out@ 000000018000ebb0     toroC64:_cdeCoreVwxPrintf.obj
 0002:00001bc0       ??_C@_0M@DCJFAFHJ@Not?5started@ 000000018000ebc0     toroC64:_cdeCoreVwxPrintf.obj
 0002:00001bd0       ??_C@_0BA@IGIBFFPH@Already?5started@ 000000018000ebd0     toroC64:_cdeCoreVwxPrintf.obj
 0002:00001be0       ??_C@_07LCKDCBKK@Aborted@  000000018000ebe0     toroC64:_cdeCoreVwxPrintf.obj
 0002:00001be8       ??_C@_0L@LKIFCMNO@ICMP?5Error@ 000000018000ebe8     toroC64:_cdeCoreVwxPrintf.obj
 0002:00001bf8       ??_C@_0L@DJKNJKHM@TFTP?5Error@ 000000018000ebf8     toroC64:_cdeCoreVwxPrintf.obj
 0002:00001c08       ??_C@_0P@NCJHBCLM@Protocol?5Error@ 000000018000ec08     toroC64:_cdeCoreVwxPrintf.obj
 0002:00001c18       ??_C@_0BG@CFJMNNJK@Warning?5Unknown?5Glyph@ 000000018000ec18     toroC64:_cdeCoreVwxPrintf.obj
 0002:00001c30       ??_C@_0BH@GKKCJEPJ@Warning?5Delete?5Failure@ 000000018000ec30     toroC64:_cdeCoreVwxPrintf.obj
 0002:00001c48       ??_C@_0BG@ECIJMOED@Warning?5Write?5Failure@ 000000018000ec48     toroC64:_cdeCoreVwxPrintf.obj
 0002:00001c60       ??_C@_0BJ@ODIPDGHB@Warning?5Buffer?5Too?5Small@ 000000018000ec60     toroC64:_cdeCoreVwxPrintf.obj
 0002:00001c80       ??_C@_1O@CEDCILHN@?$AA?$CI?$AAn?$AAu?$AAl?$AAl?$AA?$CJ@ 000000018000ec80     toroC64:_cdeCoreVwxPrintf.obj
 0002:00001c90       ??_C@_06OJHGLDPL@?$CInull?$CJ@ 000000018000ec90     toroC64:_cdeCoreVwxPrintf.obj
 0002:00001c98       ??_C@_02JDPG@rb@           000000018000ec98     toroC64:osifUefiShellFileOpen.obj
 0002:00001c9c       ??_C@_02CBLLGHLK@r?$CL@    000000018000ec9c     toroC64:osifUefiShellFileOpen.obj
 0002:00001ca0       ??_C@_03HMFOOINA@r?$CLb@   000000018000eca0     toroC64:osifUefiShellFileOpen.obj
 0002:00001ca4       ??_C@_03CCKOKKND@rb?$CL@   000000018000eca4     toroC64:osifUefiShellFileOpen.obj
 0002:00001ca8       ??_C@_01NOFIACDB@w@        000000018000eca8     toroC64:osifUefiShellFileOpen.obj
 0002:00001cac       ??_C@_02GMLFBBN@wb@        000000018000ecac     toroC64:osifUefiShellFileOpen.obj
 0002:00001cb0       ??_C@_03BFHAFKOB@wb?$CL@   000000018000ecb0     toroC64:osifUefiShellFileOpen.obj
 0002:00001cb4       ??_C@_01MCMALHOG@a@        000000018000ecb4     toroC64:osifUefiShellFileOpen.obj
 0002:00001cb8       ??_C@_02BOGAIONP@ab@       000000018000ecb8     toroC64:osifUefiShellFileOpen.obj
 0002:00001cbc       ??_C@_03DOPCBAKB@a?$CLb@   000000018000ecbc     toroC64:osifUefiShellFileOpen.obj
 0002:00001cc0       ??_C@_03GAACFCKC@ab?$CL@   000000018000ecc0     toroC64:osifUefiShellFileOpen.obj
 0002:00001cc8       ??_C@_08GAJLGCMP@CdeMkDir@ 000000018000ecc8     toroC64:osifUefiShellFileOpen.obj
 0002:00001cd4       ??_C@_13PJJBFPED@?$AA?$DL@ 000000018000ecd4     toroC64:osifUefiShellFileOpen.obj
 0002:00001cd8       ??_C@_13FPGAJAPJ@?$AA?2@   000000018000ecd8     toroC64:osifUefiShellFileOpen.obj
 0002:00001cdc       ??_C@_01KICIPPFI@?2@       000000018000ecdc     toroC64:osifUefiShellFileFindAll.obj
 0002:00001ce0       ??_C@_01JLIPDDHJ@?3@       000000018000ece0     toroC64:osifUefiShellFileGetStatus.obj
 0002:00001ce4       ??_C@_02OFDPNJAI@FS@       000000018000ece4     toroC64:osifUefiShellFileGetStatus.obj
 0002:00001ce8       ??_C@_15BFKPJPFA@?$AAA?$AA?3@ 000000018000ece8     toroC64:osifUefiShellCmdExec.obj
 0002:00001cf0       ??_C@_13JOFGPIOO@?$AA?4@   000000018000ecf0     toroC64:_cdeCLocale_.obj
 0002:00001cf4       ??_C@_11LOCGONAA@@         000000018000ecf4     toroC64:_cdeCLocale_.obj
 0002:00001cf8       ??_C@_0CE@NLPNMFHG@invalid?5parameter?3?5?$CFS?$CI?$CFd?$CJ?5?$CFS?$CI?$CJ?5@ 000000018000ecf8     toroC64:_invalid_parameter_handler.obj
 0002:00001d20       ??_C@_0BD@NEDHKJBG@invalid?5parameter?6@ 000000018000ed20     toroC64:_invalid_parameter_handler.obj
 0002:00001d38       ??_C@_0BO@ICHKIABJ@abnormal?5program?5termination?6@ 000000018000ed38     toroC64:abortCDEABI.obj
 0002:00001d74       __volatile_metadata        000000018000ed74     <linker-defined>
 0003:00000000       AcpiGbl_Optind             0000000180010000     getopt.obj
 0003:00000004       AcpiGbl_Opterr             0000000180010004     getopt.obj
 0003:00000010       AcpiGbl_SleepStateNames    0000000180010010     utglobal.obj
 0003:00000040       AcpiGbl_LowestDstateNames  0000000180010040     utglobal.obj
 0003:00000068       AcpiGbl_HighestDstateNames 0000000180010068     utglobal.obj
 0003:00000088       AcpiGbl_DbOutputFlags      0000000180010088     utglobal.obj
 0003:00000089       AcpiGbl_AutoSerializeMethods 0000000180010089     utglobal.obj
 0003:0000008a       AcpiGbl_CreateOsiMethod    000000018001008a     utglobal.obj
 0003:0000008b       AcpiGbl_UseDefaultRegisterWidths 000000018001008b     utglobal.obj
 0003:0000008c       AcpiGbl_EnableTableValidation 000000018001008c     utglobal.obj
 0003:0000008d       AcpiGbl_Use32BitFacsAddresses 000000018001008d     utglobal.obj
 0003:0000008e       AcpiGbl_RuntimeNamespaceOverride 000000018001008e     utglobal.obj
 0003:0000008f       AcpiGbl_Shutdown           000000018001008f     utglobal.obj
 0003:00000090       AcpiGbl_BitRegisterInfo    0000000180010090     utglobal.obj
 0003:000000e0       AcpiGbl_FixedEventInfo     00000001800100e0     utglobal.obj
 0003:000000fe       AcpiGbl_EarlyInitialization 00000001800100fe     utglobal.obj
 0003:00000100       AcpiGbl_MaxLoopIterations  0000000180010100     utglobal.obj
 0003:00000104       AcpiGbl_TraceDbgLevel      0000000180010104     utglobal.obj
 0003:00000108       AcpiGbl_TraceDbgLayer      0000000180010108     utglobal.obj
 0003:0000010c       AcpiDbgLevel               000000018001010c     utglobal.obj
 0003:00000110       AcpiDbgLayer               0000000180010110     utglobal.obj
 0003:00000114       AcpiGbl_DsdtIndex          0000000180010114     utglobal.obj
 0003:00000118       AcpiGbl_FacsIndex          0000000180010118     utglobal.obj
 0003:0000011c       AcpiGbl_XFacsIndex         000000018001011c     utglobal.obj
 0003:00000120       AcpiGbl_FadtIndex          0000000180010120     utglobal.obj
 0003:00000128       __imp_QueryPerformanceCounter 0000000180010128     LibWin324UEFI:QueryPerformanceCounter.obj
 0003:00000130       __imp_QueryPerformanceFrequency 0000000180010130     LibWin324UEFI:QueryPerformanceFrequency.obj
 0003:00000138       __imp_GetTickCount64       0000000180010138     LibWin324UEFI:GetTickCount64.obj
 0003:00000140       __imp_Sleep                0000000180010140     LibWin324UEFI:Sleep.obj
 0003:00000148       __imp_IsBadReadPtr         0000000180010148     LibWin324UEFI:IsBadReadPtr.obj
 0003:00000150       __imp_IsBadWritePtr        0000000180010150     LibWin324UEFI:IsBadWritePtr.obj
 0003:00001210       CdeAppIfShell              0000000180011210     toroC64:osifUefiShellEntryPoint.obj
 0003:00001868       __imp_memset               0000000180011868     toroC64:MemSetCDEINTRINABI.obj
 0003:00001b50       _cdeLconv_C                0000000180011b50     toroC64:_cdeCLocale_.obj
 0003:00001be8       _cdeCLocale                0000000180011be8     toroC64:_cdeCLocale_.obj
 0003:00001c00       __imp_free                 0000000180011c00     toroC64:FreeCDEABI.obj
 0003:00001c08       __imp_memcmp               0000000180011c08     toroC64:MemCmpCDEINTRINABI.obj
 0003:00001c18       __imp_fclose               0000000180011c18     toroC64:FcloseCDEABI.obj
 0003:00001c20       __imp_fgetc                0000000180011c20     toroC64:FgetcCDEABI.obj
 0003:00001c28       __imp_fwrite               0000000180011c28     toroC64:FwriteCDEABI.obj
 0003:00001c30       __imp_sprintf              0000000180011c30     toroC64:SprintfCDEABI.obj
 0003:00001c38       __imp_raise                0000000180011c38     toroC64:raiseCDEABI.obj
 0003:00001c48       __imp_strcmp               0000000180011c48     toroC64:StrCmpCDEABI.obj
 0003:00001c50       __imp_fprintf              0000000180011c50     toroC64:FprintfCDEABI.obj
 0003:00001c58       _gCdeEfiShellProtocolGuid  0000000180011c58     toroC64:EFI_SHELL_PROTOCOL_GUID.obj
 0003:00001c68       _gCdeStrLibcVersion        0000000180011c68     toroC64:_gCdeStrLibcVersion.obj
 0003:00001c90       pinvalid_parameter_handler 0000000180011c90     toroC64:_invalid_parameter_handler.obj
 0003:00001cb0       __imp_strlen               0000000180011cb0     toroC64:StrLenCDEABI.obj
 0003:00001cb8       __imp_wcslen               0000000180011cb8     toroC64:WcsLenCDEABI.obj
 0003:00001cc8       _fltused                   0000000180011cc8     toroC64:_fltused.obj
 0003:00001cd0       __imp_isspace              0000000180011cd0     toroC64:isspaceCDEABI.obj
 0003:00001cd8       __imp_isdigit              0000000180011cd8     toroC64:isdigitCDEABI.obj
 0003:00001ce0       __imp_isxdigit             0000000180011ce0     toroC64:isxdigitCDEABI.obj
 0003:00001ce8       __imp__mktime64            0000000180011ce8     toroC64:mktimeCDEABI.obj
 0003:00001cf0       __imp_mktime               0000000180011cf0     toroC64:mktimeCDEABI.obj
 0003:00001cf8       __imp_wcschr               0000000180011cf8     toroC64:WcsChrCDEABI.obj
 0003:00001d00       __imp_wcscat               0000000180011d00     toroC64:WcsCatCDEABI.obj
 0003:00001d08       __imp_wcscpy               0000000180011d08     toroC64:WcsCpyCDEABI.obj
 0003:00001d18       __imp_wcsncmp              0000000180011d18     toroC64:WcsNCmpCDEABI.obj
 0003:00001d20       __imp_wcsncpy              0000000180011d20     toroC64:WcsNCpyCDEABI.obj
 0003:00001d30       __imp_wcstok               0000000180011d30     toroC64:WcsTokCDEABI.obj
 0003:00001d40       __imp__wcsicmp             0000000180011d40     toroC64:_WcsICmpCDEABI.obj
 0003:00001d50       __imp__stricmp             0000000180011d50     toroC64:_StrICmpCDEABI.obj
 0003:00001d58       _gEfiSimpleFileSystemProtocolGuid 0000000180011d58     toroC64:EFI_SIMPLE_FILE_SYSTEM_PROTOCOL_GUID.obj
 0003:00001d68       _gEfiDevicePathToTextProtocolGuid 0000000180011d68     toroC64:EFI_DEVICE_PATH_TO_TEXT_PROTOCOL_GUID.obj
 0003:00001d78       _gEfiDevicePathProtocolGuid 0000000180011d78     toroC64:EFI_DEVICE_PATH_PROTOCOL_GUID.obj
 0003:00001d88       __imp_malloc               0000000180011d88     toroC64:MallocCDEABI.obj
 0003:00001d90       __imp_wcsrchr              0000000180011d90     toroC64:WcsRChrCDEABI.obj
 0003:00001d98       __imp__errno               0000000180011d98     toroC64:errnoCDEABI.obj
 0003:00001da8       __imp_fopen                0000000180011da8     toroC64:FopenCDEABI.obj
 0003:00001db0       __imp_fread                0000000180011db0     toroC64:FreadCDEABI.obj
 0003:00001db8       __imp_fseek                0000000180011db8     toroC64:FseekCDEABI.obj
 0003:00001dc0       __imp_strchr               0000000180011dc0     toroC64:StrChrCDEABI.obj
 0003:00001dc8       __imp_realloc              0000000180011dc8     toroC64:ReallocCDEABI.obj
 0003:00001dd0       __imp_wcstombs             0000000180011dd0     toroC64:wcstombsCDEABI.obj
 0003:00001dd8       __imp_mbstowcs             0000000180011dd8     toroC64:mbstowcsCDEABI.obj
 0003:00001de0       __imp_abort                0000000180011de0     toroC64:abortCDEABI.obj
 0003:00001de8       __imp_strncpy              0000000180011de8     toroC64:StrNCpyCDEABI.obj
 0003:00001df8       __imp_strncmp              0000000180011df8     toroC64:StrNCmpCDEABI.obj
 0003:00001e00       __imp_strcpy               0000000180011e00     toroC64:StrCpyCDEABI.obj
 0003:00001e08       __imp_strcat               0000000180011e08     toroC64:StrCatCDEABI.obj
 0003:00001e10       __imp_strtol               0000000180011e10     toroC64:strtolCDEABI.obj
 0003:00001e18       __imp_strstr               0000000180011e18     toroC64:StrStrCDEABI.obj
 0003:00001e28       __imp__strnicmp            0000000180011e28     toroC64:_StrNICmpCDEABI.obj
 0003:00001e30       __imp_toupper              0000000180011e30     toroC64:toupperCDEABI.obj
 0003:00001e38       _gEfiFileInfoIdGuid        0000000180011e38     toroC64:EFI_FILE_INFO_ID_GUID.obj
 0003:00001e48       __imp_wcsstr               0000000180011e48     toroC64:WcsStrCDEABI.obj
 0003:00001e50       __imp_fflush               0000000180011e50     toroC64:FflushCDEABI.obj
 0003:00001e58       __imp_remove               0000000180011e58     toroC64:RemoveCDEABI.obj
 0003:00001e60       pinvalid_parameter_handlerCDEABI 0000000180011e60     toroC64:_invalid_parameter_handlerCDEABI.obj
 0003:00001e70       __imp_vsnprintf            0000000180011e70     toroC64:VsnprintfCDEABI.obj
 0003:00001e80       __imp_vfprintf             0000000180011e80     toroC64:VfprintfCDEABI.obj
 0003:00001e88       __imp_fsetpos              0000000180011e88     toroC64:FsetposCDEABI.obj
 0003:00001e90       __imp_wcspbrk              0000000180011e90     toroC64:WcsPbrkCDEABI.obj
 0003:00001e98       __imp_memcpy               0000000180011e98     toroC64:MemCpyCDEABI.obj
 0003:00001ea0       __imp_strpbrk              0000000180011ea0     toroC64:StrPbrkCDEABI.obj
 0003:00001ea8       __imp_exit                 0000000180011ea8     toroC64:exitCDEABI.obj
 0003:00001ec0       __imp_islower              0000000180011ec0     toroC64:islowerCDEABI.obj
 0003:00001ec8       __imp_fputc                0000000180011ec8     toroC64:FputcCDEABI.obj
 0003:00001ed0       _gCdeCfgCmdLnParmPoolMemRetain 0000000180011ed0     toroC64:_gCdeCfgCmdLnParmPoolMemRetain.obj
 0003:00001ee0       AcpiGbl_SubOptChar         0000000180011ee0     getopt.obj
 0003:00001ee8       AcpiGbl_NamespaceInitialized 0000000180011ee8     utglobal.obj
 0003:00001ee9       AcpiGbl_CaptureComments    0000000180011ee9     utglobal.obj
 0003:00001eea       AcpiGbl_DebugTimeout       0000000180011eea     utglobal.obj
 0003:00001eeb       AcpiGbl_EnableInterpreterSlack 0000000180011eeb     utglobal.obj
 0003:00001eec       AcpiGbl_EnableAmlDebugObject 0000000180011eec     utglobal.obj
 0003:00001eed       AcpiGbl_CopyDsdtLocally    0000000180011eed     utglobal.obj
 0003:00001eee       AcpiGbl_DoNotUseXsdt       0000000180011eee     utglobal.obj
 0003:00001eef       AcpiGbl_Use32BitFadtAddresses 0000000180011eef     utglobal.obj
 0003:00001ef0       AcpiGbl_CurrentScope       0000000180011ef0     utglobal.obj
 0003:00001ef8       AcpiGbl_LastListHead       0000000180011ef8     utglobal.obj
 0003:00001f00       AcpiGbl_DebugFile          0000000180011f00     utglobal.obj
 0003:00001f08       AcpiGbl_OutputFile         0000000180011f08     utglobal.obj
 0003:00001f10       AcpiGbl_TruncateIoAddresses 0000000180011f10     utglobal.obj
 0003:00001f11       AcpiGbl_DisableAutoRepair  0000000180011f11     utglobal.obj
 0003:00001f12       AcpiGbl_DisableSsdtTableInstall 0000000180011f12     utglobal.obj
 0003:00001f13       AcpiGbl_OsiData            0000000180011f13     utglobal.obj
 0003:00001f14       AcpiGbl_ReducedHardware    0000000180011f14     utglobal.obj
 0003:00001f15       AcpiGbl_IgnorePackageResolutionErrors 0000000180011f15     utglobal.obj
 0003:00001f16       AcpiGbl_DisplayDebugTimer  0000000180011f16     utglobal.obj
 0003:00001f18       AcpiGbl_TraceFlags         0000000180011f18     utglobal.obj
 0003:00001f1c       AcpiGbl_StartupFlags       0000000180011f1c     utglobal.obj
 0003:00001f20       AcpiGbl_TraceMethodName    0000000180011f20     utglobal.obj
 0003:00001f28       AcpiGbl_CDAT               0000000180011f28     utglobal.obj
 0003:00001f30       AcpiGbl_FACS               0000000180011f30     utglobal.obj
 0003:00015560       _gCdeCfgCmdLnParmReportStatusCodeSTDOUT 0000000180025560     toroC64:_gCdeCfgCmdLnParmReportStatusCodeSTDOUT.obj
 0003:00015561       Gbl_ForceExtraction        0000000180025561     <common>
 0003:00015564       Gbl_TableCount             0000000180025564     <common>
 0003:00015570       Gbl_BinaryData             0000000180025570     <common>
 0003:00015580       Gbl_OutputFilename         0000000180025580     <common>
 0003:000155a0       Gbl_TableListHead          00000001800255a0     <common>
 0003:000155c0       Gbl_InstanceBuffer         00000001800255c0     <common>
 0003:000156c0       Gbl_LineBuffer             00000001800256c0     <common>
 0003:000157c0       TimerFrequency             00000001800257c0     <common>
 0003:000157c8       AcpiGbl_PrintLock          00000001800257c8     <common>
 0003:000157d0       AcpiGbl_Optarg             00000001800257d0     <common>
 0003:000157d8       pEFI_FILE_WRITE            00000001800257d8     <common>
 0003:000157e0       pConIOClr                  00000001800257e0     <common>
 0003:000157e8       pCdeEfiDevicePathToTextProtocol 00000001800257e8     <common>
 0003:000157f0       gszCdeDriverName           00000001800257f0     <common>
 0003:000157f8       _cdegRT                    00000001800257f8     <common>
 0003:00015800       _cdegBS                    0000000180025800     <common>
 0003:00015808       _cdegST                    0000000180025808     <common>
 0003:00015810       _cdegImageHandle           0000000180025810     <common>

 entry point at        0001:00002888

 Static symbols

 0001:00001800       DisplayUsage               0000000180002800 f   axmain.obj
 0001:0000215c       _StdOutPutChar             000000018000315c f   toroC64:osifUefiShellEntryPoint.obj
 0001:000021a4       _StdInGetChar              00000001800031a4 f   toroC64:osifUefiShellEntryPoint.obj
 0001:000028b4       __CdeChkCtrlC              00000001800038b4 f   toroC64:osifUefiShellEntryPoint.obj
 0001:00002cd4       __fputcpp                  0000000180003cd4 f   toroC64:Vfprintf.obj
 0001:00004940       $LN275                     0000000180005940     toroC64:_cdeCoreVwxPrintf.obj
 0001:000049c4       ExpFieldOfDouble           00000001800059c4 f   toroC64:_cdeCoreVwxPrintf.obj
 0001:000049d8       FractBinDigits             00000001800059d8 f   toroC64:_cdeCoreVwxPrintf.obj
 0001:00004a40       FractFieldOfDouble         0000000180005a40 f   toroC64:_cdeCoreVwxPrintf.obj
 0001:00004a54       IntgrBinDigits             0000000180005a54 f   toroC64:_cdeCoreVwxPrintf.obj
 0001:00004a9c       fract2bcd                  0000000180005a9c f   toroC64:_cdeCoreVwxPrintf.obj
 0001:00004b74       intgr2bcd                  0000000180005b74 f   toroC64:_cdeCoreVwxPrintf.obj
 0001:00004c74       nfill                      0000000180005c74 f   toroC64:_cdeCoreVwxPrintf.obj
 0001:00004ce4       nprintfield                0000000180005ce4 f   toroC64:_cdeCoreVwxPrintf.obj
 0001:0000517c       num2str                    000000018000617c f   toroC64:_cdeCoreVwxPrintf.obj
 0001:000052e0       str2dev                    00000001800062e0 f   toroC64:_cdeCoreVwxPrintf.obj
 0001:00006198       GetCharAndCount            0000000180007198 f   toroC64:_cdeCoreVwxScanf.obj
 0001:000061c4       IsCharInNumberRange        00000001800071c4 f   toroC64:_cdeCoreVwxScanf.obj
 0001:00006238       StoreTerminate             0000000180007238 f   toroC64:_cdeCoreVwxScanf.obj
 0001:00006298       UngetCharAndDecount        0000000180007298 f   toroC64:_cdeCoreVwxScanf.obj
 0001:000062b8       inrange                    00000001800072b8 f   toroC64:_cdeCoreVwxScanf.obj
 0001:000062e0       str2num                    00000001800072e0 f   toroC64:_cdeCoreVwxScanf.obj
 0001:00006d8c       __insertFree               0000000180007d8c f   toroC64:_cdeCoreMemRealloc.obj
 0001:0000716c       bcd2int                    000000018000816c f   toroC64:osifIbmAtGetTime.obj
 0001:00007184       inside                     0000000180008184 f   toroC64:osifIbmAtGetTime.obj
 0001:00007194       rtcrd8                     0000000180008194 f   toroC64:osifIbmAtGetTime.obj
 0001:00007248       GetACPICount               0000000180008248 f   toroC64:osifUefiShellGetTscPerSec.obj
 0001:00007a44       __CdeFsEnum                0000000180008a44 f   toroC64:osifUefiShellFileOpen.obj
 0001:00007be4       __CdeIsFsEnum              0000000180008be4 f   toroC64:osifUefiShellFileOpen.obj
 0001:00007bf8       efifopen                   0000000180008bf8 f   toroC64:osifUefiShellFileOpen.obj
 0001:000082a4       __cdeReadDirectory         00000001800092a4 f   toroC64:osifUefiShellFileFindAll.obj
 0001:00008644       myConIOClr                 0000000180009644 f   toroC64:osifUefiShellCmdExec.obj
 0001:00008650       myEFI_FILE_WRITE           0000000180009650 f   toroC64:osifUefiShellCmdExec.obj
 0001:00009260       $$000000                   000000018000a260     toroC64:setjmp64CDEINTRINABI.obj
 0001:00009570       $$000000                   000000018000a570     toroC64:CdeGetCurrentPrivilegeLevel64.obj
 0001:00009574       freeCDEABI                 000000018000a574 f   toroC64:FreeCDEABI.obj
 0001:000095c8       fcloseCDEABI               000000018000a5c8 f   toroC64:FcloseCDEABI.obj
 0001:00009694       fgetcCDEABI                000000018000a694 f   toroC64:FgetcCDEABI.obj
 0001:000096e8       fwriteCDEABI               000000018000a6e8 f   toroC64:FwriteCDEABI.obj
 0001:00009740       sprintfCDEABI              000000018000a740 f   toroC64:SprintfCDEABI.obj
 0001:0000976c       raiseCDEABI                000000018000a76c f   toroC64:raiseCDEABI.obj
 0001:000097f0       strcmpCDEABI               000000018000a7f0 f   toroC64:StrCmpCDEABI.obj
 0001:0000982c       fprintfCDEABI              000000018000a82c f   toroC64:FprintfCDEABI.obj
 0001:00009ac8       invalid_parameter_handler  000000018000aac8 f   toroC64:_invalid_parameter_handler.obj
 0001:00009c40       $$000000                   000000018000ac40     toroC64:longjmp64CDEINTRINABI.obj
 0001:00009f38       strlenCDEABI               000000018000af38 f   toroC64:StrLenCDEABI.obj
 0001:00009f4c       wcslenCDEABI               000000018000af4c f   toroC64:WcsLenCDEABI.obj
 0001:00009fb0       isspaceCDEABI              000000018000afb0 f   toroC64:isspaceCDEABI.obj
 0001:00009fc8       isdigitCDEABI              000000018000afc8 f   toroC64:isdigitCDEABI.obj
 0001:00009fdc       isxdigitCDEABI             000000018000afdc f   toroC64:isxdigitCDEABI.obj
 0001:0000a074       _mktime64CDEABI            000000018000b074 f   toroC64:mktimeCDEABI.obj
 0001:0000a100       mktimeCDEABI               000000018000b100 f   toroC64:mktimeCDEABI.obj
 0001:0000a2b0       wcschrCDEABI               000000018000b2b0 f   toroC64:WcsChrCDEABI.obj
 0001:0000a2e8       wcscatCDEABI               000000018000b2e8 f   toroC64:WcsCatCDEABI.obj
 0001:0000a31c       wcscpyCDEABI               000000018000b31c f   toroC64:WcsCpyCDEABI.obj
 0001:0000a354       wcsncmpCDEABI              000000018000b354 f   toroC64:WcsNCmpCDEABI.obj
 0001:0000a39c       wcsncpyCDEABI              000000018000b39c f   toroC64:WcsNCpyCDEABI.obj
 0001:0000a3e0       wcstokCDEABI               000000018000b3e0 f   toroC64:WcsTokCDEABI.obj
 0001:0000a430       _wcsicmpCDEABI             000000018000b430 f   toroC64:_WcsICmpCDEABI.obj
 0001:0000a46c       _stricmpCDEABI             000000018000b46c f   toroC64:_StrICmpCDEABI.obj
 0001:0000a590       mallocCDEABI               000000018000b590 f   toroC64:MallocCDEABI.obj
 0001:0000a59c       wcsrchrCDEABI              000000018000b59c f   toroC64:WcsRChrCDEABI.obj
 0001:0000a5f4       _errnoCDEABI               000000018000b5f4 f   toroC64:errnoCDEABI.obj
 0001:0000a618       fopenCDEABI                000000018000b618 f   toroC64:FopenCDEABI.obj
 0001:0000a86c       freadCDEABI                000000018000b86c f   toroC64:FreadCDEABI.obj
 0001:0000a8c4       fseekCDEABI                000000018000b8c4 f   toroC64:FseekCDEABI.obj
 0001:0000a8cc       strchrCDEABI               000000018000b8cc f   toroC64:StrChrCDEABI.obj
 0001:0000a900       reallocCDEABI              000000018000b900 f   toroC64:ReallocCDEABI.obj
 0001:0000a938       wcstombsCDEABI             000000018000b938 f   toroC64:wcstombsCDEABI.obj
 0001:0000a988       mbstowcsCDEABI             000000018000b988 f   toroC64:mbstowcsCDEABI.obj
 0001:0000a9b0       abortCDEABI                000000018000b9b0 f   toroC64:abortCDEABI.obj
 0001:0000aa24       strncpyCDEABI              000000018000ba24 f   toroC64:StrNCpyCDEABI.obj
 0001:0000aa68       strncmpCDEABI              000000018000ba68 f   toroC64:StrNCmpCDEABI.obj
 0001:0000aab0       strcpyCDEABI               000000018000bab0 f   toroC64:StrCpyCDEABI.obj
 0001:0000aae8       strcatCDEABI               000000018000bae8 f   toroC64:StrCatCDEABI.obj
 0001:0000ab1c       strtolCDEABI               000000018000bb1c f   toroC64:strtolCDEABI.obj
 0001:0000abdc       strstrCDEABI               000000018000bbdc f   toroC64:StrStrCDEABI.obj
 0001:0000ac20       _strnicmpCDEABI            000000018000bc20 f   toroC64:_StrNICmpCDEABI.obj
 0001:0000ac68       toupperCDEABI              000000018000bc68 f   toroC64:toupperCDEABI.obj
 0001:0000ace0       wcsstrCDEABI               000000018000bce0 f   toroC64:WcsStrCDEABI.obj
 0001:0000ae38       fflushCDEABI               000000018000be38 f   toroC64:FflushCDEABI.obj
 0001:0000ae5c       removeCDEABI               000000018000be5c f   toroC64:RemoveCDEABI.obj
 0001:0000aed4       invalid_parameter_handler  000000018000bed4 f   toroC64:_invalid_parameter_handlerCDEABI.obj
 0001:0000af58       vsnprintfCDEABI            000000018000bf58 f   toroC64:VsnprintfCDEABI.obj
 0001:0000b050       __fputcpp                  000000018000c050 f   toroC64:VfprintfCDEABI.obj
 0001:0000b060       vfprintfCDEABI             000000018000c060 f   toroC64:VfprintfCDEABI.obj
 0001:0000b44c       wcspbrkCDEABI              000000018000c44c f   toroC64:WcsPbrkCDEABI.obj
 0001:0000b490       memcpyCDEABI               000000018000c490 f   toroC64:MemCpyCDEABI.obj
 0001:0000b524       strpbrkCDEABI              000000018000c524 f   toroC64:StrPbrkCDEABI.obj
 0001:0000b564       exitCDEABI                 000000018000c564 f   toroC64:exitCDEABI.obj
 0001:0000b5fc       islowerCDEABI              000000018000c5fc f   toroC64:islowerCDEABI.obj
 0001:0000b650       fputcCDEABI                000000018000c650 f   toroC64:FputcCDEABI.obj
 0002:000000e0       _AcpiModuleName            000000018000d0e0     utexcep.obj
 0002:000000f0       AcpiGbl_ExceptionNames_Env 000000018000d0f0     utexcep.obj
 0002:00000210       AcpiGbl_ExceptionNames_Pgm 000000018000d210     utexcep.obj
 0002:00000260       AcpiGbl_ExceptionNames_Tbl 000000018000d260     utexcep.obj
 0002:00000290       AcpiGbl_ExceptionNames_Aml 000000018000d290     utexcep.obj
 0002:000003c0       AcpiGbl_ExceptionNames_Ctrl 000000018000d3c0     utexcep.obj
 0002:00000eb8       _AcpiModuleName            000000018000deb8     utmath.obj
 0002:00000f80       _AcpiModuleName            000000018000df80     oswinxf.obj
 0002:00001eec       $unwind$AcpiGetopt         000000018000eeec     getopt.obj
 0002:00001f04       $unwind$AcpiGetoptArgument 000000018000ef04     getopt.obj
 0002:00001f0c       $unwind$AcpiUtValidNameseg 000000018000ef0c     utascii.obj
 0002:00001f18       $unwind$AcpiUtCheckAndRepairAscii 000000018000ef18     utascii.obj
 0002:00001f2c       $unwind$AcpiFormatException 000000018000ef2c     utexcep.obj
 0002:00001f34       $unwind$AcpiUtDivide       000000018000ef34     utmath.obj
 0002:00001f3c       $unwind$AcpiUtShortDivide  000000018000ef3c     utmath.obj
 0002:00001f44       $unwind$AcpiUtStrupr       000000018000ef44     utnonansi.obj
 0002:00001f4c       $unwind$AcpiUtStrlwr       000000018000ef4c     utnonansi.obj
 0002:00001f54       $unwind$AcpiUtStricmp      000000018000ef54     utnonansi.obj
 0002:00001f64       $unwind$AcpiUtSafeStrcpy   000000018000ef64     utnonansi.obj
 0002:00001f74       $unwind$AcpiUtSafeStrncpy  000000018000ef74     utnonansi.obj
 0002:00001f80       $unwind$AcpiUtSafeStrcat   000000018000ef80     utnonansi.obj
 0002:00001f94       $unwind$AcpiUtSafeStrncat  000000018000ef94     utnonansi.obj
 0002:00001fac       $unwind$AcpiError          000000018000efac     utxferror.obj
 0002:00001fb8       $unwind$AcpiException      000000018000efb8     utxferror.obj
 0002:00001fc4       $unwind$AcpiWarning        000000018000efc4     utxferror.obj
 0002:00001fd0       $unwind$AcpiInfo           000000018000efd0     utxferror.obj
 0002:00001fd8       $unwind$AcpiBiosError      000000018000efd8     utxferror.obj
 0002:00001fe4       $unwind$AcpiBiosException  000000018000efe4     utxferror.obj
 0002:00001ff0       $unwind$AcpiBiosWarning    000000018000eff0     utxferror.obj
 0002:00001ffc       $unwind$AcpiOsInitialize   000000018000effc     oswinxf.obj
 0002:00002004       $unwind$AcpiOsExecute      000000018000f004     oswinxf.obj
 0002:0000200c       $unwind$AcpiOsReadPort     000000018000f00c     oswinxf.obj
 0002:00002014       $unwind$AcpiOsWritePort    000000018000f014     oswinxf.obj
 0002:0000201c       $unwind$AcpiOsReadable     000000018000f01c     oswinxf.obj
 0002:00002024       $unwind$AcpiOsWritable     000000018000f024     oswinxf.obj
 0002:0000202c       $unwind$AcpiOsGetTimer     000000018000f02c     oswinxf.obj
 0002:00002034       $unwind$AcpiOsPrintf       000000018000f034     oswinxf.obj
 0002:0000203c       $unwind$AcpiOsVprintf      000000018000f03c     oswinxf.obj
 0002:0000204c       $unwind$AcpiOsGetLine      000000018000f04c     oswinxf.obj
 0002:00002064       $unwind$AxExtractTables    000000018000f064     acpixtract.obj
 0002:0000207c       $unwind$AxExtractToMultiAmlFile 000000018000f07c     acpixtract.obj
 0002:00002094       $unwind$AxListAllTables    000000018000f094     acpixtract.obj
 0002:000020ac       $unwind$DisplayUsage       000000018000f0ac     axmain.obj
 0002:000020ac       $unwind$UngetCharAndDecount 000000018000f0ac     toroC64:_cdeCoreVwxScanf.obj
 0002:000020b4       $unwind$main               000000018000f0b4     axmain.obj
 0002:000020c4       $unwind$AxCountTableInstances 000000018000f0c4     axutils.obj
 0002:000020d8       $unwind$AxGetNextInstance  000000018000f0d8     axutils.obj
 0002:000020e8       $unwind$AxNormalizeSignature 000000018000f0e8     axutils.obj
 0002:000020f0       $unwind$AxCheckAscii       000000018000f0f0     axutils.obj
 0002:000020fc       $unwind$AxIsFileAscii      000000018000f0fc     axutils.obj
 0002:0000210c       $unwind$AxIsHexDataLine    000000018000f10c     axutils.obj
 0002:00002114       $unwind$AxIsDataBlockHeader 000000018000f114     axutils.obj
 0002:0000211c       $unwind$AxConvertAndWrite  000000018000f11c     axutils.obj
 0002:00002128       $unwind$AxConvertToBinary  000000018000f128     axutils.obj
 0002:00002140       $unwind$AxDumpTableHeader  000000018000f140     axutils.obj
 0002:00002154       $unwind$_w4uQueryPerformanceCounter 000000018000f154     LibWin324UEFI:QueryPerformanceCounter.obj
 0002:0000215c       $unwind$QueryPerformanceFrequency4UEFI 000000018000f15c     LibWin324UEFI:QueryPerformanceFrequency.obj
 0002:00002168       $unwind$_w4uQueryPerformanceFrequency 000000018000f168     LibWin324UEFI:QueryPerformanceFrequency.obj
[...]
 0002:00002190       $unwind$_StdOutPutChar     000000018000f190     toroC64:osifUefiShellEntryPoint.obj
 0002:00002198       $unwind$_StdInGetChar      000000018000f198     toroC64:osifUefiShellEntryPoint.obj
 0002:000021a0       $unwind$_MainEntryPointShell 000000018000f1a0     toroC64:osifUefiShellEntryPoint.obj
 0002:000021bc       $unwind$FractBinDigits     000000018000f1bc     toroC64:_cdeCoreVwxPrintf.obj
 0002:000021bc       $unwind$IntgrBinDigits     000000018000f1bc     toroC64:_cdeCoreVwxPrintf.obj
 0002:000021bc       $unwind$__CdeChkCtrlC      000000018000f1bc     toroC64:osifUefiShellEntryPoint.obj
 0002:000021c4       $unwind$strchr             000000018000f1c4     toroC64:StrChr.obj
 0002:000021cc       $unwind$strcmp             000000018000f1cc     toroC64:StrCmp.obj
 0002:000021d8       $unwind$__acrt_iob_func    000000018000f1d8     toroC64:__acrt_iob_func.obj
 0002:000021e4       $unwind$fprintf            000000018000f1e4     toroC64:Fprintf.obj
 0002:000021ec       $unwind$isprint            000000018000f1ec     toroC64:isprint.obj
 0002:000021f4       $unwind$strcat             000000018000f1f4     toroC64:StrCat.obj
 0002:00002200       $unwind$strcpy             000000018000f200     toroC64:StrCpy.obj
 0002:0000220c       $unwind$strncat            000000018000f20c     toroC64:StrNCat.obj
 0002:00002220       $unwind$strncpy            000000018000f220     toroC64:StrNCpy.obj
 0002:00002230       $unwind$toupper            000000018000f230     toroC64:toupper.obj
 0002:00002238       $unwind$tolower            000000018000f238     toroC64:tolower.obj
 0002:00002240       $unwind$calloc             000000018000f240     toroC64:Calloc.obj
 0002:0000224c       $unwind$free               000000018000f24c     toroC64:Free.obj
 0002:00002254       $unwind$getchar            000000018000f254     toroC64:Getchar.obj
 0002:0000225c       $unwind$vfprintf           000000018000f25c     toroC64:Vfprintf.obj
 0002:00002270       $unwind$memset             000000018000f270     toroC64:MemSetCDEINTRINABI.obj
 0002:00002278       $unwind$fclose             000000018000f278     toroC64:Fclose.obj
 0002:00002290       $unwind$fgets              000000018000f290     toroC64:Fgets.obj
 0002:000022a4       $unwind$fopen              000000018000f2a4     toroC64:Fopen.obj
 0002:000022c0       $unwind$printf             000000018000f2c0     toroC64:Printf.obj
 0002:000022c8       $unwind$sprintf            000000018000f2c8     toroC64:Sprintf.obj
 0002:000022d0       $unwind$exit               000000018000f2d0     toroC64:exit.obj
 0002:000022d8       $unwind$strncmp            000000018000f2d8     toroC64:StrNCmp.obj
 0002:000022e8       $unwind$fread              000000018000f2e8     toroC64:Fread.obj
 0002:000022fc       $unwind$fwrite             000000018000f2fc     toroC64:Fwrite.obj
 0002:00002310       $unwind$sscanf             000000018000f310     toroC64:Sscanf.obj
 0002:00002318       $unwind$clock              000000018000f318     toroC64:clock.obj
 0002:00002324       $unwind$_CdeDbgPutChar     000000018000f324     toroC64:_CdeDbgPutChar.obj
 0002:00002340       $unwind$_cdeCoreVwxPrintf  000000018000f340     toroC64:_cdeCoreVwxPrintf.obj
 0002:00002360       $unwind$intgr2bcd          000000018000f360     toroC64:_cdeCoreVwxPrintf.obj
 0002:00002374       $unwind$fract2bcd          000000018000f374     toroC64:_cdeCoreVwxPrintf.obj
 0002:00002374       $unwind$GetCharAndCount    000000018000f374     toroC64:_cdeCoreVwxScanf.obj
 0002:00002380       $unwind$str2dev            000000018000f380     toroC64:_cdeCoreVwxPrintf.obj
 0002:00002398       $unwind$num2str            000000018000f398     toroC64:_cdeCoreVwxPrintf.obj
 0002:000023b0       $unwind$nfill              000000018000f3b0     toroC64:_cdeCoreVwxPrintf.obj
 0002:000023c8       $unwind$nprintfield        000000018000f3c8     toroC64:_cdeCoreVwxPrintf.obj
 0002:000023e0       $unwind$str2num            000000018000f3e0     toroC64:_cdeCoreVwxScanf.obj
 0002:000023f8       $unwind$_cdeCoreVwxScanf   000000018000f3f8     toroC64:_cdeCoreVwxScanf.obj
 0002:00002414       $unwind$_cdeCoreWcsStrTok  000000018000f414     toroC64:_cdeCoreWcsStrTok.obj
 0002:00002430       $unwind$_cdeWcsStrPbrkSpn  000000018000f430     toroC64:_cdeWcsStrPbrkSpn.obj
 0002:0000244c       $unwind$_cdeCoreMemRealloc 000000018000f44c     toroC64:_cdeCoreMemRealloc.obj
 0002:00002468       $unwind$_cdeMemStrxCpy     000000018000f468     toroC64:_cdeMemStrxCpy.obj
 0002:00002480       $unwind$_cdeMemStrxCmp     000000018000f480     toroC64:_cdeMemStrxCmp.obj
 0002:0000249c       $unwind$_osifIbmAtGetTime  000000018000f49c     toroC64:osifIbmAtGetTime.obj
 0002:000024a8       $unwind$_osifUefiShellGetTscPerSec 000000018000f4a8     toroC64:osifUefiShellGetTscPerSec.obj
 0002:000024c0       $unwind$_osifUefiShellMemAlloc 000000018000f4c0     toroC64:osifUefiShellMemAlloc.obj
 0002:000024c8       $unwind$_osifUefiShellFileWrite 000000018000f4c8     toroC64:osifUefiShellFileWrite.obj
 0002:000024e0       $unwind$_osifUefiShellFileRead 000000018000f4e0     toroC64:osifUefiShellFileRead.obj
 0002:000024f4       $unwind$_osifUefiShellFileSetPos 000000018000f4f4     toroC64:osifUefiShellFileSetPos.obj
 0002:00002508       $unwind$efifopen           000000018000f508     toroC64:osifUefiShellFileOpen.obj
 0002:00002520       $unwind$__CdeFsEnum        000000018000f520     toroC64:osifUefiShellFileOpen.obj
 0002:00002534       $unwind$_osifUefiShellFileOpen 000000018000f534     toroC64:osifUefiShellFileOpen.obj
 0002:0000254c       $unwind$_osifUefiShellFileClose 000000018000f54c     toroC64:osifUefiShellFileClose.obj
 0002:0000255c       $unwind$_osifUefiShellFileDelete 000000018000f55c     toroC64:osifUefiShellFileDelete.obj
 0002:00002564       $unwind$_osifUefiShellFileRename 000000018000f564     toroC64:osifUefiShellFileRename.obj
 0002:00002580       $unwind$__cdeReadDirectory 000000018000f580     toroC64:osifUefiShellFileFindAll.obj
 0002:0000259c       $unwind$_osifUefiShellFileFindAll 000000018000f59c     toroC64:osifUefiShellFileFindAll.obj
 0002:000025b4       $unwind$_osifUefiShellFileGetStatus 000000018000f5b4     toroC64:osifUefiShellFileGetStatus.obj
 0002:000025c8       $unwind$_osifUefiShellDirectoryCreate 000000018000f5c8     toroC64:osifUefiShellDirectoryCreate.obj
 0002:000025dc       $unwind$myEFI_FILE_WRITE   000000018000f5dc     toroC64:osifUefiShellCmdExec.obj
 0002:000025f4       $unwind$_osifUefiShellCmdExec 000000018000f5f4     toroC64:osifUefiShellCmdExec.obj
 0002:00002608       $unwind$_osifUefiShellGetEnv 000000018000f608     toroC64:osifUefiShellGetEnv.obj
 0002:00002620       $unwind$_osifUefiShellGetDrvCwd 000000018000f620     toroC64:osifUefiShellGetDrvCwd.obj
 0002:0000262c       $unwind$_cdeCoreFread      000000018000f62c     toroC64:_cdeCoreFread.obj
 0002:00002644       $unwind$_cdeCoreFwrite     000000018000f644     toroC64:_cdeCoreFwrite.obj
 0002:0000265c       $unwind$_cdeCoreFsetpos    000000018000f65c     toroC64:_cdeCoreFsetpos.obj
 0002:00002670       $unwind$_cdeCoreFflush     000000018000f670     toroC64:_cdeCoreFflush.obj
 0002:00002680       $unwind$_CdeLocateProtocol 000000018000f680     toroC64:_CdeLocateProtocol.obj
 0002:00002688       $unwind$_cdeStr2Argcv      000000018000f688     toroC64:_cdeStr2Argcv.obj
 0002:000026a0       $unwind$memcmp             000000018000f6a0     toroC64:MemCmpCDEINTRINABI.obj
 0002:000026b0       $unwind$fcloseCDEABI       000000018000f6b0     toroC64:FcloseCDEABI.obj
 0002:000026c8       $unwind$fgetcCDEABI        000000018000f6c8     toroC64:FgetcCDEABI.obj
 0002:000026d0       $unwind$fwriteCDEABI       000000018000f6d0     toroC64:FwriteCDEABI.obj
 0002:000026e4       $unwind$sprintfCDEABI      000000018000f6e4     toroC64:SprintfCDEABI.obj
 0002:000026ec       $unwind$raiseCDEABI        000000018000f6ec     toroC64:raiseCDEABI.obj
 0002:000026f8       $unwind$strcmpCDEABI       000000018000f6f8     toroC64:StrCmpCDEABI.obj
 0002:00002704       $unwind$fprintfCDEABI      000000018000f704     toroC64:FprintfCDEABI.obj
 0002:0000270c       $unwind$strpbrk            000000018000f70c     toroC64:StrPbrk.obj
 0002:00002718       $unwind$isgraph            000000018000f718     toroC64:isgraph.obj
 0002:00002724       $unwind$realloc            000000018000f724     toroC64:Realloc.obj
 0002:00002730       $unwind$fgetc              000000018000f730     toroC64:Fgetc.obj
 0002:00002738       $unwind$fputc              000000018000f738     toroC64:Fputc.obj
 0002:00002740       $unwind$_errno             000000018000f740     toroC64:errno.obj
 0002:00002748       $unwind$fflush             000000018000f748     toroC64:Fflush.obj
 0002:00002750       $unwind$remove             000000018000f750     toroC64:Remove.obj
 0002:00002764       $unwind$__cdeIsFilePointer 000000018000f764     toroC64:__cdeIsFilePointer.obj
 0002:00002778       $unwind$invalid_parameter_handler 000000018000f778     toroC64:_invalid_parameter_handler.obj
 0002:0000278c       $unwind$_stricmp           000000018000f78c     toroC64:_StrICmp.obj
 0002:00002798       $unwind$vsnprintf          000000018000f798     toroC64:Vsnprintf.obj
 0002:000027b0       $unwind$_fseeki64          000000018000f7b0     toroC64:_Fseeki64.obj
 0002:000027c4       $unwind$_cdeCoreSprintf    000000018000f7c4     toroC64:_cdeCoreSprintf.obj
 0002:000027cc       $unwind$isxdigitCDEABI     000000018000f7cc     toroC64:isxdigitCDEABI.obj
 0002:000027d4       $unwind$_cdeUMUL128        000000018000f7d4     toroC64:_cdeUMUL128.obj
 0002:000027dc       $unwind$_mktime64CDEABI    000000018000f7dc     toroC64:mktimeCDEABI.obj
 0002:000027e4       $unwind$_cdeGmltime        000000018000f7e4     toroC64:_cdeGmltime.obj
 0002:000027f0       $unwind$__cdeOnErrSet_status 000000018000f7f0     toroC64:__cdeOnErrSet_status.obj
 0002:000027f8       $unwind$__cdeOffsetCdeFposType 000000018000f7f8     toroC64:__cdeGetOffsetCdeFposType.obj
 0002:00002800       $unwind$__cdeBiasCdeFposType 000000018000f800     toroC64:__cdeGetBiasCdeFposType.obj
 0002:0000280c       $unwind$wcschrCDEABI       000000018000f80c     toroC64:WcsChrCDEABI.obj
 0002:00002814       $unwind$wcscatCDEABI       000000018000f814     toroC64:WcsCatCDEABI.obj
 0002:00002820       $unwind$wcscpyCDEABI       000000018000f820     toroC64:WcsCpyCDEABI.obj
 0002:0000282c       $unwind$wcsncmpCDEABI      000000018000f82c     toroC64:WcsNCmpCDEABI.obj
 0002:0000283c       $unwind$wcsncpyCDEABI      000000018000f83c     toroC64:WcsNCpyCDEABI.obj
 0002:0000284c       $unwind$wcstokCDEABI       000000018000f84c     toroC64:WcsTokCDEABI.obj
 0002:0000285c       $unwind$_wcsicmpCDEABI     000000018000f85c     toroC64:_WcsICmpCDEABI.obj
 0002:00002868       $unwind$_stricmpCDEABI     000000018000f868     toroC64:_StrICmpCDEABI.obj
 0002:00002874       $unwind$_CdeLocateHandleBuffer 000000018000f874     toroC64:_CdeLocateHandleBuffer.obj
 0002:00002884       $unwind$_cdeConvertDevicePathToText 000000018000f884     toroC64:_cdeConvertDevicePathToText.obj
 0002:0000288c       $unwind$_CdeGetMapFromDevicePath 000000018000f88c     toroC64:_CdeGetMapFromDevicePath.obj
 0002:00002894       $unwind$_CdeGetCurDir      000000018000f894     toroC64:_CdeGetCurDir.obj
 0002:0000289c       $unwind$wcsrchrCDEABI      000000018000f89c     toroC64:WcsRChrCDEABI.obj
 0002:000028a8       $unwind$_errnoCDEABI       000000018000f8a8     toroC64:errnoCDEABI.obj
 0002:000028b0       $unwind$fopenCDEABI        000000018000f8b0     toroC64:FopenCDEABI.obj
 0002:000028cc       $unwind$freadCDEABI        000000018000f8cc     toroC64:FreadCDEABI.obj
 0002:000028e0       $unwind$strchrCDEABI       000000018000f8e0     toroC64:StrChrCDEABI.obj
 0002:000028e8       $unwind$reallocCDEABI      000000018000f8e8     toroC64:ReallocCDEABI.obj
 0002:000028f4       $unwind$wcstombsCDEABI     000000018000f8f4     toroC64:wcstombsCDEABI.obj
 0002:000028fc       $unwind$abortCDEABI        000000018000f8fc     toroC64:abortCDEABI.obj
 0002:00002908       $unwind$strncpyCDEABI      000000018000f908     toroC64:StrNCpyCDEABI.obj
 0002:00002918       $unwind$strncmpCDEABI      000000018000f918     toroC64:StrNCmpCDEABI.obj
 0002:00002928       $unwind$strcpyCDEABI       000000018000f928     toroC64:StrCpyCDEABI.obj
 0002:00002934       $unwind$strcatCDEABI       000000018000f934     toroC64:StrCatCDEABI.obj
 0002:00002940       $unwind$strtolCDEABI       000000018000f940     toroC64:strtolCDEABI.obj
 0002:00002948       $unwind$_strnicmpCDEABI    000000018000f948     toroC64:_StrNICmpCDEABI.obj
 0002:00002958       $unwind$toupperCDEABI      000000018000f958     toroC64:toupperCDEABI.obj
 0002:00002960       $unwind$_cdeEfiTime2TimeT  000000018000f960     toroC64:_cdeEfiTime2TimeT.obj
 0002:00002968       $unwind$__cdeIsFilePointerCORE 000000018000f968     toroC64:__cdeIsFilePointerCORE.obj
 0002:00002980       $unwind$__cderewindCORE    000000018000f980     toroC64:__cderewindCORE.obj
 0002:00002988       $unwind$_cdeAbort          000000018000f988     toroC64:_cdeAbort.obj
 0002:00002990       $unwind$fflushCDEABI       000000018000f990     toroC64:FflushCDEABI.obj
 0002:00002998       $unwind$removeCDEABI       000000018000f998     toroC64:RemoveCDEABI.obj
 0002:000029ac       $unwind$invalid_parameter_handler 000000018000f9ac     toroC64:_invalid_parameter_handlerCDEABI.obj
 0002:000029c0       $unwind$vsnprintfCDEABI    000000018000f9c0     toroC64:VsnprintfCDEABI.obj
 0002:000029d8       $unwind$vfprintfCDEABI     000000018000f9d8     toroC64:VfprintfCDEABI.obj
 0002:000029ec       $unwind$isalnum            000000018000f9ec     toroC64:isalnum.obj
 0002:000029f8       $unwind$__cdeOnErrSet_errno 000000018000f9f8     toroC64:__cdeOnErrSet_errno.obj
 0002:00002a00       $unwind$abort              000000018000fa00     toroC64:abort.obj
 0002:00002a0c       $unwind$fsetposCDEABI      000000018000fa0c     toroC64:FsetposCDEABI.obj
 0002:00002a18       $unwind$_cdeDay2Greg       000000018000fa18     toroC64:_cdeDay2Greg.obj
 0002:00002a24       $unwind$_efierrno          000000018000fa24     toroC64:_efierrno.obj
 0002:00002a2c       $unwind$wcspbrkCDEABI      000000018000fa2c     toroC64:WcsPbrkCDEABI.obj
 0002:00002a38       $unwind$_cdePoolWcs2AppWcs 000000018000fa38     toroC64:_CdePoolWcs2AppWcs.obj
 0002:00002a48       $unwind$strpbrkCDEABI      000000018000fa48     toroC64:StrPbrkCDEABI.obj
 0002:00002a54       $unwind$exitCDEABI         000000018000fa54     toroC64:exitCDEABI.obj
 0002:00002a5c       $unwind$_cdeSscanf         000000018000fa5c     toroC64:_cdeSscanf.obj
 0002:00002a68       $unwind$__cdeOnErrSet_errnoCORE 000000018000fa68     toroC64:__cdeOnErrSet_errnoCORE.obj
 0002:00002a70       $unwind$fputcCDEABI        000000018000fa70     toroC64:FputcCDEABI.obj
 0002:00002a78       $unwind$isalpha            000000018000fa78     toroC64:isalpha.obj
 0002:00002a84       $unwind$raise              000000018000fa84     toroC64:raise.obj
 0003:00000008       CurrentCharPtr             0000000180010008     getopt.obj
 0003:00000160       gCdeSystemVolumes          0000000180010160     toroC64:osifUefiShellEntryPoint.obj
 0003:00001070       gCdeServicesShell          0000000180011070     toroC64:osifUefiShellEntryPoint.obj
 0003:00001820       _gEfiStatusCodeRuntimeProtocolGuid 0000000180011820     toroC64:osifUefiShellEntryPoint.obj
 0003:00001830       ?EfiLoadedImageProtocolGuid@?1??_MainEntryPointShell@@9@9 0000000180011830     toroC64:osifUefiShellEntryPoint.obj
 0003:00001840       ?EfiShellParametersProtocolGuid@?L@??_MainEntryPointShell@@9@9 0000000180011840     toroC64:osifUefiShellEntryPoint.obj
 0003:00001850       ?EfiAcpi20TableGuid@?N@??_MainEntryPointShell@@9@9 0000000180011850     toroC64:osifUefiShellEntryPoint.obj
 0003:00001860       ROMPARM                    0000000180011860     toroC64:StrCmp.obj
 0003:00001870       ?ROMPARM@?5??fopen@@9@9    0000000180011870     toroC64:Fopen.obj
 0003:00001874       ROMPARM                    0000000180011874     toroC64:StrNCmp.obj
 0003:00001880       RomParm                    0000000180011880     toroC64:Sscanf.obj
 0003:0000188c       ?action@?4??_cdeCoreMemRealloc@@9@9 000000018001188c     toroC64:_cdeCoreMemRealloc.obj
 0003:00001890       tblMode                    0000000180011890     toroC64:osifUefiShellFileOpen.obj
 0003:00001a90       ?wcsSHELL@?1??myEFI_FILE_WRITE@@9@9 0000000180011a90     toroC64:osifUefiShellCmdExec.obj
 0003:00001ac8       ?wcsMAP@?1??myEFI_FILE_WRITE@@9@9 0000000180011ac8     toroC64:osifUefiShellCmdExec.obj
 0003:00001ae8       ?wcsALIAS@?1??myEFI_FILE_WRITE@@9@9 0000000180011ae8     toroC64:osifUefiShellCmdExec.obj
 0003:00001b00       ?wcsBLK@?1??myEFI_FILE_WRITE@@9@9 0000000180011b00     toroC64:osifUefiShellCmdExec.obj
 0003:00001b18       ?wcsBLK2@?1??myEFI_FILE_WRITE@@9@9 0000000180011b18     toroC64:osifUefiShellCmdExec.obj
 0003:00001b28       ?wcsFS@?1??myEFI_FILE_WRITE@@9@9 0000000180011b28     toroC64:osifUefiShellCmdExec.obj
 0003:00001b40       ?wcsFS2@?1??myEFI_FILE_WRITE@@9@9 0000000180011b40     toroC64:osifUefiShellCmdExec.obj
 0003:00001c10       ROMPARM                    0000000180011c10     toroC64:MemCmpCDEINTRINABI.obj
 0003:00001c40       ROMPARM                    0000000180011c40     toroC64:StrCmpCDEABI.obj
 0003:00001c98       ROMPARM                    0000000180011c98     toroC64:_StrICmp.obj
 0003:00001ca0       RomParm                    0000000180011ca0     toroC64:Vsnprintf.obj
 0003:00001cc0       ?RomParm@?1??_cdeCoreSprintf@@9@9 0000000180011cc0     toroC64:_cdeCoreSprintf.obj
 0003:00001d10       ROMPARM                    0000000180011d10     toroC64:WcsNCmpCDEABI.obj
 0003:00001d28       ROMPARM                    0000000180011d28     toroC64:WcsTokCDEABI.obj
 0003:00001d38       ROMPARM                    0000000180011d38     toroC64:_WcsICmpCDEABI.obj
 0003:00001d48       ROMPARM                    0000000180011d48     toroC64:_StrICmpCDEABI.obj
 0003:00001da0       ?ROMPARM@?5??fopenCDEABI@@9@9 0000000180011da0     toroC64:FopenCDEABI.obj
 0003:00001df0       ROMPARM                    0000000180011df0     toroC64:StrNCmpCDEABI.obj
 0003:00001e20       ROMPARM                    0000000180011e20     toroC64:_StrNICmpCDEABI.obj
 0003:00001e68       RomParm                    0000000180011e68     toroC64:VsnprintfCDEABI.obj
 0003:00001e78       ?sigorder@?1??_cdeSig2idx@@9@9 0000000180011e78     toroC64:_cdeSig2idx.obj
 0003:00001eb0       RomParm                    0000000180011eb0     toroC64:_cdeSscanf.obj
 0003:00001f40       _iob                       0000000180011f40     toroC64:osifUefiShellEntryPoint.obj
 0003:00003f40       ?DblData@?CA@??_cdeCoreVwxPrintf@@9@9 0000000180013f40     toroC64:_cdeCoreVwxPrintf.obj
 0003:000044d0       ?wcBuffer@?1??_osifUefiShellFileWrite@@9@9 00000001800144d0     toroC64:osifUefiShellFileWrite.obj
 0003:000048e0       ?zBuf64k@?O@??_osifUefiShellFileWrite@@9@9 00000001800148e0     toroC64:osifUefiShellFileWrite.obj
 0003:000148e0       ?wcbuffer@?3??_osifUefiShellFileRead@@9@9 00000001800248e0     toroC64:osifUefiShellFileRead.obj
 0003:00014ce0       ?wcsFilePath@?5??_osifUefiShellFileOpen@@9@9 0000000180024ce0     toroC64:osifUefiShellFileOpen.obj
 0003:00014ef0       ?wcsFileName@?5??_osifUefiShellFileOpen@@9@9 0000000180024ef0     toroC64:osifUefiShellFileOpen.obj
 0003:000150f8       ?wcsDrive@?5??_osifUefiShellFileOpen@@9@9 00000001800250f8     toroC64:osifUefiShellFileOpen.obj
 0003:00015118       ?wcsDrive2@?5??_osifUefiShellFileOpen@@9@9 0000000180025118     toroC64:osifUefiShellFileOpen.obj
 0003:00015140       state                      0000000180025140     toroC64:osifUefiShellCmdExec.obj
 0003:00015150       ?wcsCommand@?1??_osifUefiShellCmdExec@@9@9 0000000180025150     toroC64:osifUefiShellCmdExec.obj
 0003:00015360       ?buffer@?1??_osifUefiShellGetEnv@@9@9 0000000180025360     toroC64:osifUefiShellGetEnv.obj
