 ACPICA-template

 Timestamp is 64fd92de (Sun Sep 10 11:56:46 2023)

 Preferred load address is 0000000180000000

 Start         Length     Name                   Class
 0001:00000000 00008766H .text$mn                CODE
 0002:00000000 00000008H .CRT$XCA                DATA
 0002:00000008 00000008H .CRT$XCZ                DATA
 0002:00000010 00000008H .CRT$XIA                DATA
 0002:00000018 00000008H .CRT$XIZ                DATA
 0002:00000020 00000008H .CRT$XPA                DATA
 0002:00000028 00000008H .CRT$XPZ                DATA
 0002:00000030 00000008H .CRT$XTA                DATA
 0002:00000038 00000008H .CRT$XTZ                DATA
 0002:00000040 00000604H .rdata                  DATA
 0002:00000644 00000040H .rdata$voltmd           DATA
 0002:00000684 00000138H .rdata$zzzdbg           DATA
 0002:000007bc 000006f0H .xdata                  DATA
 0002:00000eac 00000000H .edata                  DATA
 0003:00000000 00001ce0H .data                   DATA
 0003:00001ce0 00013668H .bss                    DATA
 0004:00000000 00000588H .pdata                  DATA

  Address         Publics by Value              Rva+Base               Lib:Object

 0000:00000000       __AbsoluteZero             0000000000000000     <absolute>
 0000:00000000       ___safe_se_handler_count   0000000000000000     <absolute>
 0000:00000000       ___safe_se_handler_table   0000000000000000     <absolute>
 0000:00000000       __arm64x_extra_rfe_table   0000000000000000     <absolute>
 0000:00000000       __arm64x_extra_rfe_table_size 0000000000000000     <absolute>
 0000:00000000       __arm64x_native_entrypoint 0000000000000000     <absolute>
 0000:00000000       __arm64x_redirection_metadata 0000000000000000     <absolute>
 0000:00000000       __arm64x_redirection_metadata_count 0000000000000000     <absolute>
 0000:00000000       __dynamic_value_reloc_table 0000000000000000     <absolute>
 0000:00000000       __enclave_config           0000000000000000     <absolute>
 0000:00000000       __guard_check_icall_a64n_fptr 0000000000000000     <absolute>
 0000:00000000       __guard_eh_cont_count      0000000000000000     <absolute>
 0000:00000000       __guard_eh_cont_table      0000000000000000     <absolute>
 0000:00000000       __guard_fids_count         0000000000000000     <absolute>
 0000:00000000       __guard_fids_table         0000000000000000     <absolute>
 0000:00000000       __guard_flags              0000000000000000     <absolute>
 0000:00000000       __guard_iat_count          0000000000000000     <absolute>
 0000:00000000       __guard_iat_table          0000000000000000     <absolute>
 0000:00000000       __guard_longjmp_count      0000000000000000     <absolute>
 0000:00000000       __guard_longjmp_table      0000000000000000     <absolute>
 0000:00000000       __hybrid_auxiliary_delayload_iat 0000000000000000     <absolute>
 0000:00000000       __hybrid_auxiliary_delayload_iat_copy 0000000000000000     <absolute>
 0000:00000000       __hybrid_auxiliary_iat     0000000000000000     <absolute>
 0000:00000000       __hybrid_auxiliary_iat_copy 0000000000000000     <absolute>
 0000:00000000       __hybrid_code_map          0000000000000000     <absolute>
 0000:00000000       __hybrid_code_map_count    0000000000000000     <absolute>
 0000:00000000       __hybrid_image_info_bitfield 0000000000000000     <absolute>
 0000:00000000       __x64_code_ranges_to_entry_points 0000000000000000     <absolute>
 0000:00000000       __x64_code_ranges_to_entry_points_count 0000000000000000     <absolute>
 0000:00000000       __ImageBase                0000000180000000     <linker-defined>
 0001:00000000       main                       0000000180001000 f   main.obj
 0001:00000018       __cdeGetAppIf              0000000180001018 f   toroC64:osifUefiShellEntryPoint.obj
 0001:0000009c       _MainEntryPointShell       000000018000109c f   toroC64:osifUefiShellEntryPoint.obj
 0001:00000694       _cdeCRT0UefiShell          0000000180001694 f   toroC64:osifUefiShellEntryPoint.obj
 0001:000006f8       puts                       00000001800016f8 f   toroC64:Puts.obj
 0001:00000790       _CdeDbgPutChar             0000000180001790 f   toroC64:_CdeDbgPutChar.obj
 0001:00000924       _cdeCoreVwxPrintf          0000000180001924 f   toroC64:_cdeCoreVwxPrintf.obj
 0001:00001be8       ComputeFieldSize           0000000180002be8 f   toroC64:_cdeCoreVwxPrintf.obj
 0001:00001c24       ydes                       0000000180002c24 f   toroC64:_cdeCoreVwxPrintf.obj
 0001:000025f8       _cdeCoreVwxScanf           00000001800035f8 f   toroC64:_cdeCoreVwxScanf.obj
 0001:00003d68       _cdeCoreWcsStrTok          0000000180004d68 f   toroC64:_cdeCoreWcsStrTok.obj
 0001:00003e64       _cdeWcsStrPbrkSpn          0000000180004e64 f   toroC64:_cdeWcsStrPbrkSpn.obj
 0001:00003fa4       _cdeCoreMemRealloc         0000000180004fa4 f   toroC64:_cdeCoreMemRealloc.obj
 0001:00004374       _cdeMemStrxCpy             0000000180005374 f   toroC64:_cdeMemStrxCpy.obj
 0001:00004468       _cdeMemStrxCmp             0000000180005468 f   toroC64:_cdeMemStrxCmp.obj
 0001:000045a8       _osifIbmAtGetTime          00000001800055a8 f   toroC64:osifIbmAtGetTime.obj
 0001:00004760       _osifIbmAtGetTscPerSec     0000000180005760 f   toroC64:osifIbmAtGetTscPerSec.obj
 0001:00004800       _osifIbmAtGetTsc           0000000180005800 f   toroC64:osifIbmAtGetTsc.obj
 0001:0000480c       _osifUefiShellMemAlloc     000000018000580c f   toroC64:osifUefiShellMemAlloc.obj
 0001:00004850       _osifUefiShellMemFree      0000000180005850 f   toroC64:osifUefiShellMemFree.obj
 0001:00004868       _osifUefiShellFileWrite    0000000180005868 f   toroC64:osifUefiShellFileWrite.obj
 0001:000049f0       _osifUefiShellFileRead     00000001800059f0 f   toroC64:osifUefiShellFileRead.obj
 0001:00004c1c       _osifUefiShellFileSetPos   0000000180005c1c f   toroC64:osifUefiShellFileSetPos.obj
 0001:00004d28       _osifUefiShellFileOpen     0000000180005d28 f   toroC64:osifUefiShellFileOpen.obj
 0001:00005408       _osifUefiShellFileClose    0000000180006408 f   toroC64:osifUefiShellFileClose.obj
 0001:0000545c       _osifUefiShellFileDelete   000000018000645c f   toroC64:osifUefiShellFileDelete.obj
 0001:00005484       _osifUefiShellFileRename   0000000180006484 f   toroC64:osifUefiShellFileRename.obj
 0001:000055e4       _osifUefiShellFileFindAll  00000001800065e4 f   toroC64:osifUefiShellFileFindAll.obj
 0001:00005a14       _osifUefiShellFileGetStatus 0000000180006a14 f   toroC64:osifUefiShellFileGetStatus.obj
 0001:00005b64       _osifUefiShellDirectoryCreate 0000000180006b64 f   toroC64:osifUefiShellDirectoryCreate.obj
 0001:00005dfc       _osifUefiShellCmdExec      0000000180006dfc f   toroC64:osifUefiShellCmdExec.obj
 0001:00005ef0       _osifUefiShellGetEnv       0000000180006ef0 f   toroC64:osifUefiShellGetEnv.obj
 0001:00005fa0       _osifUefiShellGetDrvCwd    0000000180006fa0 f   toroC64:osifUefiShellGetDrvCwd.obj
 0001:00005fec       _cdeCoreFread              0000000180006fec f   toroC64:_cdeCoreFread.obj
 0001:000062c0       _cdeCoreFwrite             00000001800072c0 f   toroC64:_cdeCoreFwrite.obj
 0001:00006550       _cdeCoreFsetpos            0000000180007550 f   toroC64:_cdeCoreFsetpos.obj
 0001:000066c8       _cdeCoreFflush             00000001800076c8 f   toroC64:_cdeCoreFflush.obj
 0001:00006750       _cdeSigDflt                0000000180007750 f   toroC64:_cdeSigDfl.obj
 0001:00006758       __cdeGetIOBuffer           0000000180007758 f   toroC64:__cdsGetIOBuffer.obj
 0001:00006760       _setjmp                    0000000180007760 f   toroC64:setjmp64CDEINTRINABI.obj
 0001:00006805       __imp_setjmp               0000000180007805     toroC64:setjmp64CDEINTRINABI.obj
 0001:0000680d       __cdeSETJMPCDEINTRINABIAnchor 000000018000780d     toroC64:setjmp64CDEINTRINABI.obj
 0001:00006810       _CdeLocateProtocol         0000000180007810 f   toroC64:_CdeLocateProtocol.obj
 0001:00006840       _cdeStr2Argcv              0000000180007840 f   toroC64:_cdeStr2Argcv.obj
 0001:00006a70       __cdeGetCurrentPrivilegeLevel 0000000180007a70 f   toroC64:CdeGetCurrentPrivilegeLevel64.obj
 0001:00006a80       memset                     0000000180007a80 f   toroC64:MemSetCDEINTRINABI.obj
 0001:00006cc0       fwrite                     0000000180007cc0 f   toroC64:Fwrite.obj
 0001:00006d18       strlen                     0000000180007d18 f   toroC64:StrLen.obj
 0001:00006d2c       _CdeDbgCOMInit             0000000180007d2c f   toroC64:_CdeDbgCOMInit.obj
 0001:00006e48       _CdeDbgCOMReady2Send       0000000180007e48 f   toroC64:_CdeDbgCOMReady2Send.obj
 0001:00006e78       _CdeDbgCOMSend             0000000180007e78 f   toroC64:_CdeDbgCOMSend.obj
 0001:00006ec8       _cdeCoreSprintf            0000000180007ec8 f   toroC64:_cdeCoreSprintf.obj
 0001:00006f70       _cdeUMUL128                0000000180007f70 f   toroC64:_cdeUMUL128.obj
 0001:00007074       _cdeGmltime                0000000180008074 f   toroC64:_cdeGmltime.obj
 0001:00007190       __cdeOnErrSet_status       0000000180008190 f   toroC64:__cdeOnErrSet_status.obj
 0001:000071b0       __cdeOffsetCdeFposType     00000001800081b0 f   toroC64:__cdeGetOffsetCdeFposType.obj
 0001:000071f0       __cdeBiasCdeFposType       00000001800081f0 f   toroC64:__cdeGetBiasCdeFposType.obj
 0001:00007454       _CdeLocateHandleBuffer     0000000180008454 f   toroC64:_CdeLocateHandleBuffer.obj
 0001:000074e0       _cdeConvertDevicePathToText 00000001800084e0 f   toroC64:_cdeConvertDevicePathToText.obj
 0001:000074fc       _CdeGetMapFromDevicePath   00000001800084fc f   toroC64:_CdeGetMapFromDevicePath.obj
 0001:0000751c       _CdeGetCurDir              000000018000851c f   toroC64:_CdeGetCurDir.obj
 0001:00007b38       _cdeEfiTime2TimeT          0000000180008b38 f   toroC64:_cdeEfiTime2TimeT.obj
 0001:00007bd4       __cdeIsFilePointerCORE     0000000180008bd4 f   toroC64:__cdeIsFilePointerCORE.obj
 0001:00007c54       __cdereallocCORE           0000000180008c54 f   toroC64:__cdereallocCORE.obj
 0001:00007c64       __cderewindCORE            0000000180008c64 f   toroC64:__cderewindCORE.obj
 0001:00007c80       __cdeGetIOBufferCORE       0000000180008c80 f   toroC64:__cdsGetIOBufferCORE.obj
 0001:00007c88       _cdeAbort                  0000000180008c88 f   toroC64:_cdeAbort.obj
 0001:00007ce0       __acrt_iob_func            0000000180008ce0 f   toroC64:__acrt_iob_func.obj
 0001:00007d1c       __cdeIsFilePointer         0000000180008d1c f   toroC64:__cdeIsFilePointer.obj
 0001:00007f74       _cdeSig2idx                0000000180008f74 f   toroC64:_cdeSig2idx.obj
 0001:00007f9c       _cdeSigIgn                 0000000180008f9c f   toroC64:_cdeSigIgn.obj
 0001:00007fa0       _CdeMemPutChar             0000000180008fa0 f   toroC64:_CdeMemPutChar.obj
 0001:00007fac       _cdeGreg2Day               0000000180008fac f   toroC64:_cdeGreg2Day.obj
 0001:00008028       _cdeDay2Greg               0000000180009028 f   toroC64:_cdeDay2Greg.obj
 0001:0000812c       _efierrno                  000000018000912c f   toroC64:_efierrno.obj
 0001:00008150       __cdeIsCdeFposType         0000000180009150 f   toroC64:__cdeIsCdeFposType.obj
 0001:000081c8       _cdePoolWcs2AppWcs         00000001800091c8 f   toroC64:_CdePoolWcs2AppWcs.obj
 0001:00008280       _fseeki64                  0000000180009280 f   toroC64:_Fseeki64.obj
 0001:00008378       _cdeSscanf                 0000000180009378 f   toroC64:_cdeSscanf.obj
 0001:000083e8       __cdeOnErrSet_errnoCORE    00000001800093e8 f   toroC64:__cdeOnErrSet_errnoCORE.obj
 0001:00008408       __acrt_iob_funcCORE        0000000180009408 f   toroC64:__acrt_iob_funcCORE.obj
 0001:00008450       __cdeOnErrSet_errno        0000000180009450 f   toroC64:__cdeOnErrSet_errno.obj
 0001:00008508       _CdeMemPutNada             0000000180009508 f   toroC64:_CdeMemPutNada.obj
 0001:0000850c       fsetposCDEABI              000000018000950c f   toroC64:FsetposCDEABI.obj
 0001:00008540       _cdeMemGetChar             0000000180009540 f   toroC64:_cdeMemGetChar.obj
 0001:00008550       _cdeMemUngetChar           0000000180009550 f   toroC64:_cdeMemUngetChar.obj
 0001:00008558       _errnoCORE                 0000000180009558 f   toroC64:errnoCORE.obj
 0001:00008570       longjmp                    0000000180009570 f   toroC64:longjmp64CDEINTRINABI.obj
 0001:00008619       __imp_longjmp              0000000180009619     toroC64:longjmp64CDEINTRINABI.obj
 0001:00008621       __cdeLONGJMPCDEINTRINABIAnchor 0000000180009621     toroC64:longjmp64CDEINTRINABI.obj
 0002:00000000       __xc_a                     000000018000a000     toroC64:osifUefiShellEntryPoint.obj
 0002:00000008       __xc_z                     000000018000a008     toroC64:osifUefiShellEntryPoint.obj
 0002:00000010       __xi_a                     000000018000a010     toroC64:osifUefiShellEntryPoint.obj
 0002:00000018       __xi_z                     000000018000a018     toroC64:osifUefiShellEntryPoint.obj
 0002:00000020       __xp_a                     000000018000a020     toroC64:osifUefiShellEntryPoint.obj
 0002:00000028       __xp_z                     000000018000a028     toroC64:osifUefiShellEntryPoint.obj
 0002:00000030       __xt_a                     000000018000a030     toroC64:osifUefiShellEntryPoint.obj
 0002:00000038       __xt_z                     000000018000a038     toroC64:osifUefiShellEntryPoint.obj
 0002:00000040       ??_C@_0BL@IAEKKLOD@Welcome?5to?5ACPICA?5for?5UEFI@ 000000018000a040     main.obj
 0002:0000005c       ??_C@_01GFHCPBMG@C@        000000018000a05c     toroC64:osifUefiShellEntryPoint.obj
 0002:00000060       ??_C@_1GG@CBENNICG@?$AAF?$AAA?$AAT?$AAA?$AAL?$AA?5?$AAE?$AAR?$AAR?$AAO?$AAR?$AA?3?$AA?5?$AAR?$AAe@ 000000018000a060     toroC64:osifUefiShellEntryPoint.obj
 0002:000000d0       ??_C@_1BKG@PIHDEHDC@?$AAF?$AAA?$AAT?$AAA?$AAL?$AA?5?$AAE?$AAR?$AAR?$AAO?$AAR?$AA?3?$AA?5?$AAS?$AAh@ 000000018000a0d0     toroC64:osifUefiShellEntryPoint.obj
 0002:00000278       ??_C@_02KPKOKMHB@?$CFS@    000000018000a278     toroC64:osifUefiShellEntryPoint.obj
 0002:0000027c       ??_C@_15JNBOKNOG@?$AA?$AN?$AA?6@ 000000018000a27c     toroC64:osifUefiShellEntryPoint.obj
 0002:00000282       ??_C@_00CNPNBAHC@@         000000018000a282     toroC64:_cdeCoreVwxPrintf.obj
 0002:00000284       ??_C@_01JOAMLHOP@?9@       000000018000a284     toroC64:_cdeCoreVwxPrintf.obj
 0002:00000288       ??_C@_01MIFGBAGJ@?$CL@     000000018000a288     toroC64:_cdeCoreVwxPrintf.obj
 0002:0000028c       ??_C@_02MDDDDAID@0x@       000000018000a28c     toroC64:_cdeCoreVwxPrintf.obj
 0002:00000290       ??_C@_02FGLHBECB@0X@       000000018000a290     toroC64:_cdeCoreVwxPrintf.obj
 0002:00000294       ??_C@_01GBGANLPD@0@        000000018000a294     toroC64:_cdeCoreVwxPrintf.obj
 0002:00000298       ??_C@_01LFCBOECM@?4@       000000018000a298     toroC64:_cdeCoreVwxPrintf.obj
 0002:000002a0       ??_C@_0DB@NHMBHPIK@?$CF08X?9?$CF04X?9?$CF04X?9?$CF02X?$CF02X?9?$CF02X?$CF02@ 000000018000a2a0     toroC64:_cdeCoreVwxPrintf.obj
 0002:000002d8       ??_C@_0DB@PMLHLBMO@?$CF08x?9?$CF04x?9?$CF04x?9?$CF02x?$CF02x?9?$CF02x?$CF02@ 000000018000a2d8     toroC64:_cdeCoreVwxPrintf.obj
 0002:00000310       ??_C@_0BK@FCPKCIDD@?$CF02d?1?$CF02d?1?$CF04d?5?5?$CF02d?3?$CF02d@ 000000018000a310     toroC64:_cdeCoreVwxPrintf.obj
 0002:0000032c       ??_C@_03GOAGKKNE@?$CFqX@   000000018000a32c     toroC64:_cdeCoreVwxPrintf.obj
 0002:00000330       ??_C@_07PBILKAFL@Success@  000000018000a330     toroC64:_cdeCoreVwxPrintf.obj
 0002:00000338       ??_C@_0L@PLPBEPPC@Load?5Error@ 000000018000a338     toroC64:_cdeCoreVwxPrintf.obj
 0002:00000348       ??_C@_0BC@HOFHKGJN@Invalid?5Parameter@ 000000018000a348     toroC64:_cdeCoreVwxPrintf.obj
 0002:00000360       ??_C@_0M@BEECMOIL@Unsupported@ 000000018000a360     toroC64:_cdeCoreVwxPrintf.obj
 0002:00000370       ??_C@_0BA@FLNMPMCF@Bad?5Buffer?5Size@ 000000018000a370     toroC64:_cdeCoreVwxPrintf.obj
 0002:00000380       ??_C@_0BB@EGELJFOB@Buffer?5Too?5Small@ 000000018000a380     toroC64:_cdeCoreVwxPrintf.obj
 0002:00000398       ??_C@_09NKFGCIPN@Not?5Ready@ 000000018000a398     toroC64:_cdeCoreVwxPrintf.obj
 0002:000003a8       ??_C@_0N@HHEABDHO@Device?5Error@ 000000018000a3a8     toroC64:_cdeCoreVwxPrintf.obj
 0002:000003b8       ??_C@_0BA@LNEDDFNB@Write?5Protected@ 000000018000a3b8     toroC64:_cdeCoreVwxPrintf.obj
 0002:000003c8       ??_C@_0BB@GOILNEAA@Out?5of?5Resources@ 000000018000a3c8     toroC64:_cdeCoreVwxPrintf.obj
 0002:000003e0       ??_C@_0P@EIOJGIF@Volume?5Corrupt@ 000000018000a3e0     toroC64:_cdeCoreVwxPrintf.obj
 0002:000003f0       ??_C@_0M@HDLEPOFA@Volume?5Full@ 000000018000a3f0     toroC64:_cdeCoreVwxPrintf.obj
 0002:00000400       ??_C@_08KEGAJDNN@No?5Media@ 000000018000a400     toroC64:_cdeCoreVwxPrintf.obj
 0002:00000410       ??_C@_0O@JNCJKCCD@Media?5changed@ 000000018000a410     toroC64:_cdeCoreVwxPrintf.obj
 0002:00000420       ??_C@_09CFCBFJND@Not?5Found@ 000000018000a420     toroC64:_cdeCoreVwxPrintf.obj
 0002:00000430       ??_C@_0O@NFHOBIDO@Access?5Denied@ 000000018000a430     toroC64:_cdeCoreVwxPrintf.obj
 0002:00000440       ??_C@_0M@ENKCBFEP@No?5Response@ 000000018000a440     toroC64:_cdeCoreVwxPrintf.obj
 0002:00000450       ??_C@_0L@IFPBNFC@No?5mapping@ 000000018000a450     toroC64:_cdeCoreVwxPrintf.obj
 0002:00000460       ??_C@_08PAFJCNGP@Time?5out@ 000000018000a460     toroC64:_cdeCoreVwxPrintf.obj
 0002:00000470       ??_C@_0M@DCJFAFHJ@Not?5started@ 000000018000a470     toroC64:_cdeCoreVwxPrintf.obj
 0002:00000480       ??_C@_0BA@IGIBFFPH@Already?5started@ 000000018000a480     toroC64:_cdeCoreVwxPrintf.obj
 0002:00000490       ??_C@_07LCKDCBKK@Aborted@  000000018000a490     toroC64:_cdeCoreVwxPrintf.obj
 0002:00000498       ??_C@_0L@LKIFCMNO@ICMP?5Error@ 000000018000a498     toroC64:_cdeCoreVwxPrintf.obj
 0002:000004a8       ??_C@_0L@DJKNJKHM@TFTP?5Error@ 000000018000a4a8     toroC64:_cdeCoreVwxPrintf.obj
 0002:000004b8       ??_C@_0P@NCJHBCLM@Protocol?5Error@ 000000018000a4b8     toroC64:_cdeCoreVwxPrintf.obj
 0002:000004c8       ??_C@_0BG@CFJMNNJK@Warning?5Unknown?5Glyph@ 000000018000a4c8     toroC64:_cdeCoreVwxPrintf.obj
 0002:000004e0       ??_C@_0BH@GKKCJEPJ@Warning?5Delete?5Failure@ 000000018000a4e0     toroC64:_cdeCoreVwxPrintf.obj
 0002:000004f8       ??_C@_0BG@ECIJMOED@Warning?5Write?5Failure@ 000000018000a4f8     toroC64:_cdeCoreVwxPrintf.obj
 0002:00000510       ??_C@_0BJ@ODIPDGHB@Warning?5Buffer?5Too?5Small@ 000000018000a510     toroC64:_cdeCoreVwxPrintf.obj
 0002:00000530       ??_C@_1O@CEDCILHN@?$AA?$CI?$AAn?$AAu?$AAl?$AAl?$AA?$CJ@ 000000018000a530     toroC64:_cdeCoreVwxPrintf.obj
 0002:00000540       ??_C@_06OJHGLDPL@?$CInull?$CJ@ 000000018000a540     toroC64:_cdeCoreVwxPrintf.obj
 0002:00000548       ??_C@_01KDCPPGHE@r@        000000018000a548     toroC64:osifUefiShellFileOpen.obj
 0002:0000054c       ??_C@_02JDPG@rb@           000000018000a54c     toroC64:osifUefiShellFileOpen.obj
 0002:00000550       ??_C@_02CBLLGHLK@r?$CL@    000000018000a550     toroC64:osifUefiShellFileOpen.obj
 0002:00000554       ??_C@_03HMFOOINA@r?$CLb@   000000018000a554     toroC64:osifUefiShellFileOpen.obj
 0002:00000558       ??_C@_03CCKOKKND@rb?$CL@   000000018000a558     toroC64:osifUefiShellFileOpen.obj
 0002:0000055c       ??_C@_01NOFIACDB@w@        000000018000a55c     toroC64:osifUefiShellFileOpen.obj
 0002:00000560       ??_C@_02GMLFBBN@wb@        000000018000a560     toroC64:osifUefiShellFileOpen.obj
 0002:00000564       ??_C@_02CHHAKFFB@w?$CL@    000000018000a564     toroC64:osifUefiShellFileOpen.obj
 0002:00000568       ??_C@_03ELIABIOC@w?$CLb@   000000018000a568     toroC64:osifUefiShellFileOpen.obj
 0002:0000056c       ??_C@_03BFHAFKOB@wb?$CL@   000000018000a56c     toroC64:osifUefiShellFileOpen.obj
 0002:00000570       ??_C@_01MCMALHOG@a@        000000018000a570     toroC64:osifUefiShellFileOpen.obj
 0002:00000574       ??_C@_02BOGAIONP@ab@       000000018000a574     toroC64:osifUefiShellFileOpen.obj
 0002:00000578       ??_C@_02DPNLHKJD@a?$CL@    000000018000a578     toroC64:osifUefiShellFileOpen.obj
 0002:0000057c       ??_C@_03DOPCBAKB@a?$CLb@   000000018000a57c     toroC64:osifUefiShellFileOpen.obj
 0002:00000580       ??_C@_03GAACFCKC@ab?$CL@   000000018000a580     toroC64:osifUefiShellFileOpen.obj
 0002:00000588       ??_C@_08GAJLGCMP@CdeMkDir@ 000000018000a588     toroC64:osifUefiShellFileOpen.obj
 0002:00000598       ??_C@_07FPDFEDEI@ctrwaxb@  000000018000a598     toroC64:osifUefiShellFileOpen.obj
 0002:000005a0       ??_C@_13PJJBFPED@?$AA?$DL@ 000000018000a5a0     toroC64:osifUefiShellFileOpen.obj
 0002:000005a4       ??_C@_13FPGAJAPJ@?$AA?2@   000000018000a5a4     toroC64:osifUefiShellFileOpen.obj
 0002:000005a8       ??_C@_01KICIPPFI@?2@       000000018000a5a8     toroC64:osifUefiShellFileFindAll.obj
 0002:000005ac       ??_C@_01JLIPDDHJ@?3@       000000018000a5ac     toroC64:osifUefiShellFileGetStatus.obj
 0002:000005b0       ??_C@_02OFDPNJAI@FS@       000000018000a5b0     toroC64:osifUefiShellFileGetStatus.obj
 0002:000005b4       ??_C@_15BFKPJPFA@?$AAA?$AA?3@ 000000018000a5b4     toroC64:osifUefiShellCmdExec.obj
 0002:000005bc       ??_C@_13JOFGPIOO@?$AA?4@   000000018000a5bc     toroC64:_cdeCLocale_.obj
 0002:000005c0       ??_C@_11LOCGONAA@@         000000018000a5c0     toroC64:_cdeCLocale_.obj
 0002:000005c8       ??_C@_0CE@NLPNMFHG@invalid?5parameter?3?5?$CFS?$CI?$CFd?$CJ?5?$CFS?$CI?$CJ?5@ 000000018000a5c8     toroC64:_invalid_parameter_handlerCDEABI.obj
 0002:000005f0       ??_C@_0BD@NEDHKJBG@invalid?5parameter?6@ 000000018000a5f0     toroC64:_invalid_parameter_handlerCDEABI.obj
 0002:00000608       ??_C@_0BO@ICHKIABJ@abnormal?5program?5termination?6@ 000000018000a608     toroC64:abortCDEABI.obj
 0002:00000644       __volatile_metadata        000000018000a644     <linker-defined>
 0003:000010b0       CdeAppIfShell              000000018000c0b0     toroC64:osifUefiShellEntryPoint.obj
 0003:000019c0       _cdeLconv_C                000000018000c9c0     toroC64:_cdeCLocale_.obj
 0003:00001a58       _cdeCLocale                000000018000ca58     toroC64:_cdeCLocale_.obj
 0003:00001a70       __imp_free                 000000018000ca70     toroC64:FreeCDEABI.obj
 0003:00001a78       __imp_memset               000000018000ca78     toroC64:MemSetCDEINTRINABI.obj
 0003:00001a80       __imp_fclose               000000018000ca80     toroC64:FcloseCDEABI.obj
 0003:00001a88       __imp_fgetc                000000018000ca88     toroC64:FgetcCDEABI.obj
 0003:00001a90       __imp_fwrite               000000018000ca90     toroC64:FwriteCDEABI.obj
 0003:00001a98       __imp_sprintf              000000018000ca98     toroC64:SprintfCDEABI.obj
 0003:00001aa0       __imp_raise                000000018000caa0     toroC64:raiseCDEABI.obj
 0003:00001aa8       _gCdeEfiShellProtocolGuid  000000018000caa8     toroC64:EFI_SHELL_PROTOCOL_GUID.obj
 0003:00001ab8       __imp_strlen               000000018000cab8     toroC64:StrLenCDEABI.obj
 0003:00001ac0       __imp_wcslen               000000018000cac0     toroC64:WcsLenCDEABI.obj
 0003:00001ad0       _fltused                   000000018000cad0     toroC64:_fltused.obj
 0003:00001ad8       __imp_isspace              000000018000cad8     toroC64:isspaceCDEABI.obj
 0003:00001ae0       __imp_isdigit              000000018000cae0     toroC64:isdigitCDEABI.obj
 0003:00001ae8       __imp_isxdigit             000000018000cae8     toroC64:isxdigitCDEABI.obj
 0003:00001af0       __imp__mktime64            000000018000caf0     toroC64:mktimeCDEABI.obj
 0003:00001af8       __imp_mktime               000000018000caf8     toroC64:mktimeCDEABI.obj
 0003:00001b00       __imp_wcschr               000000018000cb00     toroC64:WcsChrCDEABI.obj
 0003:00001b08       __imp_wcscat               000000018000cb08     toroC64:WcsCatCDEABI.obj
 0003:00001b10       __imp_wcscpy               000000018000cb10     toroC64:WcsCpyCDEABI.obj
 0003:00001b20       __imp_wcsncmp              000000018000cb20     toroC64:WcsNCmpCDEABI.obj
 0003:00001b28       __imp_wcsncpy              000000018000cb28     toroC64:WcsNCpyCDEABI.obj
 0003:00001b38       __imp_wcstok               000000018000cb38     toroC64:WcsTokCDEABI.obj
 0003:00001b48       __imp__wcsicmp             000000018000cb48     toroC64:_WcsICmpCDEABI.obj
 0003:00001b58       __imp_strcmp               000000018000cb58     toroC64:StrCmpCDEABI.obj
 0003:00001b68       __imp__stricmp             000000018000cb68     toroC64:_StrICmpCDEABI.obj
 0003:00001b70       _gEfiSimpleFileSystemProtocolGuid 000000018000cb70     toroC64:EFI_SIMPLE_FILE_SYSTEM_PROTOCOL_GUID.obj
 0003:00001b80       _gEfiDevicePathToTextProtocolGuid 000000018000cb80     toroC64:EFI_DEVICE_PATH_TO_TEXT_PROTOCOL_GUID.obj
 0003:00001b90       _gEfiDevicePathProtocolGuid 000000018000cb90     toroC64:EFI_DEVICE_PATH_PROTOCOL_GUID.obj
 0003:00001ba0       __imp_malloc               000000018000cba0     toroC64:MallocCDEABI.obj
 0003:00001ba8       __imp_wcsrchr              000000018000cba8     toroC64:WcsRChrCDEABI.obj
 0003:00001bb0       __imp__errno               000000018000cbb0     toroC64:errnoCDEABI.obj
 0003:00001bb8       __imp_fopen                000000018000cbb8     toroC64:FopenCDEABI.obj
 0003:00001bc0       __imp_fread                000000018000cbc0     toroC64:FreadCDEABI.obj
 0003:00001bc8       __imp_fseek                000000018000cbc8     toroC64:FseekCDEABI.obj
 0003:00001bd0       __imp_strchr               000000018000cbd0     toroC64:StrChrCDEABI.obj
 0003:00001bd8       __imp_realloc              000000018000cbd8     toroC64:ReallocCDEABI.obj
 0003:00001be0       __imp_wcstombs             000000018000cbe0     toroC64:wcstombsCDEABI.obj
 0003:00001be8       __imp_mbstowcs             000000018000cbe8     toroC64:mbstowcsCDEABI.obj
 0003:00001bf0       __imp_strncpy              000000018000cbf0     toroC64:StrNCpyCDEABI.obj
 0003:00001c00       __imp_strncmp              000000018000cc00     toroC64:StrNCmpCDEABI.obj
 0003:00001c08       __imp_strcpy               000000018000cc08     toroC64:StrCpyCDEABI.obj
 0003:00001c10       __imp_strcat               000000018000cc10     toroC64:StrCatCDEABI.obj
 0003:00001c18       __imp_strtol               000000018000cc18     toroC64:strtolCDEABI.obj
 0003:00001c20       __imp_strstr               000000018000cc20     toroC64:StrStrCDEABI.obj
 0003:00001c28       _gEfiFileInfoIdGuid        000000018000cc28     toroC64:EFI_FILE_INFO_ID_GUID.obj
 0003:00001c38       __imp_wcsstr               000000018000cc38     toroC64:WcsStrCDEABI.obj
 0003:00001c40       __imp_fflush               000000018000cc40     toroC64:FflushCDEABI.obj
 0003:00001c48       __imp_remove               000000018000cc48     toroC64:RemoveCDEABI.obj
 0003:00001c50       pinvalid_parameter_handlerCDEABI 000000018000cc50     toroC64:_invalid_parameter_handlerCDEABI.obj
 0003:00001c60       __imp_vsnprintf            000000018000cc60     toroC64:VsnprintfCDEABI.obj
 0003:00001c70       __imp_wcspbrk              000000018000cc70     toroC64:WcsPbrkCDEABI.obj
 0003:00001c78       __imp_memcpy               000000018000cc78     toroC64:MemCpyCDEABI.obj
 0003:00001c88       __imp_strtok               000000018000cc88     toroC64:StrTokCDEABI.obj
 0003:00001c90       __imp_strpbrk              000000018000cc90     toroC64:StrPbrkCDEABI.obj
 0003:00001ca8       __imp_exit                 000000018000cca8     toroC64:exitCDEABI.obj
 0003:00001cb0       __imp_fprintf              000000018000ccb0     toroC64:FprintfCDEABI.obj
 0003:00001cb8       __imp_abort                000000018000ccb8     toroC64:abortCDEABI.obj
 0003:00001cc0       _gCdeCfgCmdLnParmPoolMemRetain 000000018000ccc0     toroC64:_gCdeCfgCmdLnParmPoolMemRetain.obj
 0003:00001cc8       __imp_fsetpos              000000018000ccc8     toroC64:FsetposCDEABI.obj
 0003:00001cd0       __imp_vfprintf             000000018000ccd0     toroC64:VfprintfCDEABI.obj
 0003:00001cd8       __imp_fputc                000000018000ccd8     toroC64:FputcCDEABI.obj
 0003:00015300       _gCdeCfgCmdLnParmReportStatusCodeSTDOUT 0000000180020300     toroC64:_gCdeCfgCmdLnParmReportStatusCodeSTDOUT.obj
 0003:00015308       pConIOPutStr               0000000180020308     <common>
 0003:00015310       pConIOClr                  0000000180020310     <common>
 0003:00015318       pCdeEfiDevicePathToTextProtocol 0000000180020318     <common>
 0003:00015320       gszCdeDriverName           0000000180020320     <common>
 0003:00015328       _cdegRT                    0000000180020328     <common>
 0003:00015330       _cdegBS                    0000000180020330     <common>
 0003:00015338       _cdegST                    0000000180020338     <common>
 0003:00015340       _cdegImageHandle           0000000180020340     <common>

 entry point at        0001:00000694

 Static symbols

 0001:00000034       _StdOutPutChar             0000000180001034 f   toroC64:osifUefiShellEntryPoint.obj
 0001:0000007c       _StdInGetChar              000000018000107c f   toroC64:osifUefiShellEntryPoint.obj
 0001:000006c0       __CdeChkCtrlC              00000001800016c0 f   toroC64:osifUefiShellEntryPoint.obj
 0001:00001ba8       $LN275                     0000000180002ba8     toroC64:_cdeCoreVwxPrintf.obj
 0001:00001c2c       ExpFieldOfDouble           0000000180002c2c f   toroC64:_cdeCoreVwxPrintf.obj
 0001:00001c40       FractBinDigits             0000000180002c40 f   toroC64:_cdeCoreVwxPrintf.obj
 0001:00001ca8       FractFieldOfDouble         0000000180002ca8 f   toroC64:_cdeCoreVwxPrintf.obj
 0001:00001cbc       IntgrBinDigits             0000000180002cbc f   toroC64:_cdeCoreVwxPrintf.obj
 0001:00001d04       fract2bcd                  0000000180002d04 f   toroC64:_cdeCoreVwxPrintf.obj
 0001:00001ddc       intgr2bcd                  0000000180002ddc f   toroC64:_cdeCoreVwxPrintf.obj
 0001:00001edc       nfill                      0000000180002edc f   toroC64:_cdeCoreVwxPrintf.obj
 0001:00001f4c       nprintfield                0000000180002f4c f   toroC64:_cdeCoreVwxPrintf.obj
 0001:000023d0       num2str                    00000001800033d0 f   toroC64:_cdeCoreVwxPrintf.obj
 0001:00002534       str2dev                    0000000180003534 f   toroC64:_cdeCoreVwxPrintf.obj
 0001:00003750       GetCharAndCount            0000000180004750 f   toroC64:_cdeCoreVwxScanf.obj
 0001:0000377c       IsCharInNumberRange        000000018000477c f   toroC64:_cdeCoreVwxScanf.obj
 0001:000037f0       StoreTerminate             00000001800047f0 f   toroC64:_cdeCoreVwxScanf.obj
 0001:00003850       UngetCharAndDecount        0000000180004850 f   toroC64:_cdeCoreVwxScanf.obj
 0001:00003870       inrange                    0000000180004870 f   toroC64:_cdeCoreVwxScanf.obj
 0001:00003898       str2num                    0000000180004898 f   toroC64:_cdeCoreVwxScanf.obj
 0001:00004344       __insertFree               0000000180005344 f   toroC64:_cdeCoreMemRealloc.obj
 0001:00004724       bcd2int                    0000000180005724 f   toroC64:osifIbmAtGetTime.obj
 0001:0000473c       inside                     000000018000573c f   toroC64:osifIbmAtGetTime.obj
 0001:0000474c       rtcrd8                     000000018000574c f   toroC64:osifIbmAtGetTime.obj
 0001:00004fd4       __CdeFsEnum                0000000180005fd4 f   toroC64:osifUefiShellFileOpen.obj
 0001:0000516c       __CdeIsFsEnum              000000018000616c f   toroC64:osifUefiShellFileOpen.obj
 0001:0000517c       efifopen                   000000018000617c f   toroC64:osifUefiShellFileOpen.obj
 0001:00005860       __cdeReadDirectory         0000000180006860 f   toroC64:osifUefiShellFileFindAll.obj
 0001:00005bf0       myConIOClr                 0000000180006bf0 f   toroC64:osifUefiShellCmdExec.obj
 0001:00005bfc       myConIOPutStr              0000000180006bfc f   toroC64:osifUefiShellCmdExec.obj
 0001:00006760       $$000000                   0000000180007760     toroC64:setjmp64CDEINTRINABI.obj
 0001:00006a70       $$000000                   0000000180007a70     toroC64:CdeGetCurrentPrivilegeLevel64.obj
 0001:00006a74       freeCDEABI                 0000000180007a74 f   toroC64:FreeCDEABI.obj
 0001:00006aa4       fcloseCDEABI               0000000180007aa4 f   toroC64:FcloseCDEABI.obj
 0001:00006b60       fgetcCDEABI                0000000180007b60 f   toroC64:FgetcCDEABI.obj
 0001:00006bac       fwriteCDEABI               0000000180007bac f   toroC64:FwriteCDEABI.obj
 0001:00006c04       sprintfCDEABI              0000000180007c04 f   toroC64:SprintfCDEABI.obj
 0001:00006c30       raiseCDEABI                0000000180007c30 f   toroC64:raiseCDEABI.obj
 0001:00006ea0       strlenCDEABI               0000000180007ea0 f   toroC64:StrLenCDEABI.obj
 0001:00006eb4       wcslenCDEABI               0000000180007eb4 f   toroC64:WcsLenCDEABI.obj
 0001:00006f18       isspaceCDEABI              0000000180007f18 f   toroC64:isspaceCDEABI.obj
 0001:00006f30       isdigitCDEABI              0000000180007f30 f   toroC64:isdigitCDEABI.obj
 0001:00006f44       isxdigitCDEABI             0000000180007f44 f   toroC64:isxdigitCDEABI.obj
 0001:00006fdc       _mktime64CDEABI            0000000180007fdc f   toroC64:mktimeCDEABI.obj
 0001:0000706c       mktimeCDEABI               000000018000806c f   toroC64:mktimeCDEABI.obj
 0001:00007220       wcschrCDEABI               0000000180008220 f   toroC64:WcsChrCDEABI.obj
 0001:00007258       wcscatCDEABI               0000000180008258 f   toroC64:WcsCatCDEABI.obj
 0001:0000728c       wcscpyCDEABI               000000018000828c f   toroC64:WcsCpyCDEABI.obj
 0001:000072c4       wcsncmpCDEABI              00000001800082c4 f   toroC64:WcsNCmpCDEABI.obj
 0001:0000730c       wcsncpyCDEABI              000000018000830c f   toroC64:WcsNCpyCDEABI.obj
 0001:00007350       wcstokCDEABI               0000000180008350 f   toroC64:WcsTokCDEABI.obj
 0001:000073a0       _wcsicmpCDEABI             00000001800083a0 f   toroC64:_WcsICmpCDEABI.obj
 0001:000073dc       strcmpCDEABI               00000001800083dc f   toroC64:StrCmpCDEABI.obj
 0001:00007418       _stricmpCDEABI             0000000180008418 f   toroC64:_StrICmpCDEABI.obj
 0001:0000753c       mallocCDEABI               000000018000853c f   toroC64:MallocCDEABI.obj
 0001:00007548       wcsrchrCDEABI              0000000180008548 f   toroC64:WcsRChrCDEABI.obj
 0001:000075a0       _errnoCDEABI               00000001800085a0 f   toroC64:errnoCDEABI.obj
 0001:000075c4       fopenCDEABI                00000001800085c4 f   toroC64:FopenCDEABI.obj
 0001:00007800       freadCDEABI                0000000180008800 f   toroC64:FreadCDEABI.obj
 0001:00007858       fseekCDEABI                0000000180008858 f   toroC64:FseekCDEABI.obj
 0001:00007860       strchrCDEABI               0000000180008860 f   toroC64:StrChrCDEABI.obj
 0001:00007894       reallocCDEABI              0000000180008894 f   toroC64:ReallocCDEABI.obj
 0001:000078cc       wcstombsCDEABI             00000001800088cc f   toroC64:wcstombsCDEABI.obj
 0001:0000791c       mbstowcsCDEABI             000000018000891c f   toroC64:mbstowcsCDEABI.obj
 0001:00007944       strncpyCDEABI              0000000180008944 f   toroC64:StrNCpyCDEABI.obj
 0001:00007988       strncmpCDEABI              0000000180008988 f   toroC64:StrNCmpCDEABI.obj
 0001:000079d0       strcpyCDEABI               00000001800089d0 f   toroC64:StrCpyCDEABI.obj
 0001:00007a08       strcatCDEABI               0000000180008a08 f   toroC64:StrCatCDEABI.obj
 0001:00007a3c       strtolCDEABI               0000000180008a3c f   toroC64:strtolCDEABI.obj
 0001:00007af4       strstrCDEABI               0000000180008af4 f   toroC64:StrStrCDEABI.obj
 0001:00007b8c       wcsstrCDEABI               0000000180008b8c f   toroC64:WcsStrCDEABI.obj
 0001:00007d88       fflushCDEABI               0000000180008d88 f   toroC64:FflushCDEABI.obj
 0001:00007dac       removeCDEABI               0000000180008dac f   toroC64:RemoveCDEABI.obj
 0001:00007e24       invalid_parameter_handler  0000000180008e24 f   toroC64:_invalid_parameter_handlerCDEABI.obj
 0001:00007ea8       vsnprintfCDEABI            0000000180008ea8 f   toroC64:VsnprintfCDEABI.obj
 0001:00008164       wcspbrkCDEABI              0000000180009164 f   toroC64:WcsPbrkCDEABI.obj
 0001:000081a8       memcpyCDEABI               00000001800091a8 f   toroC64:MemCpyCDEABI.obj
 0001:0000823c       strtokCDEABI               000000018000923c f   toroC64:StrTokCDEABI.obj
 0001:00008338       strpbrkCDEABI              0000000180009338 f   toroC64:StrPbrkCDEABI.obj
 0001:00008428       exitCDEABI                 0000000180009428 f   toroC64:exitCDEABI.obj
 0001:00008470       fprintfCDEABI              0000000180009470 f   toroC64:FprintfCDEABI.obj
 0001:00008494       abortCDEABI                0000000180009494 f   toroC64:abortCDEABI.obj
 0001:00008570       $$000000                   0000000180009570     toroC64:longjmp64CDEINTRINABI.obj
 0001:00008624       __fputcpp                  0000000180009624 f   toroC64:VfprintfCDEABI.obj
 0001:00008634       vfprintfCDEABI             0000000180009634 f   toroC64:VfprintfCDEABI.obj
 0001:00008730       fputcCDEABI                0000000180009730 f   toroC64:FputcCDEABI.obj
 0002:000007bc       $unwind$main               000000018000a7bc     main.obj
 0002:000007c4       $unwind$__cdeGetAppIf      000000018000a7c4     toroC64:osifUefiShellEntryPoint.obj
 0002:000007cc       $unwind$_StdOutPutChar     000000018000a7cc     toroC64:osifUefiShellEntryPoint.obj
 0002:000007d4       $unwind$_StdInGetChar      000000018000a7d4     toroC64:osifUefiShellEntryPoint.obj
 0002:000007dc       $unwind$_MainEntryPointShell 000000018000a7dc     toroC64:osifUefiShellEntryPoint.obj
 0002:000007f4       $unwind$FractBinDigits     000000018000a7f4     toroC64:_cdeCoreVwxPrintf.obj
 0002:000007f4       $unwind$IntgrBinDigits     000000018000a7f4     toroC64:_cdeCoreVwxPrintf.obj
 0002:000007f4       $unwind$__CdeChkCtrlC      000000018000a7f4     toroC64:osifUefiShellEntryPoint.obj
 0002:000007fc       $unwind$puts               000000018000a7fc     toroC64:Puts.obj
 0002:0000080c       $unwind$_CdeDbgPutChar     000000018000a80c     toroC64:_CdeDbgPutChar.obj
 0002:00000824       $unwind$_cdeCoreVwxPrintf  000000018000a824     toroC64:_cdeCoreVwxPrintf.obj
 0002:00000840       $unwind$intgr2bcd          000000018000a840     toroC64:_cdeCoreVwxPrintf.obj
 0002:00000854       $unwind$fract2bcd          000000018000a854     toroC64:_cdeCoreVwxPrintf.obj
 0002:00000854       $unwind$GetCharAndCount    000000018000a854     toroC64:_cdeCoreVwxScanf.obj
 0002:00000860       $unwind$str2dev            000000018000a860     toroC64:_cdeCoreVwxPrintf.obj
 0002:00000878       $unwind$num2str            000000018000a878     toroC64:_cdeCoreVwxPrintf.obj
 0002:00000890       $unwind$nfill              000000018000a890     toroC64:_cdeCoreVwxPrintf.obj
 0002:000008a8       $unwind$nprintfield        000000018000a8a8     toroC64:_cdeCoreVwxPrintf.obj
 0002:000008c0       $unwind$UngetCharAndDecount 000000018000a8c0     toroC64:_cdeCoreVwxScanf.obj
 0002:000008c8       $unwind$str2num            000000018000a8c8     toroC64:_cdeCoreVwxScanf.obj
 0002:000008e0       $unwind$_cdeCoreVwxScanf   000000018000a8e0     toroC64:_cdeCoreVwxScanf.obj
 0002:000008fc       $unwind$_cdeCoreWcsStrTok  000000018000a8fc     toroC64:_cdeCoreWcsStrTok.obj
 0002:00000918       $unwind$_cdeWcsStrPbrkSpn  000000018000a918     toroC64:_cdeWcsStrPbrkSpn.obj
 0002:00000934       $unwind$_cdeCoreMemRealloc 000000018000a934     toroC64:_cdeCoreMemRealloc.obj
 0002:00000950       $unwind$_cdeMemStrxCpy     000000018000a950     toroC64:_cdeMemStrxCpy.obj
 0002:00000968       $unwind$_cdeMemStrxCmp     000000018000a968     toroC64:_cdeMemStrxCmp.obj
 0002:00000984       $unwind$_osifIbmAtGetTime  000000018000a984     toroC64:osifIbmAtGetTime.obj
 0002:00000990       $unwind$_osifIbmAtGetTscPerSec 000000018000a990     toroC64:osifIbmAtGetTscPerSec.obj
 0002:00000998       $unwind$_osifUefiShellMemAlloc 000000018000a998     toroC64:osifUefiShellMemAlloc.obj
 0002:000009a0       $unwind$_osifUefiShellFileWrite 000000018000a9a0     toroC64:osifUefiShellFileWrite.obj
 0002:000009b8       $unwind$_osifUefiShellFileRead 000000018000a9b8     toroC64:osifUefiShellFileRead.obj
 0002:000009cc       $unwind$_osifUefiShellFileSetPos 000000018000a9cc     toroC64:osifUefiShellFileSetPos.obj
 0002:000009e0       $unwind$efifopen           000000018000a9e0     toroC64:osifUefiShellFileOpen.obj
 0002:000009f8       $unwind$__CdeFsEnum        000000018000a9f8     toroC64:osifUefiShellFileOpen.obj
 0002:00000a0c       $unwind$_osifUefiShellFileOpen 000000018000aa0c     toroC64:osifUefiShellFileOpen.obj
 0002:00000a24       $unwind$_osifUefiShellFileClose 000000018000aa24     toroC64:osifUefiShellFileClose.obj
 0002:00000a30       $unwind$_osifUefiShellFileDelete 000000018000aa30     toroC64:osifUefiShellFileDelete.obj
 0002:00000a38       $unwind$_osifUefiShellFileRename 000000018000aa38     toroC64:osifUefiShellFileRename.obj
 0002:00000a54       $unwind$__cdeReadDirectory 000000018000aa54     toroC64:osifUefiShellFileFindAll.obj
 0002:00000a70       $unwind$_osifUefiShellFileFindAll 000000018000aa70     toroC64:osifUefiShellFileFindAll.obj
 0002:00000a88       $unwind$_osifUefiShellFileGetStatus 000000018000aa88     toroC64:osifUefiShellFileGetStatus.obj
 0002:00000a9c       $unwind$_osifUefiShellDirectoryCreate 000000018000aa9c     toroC64:osifUefiShellDirectoryCreate.obj
 0002:00000ab0       $unwind$myConIOPutStr      000000018000aab0     toroC64:osifUefiShellCmdExec.obj
 0002:00000ac4       $unwind$_osifUefiShellCmdExec 000000018000aac4     toroC64:osifUefiShellCmdExec.obj
 0002:00000ad0       $unwind$_osifUefiShellGetEnv 000000018000aad0     toroC64:osifUefiShellGetEnv.obj
 0002:00000ae8       $unwind$_osifUefiShellGetDrvCwd 000000018000aae8     toroC64:osifUefiShellGetDrvCwd.obj
 0002:00000af4       $unwind$_cdeCoreFread      000000018000aaf4     toroC64:_cdeCoreFread.obj
 0002:00000b0c       $unwind$_cdeCoreFwrite     000000018000ab0c     toroC64:_cdeCoreFwrite.obj
 0002:00000b28       $unwind$_cdeCoreFsetpos    000000018000ab28     toroC64:_cdeCoreFsetpos.obj
 0002:00000b3c       $unwind$_cdeCoreFflush     000000018000ab3c     toroC64:_cdeCoreFflush.obj
 0002:00000b4c       $unwind$_CdeLocateProtocol 000000018000ab4c     toroC64:_CdeLocateProtocol.obj
 0002:00000b54       $unwind$_cdeStr2Argcv      000000018000ab54     toroC64:_cdeStr2Argcv.obj
 0002:00000b6c       $unwind$memset             000000018000ab6c     toroC64:MemSetCDEINTRINABI.obj
 0002:00000b74       $unwind$fcloseCDEABI       000000018000ab74     toroC64:FcloseCDEABI.obj
 0002:00000b88       $unwind$fgetcCDEABI        000000018000ab88     toroC64:FgetcCDEABI.obj
 0002:00000b90       $unwind$fwriteCDEABI       000000018000ab90     toroC64:FwriteCDEABI.obj
 0002:00000ba4       $unwind$sprintfCDEABI      000000018000aba4     toroC64:SprintfCDEABI.obj
 0002:00000bac       $unwind$raiseCDEABI        000000018000abac     toroC64:raiseCDEABI.obj
 0002:00000bbc       $unwind$fwrite             000000018000abbc     toroC64:Fwrite.obj
 0002:00000bd0       $unwind$_cdeCoreSprintf    000000018000abd0     toroC64:_cdeCoreSprintf.obj
 0002:00000bd8       $unwind$isxdigitCDEABI     000000018000abd8     toroC64:isxdigitCDEABI.obj
 0002:00000be0       $unwind$_cdeUMUL128        000000018000abe0     toroC64:_cdeUMUL128.obj
 0002:00000be8       $unwind$_mktime64CDEABI    000000018000abe8     toroC64:mktimeCDEABI.obj
 0002:00000bf0       $unwind$_cdeGmltime        000000018000abf0     toroC64:_cdeGmltime.obj
 0002:00000bfc       $unwind$__cdeOnErrSet_status 000000018000abfc     toroC64:__cdeOnErrSet_status.obj
 0002:00000c04       $unwind$__cdeOffsetCdeFposType 000000018000ac04     toroC64:__cdeGetOffsetCdeFposType.obj
 0002:00000c0c       $unwind$__cdeBiasCdeFposType 000000018000ac0c     toroC64:__cdeGetBiasCdeFposType.obj
 0002:00000c18       $unwind$wcschrCDEABI       000000018000ac18     toroC64:WcsChrCDEABI.obj
 0002:00000c20       $unwind$wcscatCDEABI       000000018000ac20     toroC64:WcsCatCDEABI.obj
 0002:00000c2c       $unwind$wcscpyCDEABI       000000018000ac2c     toroC64:WcsCpyCDEABI.obj
 0002:00000c38       $unwind$wcsncmpCDEABI      000000018000ac38     toroC64:WcsNCmpCDEABI.obj
 0002:00000c48       $unwind$wcsncpyCDEABI      000000018000ac48     toroC64:WcsNCpyCDEABI.obj
 0002:00000c58       $unwind$wcstokCDEABI       000000018000ac58     toroC64:WcsTokCDEABI.obj
 0002:00000c68       $unwind$_wcsicmpCDEABI     000000018000ac68     toroC64:_WcsICmpCDEABI.obj
 0002:00000c74       $unwind$strcmpCDEABI       000000018000ac74     toroC64:StrCmpCDEABI.obj
 0002:00000c80       $unwind$_stricmpCDEABI     000000018000ac80     toroC64:_StrICmpCDEABI.obj
 0002:00000c8c       $unwind$_CdeLocateHandleBuffer 000000018000ac8c     toroC64:_CdeLocateHandleBuffer.obj
 0002:00000c9c       $unwind$_cdeConvertDevicePathToText 000000018000ac9c     toroC64:_cdeConvertDevicePathToText.obj
 0002:00000ca4       $unwind$_CdeGetMapFromDevicePath 000000018000aca4     toroC64:_CdeGetMapFromDevicePath.obj
 0002:00000cac       $unwind$_CdeGetCurDir      000000018000acac     toroC64:_CdeGetCurDir.obj
 0002:00000cb4       $unwind$wcsrchrCDEABI      000000018000acb4     toroC64:WcsRChrCDEABI.obj
 0002:00000cc0       $unwind$_errnoCDEABI       000000018000acc0     toroC64:errnoCDEABI.obj
 0002:00000cc8       $unwind$fopenCDEABI        000000018000acc8     toroC64:FopenCDEABI.obj
 0002:00000ce8       $unwind$freadCDEABI        000000018000ace8     toroC64:FreadCDEABI.obj
 0002:00000cfc       $unwind$strchrCDEABI       000000018000acfc     toroC64:StrChrCDEABI.obj
 0002:00000d04       $unwind$reallocCDEABI      000000018000ad04     toroC64:ReallocCDEABI.obj
 0002:00000d10       $unwind$wcstombsCDEABI     000000018000ad10     toroC64:wcstombsCDEABI.obj
 0002:00000d18       $unwind$strncpyCDEABI      000000018000ad18     toroC64:StrNCpyCDEABI.obj
 0002:00000d28       $unwind$strncmpCDEABI      000000018000ad28     toroC64:StrNCmpCDEABI.obj
 0002:00000d38       $unwind$strcpyCDEABI       000000018000ad38     toroC64:StrCpyCDEABI.obj
 0002:00000d44       $unwind$strcatCDEABI       000000018000ad44     toroC64:StrCatCDEABI.obj
 0002:00000d50       $unwind$strtolCDEABI       000000018000ad50     toroC64:strtolCDEABI.obj
 0002:00000d58       $unwind$_cdeEfiTime2TimeT  000000018000ad58     toroC64:_cdeEfiTime2TimeT.obj
 0002:00000d60       $unwind$__cdeIsFilePointerCORE 000000018000ad60     toroC64:__cdeIsFilePointerCORE.obj
 0002:00000d78       $unwind$__cderewindCORE    000000018000ad78     toroC64:__cderewindCORE.obj
 0002:00000d80       $unwind$_cdeAbort          000000018000ad80     toroC64:_cdeAbort.obj
 0002:00000d88       $unwind$__acrt_iob_func    000000018000ad88     toroC64:__acrt_iob_func.obj
 0002:00000d94       $unwind$__cdeIsFilePointer 000000018000ad94     toroC64:__cdeIsFilePointer.obj
 0002:00000da8       $unwind$fflushCDEABI       000000018000ada8     toroC64:FflushCDEABI.obj
 0002:00000db0       $unwind$removeCDEABI       000000018000adb0     toroC64:RemoveCDEABI.obj
 0002:00000dc4       $unwind$invalid_parameter_handler 000000018000adc4     toroC64:_invalid_parameter_handlerCDEABI.obj
 0002:00000dd8       $unwind$vsnprintfCDEABI    000000018000add8     toroC64:VsnprintfCDEABI.obj
 0002:00000df0       $unwind$_cdeDay2Greg       000000018000adf0     toroC64:_cdeDay2Greg.obj
 0002:00000dfc       $unwind$_efierrno          000000018000adfc     toroC64:_efierrno.obj
 0002:00000e04       $unwind$wcspbrkCDEABI      000000018000ae04     toroC64:WcsPbrkCDEABI.obj
 0002:00000e10       $unwind$_cdePoolWcs2AppWcs 000000018000ae10     toroC64:_CdePoolWcs2AppWcs.obj
 0002:00000e20       $unwind$strtokCDEABI       000000018000ae20     toroC64:StrTokCDEABI.obj
 0002:00000e2c       $unwind$_fseeki64          000000018000ae2c     toroC64:_Fseeki64.obj
 0002:00000e40       $unwind$strpbrkCDEABI      000000018000ae40     toroC64:StrPbrkCDEABI.obj
 0002:00000e4c       $unwind$_cdeSscanf         000000018000ae4c     toroC64:_cdeSscanf.obj
 0002:00000e58       $unwind$__cdeOnErrSet_errnoCORE 000000018000ae58     toroC64:__cdeOnErrSet_errnoCORE.obj
 0002:00000e60       $unwind$exitCDEABI         000000018000ae60     toroC64:exitCDEABI.obj
 0002:00000e68       $unwind$__cdeOnErrSet_errno 000000018000ae68     toroC64:__cdeOnErrSet_errno.obj
 0002:00000e70       $unwind$fprintfCDEABI      000000018000ae70     toroC64:FprintfCDEABI.obj
 0002:00000e78       $unwind$abortCDEABI        000000018000ae78     toroC64:abortCDEABI.obj
 0002:00000e84       $unwind$fsetposCDEABI      000000018000ae84     toroC64:FsetposCDEABI.obj
 0002:00000e90       $unwind$vfprintfCDEABI     000000018000ae90     toroC64:VfprintfCDEABI.obj
 0002:00000ea4       $unwind$fputcCDEABI        000000018000aea4     toroC64:FputcCDEABI.obj
 0003:00000000       gCdeSystemVolumes          000000018000b000     toroC64:osifUefiShellEntryPoint.obj
 0003:00000f10       gCdeServicesShell          000000018000bf10     toroC64:osifUefiShellEntryPoint.obj
 0003:000016c0       _gEfiStatusCodeRuntimeProtocolGuid 000000018000c6c0     toroC64:osifUefiShellEntryPoint.obj
 0003:000016d0       ?EfiLoadedImageProtocolGuid@?1??_MainEntryPointShell@@9@9 000000018000c6d0     toroC64:osifUefiShellEntryPoint.obj
 0003:000016e0       ?EfiShellParametersProtocolGuid@?L@??_MainEntryPointShell@@9@9 000000018000c6e0     toroC64:osifUefiShellEntryPoint.obj
 0003:000016f0       ?action@?4??_cdeCoreMemRealloc@@9@9 000000018000c6f0     toroC64:_cdeCoreMemRealloc.obj
 0003:00001700       tblMode                    000000018000c700     toroC64:osifUefiShellFileOpen.obj
 0003:00001900       ?wcsSHELL@?1??myConIOPutStr@@9@9 000000018000c900     toroC64:osifUefiShellCmdExec.obj
 0003:00001938       ?wcsMAP@?1??myConIOPutStr@@9@9 000000018000c938     toroC64:osifUefiShellCmdExec.obj
 0003:00001958       ?wcsALIAS@?1??myConIOPutStr@@9@9 000000018000c958     toroC64:osifUefiShellCmdExec.obj
 0003:00001970       ?wcsBLK@?1??myConIOPutStr@@9@9 000000018000c970     toroC64:osifUefiShellCmdExec.obj
 0003:00001988       ?wcsBLK2@?1??myConIOPutStr@@9@9 000000018000c988     toroC64:osifUefiShellCmdExec.obj
 0003:00001998       ?wcsFS@?1??myConIOPutStr@@9@9 000000018000c998     toroC64:osifUefiShellCmdExec.obj
 0003:000019b0       ?wcsFS2@?1??myConIOPutStr@@9@9 000000018000c9b0     toroC64:osifUefiShellCmdExec.obj
 0003:00001ac8       ?RomParm@?1??_cdeCoreSprintf@@9@9 000000018000cac8     toroC64:_cdeCoreSprintf.obj
 0003:00001b18       ROMPARM                    000000018000cb18     toroC64:WcsNCmpCDEABI.obj
 0003:00001b30       ROMPARM                    000000018000cb30     toroC64:WcsTokCDEABI.obj
 0003:00001b40       ROMPARM                    000000018000cb40     toroC64:_WcsICmpCDEABI.obj
 0003:00001b50       ROMPARM                    000000018000cb50     toroC64:StrCmpCDEABI.obj
 0003:00001b60       ROMPARM                    000000018000cb60     toroC64:_StrICmpCDEABI.obj
 0003:00001bf8       ROMPARM                    000000018000cbf8     toroC64:StrNCmpCDEABI.obj
 0003:00001c58       RomParm                    000000018000cc58     toroC64:VsnprintfCDEABI.obj
 0003:00001c68       ?sigorder@?1??_cdeSig2idx@@9@9 000000018000cc68     toroC64:_cdeSig2idx.obj
 0003:00001c80       ROMPARM                    000000018000cc80     toroC64:StrTokCDEABI.obj
 0003:00001c98       RomParm                    000000018000cc98     toroC64:_cdeSscanf.obj
 0003:00001ce0       _iob                       000000018000cce0     toroC64:osifUefiShellEntryPoint.obj
 0003:00003ce0       ?DblData@?CA@??_cdeCoreVwxPrintf@@9@9 000000018000ece0     toroC64:_cdeCoreVwxPrintf.obj
 0003:00004270       ?wcBuffer@?1??_osifUefiShellFileWrite@@9@9 000000018000f270     toroC64:osifUefiShellFileWrite.obj
 0003:00004680       ?zBuf64k@?O@??_osifUefiShellFileWrite@@9@9 000000018000f680     toroC64:osifUefiShellFileWrite.obj
 0003:00014680       ?wcbuffer@?3??_osifUefiShellFileRead@@9@9 000000018001f680     toroC64:osifUefiShellFileRead.obj
 0003:00014a80       ?wcsFilePath@?5??_osifUefiShellFileOpen@@9@9 000000018001fa80     toroC64:osifUefiShellFileOpen.obj
 0003:00014c90       ?wcsFileName@?5??_osifUefiShellFileOpen@@9@9 000000018001fc90     toroC64:osifUefiShellFileOpen.obj
 0003:00014e98       ?wcsDrive@?5??_osifUefiShellFileOpen@@9@9 000000018001fe98     toroC64:osifUefiShellFileOpen.obj
 0003:00014eb8       ?wcsDrive2@?5??_osifUefiShellFileOpen@@9@9 000000018001feb8     toroC64:osifUefiShellFileOpen.obj
 0003:00014ee0       state                      000000018001fee0     toroC64:osifUefiShellCmdExec.obj
 0003:00014ef0       ?wcsCommand@?1??_osifUefiShellCmdExec@@9@9 000000018001fef0     toroC64:osifUefiShellCmdExec.obj
 0003:00015100       ?buffer@?1??_osifUefiShellGetEnv@@9@9 0000000180020100     toroC64:osifUefiShellGetEnv.obj
