 AcpiHelp

 Timestamp is 65a2e53f (Sat Jan 13 11:32:15 2024)

 Preferred load address is 0000000180000000

 Start         Length     Name                   Class
 0001:00000000 0000b5d2H .text$mn                CODE
 0002:00000000 00000008H .CRT$XCA                DATA
 0002:00000008 00000008H .CRT$XCZ                DATA
 0002:00000010 00000008H .CRT$XIA                DATA
 0002:00000018 00000008H .CRT$XIZ                DATA
 0002:00000020 00000008H .CRT$XPA                DATA
 0002:00000028 00000008H .CRT$XPZ                DATA
 0002:00000030 00000008H .CRT$XTA                DATA
 0002:00000038 00000008H .CRT$XTZ                DATA
 0002:00000040 0001de54H .rdata                  DATA
 0002:0001de94 00000040H .rdata$voltmd           DATA
 0002:0001ded4 00000138H .rdata$zzzdbg           DATA
 0002:0001e00c 00000b3cH .xdata                  DATA
 0002:0001eb48 00000000H .edata                  DATA
 0003:00000000 00002640H .data                   DATA
 0003:00002640 00013958H .bss                    DATA
 0004:00000000 000009a8H .pdata                  DATA

  Address         Publics by Value              Rva+Base               Lib:Object

 0000:00000000       __AbsoluteZero             0000000000000000     <absolute>
 0000:00000000       ___safe_se_handler_count   0000000000000000     <absolute>
 0000:00000000       ___safe_se_handler_table   0000000000000000     <absolute>
 0000:00000000       __arm64x_extra_rfe_table   0000000000000000     <absolute>
 0000:00000000       __arm64x_extra_rfe_table_size 0000000000000000     <absolute>
 0000:00000000       __arm64x_native_entrypoint 0000000000000000     <absolute>
 0000:00000000       __arm64x_redirection_metadata 0000000000000000     <absolute>
 0000:00000000       __arm64x_redirection_metadata_count 0000000000000000     <absolute>
 0000:00000000       __dynamic_value_reloc_table 0000000000000000     <absolute>
 0000:00000000       __enclave_config           0000000000000000     <absolute>
 0000:00000000       __guard_check_icall_a64n_fptr 0000000000000000     <absolute>
 0000:00000000       __guard_eh_cont_count      0000000000000000     <absolute>
 0000:00000000       __guard_eh_cont_table      0000000000000000     <absolute>
 0000:00000000       __guard_fids_count         0000000000000000     <absolute>
 0000:00000000       __guard_fids_table         0000000000000000     <absolute>
 0000:00000000       __guard_flags              0000000000000000     <absolute>
 0000:00000000       __guard_iat_count          0000000000000000     <absolute>
 0000:00000000       __guard_iat_table          0000000000000000     <absolute>
 0000:00000000       __guard_longjmp_count      0000000000000000     <absolute>
 0000:00000000       __guard_longjmp_table      0000000000000000     <absolute>
 0000:00000000       __hybrid_auxiliary_delayload_iat 0000000000000000     <absolute>
 0000:00000000       __hybrid_auxiliary_delayload_iat_copy 0000000000000000     <absolute>
 0000:00000000       __hybrid_auxiliary_iat     0000000000000000     <absolute>
 0000:00000000       __hybrid_auxiliary_iat_copy 0000000000000000     <absolute>
 0000:00000000       __hybrid_code_map          0000000000000000     <absolute>
 0000:00000000       __hybrid_code_map_count    0000000000000000     <absolute>
 0000:00000000       __hybrid_image_info_bitfield 0000000000000000     <absolute>
 0000:00000000       __x64_code_ranges_to_entry_points 0000000000000000     <absolute>
 0000:00000000       __x64_code_ranges_to_entry_points_count 0000000000000000     <absolute>
 0000:00000000       __ImageBase                0000000180000000     <linker-defined>
 0001:00000000       AcpiAhMatchHardwareId      0000000180001000 f   ahids.obj
 0001:00000048       AcpiAhMatchPredefinedName  0000000180001048 f   ahpredef.obj
 0001:00000078       AcpiAhGetTableInfo         0000000180001078 f   ahtable.obj
 0001:000000a0       AcpiAhMatchUuid            00000001800010a0 f   ahuuids.obj
 0001:00000104       AcpiGetopt                 0000000180001104 f   getopt.obj
 0001:00000400       AcpiGetoptArgument         0000000180001400 f   getopt.obj
 0001:000004a0       AhDecodeAslException       00000001800014a0 f   aslmessages.obj
 0001:000005c4       AeDecodeMessageId          00000001800015c4 f   aslmessages.obj
 0001:00000648       AeDecodeExceptionLevel     0000000180001648 f   aslmessages.obj
 0001:00000680       AeBuildFullExceptionCode   0000000180001680 f   aslmessages.obj
 0001:00000698       AcpiFormatException        0000000180001698 f   utexcep.obj
 0001:000006c0       AcpiUtValidateException    00000001800016c0 f   utexcep.obj
 0001:0000075c       AcpiUtHexToAsciiChar       000000018000175c f   uthex.obj
 0001:00000788       AcpiUtAsciiToHexByte       0000000180001788 f   uthex.obj
 0001:000007f0       AcpiUtAsciiCharToHex       00000001800017f0 f   uthex.obj
 0001:00000808       AcpiUtDivide               0000000180001808 f   utmath.obj
 0001:00000840       AcpiUtShortDivide          0000000180001840 f   utmath.obj
 0001:00000878       AcpiUtShortMultiply        0000000180001878 f   utmath.obj
 0001:00000890       AcpiUtShortShiftLeft       0000000180001890 f   utmath.obj
 0001:000008ac       AcpiUtShortShiftRight      00000001800018ac f   utmath.obj
 0001:000008c0       AcpiUtStrupr               00000001800018c0 f   utnonansi.obj
 0001:000008f0       AcpiUtStrlwr               00000001800018f0 f   utnonansi.obj
 0001:00000920       AcpiUtStricmp              0000000180001920 f   utnonansi.obj
 0001:00000970       AcpiUtSafeStrcpy           0000000180001970 f   utnonansi.obj
 0001:000009bc       AcpiUtSafeStrncpy          00000001800019bc f   utnonansi.obj
 0001:000009e8       AcpiUtSafeStrcat           00000001800019e8 f   utnonansi.obj
 0001:00000a4c       AcpiUtSafeStrncat          0000000180001a4c f   utnonansi.obj
 0001:00000ad0       AcpiUtGetNextPredefinedMethod 0000000180001ad0 f   utpredef.obj
 0001:00000aec       AcpiUtMatchPredefinedMethod 0000000180001aec f   utpredef.obj
 0001:00000b28       AcpiUtGetExpectedReturnTypes 0000000180001b28 f   utpredef.obj
 0001:00000bb0       AcpiUtMatchResourceName    0000000180001bb0 f   utpredef.obj
 0001:00000be0       AcpiUtDisplayPredefinedMethod 0000000180001be0 f   utpredef.obj
 0001:00000cd4       AcpiUtGetResourceBitWidth  0000000180001cd4 f   utpredef.obj
 0001:00000dec       AcpiUtConvertStringToUuid  0000000180001dec f   utuuid.obj
 0001:00000e5c       AcpiUtConvertUuidToString  0000000180001e5c f   utuuid.obj
 0001:00000ef4       AcpiOsInitialize           0000000180001ef4 f   oswinxf.obj
 0001:00000f44       AcpiOsTerminate            0000000180001f44 f   oswinxf.obj
 0001:00000f50       AcpiOsGetRootPointer       0000000180001f50 f   oswinxf.obj
 0001:00000f5c       AcpiOsPredefinedOverride   0000000180001f5c f   oswinxf.obj
 0001:00000f7c       AcpiOsTableOverride        0000000180001f7c f   oswinxf.obj
 0001:00000f9c       AcpiOsPhysicalTableOverride 0000000180001f9c f   oswinxf.obj
 0001:00000fa8       AcpiOsCreateLock           0000000180001fa8 f   oswinxf.obj
 0001:00000fc0       AcpiOsDeleteLock           0000000180001fc0 f   oswinxf.obj
 0001:00000fcc       AcpiOsAcquireLock          0000000180001fcc f   oswinxf.obj
 0001:00000fd8       AcpiOsReleaseLock          0000000180001fd8 f   oswinxf.obj
 0001:00000fe4       AcpiOsCreateSemaphore      0000000180001fe4 f   oswinxf.obj
 0001:00000ff4       AcpiOsDeleteSemaphore      0000000180001ff4 f   oswinxf.obj
 0001:00001000       AcpiOsWaitSemaphore        0000000180002000 f   oswinxf.obj
 0001:0000100c       AcpiOsSignalSemaphore      000000018000200c f   oswinxf.obj
 0001:00001018       AcpiOsAllocate             0000000180002018 f   oswinxf.obj
 0001:00001024       AcpiOsAllocateZeroed       0000000180002024 f   oswinxf.obj
 0001:00001038       AcpiOsFree                 0000000180002038 f   oswinxf.obj
 0001:00001044       AcpiOsMapMemory            0000000180002044 f   oswinxf.obj
 0001:00001050       AcpiOsUnmapMemory          0000000180002050 f   oswinxf.obj
 0001:0000105c       AcpiOsInstallInterruptHandler 000000018000205c f   oswinxf.obj
 0001:00001068       AcpiOsRemoveInterruptHandler 0000000180002068 f   oswinxf.obj
 0001:00001074       AcpiOsGetThreadId          0000000180002074 f   oswinxf.obj
 0001:00001080       AcpiOsExecute              0000000180002080 f   oswinxf.obj
 0001:00001098       AcpiOsWaitEventsComplete   0000000180002098 f   oswinxf.obj
 0001:000010a4       AcpiOsSleep                00000001800020a4 f   oswinxf.obj
 0001:000010b4       AcpiOsStall                00000001800020b4 f   oswinxf.obj
 0001:000010cc       AcpiOsReadPort             00000001800020cc f   oswinxf.obj
 0001:00001100       AcpiOsWritePort            0000000180002100 f   oswinxf.obj
 0001:00001124       AcpiOsReadMemory           0000000180002124 f   oswinxf.obj
 0001:00001154       AcpiOsWriteMemory          0000000180002154 f   oswinxf.obj
 0001:00001160       AcpiOsReadPciConfiguration 0000000180002160 f   oswinxf.obj
 0001:00001170       AcpiOsWritePciConfiguration 0000000180002170 f   oswinxf.obj
 0001:0000117c       AcpiOsReadable             000000018000217c f   oswinxf.obj
 0001:00001198       AcpiOsWritable             0000000180002198 f   oswinxf.obj
 0001:000011b4       AcpiOsGetTimer             00000001800021b4 f   oswinxf.obj
 0001:000011fc       AcpiOsSignal               00000001800021fc f   oswinxf.obj
 0001:00001208       AcpiOsEnterSleep           0000000180002208 f   oswinxf.obj
 0001:00001214       AcpiOsPrintf               0000000180002214 f   oswinxf.obj
 0001:0000127c       AcpiOsVprintf              000000018000227c f   oswinxf.obj
 0001:000012e0       AcpiOsRedirectOutput       00000001800022e0 f   oswinxf.obj
 0001:000012f0       AcpiOsGetLine              00000001800022f0 f   oswinxf.obj
 0001:00001370       AhFindAmlOpcode            0000000180002370 f   ahaml.obj
 0001:00001424       AhDecodeAmlOpcode          0000000180002424 f   ahaml.obj
 0001:000014bc       AhFindAmlTypes             00000001800024bc f   ahaml.obj
 0001:000016f4       AhFindAslAndAmlOperators   00000001800026f4 f   ahasl.obj
 0001:0000171c       AhFindAslOperators         000000018000271c f   ahasl.obj
 0001:000017c4       AhFindAslKeywords          00000001800027c4 f   ahasl.obj
 0001:00001990       AhDecodeException          0000000180002990 f   ahdecode.obj
 0001:00001a8c       AhFindPredefinedNames      0000000180002a8c f   ahdecode.obj
 0001:00001b2c       AhDisplayDeviceIds         0000000180002b2c f   ahdecode.obj
 0001:00001c28       AhDisplayTables            0000000180002c28 f   ahdecode.obj
 0001:00001c94       AhDisplayUuids             0000000180002c94 f   ahdecode.obj
 0001:00001d34       AhDisplayDirectives        0000000180002d34 f   ahdecode.obj
 0001:00001d84       AhPrintOneField            0000000180002d84 f   ahdecode.obj
 0001:000020b4       main                       00000001800030b4 f   ahmain.obj
 0001:00002500       QueryPerformanceCounter4UEFI 0000000180003500 f   LibWin324UEFI:QueryPerformanceCounter.obj
 0001:00002530       _w4uQueryPerformanceCounter 0000000180003530 f   LibWin324UEFI:QueryPerformanceCounter.obj
 0001:00002550       QueryPerformanceFrequency4UEFI 0000000180003550 f   LibWin324UEFI:QueryPerformanceFrequency.obj
 0001:00002680       _w4uQueryPerformanceFrequency 0000000180003680 f   LibWin324UEFI:QueryPerformanceFrequency.obj
 0001:000026a0       GetTickCount644UEFI        00000001800036a0 f   LibWin324UEFI:GetTickCount64.obj
 0001:000026b0       Sleep4UEFI                 00000001800036b0 f   LibWin324UEFI:Sleep.obj
 0001:000026f0       _w4uSleep                  00000001800036f0 f   LibWin324UEFI:Sleep.obj
 0001:00002710       IsBadReadPtr4UEFI          0000000180003710 f   LibWin324UEFI:IsBadReadPtr.obj
 0001:00002720       IsBadWritePtr4UEFI         0000000180003720 f   LibWin324UEFI:IsBadWritePtr.obj
 0001:00002730       __cdeGetAppIf              0000000180003730 f   toroC64:osifUefiShellEntryPoint.obj
 0001:000027b4       _MainEntryPointShell       00000001800037b4 f   toroC64:osifUefiShellEntryPoint.obj
 0001:00002e44       _cdeCRT0UefiShell          0000000180003e44 f   toroC64:osifUefiShellEntryPoint.obj
 0001:00002ea8       strcmp                     0000000180003ea8 f   toroC64:StrCmp.obj
 0001:00002ee4       memcmp                     0000000180003ee4 f   toroC64:MemCmpCDEINTRINABI.obj
 0001:00002f2c       strchr                     0000000180003f2c f   toroC64:StrChr.obj
 0001:00002f5c       __acrt_iob_func            0000000180003f5c f   toroC64:__acrt_iob_func.obj
 0001:00002f98       fprintf                    0000000180003f98 f   toroC64:Fprintf.obj
 0001:00002fbc       strtol                     0000000180003fbc f   toroC64:strtol.obj
 0001:00003074       printf                     0000000180004074 f   toroC64:Printf.obj
 0001:000030b0       isxdigit                   00000001800040b0 f   toroC64:isxdigit.obj
 0001:000030dc       strcat                     00000001800040dc f   toroC64:StrCat.obj
 0001:0000310c       strcpy                     000000018000410c f   toroC64:StrCpy.obj
 0001:00003144       strlen                     0000000180004144 f   toroC64:StrLen.obj
 0001:00003158       strncat                    0000000180004158 f   toroC64:StrNCat.obj
 0001:000031c0       strncpy                    00000001800041c0 f   toroC64:StrNCpy.obj
 0001:00003204       toupper                    0000000180004204 f   toroC64:toupper.obj
 0001:00003224       tolower                    0000000180004224 f   toroC64:tolower.obj
 0001:00003244       calloc                     0000000180004244 f   toroC64:Calloc.obj
 0001:00003284       free                       0000000180004284 f   toroC64:Free.obj
 0001:0000329c       malloc                     000000018000429c f   toroC64:Malloc.obj
 0001:000032a8       getchar                    00000001800042a8 f   toroC64:Getchar.obj
 0001:000032c0       vfprintf                   00000001800042c0 f   toroC64:Vfprintf.obj
 0001:000033e0       strtoul                    00000001800043e0 f   toroC64:strtoul.obj
 0001:00003490       strstr                     0000000180004490 f   toroC64:StrStr.obj
 0001:000034d4       strtok                     00000001800044d4 f   toroC64:StrTok.obj
 0001:00003518       strpbrk                    0000000180004518 f   toroC64:StrPbrk.obj
 0001:00003558       isdigit                    0000000180004558 f   toroC64:isdigit.obj
 0001:0000356c       clock                      000000018000456c f   toroC64:clock.obj
 0001:000035c0       _CdeDbgPutChar             00000001800045c0 f   toroC64:_CdeDbgPutChar.obj
 0001:00003754       _cdeCoreVwxPrintf          0000000180004754 f   toroC64:_cdeCoreVwxPrintf.obj
 0001:00004ac0       ComputeFieldSize           0000000180005ac0 f   toroC64:_cdeCoreVwxPrintf.obj
 0001:00004afc       ydes                       0000000180005afc f   toroC64:_cdeCoreVwxPrintf.obj
 0001:000054d0       _cdeCoreVwxScanf           00000001800064d0 f   toroC64:_cdeCoreVwxScanf.obj
 0001:000068d8       _cdeCoreWcsStrTok          00000001800078d8 f   toroC64:_cdeCoreWcsStrTok.obj
 0001:000069d4       _cdeWcsStrPbrkSpn          00000001800079d4 f   toroC64:_cdeWcsStrPbrkSpn.obj
 0001:00006b14       _cdeCoreMemRealloc         0000000180007b14 f   toroC64:_cdeCoreMemRealloc.obj
 0001:00006ee4       _cdeMemStrxCpy             0000000180007ee4 f   toroC64:_cdeMemStrxCpy.obj
 0001:00006fd8       _cdeMemStrxCmp             0000000180007fd8 f   toroC64:_cdeMemStrxCmp.obj
 0001:00007118       _osifIbmAtGetTime          0000000180008118 f   toroC64:osifIbmAtGetTime.obj
 0001:000072d0       _osifUefiShellGetTscPerSec 00000001800082d0 f   toroC64:osifUefiShellGetTscPerSec.obj
 0001:00007378       _osifIbmAtGetTsc           0000000180008378 f   toroC64:osifIbmAtGetTsc.obj
 0001:00007384       _osifUefiShellMemAlloc     0000000180008384 f   toroC64:osifUefiShellMemAlloc.obj
 0001:000073c8       _osifUefiShellMemFree      00000001800083c8 f   toroC64:osifUefiShellMemFree.obj
 0001:000073e0       _osifUefiShellFileWrite    00000001800083e0 f   toroC64:osifUefiShellFileWrite.obj
 0001:00007568       _osifUefiShellFileRead     0000000180008568 f   toroC64:osifUefiShellFileRead.obj
 0001:00007794       _osifUefiShellFileSetPos   0000000180008794 f   toroC64:osifUefiShellFileSetPos.obj
 0001:000078a0       _osifUefiShellFileOpen     00000001800088a0 f   toroC64:osifUefiShellFileOpen.obj
 0001:00007f98       _osifUefiShellFileClose    0000000180008f98 f   toroC64:osifUefiShellFileClose.obj
 0001:00007ff8       _osifUefiShellFileDelete   0000000180008ff8 f   toroC64:osifUefiShellFileDelete.obj
 0001:00008020       _osifUefiShellFileRename   0000000180009020 f   toroC64:osifUefiShellFileRename.obj
 0001:00008180       _osifUefiShellFileFindAll  0000000180009180 f   toroC64:osifUefiShellFileFindAll.obj
 0001:000085b0       _osifUefiShellFileGetStatus 00000001800095b0 f   toroC64:osifUefiShellFileGetStatus.obj
 0001:00008700       _osifUefiShellDirectoryCreate 0000000180009700 f   toroC64:osifUefiShellDirectoryCreate.obj
 0001:000089a4       _osifUefiShellCmdExec      00000001800099a4 f   toroC64:osifUefiShellCmdExec.obj
 0001:00008a98       _osifUefiShellGetEnv       0000000180009a98 f   toroC64:osifUefiShellGetEnv.obj
 0001:00008b48       _osifUefiShellGetDrvCwd    0000000180009b48 f   toroC64:osifUefiShellGetDrvCwd.obj
 0001:00008b94       _cdeCoreFread              0000000180009b94 f   toroC64:_cdeCoreFread.obj
 0001:00008e6c       _cdeCoreFwrite             0000000180009e6c f   toroC64:_cdeCoreFwrite.obj
 0001:000090e8       _cdeCoreFsetpos            000000018000a0e8 f   toroC64:_cdeCoreFsetpos.obj
 0001:00009260       _cdeCoreFflush             000000018000a260 f   toroC64:_cdeCoreFflush.obj
 0001:000092e8       _cdeSigDflt                000000018000a2e8 f   toroC64:_cdeSigDfl.obj
 0001:000092f0       __cdeGetIOBuffer           000000018000a2f0 f   toroC64:__cdsGetIOBuffer.obj
 0001:00009300       _setjmp                    000000018000a300 f   toroC64:setjmp64CDEINTRINABI.obj
 0001:000093a5       __imp_setjmp               000000018000a3a5     toroC64:setjmp64CDEINTRINABI.obj
 0001:000093ad       __cdeSETJMPCDEINTRINABIAnchor 000000018000a3ad     toroC64:setjmp64CDEINTRINABI.obj
 0001:000093b0       _CdeLocateProtocol         000000018000a3b0 f   toroC64:_CdeLocateProtocol.obj
 0001:000093e0       _cdeStr2Argcv              000000018000a3e0 f   toroC64:_cdeStr2Argcv.obj
 0001:00009610       __cdeGetCurrentPrivilegeLevel 000000018000a610 f   toroC64:CdeGetCurrentPrivilegeLevel64.obj
 0001:00009620       memset                     000000018000a620 f   toroC64:MemSetCDEINTRINABI.obj
 0001:00009870       _cdeSscanf                 000000018000a870 f   toroC64:_cdeSscanf.obj
 0001:000098e0       islower                    000000018000a8e0 f   toroC64:islower.obj
 0001:000098f4       isupper                    000000018000a8f4 f   toroC64:isupper.obj
 0001:00009900       realloc                    000000018000a900 f   toroC64:Realloc.obj
 0001:00009938       fgetc                      000000018000a938 f   toroC64:Fgetc.obj
 0001:00009984       fputc                      000000018000a984 f   toroC64:Fputc.obj
 0001:000099bc       _errno                     000000018000a9bc f   toroC64:errno.obj
 0001:000099e0       _CdeDbgCOMInit             000000018000a9e0 f   toroC64:_CdeDbgCOMInit.obj
 0001:00009afc       _CdeDbgCOMReady2Send       000000018000aafc f   toroC64:_CdeDbgCOMReady2Send.obj
 0001:00009b2c       _CdeDbgCOMSend             000000018000ab2c f   toroC64:_CdeDbgCOMSend.obj
 0001:00009b7c       _cdeCoreSprintf            000000018000ab7c f   toroC64:_cdeCoreSprintf.obj
 0001:00009c24       _cdeUMUL128                000000018000ac24 f   toroC64:_cdeUMUL128.obj
 0001:00009d28       _cdeGmltime                000000018000ad28 f   toroC64:_cdeGmltime.obj
 0001:00009e44       __cdeOnErrSet_status       000000018000ae44 f   toroC64:__cdeOnErrSet_status.obj
 0001:00009e64       __cdeOffsetCdeFposType     000000018000ae64 f   toroC64:__cdeGetOffsetCdeFposType.obj
 0001:00009ea4       __cdeBiasCdeFposType       000000018000aea4 f   toroC64:__cdeGetBiasCdeFposType.obj
 0001:0000a108       _CdeLocateHandleBuffer     000000018000b108 f   toroC64:_CdeLocateHandleBuffer.obj
 0001:0000a194       _cdeConvertDevicePathToText 000000018000b194 f   toroC64:_cdeConvertDevicePathToText.obj
 0001:0000a1b0       _CdeGetMapFromDevicePath   000000018000b1b0 f   toroC64:_CdeGetMapFromDevicePath.obj
 0001:0000a1d0       _CdeGetCurDir              000000018000b1d0 f   toroC64:_CdeGetCurDir.obj
 0001:0000a7ec       _cdeEfiTime2TimeT          000000018000b7ec f   toroC64:_cdeEfiTime2TimeT.obj
 0001:0000a888       __cdeIsFilePointerCORE     000000018000b888 f   toroC64:__cdeIsFilePointerCORE.obj
 0001:0000a90c       __cdereallocCORE           000000018000b90c f   toroC64:__cdereallocCORE.obj
 0001:0000a91c       __cderewindCORE            000000018000b91c f   toroC64:__cderewindCORE.obj
 0001:0000a938       __cdeGetIOBufferCORE       000000018000b938 f   toroC64:__cdsGetIOBufferCORE.obj
 0001:0000a940       _cdeAbort                  000000018000b940 f   toroC64:_cdeAbort.obj
 0001:0000a998       __cdeIsFilePointer         000000018000b998 f   toroC64:__cdeIsFilePointer.obj
 0001:0000abf4       _cdeSig2idx                000000018000bbf4 f   toroC64:_cdeSig2idx.obj
 0001:0000ac1c       _cdeSigIgn                 000000018000bc1c f   toroC64:_cdeSigIgn.obj
 0001:0000ac20       _cdeMemGetChar             000000018000bc20 f   toroC64:_cdeMemGetChar.obj
 0001:0000ac30       _cdeMemUngetChar           000000018000bc30 f   toroC64:_cdeMemUngetChar.obj
 0001:0000ac38       fread                      000000018000bc38 f   toroC64:Fread.obj
 0001:0000ad00       fwrite                     000000018000bd00 f   toroC64:Fwrite.obj
 0001:0000ad58       _CdeMemPutChar             000000018000bd58 f   toroC64:_CdeMemPutChar.obj
 0001:0000ad64       _cdeGreg2Day               000000018000bd64 f   toroC64:_cdeGreg2Day.obj
 0001:0000ade0       _cdeDay2Greg               000000018000bde0 f   toroC64:_cdeDay2Greg.obj
 0001:0000aee4       _efierrno                  000000018000bee4 f   toroC64:_efierrno.obj
 0001:0000af08       __cdeIsCdeFposType         000000018000bf08 f   toroC64:__cdeIsCdeFposType.obj
 0001:0000af80       _cdePoolWcs2AppWcs         000000018000bf80 f   toroC64:_CdePoolWcs2AppWcs.obj
 0001:0000b038       _fseeki64                  000000018000c038 f   toroC64:_Fseeki64.obj
 0001:0000b130       __cdeOnErrSet_errnoCORE    000000018000c130 f   toroC64:__cdeOnErrSet_errnoCORE.obj
 0001:0000b150       __acrt_iob_funcCORE        000000018000c150 f   toroC64:__acrt_iob_funcCORE.obj
 0001:0000b198       __cdeOnErrSet_errno        000000018000c198 f   toroC64:__cdeOnErrSet_errno.obj
 0001:0000b250       _CdeMemPutNada             000000018000c250 f   toroC64:_CdeMemPutNada.obj
 0001:0000b254       abort                      000000018000c254 f   toroC64:abort.obj
 0001:0000b2bc       fsetposCDEABI              000000018000c2bc f   toroC64:FsetposCDEABI.obj
 0001:0000b2f0       _errnoCORE                 000000018000c2f0 f   toroC64:errnoCORE.obj
 0001:0000b310       longjmp                    000000018000c310 f   toroC64:longjmp64CDEINTRINABI.obj
 0001:0000b3b9       __imp_longjmp              000000018000c3b9     toroC64:longjmp64CDEINTRINABI.obj
 0001:0000b3c1       __cdeLONGJMPCDEINTRINABIAnchor 000000018000c3c1     toroC64:longjmp64CDEINTRINABI.obj
 0001:0000b4e8       raise                      000000018000c4e8 f   toroC64:raise.obj
 0001:0000b578       exit                       000000018000c578 f   toroC64:exit.obj
 0002:00000000       __xc_a                     000000018000d000     toroC64:osifUefiShellEntryPoint.obj
 0002:00000008       __xc_z                     000000018000d008     toroC64:osifUefiShellEntryPoint.obj
 0002:00000010       __xi_a                     000000018000d010     toroC64:osifUefiShellEntryPoint.obj
 0002:00000018       __xi_z                     000000018000d018     toroC64:osifUefiShellEntryPoint.obj
 0002:00000020       __xp_a                     000000018000d020     toroC64:osifUefiShellEntryPoint.obj
 0002:00000028       __xp_z                     000000018000d028     toroC64:osifUefiShellEntryPoint.obj
 0002:00000030       __xt_a                     000000018000d030     toroC64:osifUefiShellEntryPoint.obj
 0002:00000038       __xt_z                     000000018000d038     toroC64:osifUefiShellEntryPoint.obj
 0002:00000040       ??_C@_08JNPLKELO@ACPI000D@ 000000018000d040     ahids.obj
 0002:00000050       ??_C@_0BD@JABFHJLF@Power?5Meter?5Device@ 000000018000d050     ahids.obj
 0002:00000068       ??_C@_08IEOAJFPP@ACPI000E@ 000000018000d068     ahids.obj
 0002:00000078       ??_C@_0BG@DIFJEJMG@Time?5and?5Alarm?5Device@ 000000018000d078     ahids.obj
 0002:00000090       ??_C@_08KPMNMGDM@ACPI000F@ 000000018000d090     ahids.obj
 0002:000000a0       ??_C@_0BP@KJKELAGN@User?5Presence?5Detection?5Device@ 000000018000d0a0     ahids.obj
 0002:000000c0       ??_C@_08NHGKHCHL@ACPI0010@ 000000018000d0c0     ahids.obj
 0002:000000d0       ??_C@_0BL@IANBIBOF@Processor?5Container?5Device@ 000000018000d0d0     ahids.obj
 0002:000000f0       ??_C@_08MOHBEDDK@ACPI0011@ 000000018000d0f0     ahids.obj
 0002:00000100       ??_C@_0BH@IANOKACP@Generic?5Buttons?5Device@ 000000018000d100     ahids.obj
 0002:00000118       ??_C@_08OFFMBAPJ@ACPI0012@ 000000018000d118     ahids.obj
 0002:00000128       ??_C@_0BD@CFDAKCAD@NVDIMM?5Root?5Device@ 000000018000d128     ahids.obj
 0002:00000140       ??_C@_08PMEHCBLI@ACPI0013@ 000000018000d140     ahids.obj
 0002:00000150       ??_C@_0BF@EKLNAOAJ@Generic?5Event?5Device@ 000000018000d150     ahids.obj
 0002:00000168       ??_C@_08LDAGLHHP@ACPI0014@ 000000018000d168     ahids.obj
 0002:00000178       ??_C@_0CC@LGJIFPIF@Wireless?5Power?5Calibration?5Devi@ 000000018000d178     ahids.obj
 0002:000001a0       ??_C@_08KKBNIGDO@ACPI0015@ 000000018000d1a0     ahids.obj
 0002:000001b0       ??_C@_0BL@KABGMHJN@USB4?5host?5interface?5device@ 000000018000d1b0     ahids.obj
 0002:000001d0       ??_C@_08IBDANFPN@ACPI0016@ 000000018000d1d0     ahids.obj
 0002:000001e0       ??_C@_0CB@OGJPDKHD@Compute?5Express?5Link?5Host?5Bridg@ 000000018000d1e0     ahids.obj
 0002:00000208       ??_C@_08LDDOMPBA@ADMA0F28@ 000000018000d208     ahids.obj
 0002:00000218       ??_C@_0BA@DICBJKBA@Intel?5Audio?5DMA@ 000000018000d218     ahids.obj
 0002:00000228       ??_C@_08HJAMNPFD@AMCR0F28@ 000000018000d228     ahids.obj
 0002:00000238       ??_C@_0BL@KDLKCHLB@Intel?5Audio?5Machine?5Driver@ 000000018000d238     ahids.obj
 0002:00000258       ??_C@_07ILFDNBCL@ATK4001@  000000018000d258     ahids.obj
 0002:00000260       ??_C@_0BK@EDAKBAEK@Asus?5Radio?5Control?5Button@ 000000018000d260     ahids.obj
 0002:00000280       ??_C@_08MLHCGFHD@ATML1000@ 000000018000d280     ahids.obj
 0002:00000290       ??_C@_0BN@OMEPJPNI@Atmel?5Touchscreen?5Controller@ 000000018000d290     ahids.obj
 0002:000002b0       ??_C@_08LCLDHOGE@AUTH2750@ 000000018000d2b0     ahids.obj
 0002:000002c0       ??_C@_0BC@LDJACLMH@AuthenTec?5AES2750@ 000000018000d2c0     ahids.obj
 0002:000002d8       ??_C@_07GIMCAGMK@BCM2E39@  000000018000d2d8     ahids.obj
 0002:000002e0       ??_C@_0DH@KKCAJFMD@Broadcom?5BT?5Serial?5Bus?5Driver?5o@ 000000018000d2e0     ahids.obj
 0002:00000318       ??_C@_08IKKCLCGH@BCM4752E@ 000000018000d318     ahids.obj
 0002:00000328       ??_C@_0BI@BBEGIDCE@Broadcom?5GPS?5Controller@ 000000018000d328     ahids.obj
 0002:00000340       ??_C@_07NAPCEDPI@BMG0160@  000000018000d340     ahids.obj
 0002:00000348       ??_C@_0BC@DJEHMKGK@Bosch?5Gyro?5Sensor@ 000000018000d348     ahids.obj
 0002:00000360       ??_C@_08BFDHOAMK@CPLM3218@ 000000018000d360     ahids.obj
 0002:00000370       ??_C@_0CL@DIELNO@Capella?5Micro?5CM3218x?5Ambient?5L@ 000000018000d370     ahids.obj
 0002:000003a0       ??_C@_08KLJIMJFP@DELLABCE@ 000000018000d3a0     ahids.obj
 0002:000003b0       ??_C@_0CB@IFOHLOBF@Dell?5Airplane?5Mode?5Switch?5Drive@ 000000018000d3b0     ahids.obj
 0002:000003d8       ??_C@_08FALLODOB@DLAC3002@ 000000018000d3d8     ahids.obj
 0002:000003e8       ??_C@_0CK@BBCAIAND@Qualcomm?5Atheros?5Bluetooth?5UART@ 000000018000d3e8     ahids.obj
 0002:00000418       ??_C@_08FCMAGCMF@FTTH5506@ 000000018000d418     ahids.obj
 0002:00000428       ??_C@_0CA@JCJMGDCK@FocalTech?55506?5Touch?5Controller@ 000000018000d428     ahids.obj
 0002:00000448       ??_C@_07DJDOPNBL@HAD0F28@  000000018000d448     ahids.obj
 0002:00000450       ??_C@_0BI@IBIKOPBI@Intel?5HDMI?5Audio?5Driver@ 000000018000d450     ahids.obj
 0002:00000468       ??_C@_08KHKPABAE@INBC0000@ 000000018000d468     ahids.obj
 0002:00000478       ??_C@_0O@KBLOPEJO@GPIO?5Expander@ 000000018000d478     ahids.obj
 0002:00000488       ??_C@_07LHDFEMFD@INT0002@  000000018000d488     ahids.obj
 0002:00000490       ??_C@_0BI@EEBGCEOF@Virtual?5GPIO?5Controller@ 000000018000d490     ahids.obj
 0002:000004a8       ??_C@_07EALHAGDO@INT0800@  000000018000d4a8     ahids.obj
 0002:000004b0       ??_C@_0CA@BFALGHEL@Intel?582802?5Firmware?5Hub?5Device@ 000000018000d4b0     ahids.obj
 0002:000004d0       ??_C@_07LLKLAFGE@INT3394@  000000018000d4d0     ahids.obj
 0002:000004d8       ??_C@_0BA@OHPDIMPD@ACPI?5System?5Fan@ 000000018000d4d8     ahids.obj
 0002:000004e8       ??_C@_07IJJNGHOG@INT3396@  000000018000d4e8     ahids.obj
 0002:000004f0       ??_C@_0CF@BLAKBIPK@Standard?5Power?5Management?5Contr@ 000000018000d4f0     ahids.obj
 0002:00000518       ??_C@_07IFCFPJII@INT33A0@  000000018000d518     ahids.obj
 0002:00000520       ??_C@_0CG@BKGDGCKH@Intel?5Smart?5Connect?5Technology?5@ 000000018000d520     ahids.obj
 0002:00000548       ??_C@_07JMDOMIMJ@INT33A1@  000000018000d548     ahids.obj
 0002:00000550       ??_C@_0BD@FBNLCLOP@Intel?5Power?5Engine@ 000000018000d550     ahids.obj
 0002:00000568       ??_C@_07JKGKFMKF@INT33BB@  000000018000d568     ahids.obj
 0002:00000570       ??_C@_0CC@DPHMPFNL@Intel?5Baytrail?5SD?5Host?5Controll@ 000000018000d570     ahids.obj
 0002:00000598       ??_C@_07MMDAPLCD@INT33BD@  000000018000d598     ahids.obj
 0002:000005a0       ??_C@_0BO@HHKDFDHM@Intel?5Baytrail?5Mailbox?5Device@ 000000018000d5a0     ahids.obj
 0002:000005c0       ??_C@_07NFCLMKGC@INT33BE@  000000018000d5c0     ahids.obj
 0002:000005c8       ??_C@_0BF@GJILPOHM@Camera?5Sensor?5OV5693@ 000000018000d5c8     ahids.obj
 0002:000005e0       ??_C@_07IGKBCNOG@INT33C0@  000000018000d5e0     ahids.obj
 0002:000005e8       ??_C@_0CF@HJHCJCCA@Intel?5Serial?5I?1O?5SPI?5Host?5Contr@ 000000018000d5e8     ahids.obj
 0002:00000610       ??_C@_07JPLKBMKH@INT33C1@  000000018000d610     ahids.obj
 0002:00000618       ??_C@_07LEJHEPGE@INT33C2@  000000018000d618     ahids.obj
 0002:00000620       ??_C@_0CF@MDBMMAHJ@Intel?5Serial?5I?1O?5I2C?5Host?5Contr@ 000000018000d620     ahids.obj
 0002:00000648       ??_C@_07KNIMHOCF@INT33C3@  000000018000d648     ahids.obj
 0002:00000650       ??_C@_07OCMNOIOC@INT33C4@  000000018000d650     ahids.obj
 0002:00000658       ??_C@_0CG@NLFIBJJG@Intel?5Serial?5I?1O?5UART?5Host?5Cont@ 000000018000d658     ahids.obj
 0002:00000680       ??_C@_07PLNGNJKD@INT33C5@  000000018000d680     ahids.obj
 0002:00000688       ??_C@_07NAPLIKGA@INT33C6@  000000018000d688     ahids.obj
 0002:00000690       ??_C@_0BJ@CNJMGLGP@Intel?5SD?5Host?5Controller@ 000000018000d690     ahids.obj
 0002:000006b0       ??_C@_07MJOALLCB@INT33C7@  000000018000d6b0     ahids.obj
 0002:000006b8       ??_C@_0CG@JLBIBFDE@Intel?5Serial?5I?1O?5GPIO?5Host?5Cont@ 000000018000d6b8     ahids.obj
 0002:000006e0       ??_C@_07EOHIKHOO@INT33C8@  000000018000d6e0     ahids.obj
 0002:000006e8       ??_C@_0CN@KAHFBPHJ@Intel?5Smart?5Sound?5Technology?5Ho@ 000000018000d6e8     ahids.obj
 0002:00000718       ??_C@_07FHGDJGKP@INT33C9@  000000018000d718     ahids.obj
 0002:00000720       ??_C@_0CG@EDIGABHN@Wolfson?5Microelectronics?5Audio?5@ 000000018000d720     ahids.obj
 0002:00000748       ??_C@_07LAIFGFFB@INT33CA@  000000018000d748     ahids.obj
 0002:00000750       ??_C@_0BF@JOGDLHMB@Intel?5SPB?5Peripheral@ 000000018000d750     ahids.obj
 0002:00000768       ??_C@_07JLKIDGJC@INT33CB@  000000018000d768     ahids.obj
 0002:00000770       ??_C@_0CJ@NGAJNIDJ@Intel?5Smart?5Sound?5Technology?5Au@ 000000018000d770     ahids.obj
 0002:000007a0       ??_C@_07JKPFAKCC@INT33D1@  000000018000d7a0     ahids.obj
 0002:000007a8       ??_C@_0BD@GIGJMNL@Intel?5GPIO?5Buttons@ 000000018000d7a8     ahids.obj
 0002:000007c0       ??_C@_07LBNIFJOB@INT33D2@  000000018000d7c0     ahids.obj
 0002:000007c8       ??_C@_07KIMDGIKA@INT33D3@  000000018000d7c8     ahids.obj
 0002:000007d0       ??_C@_07OHICPOGH@INT33D4@  000000018000d7d0     ahids.obj
 0002:000007d8       ??_C@_07NFLEJMOF@INT33D6@  000000018000d7d8     ahids.obj
 0002:000007e0       ??_C@_0BN@IJEJAJHF@Intel?5Virtual?5Buttons?5Device@ 000000018000d7e0     ahids.obj
 0002:00000800       ??_C@_07IAGKOPAN@INT33F0@  000000018000d800     ahids.obj
 0002:00000808       ??_C@_0BG@ILKLOGO@Camera?5Sensor?5MT9M114@ 000000018000d808     ahids.obj
 0002:00000820       ??_C@_07OEAGCKAJ@INT33F4@  000000018000d820     ahids.obj
 0002:00000828       ??_C@_0BH@IMAIKDDI@XPOWER?5PMIC?5Controller@ 000000018000d828     ahids.obj
 0002:00000840       ??_C@_07PNBNBLEI@INT33F5@  000000018000d840     ahids.obj
 0002:00000848       ??_C@_0BD@NIECAAJE@TI?5PMIC?5Controller@ 000000018000d848     ahids.obj
 0002:00000860       ??_C@_07JNGDPEHJ@INT33FB@  000000018000d860     ahids.obj
 0002:00000868       ??_C@_0BO@JHGJLLKH@MIPI?9CSI?5Camera?5Sensor?5OV2722@ 000000018000d868     ahids.obj
 0002:00000888       ??_C@_07IEHIMFDI@INT33FC@  000000018000d888     ahids.obj
 0002:00000890       ??_C@_0BP@BGOAFBPF@Intel?5Baytrail?5GPIO?5Controller@ 000000018000d890     ahids.obj
 0002:000008b0       ??_C@_07MLDJFDPP@INT33FD@  000000018000d8b0     ahids.obj
 0002:000008b8       ??_C@_0CD@LOLOFCCI@Intel?5Baytrail?5Power?5Management@ 000000018000d8b8     ahids.obj
 0002:000008e0       ??_C@_07NCCCGCLO@INT33FE@  000000018000d8e0     ahids.obj
 0002:000008e8       ??_C@_0BG@GKGECMLN@XPOWER?5Battery?5Device@ 000000018000d8e8     ahids.obj
 0002:00000900       ??_C@_07ENMBMDFG@INT3400@  000000018000d900     ahids.obj
 0002:00000908       ??_C@_0CL@DFEKGEMJ@Intel?5Dynamic?5Power?5Performance@ 000000018000d908     ahids.obj
 0002:00000938       ??_C@_07FENKPCBH@INT3401@  000000018000d938     ahids.obj
 0002:00000940       ??_C@_0CB@OMHEPCLK@Intel?5Extended?5Thermal?5Model?5CP@ 000000018000d940     ahids.obj
 0002:00000968       ??_C@_07GGOMJAJF@INT3403@  000000018000d968     ahids.obj
 0002:00000970       ??_C@_0BI@GNJOBMAM@DPTF?5Temperature?5Sensor@ 000000018000d970     ahids.obj
 0002:00000988       ??_C@_07BLJLGENA@INT3406@  000000018000d988     ahids.obj
 0002:00000990       ??_C@_0DP@FLAAFFOE@Intel?5Dynamic?5Platform?5?$CG?5Therma@ 000000018000d990     ahids.obj
 0002:000009d0       ??_C@_07CIAFFJB@INT3407@   000000018000d9d0     ahids.obj
 0002:000009d8       ??_C@_0BK@PMILPJEL@DPTF?5Platform?5Power?5Meter@ 000000018000d9d8     ahids.obj
 0002:000009f8       ??_C@_07BPIJEOOF@INT340E@  000000018000d9f8     ahids.obj
 0002:00000a00       ??_C@_0BG@JBGEKGEB@Motherboard?5Resources@ 000000018000da00     ahids.obj
 0002:00000a18       ??_C@_07EOEFBHDI@INT3420@  000000018000da18     ahids.obj
 0002:00000a20       ??_C@_0BI@JFMPGOJN@Intel?5Bluetooth?5RF?5Kill@ 000000018000da20     ahids.obj
 0002:00000a38       ??_C@_07MHKEBHLD@INT3F0D@  000000018000da38     ahids.obj
 0002:00000a40       ??_C@_0BL@ENLOGMLO@ACPI?5Motherboard?5Resources@ 000000018000da40     ahids.obj
 0002:00000a60       ??_C@_07ECMDGJAO@INTCF1A@  000000018000da60     ahids.obj
 0002:00000a68       ??_C@_0BK@OEGBHIEG@Sony?5IMX175?5Camera?5Sensor@ 000000018000da68     ahids.obj
 0002:00000a88       ??_C@_07PHBPDAEL@INTCFD9@  000000018000da88     ahids.obj
 0002:00000a90       ??_C@_0CD@NBLGANGD@Intel?5Baytrail?5SOC?5GPIO?5Control@ 000000018000da90     ahids.obj
 0002:00000ab8       ??_C@_08CCOAALJE@INTL9C60@ 000000018000dab8     ahids.obj
 0002:00000ac8       ??_C@_0CC@IEKMEPJP@Intel?5Baytrail?5SOC?5DMA?5Controll@ 000000018000dac8     ahids.obj
 0002:00000af0       ??_C@_08DADOKPJF@INVN6500@ 000000018000daf0     ahids.obj
 0002:00000b00       ??_C@_0DJ@BCNGPNIK@InvenSense?5MPU?96500?5Six?5Axis?5Gy@ 000000018000db00     ahids.obj
 0002:00000b3c       ??_C@_06PONIKAOI@LNXCPU@   000000018000db3c     ahids.obj
 0002:00000b48       ??_C@_0BC@LAKONDKB@Linux?5Logical?5CPU@ 000000018000db48     ahids.obj
 0002:00000b60       ??_C@_08HDFGOMME@LNXPOWER@ 000000018000db60     ahids.obj
 0002:00000b70       ??_C@_0CD@PLJDKOCA@ACPI?5Power?5Resource?5?$CIpower?5gati@ 000000018000db70     ahids.obj
 0002:00000b98       ??_C@_08PHCAILGN@LNXPWRBN@ 000000018000db98     ahids.obj
 0002:00000ba8       ??_C@_0BE@GEBHCHML@System?5Power?5Button@ 000000018000dba8     ahids.obj
 0002:00000bc0       ??_C@_08HIJIMJNE@LNXSYBUS@ 000000018000dbc0     ahids.obj
 0002:00000bd0       ??_C@_0L@FFFMHLOE@System?5Bus@ 000000018000dbd0     ahids.obj
 0002:00000be0       ??_C@_08EFLOKMMG@LNXSYSTM@ 000000018000dbe0     ahids.obj
 0002:00000bf0       ??_C@_0P@LPIBBNBK@ACPI?5Root?5Node@ 000000018000dbf0     ahids.obj
 0002:00000c00       ??_C@_08HEMEFGLN@LNXTHERM@ 000000018000dc00     ahids.obj
 0002:00000c10       ??_C@_0BC@PPPDJAKF@ACPI?5Thermal?5Zone@ 000000018000dc10     ahids.obj
 0002:00000c28       ??_C@_08JHIPGOBE@LNXVIDEO@ 000000018000dc28     ahids.obj
 0002:00000c38       ??_C@_0BG@MJGEIAPJ@ACPI?5Video?5Controller@ 000000018000dc38     ahids.obj
 0002:00000c50       ??_C@_08FMEPMPOF@MAX17047@ 000000018000dc50     ahids.obj
 0002:00000c60       ??_C@_0BG@IKFOHHIJ@Fuel?5Gauge?5Controller@ 000000018000dc60     ahids.obj
 0002:00000c78       ??_C@_08FGMGDEOG@MSFT0101@ 000000018000dc78     ahids.obj
 0002:00000c88       ??_C@_0BI@OMJJLCNA@TPM?52?40?5Security?5Device@ 000000018000dc88     ahids.obj
 0002:00000ca0       ??_C@_07GCOEBOFD@NXP5442@  000000018000dca0     ahids.obj
 0002:00000ca8       ??_C@_0CO@IABHPJHP@NXP?55442?5Near?5Field?5Communicati@ 000000018000dca8     ahids.obj
 0002:00000cd8       ??_C@_07GAKCKAAK@NXP5472@  000000018000dcd8     ahids.obj
 0002:00000ce0       ??_C@_07KPDHLCNA@NXP?5NFC@ 000000018000dce0     ahids.obj
 0002:00000ce8       ??_C@_07HNGGEGMH@PNP0000@  000000018000dce8     ahids.obj
 0002:00000cf0       ??_C@_0DC@BNNPDEOD@8259?9compatible?5Programmable?5In@ 000000018000dcf0     ahids.obj
 0002:00000d28       ??_C@_07GEHNHHIG@PNP0001@  000000018000dd28     ahids.obj
 0002:00000d30       ??_C@_0BK@OMMJDBKM@EISA?5Interrupt?5Controller@ 000000018000dd30     ahids.obj
 0002:00000d50       ??_C@_07EPFACEEF@PNP0002@  000000018000dd50     ahids.obj
 0002:00000d58       ??_C@_0BJ@CHGPODLN@MCA?5Interrupt?5Controller@ 000000018000dd58     ahids.obj
 0002:00000d78       ??_C@_07FGELBFAE@PNP0003@  000000018000dd78     ahids.obj
 0002:00000d80       ??_C@_0BN@IEKMCKFK@IO?9APIC?5Interrupt?5Controller@ 000000018000dd80     ahids.obj
 0002:00000da0       ??_C@_07MFNKCBKC@PNP0100@  000000018000dda0     ahids.obj
 0002:00000da8       ??_C@_0BG@GCHPJLCC@PC?9class?5System?5Timer@ 000000018000dda8     ahids.obj
 0002:00000dc0       ??_C@_07OOPHHCGB@PNP0103@  000000018000ddc0     ahids.obj
 0002:00000dc8       ??_C@_0BC@HMILBLFJ@HPET?5System?5Timer@ 000000018000ddc8     ahids.obj
 0002:00000de0       ??_C@_07NHGPIOEM@PNP0200@  000000018000dde0     ahids.obj
 0002:00000de8       ??_C@_0BI@LGAGBKEJ@PC?9class?5DMA?5Controller@ 000000018000dde8     ahids.obj
 0002:00000e00       ??_C@_07GPNDOJCJ@PNP0300@  000000018000de00     ahids.obj
 0002:00000e08       ??_C@_0CH@LCCGEFBD@IBM?5PC?1XT?5Keyboard?5Controller?5?$CI@ 000000018000de08     ahids.obj
 0002:00000e30       ??_C@_07HGMINIGI@PNP0301@  000000018000de30     ahids.obj
 0002:00000e38       ??_C@_0CH@OABOGKLE@IBM?5PC?1XT?5Keyboard?5Controller?5?$CI@ 000000018000de38     ahids.obj
 0002:00000e60       ??_C@_07FNOFILKL@PNP0302@  000000018000de60     ahids.obj
 0002:00000e68       ??_C@_0CH@HHIBHLJN@IBM?5PC?1XT?5Keyboard?5Controller?5?$CI@ 000000018000de68     ahids.obj
 0002:00000e90       ??_C@_07EEPOLKOK@PNP0303@  000000018000de90     ahids.obj
 0002:00000e98       ??_C@_0DA@KCMPNCAI@IBM?5Enhanced?5Keyboard?5?$CI101?1102?9@ 000000018000de98     ahids.obj
 0002:00000ec8       ??_C@_07PCAENBJA@PNP0400@  000000018000dec8     ahids.obj
 0002:00000ed0       ??_C@_0BL@JMJFCAMJ@Standard?5LPT?5Parallel?5Port@ 000000018000ded0     ahids.obj
 0002:00000ef0       ??_C@_07OLBPOANB@PNP0401@  000000018000def0     ahids.obj
 0002:00000ef8       ??_C@_0BC@MANLEEAO@ECP?5Parallel?5Port@ 000000018000def8     ahids.obj
 0002:00000f10       ??_C@_07EKLILGPF@PNP0500@  000000018000df10     ahids.obj
 0002:00000f18       ??_C@_0BM@MNEOBBOO@Standard?5PC?5COM?5Serial?5Port@ 000000018000df18     ahids.obj
 0002:00000f38       ??_C@_07FDKDIHLE@PNP0501@  000000018000df38     ahids.obj
 0002:00000f40       ??_C@_0CC@JANOAGBF@16550A?9compatible?5COM?5Serial?5Po@ 000000018000df40     ahids.obj
 0002:00000f68       ??_C@_07ELHKNMMC@PNP0510@  000000018000df68     ahids.obj
 0002:00000f70       ??_C@_0BP@GACLOANC@Generic?5IRDA?9compatible?5Device@ 000000018000df70     ahids.obj
 0002:00000f90       ??_C@_07LINCGOCI@PNP0800@  000000018000df90     ahids.obj
 0002:00000f98       ??_C@_0CJ@LJCKCDAA@Microsoft?5Sound?5System?5Compatib@ 000000018000df98     ahids.obj
 0002:00000fc8       ??_C@_07IFMINCPN@PNP0A03@  000000018000dfc8     ahids.obj
 0002:00000fd0       ??_C@_07DELLNICM@PCI?5Bus@ 000000018000dfd0     ahids.obj
 0002:00000fd8       ??_C@_07NDJCHFHL@PNP0A05@  000000018000dfd8     ahids.obj
 0002:00000fe0       ??_C@_0BJ@CFLPFKOE@Generic?5Container?5Device@ 000000018000dfe0     ahids.obj
 0002:00001000       ??_C@_07PILPCGLI@PNP0A06@  000000018000e000     ahids.obj
 0002:00001008       ??_C@_07GGDMALDG@PNP0A08@  000000018000e008     ahids.obj
 0002:00001010       ??_C@_0BA@PGPOBHCJ@PCI?5Express?5Bus@ 000000018000e010     ahids.obj
 0002:00001020       ??_C@_07LMFACONA@PNP0B00@  000000018000e020     ahids.obj
 0002:00001028       ??_C@_0BD@FGKBOAIF@AT?5Real?9Time?5Clock@ 000000018000e028     ahids.obj
 0002:00001040       ??_C@_07KFELBPJB@PNP0B01@  000000018000e040     ahids.obj
 0002:00001048       ??_C@_0CH@DGIPJCPO@Intel?5PIIX4?9compatible?5RTC?1CMOS@ 000000018000e048     ahids.obj
 0002:00001070       ??_C@_07IOGGEMFC@PNP0B02@  000000018000e070     ahids.obj
 0002:00001078       ??_C@_0DA@GHGMNOJI@Dallas?5Semiconductor?9compatible@ 000000018000e078     ahids.obj
 0002:000010a8       ??_C@_07BNPHHIPE@PNP0C01@  000000018000e0a8     ahids.obj
 0002:000010b0       ??_C@_0N@HLGBMJKK@System?5Board@ 000000018000e0b0     ahids.obj
 0002:000010c0       ??_C@_07DGNKCLDH@PNP0C02@  000000018000e0c0     ahids.obj
 0002:000010c8       ??_C@_0BK@FPIGHIDA@PNP?5Motherboard?5Resources@ 000000018000e0c8     ahids.obj
 0002:000010e8       ??_C@_07GAIAIMLB@PNP0C04@  000000018000e0e8     ahids.obj
 0002:000010f0       ??_C@_0CO@GPGFBND@x87?9compatible?5Floating?5Point?5P@ 000000018000e0f0     ahids.obj
 0002:00001120       ??_C@_07MMDFMDLN@PNP0C08@  000000018000e120     ahids.obj
 0002:00001128       ??_C@_0BD@HKDLDEEA@ACPI?5Core?5Hardware@ 000000018000e128     ahids.obj
 0002:00001140       ??_C@_07NFCOPCPM@PNP0C09@  000000018000e140     ahids.obj
 0002:00001148       ??_C@_0BL@DPMADKJG@Embedded?5Controller?5Device@ 000000018000e148     ahids.obj
 0002:00001168       ??_C@_07DCMIABAC@PNP0C0A@  000000018000e168     ahids.obj
 0002:00001170       ??_C@_0BH@DBFPFLPI@Control?5Method?5Battery@ 000000018000e170     ahids.obj
 0002:00001188       ??_C@_07BJOFFCMB@PNP0C0B@  000000018000e188     ahids.obj
 0002:00001190       ??_C@_0BH@JIJIENLK@Fan?5?$CIThermal?5Solution?$CJ@ 000000018000e190     ahids.obj
 0002:000011a8       ??_C@_07POGDIA@PNP0C0C@    000000018000e1a8     ahids.obj
 0002:000011b0       ??_C@_0BE@NLFDGGKL@Power?5Button?5Device@ 000000018000e1b0     ahids.obj
 0002:000011c8       ??_C@_07EPLPPFEH@PNP0C0D@  000000018000e1c8     ahids.obj
 0002:000011d0       ??_C@_0L@BHPLNAIB@Lid?5Device@ 000000018000e1d0     ahids.obj
 0002:000011e0       ??_C@_07FGKEMEAG@PNP0C0E@  000000018000e1e0     ahids.obj
 0002:000011e8       ??_C@_0BE@HLHLLPDA@Sleep?5Button?5Device@ 000000018000e1e8     ahids.obj
 0002:00001200       ??_C@_07HNIJJHMF@PNP0C0F@  000000018000e200     ahids.obj
 0002:00001208       ??_C@_0BK@CEAOKMFI@PCI?5Interrupt?5Link?5Device@ 000000018000e208     ahids.obj
 0002:00001228       ??_C@_07FCOCDIC@PNP0C10@   000000018000e228     ahids.obj
 0002:00001230       ??_C@_0BI@CBNPLKEP@System?5Indicator?5Device@ 000000018000e230     ahids.obj
 0002:00001248       ??_C@_07BMDFBCMD@PNP0C11@  000000018000e248     ahids.obj
 0002:00001250       ??_C@_0N@HFCLDNDF@Thermal?5Zone@ 000000018000e250     ahids.obj
 0002:00001260       ??_C@_07DHBIEBAA@PNP0C12@  000000018000e260     ahids.obj
 0002:00001268       ??_C@_0BG@DFFEFFLI@Device?5Bay?5Controller@ 000000018000e268     ahids.obj
 0002:00001280       ??_C@_07GBECOGIG@PNP0C14@  000000018000e280     ahids.obj
 0002:00001288       ??_C@_0CK@OABDNIEK@Windows?5Management?5Instrumentat@ 000000018000e288     ahids.obj
 0002:000012b8       ??_C@_07HIFJNHMH@PNP0C15@  000000018000e2b8     ahids.obj
 0002:000012c0       ??_C@_0BA@BCAHNJPL@Docking?5Station@ 000000018000e2c0     ahids.obj
 0002:000012d0       ??_C@_07CNIHKECP@PNP0C33@  000000018000e2d0     ahids.obj
 0002:000012d8       ??_C@_0N@LDADDBJK@Error?5Device@ 000000018000e2d8     ahids.obj
 0002:000012e8       ??_C@_07DOFOBGJ@PNP0C40@   000000018000e2e8     ahids.obj
 0002:000012f0       ??_C@_0BL@BNIFNEOI@Standard?5Button?5Controller@ 000000018000e2f0     ahids.obj
 0002:00001310       ??_C@_07CCHILFO@PNP0C50@   000000018000e310     ahids.obj
 0002:00001318       ??_C@_0BO@PILGHBCB@HID?5Protocol?5Device?5?$CII2C?5bus?$CJ@ 000000018000e318     ahids.obj
 0002:00001338       ??_C@_07GBDFAH@PNP0C60@    000000018000e338     ahids.obj
 0002:00001340       ??_C@_0BG@OGDEFHHK@Display?5Sensor?5Device@ 000000018000e340     ahids.obj
 0002:00001358       ??_C@_07BKDFPDA@PNP0C70@   000000018000e358     ahids.obj
 0002:00001360       ??_C@_0BD@DIADHNKF@Dock?5Sensor?5Device@ 000000018000e360     ahids.obj
 0002:00001378       ??_C@_07KPPBIAN@PNP0C80@   000000018000e378     ahids.obj
 0002:00001380       ??_C@_0O@GDBKKNEE@Memory?5Device@ 000000018000e380     ahids.obj
 0002:00001390       ??_C@_07JIPJBLDL@PNP0D10@  000000018000e390     ahids.obj
 0002:00001398       ??_C@_0BP@EHDECEKL@XHCI?5USB?5Controller?5with?5debug@ 000000018000e398     ahids.obj
 0002:000013b8       ??_C@_07OFIOOPHO@PNP0D15@  000000018000e3b8     ahids.obj
 0002:000013c0       ??_C@_0CC@OJBNBCCC@XHCI?5USB?5Controller?5without?5deb@ 000000018000e3c0     ahids.obj
 0002:000013e8       ??_C@_07JKLPKFGC@PNP0D20@  000000018000e3e8     ahids.obj
 0002:000013f0       ??_C@_0CC@IFEDJBJO@EHCI?5USB?5Controller?5without?5deb@ 000000018000e3f0     ahids.obj
 0002:00001418       ??_C@_07OHMIFBCH@PNP0D25@  000000018000e418     ahids.obj
 0002:00001420       ??_C@_0BP@OLANKEKG@EHCI?5USB?5Controller?5with?5debug@ 000000018000e420     ahids.obj
 0002:00001440       ??_C@_07JODCNJNA@PNP0D40@  000000018000e440     ahids.obj
 0002:00001448       ??_C@_0CK@DGLALCHI@SDA?5Standard?5Compliant?5SD?5Host?5@ 000000018000e448     ahids.obj
 0002:00001478       ??_C@_07JHCICALE@PNP0D80@  000000018000e478     ahids.obj
 0002:00001480       ??_C@_0DG@JKPPCMNB@Windows?9compatible?5System?5Power@ 000000018000e480     ahids.obj
 0002:000014b8       ??_C@_07BIBPOKEE@PNP0F03@  000000018000e4b8     ahids.obj
 0002:000014c0       ??_C@_0BL@FBKHCBNK@Microsoft?5PS?12?9style?5Mouse@ 000000018000e4c0     ahids.obj
 0002:000014e0       ??_C@_07BJNNIAHD@PNP0F13@  000000018000e4e0     ahids.obj
 0002:000014e8       ??_C@_0L@FBIAGOPJ@PS?12?5Mouse@ 000000018000e4e8     ahids.obj
 0002:000014f8       ??_C@_07NPHLEAP@RTL8723@   000000018000e4f8     ahids.obj
 0002:00001500       ??_C@_0BM@OPLHPPDM@Realtek?5Wireless?5Controller@ 000000018000e500     ahids.obj
 0002:00001520       ??_C@_07EIGBEEFC@SMB0349@  000000018000e520     ahids.obj
 0002:00001528       ??_C@_07DAMIFFEP@Charger@  000000018000e528     ahids.obj
 0002:00001530       ??_C@_07NGNFCOGP@SMO91D0@  000000018000e530     ahids.obj
 0002:00001538       ??_C@_0L@FFBAJKMJ@Sensor?5Hub@ 000000018000e538     ahids.obj
 0002:00001548       ??_C@_08NNLNJPA@SMSC3750@  000000018000e548     ahids.obj
 0002:00001558       ??_C@_0BC@MKDLJKKH@SMSC?53750?5USB?5MUX@ 000000018000e558     ahids.obj
 0002:00001570       ??_C@_08OAKPJCKO@SSPX0000@ 000000018000e570     ahids.obj
 0002:00001580       ??_C@_0BB@KJIEFPCB@Intel?5SSP?5Device@ 000000018000e580     ahids.obj
 0002:00001598       ??_C@_08DNMFBLBI@TBQ24296@ 000000018000e598     ahids.obj
 0002:000015b0       AslDeviceIds               000000018000e5b0     ahids.obj
 0002:00001fb0       ??_C@_08HKCLKFJF@10EC5640@ 000000018000efb0     ahids.obj
 0002:00001fc0       ??_C@_0BI@DCOACFJG@Realtek?5I2S?5Audio?5Codec@ 000000018000efc0     ahids.obj
 0002:00001fd8       ??_C@_08HFMMACCO@80860F09@ 000000018000efd8     ahids.obj
 0002:00001fe8       ??_C@_0BF@KENLPBJO@Intel?5PWM?5Controller@ 000000018000efe8     ahids.obj
 0002:00002000       ??_C@_08JCCKPBNA@80860F0A@ 000000018000f000     ahids.obj
 0002:00002010       ??_C@_0BL@NMCJOMCL@Intel?5Atom?5UART?5Controller@ 000000018000f010     ahids.obj
 0002:00002030       ??_C@_08PGEGDENE@80860F0E@ 000000018000f030     ahids.obj
 0002:00002040       ??_C@_0BF@BANCFLLB@Intel?5SPI?5Controller@ 000000018000f040     ahids.obj
 0002:00002058       ??_C@_08MBKABGFE@80860F14@ 000000018000f058     ahids.obj
 0002:00002068       ??_C@_0CI@EMKCNGGA@Intel?5Baytrail?5SDIO?1MMC?5Host?5Co@ 000000018000f068     ahids.obj
 0002:00002090       ??_C@_08GPFDOHAB@80860F28@ 000000018000f090     ahids.obj
 0002:000020a0       ??_C@_0BE@LOOOLLFF@Intel?5SST?5Audio?5DSP@ 000000018000f0a0     ahids.obj
 0002:000020b8       ??_C@_08LKBMCAPK@80860F41@ 000000018000f0b8     ahids.obj
 0002:000020c8       ??_C@_0CD@KGBEPOKE@Intel?5Baytrail?5I2C?5Host?5Control@ 000000018000f0c8     ahids.obj
 0002:000020f0       ??_C@_08MPLDCJAN@ACPI0001@ 000000018000f0f0     ahids.obj
 0002:00002100       ??_C@_0BK@MCBLEEBM@SMBus?51?40?5Host?5Controller@ 000000018000f100     ahids.obj
 0002:00002120       ??_C@_08OEJOHKMO@ACPI0002@ 000000018000f120     ahids.obj
 0002:00002130       ??_C@_0BI@JBKFIMCE@Smart?5Battery?5Subsystem@ 000000018000f130     ahids.obj
 0002:00002148       ??_C@_08PNIFELIP@ACPI0003@ 000000018000f148     ahids.obj
 0002:00002158       ??_C@_0BE@EFMPIDDC@Power?5Source?5Device@ 000000018000f158     ahids.obj
 0002:00002170       ??_C@_08LCMENNEI@ACPI0004@ 000000018000f170     ahids.obj
 0002:00002180       ??_C@_0O@PLCGGNIC@Module?5Device@ 000000018000f180     ahids.obj
 0002:00002190       ??_C@_08KLNPOMAJ@ACPI0005@ 000000018000f190     ahids.obj
 0002:000021a0       ??_C@_0BK@GNLCAJNG@SMBus?52?40?5Host?5Controller@ 000000018000f1a0     ahids.obj
 0002:000021c0       ??_C@_08IAPCLPMK@ACPI0006@ 000000018000f1c0     ahids.obj
 0002:000021d0       ??_C@_0BB@BDGKEPIC@GPE?5Block?5Device@ 000000018000f1d0     ahids.obj
 0002:000021e8       ??_C@_08JJOJIOIL@ACPI0007@ 000000018000f1e8     ahids.obj
 0002:000021f8       ??_C@_0BB@GIBGBIIA@Processor?5Device@ 000000018000f1f8     ahids.obj
 0002:00002210       ??_C@_08BOHBJCEE@ACPI0008@ 000000018000f210     ahids.obj
 0002:00002220       ??_C@_0BM@MGDPGGJE@Ambient?5Light?5Sensor?5Device@ 000000018000f220     ahids.obj
 0002:00002240       ??_C@_08HGKKDAF@ACPI0009@  000000018000f240     ahids.obj
 0002:00002250       ??_C@_0BB@FLBEDEG@I?1O?5xAPIC?5Device@ 000000018000f250     ahids.obj
 0002:00002268       ??_C@_08OAIMFAPL@ACPI000A@ 000000018000f268     ahids.obj
 0002:00002278       ??_C@_0BA@LNDLGGME@I?1O?5APIC?5Device@ 000000018000f278     ahids.obj
 0002:00002288       ??_C@_08MLKBADDI@ACPI000B@ 000000018000f288     ahids.obj
 0002:00002298       ??_C@_0BB@FBAGLHBA@I?1O?5SAPIC?5Device@ 000000018000f298     ahids.obj
 0002:000022b0       ??_C@_08NCLKDCHJ@ACPI000C@ 000000018000f2b0     ahids.obj
 0002:000022c0       ??_C@_0BM@JFNELCAF@Processor?5Aggregator?5Device@ 000000018000f2c0     ahids.obj
 0002:000022e0       ??_C@_0M@EKHMGPKL@Access?5Size@ 000000018000f2e0     ahpredef.obj
 0002:000022ec       ??_C@_04BFFEHBJM@_ATT@     000000018000f2ec     ahpredef.obj
 0002:000022f8       ??_C@_0BI@LPAKLDBP@Type?9Specific?5Attribute@ 000000018000f2f8     ahpredef.obj
 0002:00002310       ??_C@_04FCENCJCO@_BAS@     000000018000f310     ahpredef.obj
 0002:00002318       ??_C@_0N@JILGGLPE@Base?5Address@ 000000018000f318     ahpredef.obj
 0002:00002328       ??_C@_0CO@EEJGAJLA@Range?5base?5address?0?5Resource?5De@ 000000018000f328     ahpredef.obj
 0002:00002358       ??_C@_04KPGHPLGL@_BBN@     000000018000f358     ahpredef.obj
 0002:00002360       ??_C@_0BA@PPBALHEI@BIOS?5Bus?5Number@ 000000018000f360     ahpredef.obj
 0002:00002370       ??_C@_0DA@PJFAHLEF@Returns?5the?5PCI?5bus?5number?5retu@ 000000018000f370     ahpredef.obj
 0002:000023a0       ??_C@_04JMJDPDNO@_BCL@     000000018000f3a0     ahpredef.obj
 0002:000023a8       ??_C@_0BK@OKNEOCLN@Brightness?5Control?5Levels@ 000000018000f3a8     ahpredef.obj
 0002:000023c8       ??_C@_0DG@IDJMPAIC@Returns?5a?5list?5of?5supported?5bri@ 000000018000f3c8     ahpredef.obj
 0002:00002400       ??_C@_04IFIIMCJP@_BCM@     000000018000f400     ahpredef.obj
 0002:00002408       ??_C@_0BK@MDMMFIHL@Brightness?5Control?5Method@ 000000018000f408     ahpredef.obj
 0002:00002428       ??_C@_0DA@MNAMLFCD@Sets?5the?5brightness?5level?5of?5th@ 000000018000f428     ahpredef.obj
 0002:00002458       ??_C@_04BOIIGLIH@_BCT@     000000018000f458     ahpredef.obj
 0002:00002460       ??_C@_0BE@OGCFHBIH@Battery?5Charge?5Time@ 000000018000f460     ahpredef.obj
 0002:00002478       ??_C@_0DE@MLMCKKIN@Returns?5time?5remaining?5to?5compl@ 000000018000f478     ahpredef.obj
 0002:000024ac       ??_C@_04KLOKIHNJ@_BDN@     000000018000f4ac     ahpredef.obj
 0002:000024b8       ??_C@_0P@KBEJPPB@BIOS?5Dock?5Name@ 000000018000f4b8     ahpredef.obj
 0002:000024c8       ??_C@_0CJ@GIOFLCFC@Returns?5the?5Dock?5ID?5returned?5by@ 000000018000f4c8     ahpredef.obj
 0002:000024f4       ??_C@_04FHACDPKL@_BFS@     000000018000f4f4     ahpredef.obj
 0002:00002500       ??_C@_0BA@DACDDOFM@Back?5From?5Sleep@ 000000018000f500     ahpredef.obj
 0002:00002510       ??_C@_0BL@GFMOCOHC@Inform?5AML?5of?5a?5wake?5event@ 000000018000f510     ahpredef.obj
 0002:0000252c       ??_C@_04GLOLJOIC@_BIF@     000000018000f52c     ahpredef.obj
 0002:00002538       ??_C@_0BE@LJPFGHLK@Battery?5Information@ 000000018000f538     ahpredef.obj
 0002:00002550       ??_C@_0DD@IHFCNECK@Returns?5a?5Control?5Method?5Batter@ 000000018000f550     ahpredef.obj
 0002:00002584       ??_C@_04LPKKKBFN@_BIX@     000000018000f584     ahpredef.obj
 0002:00002590       ??_C@_0BN@DFNPBPBO@Battery?5Information?5Extended@ 000000018000f590     ahpredef.obj
 0002:000025b0       ??_C@_0DM@JIPNEDNG@Returns?5a?5Control?5Method?5Batter@ 000000018000f5b0     ahpredef.obj
 0002:000025ec       ??_C@_04BFNECMLK@_BLT@     000000018000f5ec     ahpredef.obj
 0002:000025f8       ??_C@_0BI@JAAIPKHC@Battery?5Level?5Threshold@ 000000018000f5f8     ahpredef.obj
 0002:00002610       ??_C@_0CI@BFDJOKBB@Set?5battery?5level?5threshold?5pre@ 000000018000f610     ahpredef.obj
 0002:00002638       ??_C@_04PHOCJPEG@_BM_@     000000018000f638     ahpredef.obj
 0002:00002640       ??_C@_0L@NFCKEKIK@Bus?5Master@ 000000018000f640     ahpredef.obj
 0002:0000264c       ??_C@_04CDKDKAJJ@_BMA@     000000018000f64c     ahpredef.obj
 0002:00002658       ??_C@_0CH@NKBCCNOF@Battery?5Measurement?5Averaging?5I@ 000000018000f658     ahpredef.obj
 0002:00002680       ??_C@_0CM@PCKGNGGP@Sets?5battery?5measurement?5averag@ 000000018000f680     ahpredef.obj
 0002:000026ac       ??_C@_04BBJFMCBL@_BMC@     000000018000f6ac     ahpredef.obj
 0002:000026b8       ??_C@_0BM@OFIGFPLB@Battery?5Maintenance?5Control@ 000000018000f6b8     ahpredef.obj
 0002:000026d8       ??_C@_0CO@JKBPFDGH@Sets?5battery?5maintenance?5and?5co@ 000000018000f6d8     ahpredef.obj
 0002:00002708       ??_C@_04FONEFENM@_BMD@     000000018000f708     ahpredef.obj
 0002:00002710       ??_C@_0BJ@INOPNDFN@Battery?5Maintenance?5Data@ 000000018000f710     ahpredef.obj
 0002:00002730       ??_C@_0DF@GFONJJDG@Returns?5battery?5maintenance?0?5co@ 000000018000f730     ahpredef.obj
 0002:00002768       ??_C@_04FLFHNAEK@_BMS@     000000018000f768     ahpredef.obj
 0002:00002770       ??_C@_0CC@DGOCKAFK@Battery?5Measurement?5Sampling?5Ti@ 000000018000f770     ahpredef.obj
 0002:00002798       ??_C@_0CL@NCBJNPMN@Sets?5the?5battery?5measurement?5sa@ 000000018000f798     ahpredef.obj
 0002:000027c4       ??_C@_04FGLPCDI@_BPC@      000000018000f7c4     ahpredef.obj
 0002:000027d0       ??_C@_0BO@PGCGFODG@Battery?5Power?5Characteristics@ 000000018000f7d0     ahpredef.obj
 0002:000027f0       ??_C@_0FJ@PMFNLAHK@Returns?5static?5values?5used?5to?5c@ 000000018000f7f0     ahpredef.obj
 0002:0000284c       ??_C@_04EPKJOAGJ@_BPS@     000000018000f84c     ahpredef.obj
 0002:00002858       ??_C@_0BE@OONFAAPF@Battery?5Power?5State@ 000000018000f858     ahpredef.obj
 0002:00002870       ??_C@_0EL@PFOEBLOF@Returns?5the?5power?5delivery?5capa@ 000000018000f870     ahpredef.obj
 0002:000028bc       ??_C@_04OIHGKO@_BPT@       000000018000f8bc     ahpredef.obj
 0002:000028c8       ??_C@_0BI@MOCELFKG@Battery?5Power?5Threshold@ 000000018000f8c8     ahpredef.obj
 0002:000028e0       ??_C@_0DO@DKGDBHMG@Set?5a?5relative?5battery?5peak?5pow@ 000000018000f8e0     ahpredef.obj
 0002:00002920       ??_C@_04EKJJIAP@_BQC@      000000018000f920     ahpredef.obj
 0002:00002928       ??_C@_0BJ@NACINBDP@Brightness?5Query?5Current@ 000000018000f928     ahpredef.obj
 0002:00002948       ??_C@_0CN@LCGAIKHH@Returns?5the?5current?5display?5bri@ 000000018000f948     ahpredef.obj
 0002:00002978       ??_C@_04CKOMIPH@_BST@      000000018000f978     ahpredef.obj
 0002:00002980       ??_C@_0P@OEGCNJHA@Battery?5Status@ 000000018000f980     ahpredef.obj
 0002:00002990       ??_C@_0CO@EJEKCKMF@Returns?5a?5Control?5Method?5Batter@ 000000018000f990     ahpredef.obj
 0002:000029c0       ??_C@_04OBJGIDCP@_BTH@     000000018000f9c0     ahpredef.obj
 0002:000029c8       ??_C@_0BH@EOHAKEBH@Battery?5Throttle?5Limit@ 000000018000f9c8     ahpredef.obj
 0002:000029e0       ??_C@_0CL@MPPKPJIN@Thermal?5limit?5for?5charging?5and?5@ 000000018000f9e0     ahpredef.obj
 0002:00002a0c       ??_C@_04JMOBHHGK@_BTM@     000000018000fa0c     ahpredef.obj
 0002:00002a18       ??_C@_0N@HKBBGNLC@Battery?5Time@ 000000018000fa18     ahpredef.obj
 0002:00002a28       ??_C@_0BM@OADCOJOI@Returns?5the?5battery?5runtime@ 000000018000fa28     ahpredef.obj
 0002:00002a44       ??_C@_04GDINBLHG@_BTP@     000000018000fa44     ahpredef.obj
 0002:00002a50       ??_C@_0BD@KGPPPLAE@Battery?5Trip?5Point@ 000000018000fa50     ahpredef.obj
 0002:00002a68       ??_C@_0CJ@JMAIFMFG@Sets?5a?5Control?5Method?5Battery?5t@ 000000018000fa68     ahpredef.obj
 0002:00002a94       ??_C@_04JAEDIAMB@_CBA@     000000018000fa94     ahpredef.obj
 0002:00002aa0       ??_C@_0BL@NMPOKCPA@Configuration?5Base?5Address@ 000000018000faa0     ahpredef.obj
 0002:00002ac0       ??_C@_0DE@JPAFDMHE@Sets?5the?5base?5address?5for?5a?5PCI@ 000000018000fac0     ahpredef.obj
 0002:00002af4       ??_C@_04PBKMMBFD@_CBR@     000000018000faf4     ahpredef.obj
 0002:00002b00       ??_C@_0BO@CMBLCAAP@CXL?5Host?5Bridge?5Register?5Info@ 000000018000fb00     ahpredef.obj
 0002:00002b20       ??_C@_0DF@EICOCKEB@Get?5the?5memory?5location?5of?5CXL?5@ 000000018000fb20     ahpredef.obj
 0002:00002b58       ??_C@_04JBIBOKPG@_CCA@     000000018000fb58     ahpredef.obj
 0002:00002b60       ??_C@_0BK@KCKIMKHB@Cache?5Coherency?5Attribute@ 000000018000fb60     ahpredef.obj
 0002:00002b80       ??_C@_0DF@KLJOMNHG@Returns?5a?5device?8s?5support?5leve@ 000000018000fb80     ahpredef.obj
 0002:00002bb8       ??_C@_04DIHLLDHP@_CDM@     000000018000fbb8     ahpredef.obj
 0002:00002bc0       ??_C@_0N@BEIOLMMK@Clock?5Domain@ 000000018000fbc0     ahpredef.obj
 0002:00002bd0       ??_C@_0DG@EDILJFEB@Returns?5a?5logical?5processor?8s?5c@ 000000018000fbd0     ahpredef.obj
 0002:00002c08       ??_C@_04OBGBJLGF@_CID@     000000018000fc08     ahpredef.obj
 0002:00002c10       ??_C@_0O@FHKPNLML@Compatible?5ID@ 000000018000fc10     ahpredef.obj
 0002:00002c20       ??_C@_0DE@NGLMNJHO@Returns?5a?5device?8s?5Plug?5and?5Pla@ 000000018000fc20     ahpredef.obj
 0002:00002c54       ??_C@_04OCCJNNBI@_CLS@     000000018000fc54     ahpredef.obj
 0002:00002c60       ??_C@_0L@IIKACAMF@Class?5Code@ 000000018000fc60     ahpredef.obj
 0002:00002c70       ??_C@_0CE@EFPFOBCO@Returns?5PCI?5class?5code?5and?5subc@ 000000018000fc70     ahpredef.obj
 0002:00002c94       ??_C@_04LNNHJFFN@_CPC@     000000018000fc94     ahpredef.obj
 0002:00002ca0       ??_C@_0BP@CBPDGLCL@Continuous?5Performance?5Control@ 000000018000fca0     ahpredef.obj
 0002:00002cc0       ??_C@_0DB@GKEGODJL@Returns?5a?5list?5of?5performance?5c@ 000000018000fcc0     ahpredef.obj
 0002:00002cf4       ??_C@_04JBGMDIMF@_CR3@     000000018000fcf4     ahpredef.obj
 0002:00002d00       ??_C@_0BJ@DGMCMCFN@Warm?1Standby?5Temperature@ 000000018000fd00     ahpredef.obj
 0002:00002d20       ??_C@_0CH@ONKPPHBO@Temperature?5for?5a?5fast?5low?5powe@ 000000018000fd20     ahpredef.obj
 0002:00002d48       ??_C@_04PEJBFDGC@_CRS@     000000018000fd48     ahpredef.obj
 0002:00002d50       ??_C@_0BK@MOPGBEDG@Current?5Resource?5Settings@ 000000018000fd50     ahpredef.obj
 0002:00002d70       ??_C@_0DD@MJIEBGFB@Returns?5the?5current?5resource?5se@ 000000018000fd70     ahpredef.obj
 0002:00002da4       ??_C@_04LLNAMFKF@_CRT@     000000018000fda4     ahpredef.obj
 0002:00002db0       ??_C@_0BF@FKBCCMGC@Critical?5Temperature@ 000000018000fdb0     ahpredef.obj
 0002:00002dc8       ??_C@_0CK@BEEGOGIG@Returns?5the?5shutdown?5critical?5t@ 000000018000fdc8     ahpredef.obj
 0002:00002df4       ??_C@_04PANALNMD@_CSD@     000000018000fdf4     ahpredef.obj
 0002:00002e00       ??_C@_0BF@BMFHEDHB@C?9State?5Dependencies@ 000000018000fe00     ahpredef.obj
 0002:00002e18       ??_C@_0CH@LIEPLFFE@Returns?5a?5list?5of?5C?9state?5depen@ 000000018000fe18     ahpredef.obj
 0002:00002e40       ??_C@_04LKBCKPJC@_CST@     000000018000fe40     ahpredef.obj
 0002:00002e48       ??_C@_08BEBFFFCB@C?9States@ 000000018000fe48     ahpredef.obj
 0002:00002e58       ??_C@_0CF@EEHNFJIO@Returns?5a?5list?5of?5supported?5C?9s@ 000000018000fe58     ahpredef.obj
 0002:00002e80       ??_C@_04PCFKJBIJ@_CWS@     000000018000fe80     ahpredef.obj
 0002:00002e88       ??_C@_0BI@EDEHNMEN@Clear?5Wake?5Alarm?5Status@ 000000018000fe88     ahpredef.obj
 0002:00002ea0       ??_C@_0CA@FDHPBNHC@Clear?5the?5status?5of?5wake?5alarms@ 000000018000fea0     ahpredef.obj
 0002:00002ec0       ??_C@_04DKCBFOGM@_DBT@     000000018000fec0     ahpredef.obj
 0002:00002ec8       ??_C@_0BB@CBNAPPMF@Debounce?5Timeout@ 000000018000fec8     ahpredef.obj
 0002:00002ee0       ??_C@_0CJ@LKPIFLHB@Timeout?5value?0?5Resource?5Descrip@ 000000018000fee0     ahpredef.obj
 0002:00002f0c       ??_C@_04PGLJDKMF@_DCK@     000000018000ff0c     ahpredef.obj
 0002:00002f18       ??_C@_0N@HIMBFHPP@Dock?5Present@ 000000018000ff18     ahpredef.obj
 0002:00002f30       ??_C@_0EH@EMGDNHAO@Sets?5docking?5isolation?4?5Presenc@ 000000018000ff30     ahpredef.obj
 0002:00002f78       ??_C@_04HEKCKCJM@_DCS@     000000018000ff78     ahpredef.obj
 0002:00002f80       ??_C@_0BH@OACNEHAA@Display?5Current?5Status@ 000000018000ff80     ahpredef.obj
 0002:00002f98       ??_C@_0CM@ODGMILJK@Returns?5status?5of?5the?5display?5o@ 000000018000ff98     ahpredef.obj
 0002:00002fc4       ??_C@_04DLCPKGEI@_DDC@     000000018000ffc4     ahpredef.obj
 0002:00002fd0       ??_C@_0BF@LEIBCEJK@Display?5Data?5Current@ 000000018000ffd0     ahpredef.obj
 0002:00002fe8       ??_C@_0CP@CKJPDMH@Returns?5the?5EDID?5for?5the?5displa@ 000000018000ffe8     ahpredef.obj
 0002:00003018       ??_C@_04IOIBNIAF@_DDN@     0000000180010018     ahpredef.obj
 0002:00003020       ??_C@_0BA@DKIHBHKC@DOS?5Device?5Name@ 0000000180010020     ahpredef.obj
 0002:00003030       ??_C@_0BO@ONJNKBMB@Returns?5a?5device?5logical?5name@ 0000000180010030     ahpredef.obj
 0002:00003050       ??_C@_04DKONMMHP@_DEC@     0000000180010050     ahpredef.obj
 0002:00003058       ??_C@_06GAGNPJNE@Decode@   0000000180010058     ahpredef.obj
 0002:00003060       ??_C@_0DA@GFPBFEBL@Device?5decoding?5type?0?5Resource?5@ 0000000180010060     ahpredef.obj
 0002:00003090       ??_C@_04FLACINON@_DEP@     0000000180010090     ahpredef.obj
 0002:00003098       ??_C@_0N@NGAKLGK@Dependencies@ 0000000180010098     ahpredef.obj
 0002:000030a8       ??_C@_0DA@MKODLPAO@Returns?5a?5list?5of?5operation?5reg@ 00000001800100a8     ahpredef.obj
 0002:000030d8       ??_C@_04HDKLAKEA@_DGS@     00000001800100d8     ahpredef.obj
 0002:000030e0       ??_C@_0BH@MFJOMOEM@Display?5Graphics?5State@ 00000001800100e0     ahpredef.obj
 0002:000030f8       ??_C@_0CO@NKOLPLCJ@Return?5the?5current?5state?5of?5the@ 00000001800100f8     ahpredef.obj
 0002:00003128       ??_C@_04HJDFCHEK@_DIS@     0000000180010128     ahpredef.obj
 0002:00003130       ??_C@_0P@FINCEHAG@Disable?5Device@ 0000000180010130     ahpredef.obj
 0002:00003140       ??_C@_0BC@KAGGJPCP@Disables?5a?5device@ 0000000180010140     ahpredef.obj
 0002:00003154       ??_C@_04KLLPNKHO@_DLM@     0000000180010154     ahpredef.obj
 0002:00003160       ??_C@_0BC@PJFPOLFG@Device?5Lock?5Mutex@ 0000000180010160     ahpredef.obj
 0002:00003178       ??_C@_0CB@FHNCAAHD@Defines?5mutex?5for?5OS?1AML?5sharin@ 0000000180010178     ahpredef.obj
 0002:0000319c       ??_C@_04GMIPPEF@_DMA@      000000018001019c     ahpredef.obj
 0002:000031a8       ??_C@_0BF@IKKPLAG@Direct?5Memory?5Access@ 00000001800101a8     ahpredef.obj
 0002:000031c0       ??_C@_0EK@NOEENPKE@Returns?5device?5current?5resource@ 00000001800101c0     ahpredef.obj
 0002:0000320c       ??_C@_04HIDLNPGO@_DOD@     000000018001020c     ahpredef.obj
 0002:00003218       ??_C@_0BH@GLIAHCID@Display?5Output?5Devices@ 0000000180010218     ahpredef.obj
 0002:00003230       ??_C@_0DG@BFEKOFKF@Enumerate?5all?5devices?5attached?5@ 0000000180010230     ahpredef.obj
 0002:00003268       ??_C@_04HNLIFLPI@_DOS@     0000000180010268     ahpredef.obj
 0002:00003270       ??_C@_0BJ@MNHIPJAG@Disable?5Output?5Switching@ 0000000180010270     ahpredef.obj
 0002:00003290       ??_C@_0CH@KADIINDO@Sets?5the?5display?5output?5switchi@ 0000000180010290     ahpredef.obj
 0002:000032b8       ??_C@_04KHJILBCL@_DPL@     00000001800102b8     ahpredef.obj
 0002:000032c0       ??_C@_0BK@BGIHJAFG@Device?5Selection?5Polarity@ 00000001800102c0     ahpredef.obj
 0002:000032e0       ??_C@_0DP@ENIDMOLP@Polarity?5of?5Device?5Selection?5si@ 00000001800102e0     ahpredef.obj
 0002:00003320       ??_C@_04GJEGGLNL@_DRS@     0000000180010320     ahpredef.obj
 0002:00003328       ??_C@_0P@HBEBMCGB@Drive?5Strength@ 0000000180010328     ahpredef.obj
 0002:00003340       ??_C@_0EG@BICGIABH@Drive?5Strength?5setting?5for?5GPIO@ 0000000180010340     ahpredef.obj
 0002:00003388       ??_C@_04GNAHIFHK@_DSD@     0000000180010388     ahpredef.obj
 0002:00003390       ??_C@_0BF@FIGIILAB@Device?9Specific?5Data@ 0000000180010390     ahpredef.obj
 0002:000033a8       ??_C@_0CO@BHHFHFMN@Returns?5a?5list?5of?5device?5proper@ 00000001800103a8     ahpredef.obj
 0002:000033d8       ??_C@_04LMMFDODD@_DSM@     00000001800103d8     ahpredef.obj
 0002:000033e0       ??_C@_0BH@FCGKFJHA@Device?9Specific?5Method@ 00000001800103e0     ahpredef.obj
 0002:000033f8       ??_C@_0CD@GKGEPIIO@Executes?5device?9specific?5functi@ 00000001800103f8     ahpredef.obj
 0002:0000341c       ??_C@_04GIIEABOM@_DSS@     000000018001041c     ahpredef.obj
 0002:00003428       ??_C@_0BB@DFOPOMII@Device?5Set?5State@ 0000000180010428     ahpredef.obj
 0002:00003440       ??_C@_0BO@INMFGFCP@Sets?5the?5display?5device?5state@ 0000000180010440     ahpredef.obj
 0002:00003460       ??_C@_04MOIMEOI@_DSW@      0000000180010460     ahpredef.obj
 0002:00003468       ??_C@_0BC@PHHNGEAM@Device?5Sleep?5Wake@ 0000000180010468     ahpredef.obj
 0002:00003480       ??_C@_0DH@MLAGLJGL@Sets?5the?5sleep?5and?5wake?5transit@ 0000000180010480     ahpredef.obj
 0002:000034b8       ??_C@_04NNOGONLC@_DTI@     00000001800104b8     ahpredef.obj
 0002:000034c0       ??_C@_0BO@BKDNMLKJ@Device?5Temperature?5Indication@ 00000001800104c0     ahpredef.obj
 0002:000034e0       ??_C@_0DC@NHJFODOJ@Conveys?5native?5device?5temperatu@ 00000001800104e0     ahpredef.obj
 0002:00003514       ??_C@_04JCFADCOB@_Exx@     0000000180010514     ahpredef.obj
 0002:00003520       ??_C@_0CB@BLBMMJMN@Edge?9Triggered?5GPE?0?5xx?$DN0x00?90xF@ 0000000180010520     ahpredef.obj
 0002:00003548       ??_C@_0DH@BFIIEIHJ@Method?5executed?5as?5a?5result?5of?5@ 0000000180010548     ahpredef.obj
 0002:00003580       ??_C@_04GAKLIKPF@_EC_@     0000000180010580     ahpredef.obj
 0002:00003588       ??_C@_0BE@DBDDEFH@Embedded?5Controller@ 0000000180010588     ahpredef.obj
 0002:000035a0       ??_C@_0CI@CDKLDFGL@returns?5EC?5offset?5and?5query?5inf@ 00000001800105a0     ahpredef.obj
 0002:000035c8       ??_C@_04EALNNOC@_EDL@      00000001800105c8     ahpredef.obj
 0002:000035d0       ??_C@_0BC@IIECHDAB@Eject?5Device?5List@ 00000001800105d0     ahpredef.obj
 0002:000035f0       ??_C@_0ED@BIMNGGOF@Returns?5a?5list?5of?5devices?5that?5@ 00000001800105f0     ahpredef.obj
 0002:00003634       ??_C@_04MGEMHKOA@_EJD@     0000000180010634     ahpredef.obj
 0002:00003640       ??_C@_0BK@LMBMEFHL@Ejection?5Dependent?5Device@ 0000000180010640     ahpredef.obj
 0002:00003660       ??_C@_0DI@BHMIIMLL@Returns?5the?5name?5of?5dependent?5?$CI@ 0000000180010660     ahpredef.obj
 0002:00003698       ??_C@_04LFLPADBP@_EJx@     0000000180010698     ahpredef.obj
 0002:000036a0       ??_C@_0BE@MOIAAKCO@Eject?5Device?0?5x?$DN0?99@ 00000001800106a0     ahpredef.obj
 0002:000036b8       ??_C@_0DE@HJOKELHM@Begin?5or?5cancel?5a?5device?5ejecti@ 00000001800106b8     ahpredef.obj
 0002:000036ec       ??_C@_04MBEFNCDM@_END@     00000001800106ec     ahpredef.obj
 0002:000036f8       ??_C@_0L@FFACLPBP@Endianness@ 00000001800106f8     ahpredef.obj
 0002:00003708       ??_C@_0CO@JPKGDEIB@Endian?5orientation?0?5Resource?5De@ 0000000180010708     ahpredef.obj
 0002:00003738       ??_C@_04JJLCDCKF@_EVT@     0000000180010738     ahpredef.obj
 0002:00003740       ??_C@_05GCNIINAF@Event@    0000000180010740     ahpredef.obj
 0002:00003748       ??_C@_0BN@NJBDAKHC@Event?5method?5for?5GPIO?5events@ 0000000180010748     ahpredef.obj
 0002:00003768       ??_C@_04MHHMMJEF@_FDE@     0000000180010768     ahpredef.obj
 0002:00003770       ??_C@_0BG@FCJIM@Floppy?5Disk?5Enumerate@ 0000000180010770     ahpredef.obj
 0002:00003788       ??_C@_0CO@INOLPMAH@Returns?5floppy?5disk?5configurati@ 0000000180010788     ahpredef.obj
 0002:000037b8       ??_C@_04GLMJIGEJ@_FDI@     00000001800107b8     ahpredef.obj
 0002:000037c0       ??_C@_0BJ@LJLGKIIF@Floppy?5Drive?5Information@ 00000001800107c0     ahpredef.obj
 0002:000037e0       ??_C@_0CJ@BFHGFKK@Returns?5a?5floppy?5drive?5informat@ 00000001800107e0     ahpredef.obj
 0002:0000380c       ??_C@_04PKFEDEN@_FDM@      000000018001080c     ahpredef.obj
 0002:00003818       ??_C@_0BC@PAKCJMCP@Floppy?5Drive?5Mode@ 0000000180010818     ahpredef.obj
 0002:00003830       ??_C@_0BK@JMDIFCEE@Sets?5a?5floppy?5drive?5speed@ 0000000180010830     ahpredef.obj
 0002:0000384c       ??_C@_04OEIJAJNF@_FIF@     000000018001084c     ahpredef.obj
 0002:00003858       ??_C@_0BA@KECIHNHL@Fan?5Information@ 0000000180010858     ahpredef.obj
 0002:00003868       ??_C@_0BP@MKDLJPFK@Returns?5fan?5device?5information@ 0000000180010868     ahpredef.obj
 0002:00003888       ??_C@_04JMHNHJAG@_FIT@     0000000180010888     ahpredef.obj
 0002:00003890       ??_C@_0BJ@HIKAABD@Firmware?5Interface?5Table@ 0000000180010890     ahpredef.obj
 0002:000038b0       ??_C@_0CC@GECKCHCO@Returns?5a?5list?5of?5NFIT?5structur@ 00000001800108b0     ahpredef.obj
 0002:000038d4       ??_C@_04DAMIDGAK@_FIX@     00000001800108d4     ahpredef.obj
 0002:000038e0       ??_C@_0CB@EFPEABO@Fixed?5Register?5Resource?5Provide@ 00000001800108e0     ahpredef.obj
 0002:00003908       ??_C@_0DO@PFFFLCIG@Returns?5a?5list?5of?5devices?5that?5@ 0000000180010908     ahpredef.obj
 0002:00003948       ??_C@_04JPDFDPHL@_FLC@     0000000180010948     ahpredef.obj
 0002:00003950       ??_C@_0N@DKEGLJLI@Flow?5Control@ 0000000180010950     ahpredef.obj
 0002:00003960       ??_C@_0CI@DLDFFGHD@Flow?5control?0?5Resource?5Descript@ 0000000180010960     ahpredef.obj
 0002:00003988       ??_C@_04MAMLHHDO@_FPS@     0000000180010988     ahpredef.obj
 0002:00003990       ??_C@_0BH@KFHPKMPB@Fan?5Performance?5States@ 0000000180010990     ahpredef.obj
 0002:000039a8       ??_C@_0DD@NLCJHNM@Returns?5a?5list?5of?5supported?5fan@ 00000001800109a8     ahpredef.obj
 0002:000039dc       ??_C@_04PNHMHPJ@_FSL@      00000001800109dc     ahpredef.obj
 0002:000039e8       ??_C@_0O@EAJNLGDJ@Fan?5Set?5Level@ 00000001800109e8     ahpredef.obj
 0002:00003a00       ??_C@_0EK@NBDDGHCH@Control?5method?5that?5sets?5the?5fa@ 0000000180010a00     ahpredef.obj
 0002:00003a4c       ??_C@_04INMMFPKA@_FST@     0000000180010a4c     ahpredef.obj
 0002:00003a58       ??_C@_0L@GNNOJPNE@Fan?5Status@ 0000000180010a58     ahpredef.obj
 0002:00003a68       ??_C@_0DE@PBIBELBI@Returns?5current?5status?5informat@ 0000000180010a68     ahpredef.obj
 0002:00003a9c       ??_C@_04DJGMNJMJ@_FUN@     0000000180010a9c     ahpredef.obj
 0002:00003aa8       ??_C@_0BA@CKCFKJM@Function?5Number@ 0000000180010aa8     ahpredef.obj
 0002:00003ab8       ??_C@_0BK@HKHNBBBG@Resource?5descriptor?5field@ 0000000180010ab8     ahpredef.obj
 0002:00003ad4       ??_C@_04NFLOCDMH@_GAI@     0000000180010ad4     ahpredef.obj
 0002:00003ae0       ??_C@_0BH@IDPIKLKP@Get?5Averaging?5Interval@ 0000000180010ae0     ahpredef.obj
 0002:00003af8       ??_C@_0CL@FPPNBFGB@Returns?5the?5power?5meter?5averagi@ 0000000180010af8     ahpredef.obj
 0002:00003b24       ??_C@_04ENDKFOLB@_GCP@     0000000180010b24     ahpredef.obj
 0002:00003b30       ??_C@_0BB@OEIBNHAN@Get?5Capabilities@ 0000000180010b30     ahpredef.obj
 0002:00003b48       ??_C@_0BN@DNNBGDLL@Get?5device?5time?5capabilities@ 0000000180010b48     ahpredef.obj
 0002:00003b68       ??_C@_04KHBIOMAN@_GHL@     0000000180010b68     ahpredef.obj
 0002:00003b70       ??_C@_0BD@INFBMFBO@Get?5Hardware?5Limit@ 0000000180010b70     ahpredef.obj
 0002:00003b88       ??_C@_0DH@LHFNAMFK@Returns?5the?5hardware?5limit?5enfo@ 0000000180010b88     ahpredef.obj
 0002:00003bc0       ??_C@_04MBPOAFED@_GL_@     0000000180010bc0     ahpredef.obj
 0002:00003bc8       ??_C@_0M@KNEDIDEF@Global?5Lock@ 0000000180010bc8     ahpredef.obj
 0002:00003bd8       ??_C@_0CE@ECGDAEFG@OS?9defined?5Global?5Lock?5mutex?5ob@ 0000000180010bd8     ahpredef.obj
 0002:00003bfc       ??_C@_04OPFANCBG@_GLK@     0000000180010bfc     ahpredef.obj
 0002:00003c08       ??_C@_0BM@GPCKENKB@Get?5Global?5Lock?5Requirement@ 0000000180010c08     ahpredef.obj
 0002:00003c28       ??_C@_0DN@IDGOPFAN@Returns?5a?5device?8s?5Global?5Lock?5@ 0000000180010c28     ahpredef.obj
 0002:00003c68       ??_C@_04HNPEJEMN@_GPD@     0000000180010c68     ahpredef.obj
 0002:00003c70       ??_C@_0O@LOFBNMNN@Get?5Post?5Data@ 0000000180010c70     ahpredef.obj
 0002:00003c80       ??_C@_0EA@PJAFCGAK@Returns?5the?5value?5of?5the?5VGA?5de@ 0000000180010c80     ahpredef.obj
 0002:00003cc0       ??_C@_04GEOPKFIM@_GPE@     0000000180010cc0     ahpredef.obj
 0002:00003cc8       ??_C@_0BH@IPNDGIGB@General?5Purpose?5Events@ 0000000180010cc8     ahpredef.obj
 0002:00003ce0       ??_C@_0CO@DGMMHBAJ@Predefined?5scope?5?$CI?2_GPE?$CJ?5or?5SCI@ 0000000180010ce0     ahpredef.obj
 0002:00003d10       ??_C@_04DAHLEOG@_GRA@      0000000180010d10     ahpredef.obj
 0002:00003d18       ??_C@_0M@MPCMNFCK@Granularity@ 0000000180010d18     ahpredef.obj
 0002:00003d28       ??_C@_0DF@KJFAGGGL@Address?5space?5granularity?0?5Reso@ 0000000180010d28     ahpredef.obj
 0002:00003d60       ??_C@_04DELCFCPC@_GRT@     0000000180010d60     ahpredef.obj
 0002:00003d68       ??_C@_0O@JHOKIABH@Get?5Real?5Time@ 0000000180010d68     ahpredef.obj
 0002:00003d78       ??_C@_0DF@EHLBGBAE@Returns?5current?5time?9of?9day?5fro@ 0000000180010d78     ahpredef.obj
 0002:00003db0       ??_C@_04CJOIINBC@_GSB@     0000000180010db0     ahpredef.obj
 0002:00003db8       ??_C@_0BN@HALGHCIB@Global?5System?5Interrupt?5Base@ 0000000180010db8     ahpredef.obj
 0002:00003dd8       ??_C@_0CG@MEKIGPHF@Returns?5the?5GSB?5for?5a?5I?1O?5APIC?5@ 0000000180010dd8     ahpredef.obj
 0002:00003e00       ??_C@_04EIMLFOJD@_GTF@     0000000180010e00     ahpredef.obj
 0002:00003e08       ??_C@_0O@CHMDAHFB@Get?5Task?5File@ 0000000180010e08     ahpredef.obj
 0002:00003e20       ??_C@_0ED@IFPBLIPC@Returns?5a?5list?5of?5ATA?5commands?5@ 0000000180010e20     ahpredef.obj
 0002:00003e64       ??_C@_04KLDPIHFI@_GTM@     0000000180010e64     ahpredef.obj
 0002:00003e70       ??_C@_0BA@CJFEAFHA@Get?5Timing?5Mode@ 0000000180010e70     ahpredef.obj
 0002:00003e80       ??_C@_0DE@LJLPACAL@Returns?5a?5list?5of?5IDE?5controlle@ 0000000180010e80     ahpredef.obj
 0002:00003eb4       ??_C@_04HPHOLIIH@_GTS@     0000000180010eb4     ahpredef.obj
 0002:00003ec0       ??_C@_0P@IPODFAID@Going?5To?5Sleep@ 0000000180010ec0     ahpredef.obj
 0002:00003ed0       ??_C@_0BM@OFLEBAL@Inform?5AML?5of?5pending?5sleep@ 0000000180010ed0     ahpredef.obj
 0002:00003eec       ??_C@_04HNDIAGNO@_GWS@     0000000180010eec     ahpredef.obj
 0002:00003ef8       ??_C@_0BA@HKFCMAOC@Get?5Wake?5Status@ 0000000180010ef8     ahpredef.obj
 0002:00003f08       ??_C@_0BN@HDABAMMJ@Return?5status?5of?5wake?5alarms@ 0000000180010f08     ahpredef.obj
 0002:00003f28       ??_C@_04JGEMCOJK@_HE_@     0000000180010f28     ahpredef.obj
 0002:00003f30       ??_C@_09MJNIKPMA@High?9Edge@ 0000000180010f30     ahpredef.obj
 0002:00003f40       ??_C@_0DA@ICEPPODM@Interrupt?5triggering?0?5Resource?5@ 0000000180010f40     ahpredef.obj
 0002:00003f70       ??_C@_04DGGABMGE@_HID@     0000000180010f70     ahpredef.obj
 0002:00003f78       ??_C@_0M@HCMCMDE@Hardware?5ID@ 0000000180010f78     ahpredef.obj
 0002:00003f88       ??_C@_0CN@FHOBNFJH@Returns?5a?5device?8s?5Plug?5and?5Pla@ 0000000180010f88     ahpredef.obj
 0002:00003fb8       ??_C@_04EMBOEAPN@_HMA@     0000000180010fb8     ahpredef.obj
 0002:00003fc0       ??_C@_0CA@NIOKEAAC@Heterogeneous?5Memory?5Attributes@ 0000000180010fc0     ahpredef.obj
 0002:00003fe0       ??_C@_0CD@OFNDHOPG@Returns?5a?5list?5of?5HMAT?5structur@ 0000000180010fe0     ahpredef.obj
 0002:00004004       ??_C@_04HICPHCIH@_HOT@     0000000180011004     ahpredef.obj
 0002:00004010       ??_C@_0BA@ONHOLNIJ@Hot?5Temperature@ 0000000180011010     ahpredef.obj
 0002:00004020       ??_C@_0DJ@NPJLOJAJ@Returns?5the?5critical?5temperatur@ 0000000180011020     ahpredef.obj
 0002:0000405c       ??_C@_04LDJFDMO@_HPP@      000000018001105c     ahpredef.obj
 0002:00004068       ??_C@_0BE@DDIMAMMA@Hot?5Plug?5Parameters@ 0000000180011068     ahpredef.obj
 0002:00004080       ??_C@_0DI@POCGOJGJ@Returns?5a?5list?5of?5hot?9plug?5info@ 0000000180011080     ahpredef.obj
 0002:000040b8       ??_C@_04MDOANJMG@_HPX@     00000001800110b8     ahpredef.obj
 0002:000040c0       ??_C@_0BO@NILHGAHF@Hot?5Plug?5Parameter?5Extensions@ 00000001800110c0     ahpredef.obj
 0002:000040e0       ??_C@_0EJ@MCOAKLJ@Returns?5a?5list?5of?5hot?9plug?5info@ 00000001800110e0     ahpredef.obj
 0002:0000412c       ??_C@_04FOOHCACG@_HRV@     000000018001112c     ahpredef.obj
 0002:00004138       ??_C@_0BC@IPNCGMPI@Hardware?5Revision@ 0000000180011138     ahpredef.obj
 0002:00004150       ??_C@_0CC@IOBFLDK@Returns?5a?5hardware?5revision?5val@ 0000000180011150     ahpredef.obj
 0002:00004174       ??_C@_04MPECCOGN@_IFT@     0000000180011174     ahpredef.obj
[...]
 0002:0001e27c       $unwind$AhDisplayDirectives 000000018002b27c     ahdecode.obj
 0002:0001e284       $unwind$AhPrintOneField    000000018002b284     ahdecode.obj
 0002:0001e2a0       $unwind$AhDisplayPredefinedName 000000018002b2a0     ahdecode.obj
 0002:0001e2b8       $unwind$AhDoSpecialNames   000000018002b2b8     ahdecode.obj
 0002:0001e2b8       $unwind$fract2bcd          000000018002b2b8     toroC64:_cdeCoreVwxPrintf.obj
 0002:0001e2b8       $unwind$GetCharAndCount    000000018002b2b8     toroC64:_cdeCoreVwxScanf.obj
 0002:0001e2c4       $unwind$main               000000018002b2c4     ahmain.obj
 0002:0001e2d8       $unwind$_w4uQueryPerformanceCounter 000000018002b2d8     LibWin324UEFI:QueryPerformanceCounter.obj
 0002:0001e2e0       $unwind$QueryPerformanceFrequency4UEFI 000000018002b2e0     LibWin324UEFI:QueryPerformanceFrequency.obj
 0002:0001e2ec       $unwind$_w4uQueryPerformanceFrequency 000000018002b2ec     LibWin324UEFI:QueryPerformanceFrequency.obj
 0002:0001e2f4       $unwind$GetTickCount644UEFI 000000018002b2f4     LibWin324UEFI:GetTickCount64.obj
 0002:0001e2fc       $unwind$Sleep4UEFI         000000018002b2fc     LibWin324UEFI:Sleep.obj
 0002:0001e304       $unwind$_w4uSleep          000000018002b304     LibWin324UEFI:Sleep.obj
 0002:0001e30c       $unwind$__cdeGetAppIf      000000018002b30c     toroC64:osifUefiShellEntryPoint.obj
 0002:0001e314       $unwind$_StdOutPutChar     000000018002b314     toroC64:osifUefiShellEntryPoint.obj
 0002:0001e31c       $unwind$_StdInGetChar      000000018002b31c     toroC64:osifUefiShellEntryPoint.obj
 0002:0001e324       $unwind$_MainEntryPointShell 000000018002b324     toroC64:osifUefiShellEntryPoint.obj
 0002:0001e33c       $unwind$FractBinDigits     000000018002b33c     toroC64:_cdeCoreVwxPrintf.obj
 0002:0001e33c       $unwind$IntgrBinDigits     000000018002b33c     toroC64:_cdeCoreVwxPrintf.obj
 0002:0001e33c       $unwind$__CdeChkCtrlC      000000018002b33c     toroC64:osifUefiShellEntryPoint.obj
 0002:0001e344       $unwind$strcmp             000000018002b344     toroC64:StrCmp.obj
 0002:0001e350       $unwind$memcmp             000000018002b350     toroC64:MemCmpCDEINTRINABI.obj
 0002:0001e360       $unwind$strchr             000000018002b360     toroC64:StrChr.obj
 0002:0001e368       $unwind$__acrt_iob_func    000000018002b368     toroC64:__acrt_iob_func.obj
 0002:0001e374       $unwind$fprintf            000000018002b374     toroC64:Fprintf.obj
 0002:0001e37c       $unwind$strtol             000000018002b37c     toroC64:strtol.obj
 0002:0001e384       $unwind$printf             000000018002b384     toroC64:Printf.obj
 0002:0001e38c       $unwind$isxdigit           000000018002b38c     toroC64:isxdigit.obj
 0002:0001e394       $unwind$strcat             000000018002b394     toroC64:StrCat.obj
 0002:0001e3a0       $unwind$strcpy             000000018002b3a0     toroC64:StrCpy.obj
 0002:0001e3ac       $unwind$strncat            000000018002b3ac     toroC64:StrNCat.obj
 0002:0001e3c0       $unwind$strncpy            000000018002b3c0     toroC64:StrNCpy.obj
 0002:0001e3d0       $unwind$toupper            000000018002b3d0     toroC64:toupper.obj
 0002:0001e3d8       $unwind$tolower            000000018002b3d8     toroC64:tolower.obj
 0002:0001e3e0       $unwind$calloc             000000018002b3e0     toroC64:Calloc.obj
 0002:0001e3ec       $unwind$free               000000018002b3ec     toroC64:Free.obj
 0002:0001e3f4       $unwind$getchar            000000018002b3f4     toroC64:Getchar.obj
 0002:0001e3fc       $unwind$vfprintf           000000018002b3fc     toroC64:Vfprintf.obj
 0002:0001e410       $unwind$strtoul            000000018002b410     toroC64:strtoul.obj
 0002:0001e418       $unwind$strtok             000000018002b418     toroC64:StrTok.obj
 0002:0001e424       $unwind$strpbrk            000000018002b424     toroC64:StrPbrk.obj
 0002:0001e430       $unwind$clock              000000018002b430     toroC64:clock.obj
 0002:0001e43c       $unwind$_CdeDbgPutChar     000000018002b43c     toroC64:_CdeDbgPutChar.obj
 0002:0001e454       $unwind$_cdeCoreVwxPrintf  000000018002b454     toroC64:_cdeCoreVwxPrintf.obj
 0002:0001e474       $unwind$intgr2bcd          000000018002b474     toroC64:_cdeCoreVwxPrintf.obj
 0002:0001e488       $unwind$str2dev            000000018002b488     toroC64:_cdeCoreVwxPrintf.obj
 0002:0001e4a0       $unwind$num2str            000000018002b4a0     toroC64:_cdeCoreVwxPrintf.obj
 0002:0001e4b8       $unwind$nfill              000000018002b4b8     toroC64:_cdeCoreVwxPrintf.obj
 0002:0001e4d0       $unwind$nprintfield        000000018002b4d0     toroC64:_cdeCoreVwxPrintf.obj
 0002:0001e4e8       $unwind$str2num            000000018002b4e8     toroC64:_cdeCoreVwxScanf.obj
 0002:0001e500       $unwind$_cdeCoreVwxScanf   000000018002b500     toroC64:_cdeCoreVwxScanf.obj
 0002:0001e51c       $unwind$_cdeCoreWcsStrTok  000000018002b51c     toroC64:_cdeCoreWcsStrTok.obj
 0002:0001e538       $unwind$_cdeWcsStrPbrkSpn  000000018002b538     toroC64:_cdeWcsStrPbrkSpn.obj
 0002:0001e554       $unwind$_cdeCoreMemRealloc 000000018002b554     toroC64:_cdeCoreMemRealloc.obj
 0002:0001e570       $unwind$_cdeMemStrxCpy     000000018002b570     toroC64:_cdeMemStrxCpy.obj
 0002:0001e588       $unwind$_cdeMemStrxCmp     000000018002b588     toroC64:_cdeMemStrxCmp.obj
 0002:0001e5a4       $unwind$_osifIbmAtGetTime  000000018002b5a4     toroC64:osifIbmAtGetTime.obj
 0002:0001e5b0       $unwind$_osifUefiShellGetTscPerSec 000000018002b5b0     toroC64:osifUefiShellGetTscPerSec.obj
 0002:0001e5c8       $unwind$_osifUefiShellMemAlloc 000000018002b5c8     toroC64:osifUefiShellMemAlloc.obj
 0002:0001e5d0       $unwind$_osifUefiShellFileWrite 000000018002b5d0     toroC64:osifUefiShellFileWrite.obj
 0002:0001e5e8       $unwind$_osifUefiShellFileRead 000000018002b5e8     toroC64:osifUefiShellFileRead.obj
 0002:0001e5fc       $unwind$_osifUefiShellFileSetPos 000000018002b5fc     toroC64:osifUefiShellFileSetPos.obj
 0002:0001e610       $unwind$efifopen           000000018002b610     toroC64:osifUefiShellFileOpen.obj
 0002:0001e628       $unwind$__CdeFsEnum        000000018002b628     toroC64:osifUefiShellFileOpen.obj
 0002:0001e63c       $unwind$_osifUefiShellFileOpen 000000018002b63c     toroC64:osifUefiShellFileOpen.obj
 0002:0001e654       $unwind$_osifUefiShellFileClose 000000018002b654     toroC64:osifUefiShellFileClose.obj
 0002:0001e664       $unwind$_osifUefiShellFileDelete 000000018002b664     toroC64:osifUefiShellFileDelete.obj
 0002:0001e66c       $unwind$_osifUefiShellFileRename 000000018002b66c     toroC64:osifUefiShellFileRename.obj
 0002:0001e688       $unwind$__cdeReadDirectory 000000018002b688     toroC64:osifUefiShellFileFindAll.obj
 0002:0001e6a4       $unwind$_osifUefiShellFileFindAll 000000018002b6a4     toroC64:osifUefiShellFileFindAll.obj
 0002:0001e6bc       $unwind$_osifUefiShellFileGetStatus 000000018002b6bc     toroC64:osifUefiShellFileGetStatus.obj
 0002:0001e6d0       $unwind$_osifUefiShellDirectoryCreate 000000018002b6d0     toroC64:osifUefiShellDirectoryCreate.obj
 0002:0001e6e4       $unwind$myConIOPutStr      000000018002b6e4     toroC64:osifUefiShellCmdExec.obj
 0002:0001e6fc       $unwind$_osifUefiShellCmdExec 000000018002b6fc     toroC64:osifUefiShellCmdExec.obj
 0002:0001e708       $unwind$_osifUefiShellGetEnv 000000018002b708     toroC64:osifUefiShellGetEnv.obj
 0002:0001e720       $unwind$_osifUefiShellGetDrvCwd 000000018002b720     toroC64:osifUefiShellGetDrvCwd.obj
 0002:0001e72c       $unwind$_cdeCoreFread      000000018002b72c     toroC64:_cdeCoreFread.obj
 0002:0001e744       $unwind$_cdeCoreFwrite     000000018002b744     toroC64:_cdeCoreFwrite.obj
 0002:0001e75c       $unwind$_cdeCoreFsetpos    000000018002b75c     toroC64:_cdeCoreFsetpos.obj
 0002:0001e770       $unwind$_cdeCoreFflush     000000018002b770     toroC64:_cdeCoreFflush.obj
 0002:0001e780       $unwind$_CdeLocateProtocol 000000018002b780     toroC64:_CdeLocateProtocol.obj
 0002:0001e788       $unwind$_cdeStr2Argcv      000000018002b788     toroC64:_cdeStr2Argcv.obj
 0002:0001e7a0       $unwind$memset             000000018002b7a0     toroC64:MemSetCDEINTRINABI.obj
 0002:0001e7a8       $unwind$fcloseCDEABI       000000018002b7a8     toroC64:FcloseCDEABI.obj
 0002:0001e7c0       $unwind$fgetcCDEABI        000000018002b7c0     toroC64:FgetcCDEABI.obj
 0002:0001e7c8       $unwind$fwriteCDEABI       000000018002b7c8     toroC64:FwriteCDEABI.obj
 0002:0001e7dc       $unwind$sprintfCDEABI      000000018002b7dc     toroC64:SprintfCDEABI.obj
 0002:0001e7e4       $unwind$raiseCDEABI        000000018002b7e4     toroC64:raiseCDEABI.obj
 0002:0001e7f4       $unwind$_cdeSscanf         000000018002b7f4     toroC64:_cdeSscanf.obj
 0002:0001e800       $unwind$realloc            000000018002b800     toroC64:Realloc.obj
 0002:0001e80c       $unwind$fgetc              000000018002b80c     toroC64:Fgetc.obj
 0002:0001e814       $unwind$fputc              000000018002b814     toroC64:Fputc.obj
 0002:0001e81c       $unwind$_errno             000000018002b81c     toroC64:errno.obj
 0002:0001e824       $unwind$_cdeCoreSprintf    000000018002b824     toroC64:_cdeCoreSprintf.obj
 0002:0001e82c       $unwind$isxdigitCDEABI     000000018002b82c     toroC64:isxdigitCDEABI.obj
 0002:0001e834       $unwind$_cdeUMUL128        000000018002b834     toroC64:_cdeUMUL128.obj
 0002:0001e83c       $unwind$_mktime64CDEABI    000000018002b83c     toroC64:mktimeCDEABI.obj
 0002:0001e844       $unwind$_cdeGmltime        000000018002b844     toroC64:_cdeGmltime.obj
 0002:0001e850       $unwind$__cdeOnErrSet_status 000000018002b850     toroC64:__cdeOnErrSet_status.obj
 0002:0001e858       $unwind$__cdeOffsetCdeFposType 000000018002b858     toroC64:__cdeGetOffsetCdeFposType.obj
 0002:0001e860       $unwind$__cdeBiasCdeFposType 000000018002b860     toroC64:__cdeGetBiasCdeFposType.obj
 0002:0001e86c       $unwind$wcschrCDEABI       000000018002b86c     toroC64:WcsChrCDEABI.obj
 0002:0001e874       $unwind$wcscatCDEABI       000000018002b874     toroC64:WcsCatCDEABI.obj
 0002:0001e880       $unwind$wcscpyCDEABI       000000018002b880     toroC64:WcsCpyCDEABI.obj
 0002:0001e88c       $unwind$wcsncmpCDEABI      000000018002b88c     toroC64:WcsNCmpCDEABI.obj
 0002:0001e89c       $unwind$wcsncpyCDEABI      000000018002b89c     toroC64:WcsNCpyCDEABI.obj
 0002:0001e8ac       $unwind$wcstokCDEABI       000000018002b8ac     toroC64:WcsTokCDEABI.obj
 0002:0001e8bc       $unwind$_wcsicmpCDEABI     000000018002b8bc     toroC64:_WcsICmpCDEABI.obj
 0002:0001e8c8       $unwind$strcmpCDEABI       000000018002b8c8     toroC64:StrCmpCDEABI.obj
 0002:0001e8d4       $unwind$_stricmpCDEABI     000000018002b8d4     toroC64:_StrICmpCDEABI.obj
 0002:0001e8e0       $unwind$_CdeLocateHandleBuffer 000000018002b8e0     toroC64:_CdeLocateHandleBuffer.obj
 0002:0001e8f0       $unwind$_cdeConvertDevicePathToText 000000018002b8f0     toroC64:_cdeConvertDevicePathToText.obj
 0002:0001e8f8       $unwind$_CdeGetMapFromDevicePath 000000018002b8f8     toroC64:_CdeGetMapFromDevicePath.obj
 0002:0001e900       $unwind$_CdeGetCurDir      000000018002b900     toroC64:_CdeGetCurDir.obj
 0002:0001e908       $unwind$wcsrchrCDEABI      000000018002b908     toroC64:WcsRChrCDEABI.obj
 0002:0001e914       $unwind$_errnoCDEABI       000000018002b914     toroC64:errnoCDEABI.obj
 0002:0001e91c       $unwind$fopenCDEABI        000000018002b91c     toroC64:FopenCDEABI.obj
 0002:0001e93c       $unwind$freadCDEABI        000000018002b93c     toroC64:FreadCDEABI.obj
 0002:0001e950       $unwind$strchrCDEABI       000000018002b950     toroC64:StrChrCDEABI.obj
 0002:0001e958       $unwind$reallocCDEABI      000000018002b958     toroC64:ReallocCDEABI.obj
 0002:0001e964       $unwind$wcstombsCDEABI     000000018002b964     toroC64:wcstombsCDEABI.obj
 0002:0001e96c       $unwind$strncpyCDEABI      000000018002b96c     toroC64:StrNCpyCDEABI.obj
 0002:0001e97c       $unwind$strncmpCDEABI      000000018002b97c     toroC64:StrNCmpCDEABI.obj
 0002:0001e98c       $unwind$strcpyCDEABI       000000018002b98c     toroC64:StrCpyCDEABI.obj
 0002:0001e998       $unwind$strcatCDEABI       000000018002b998     toroC64:StrCatCDEABI.obj
 0002:0001e9a4       $unwind$strtolCDEABI       000000018002b9a4     toroC64:strtolCDEABI.obj
 0002:0001e9ac       $unwind$_cdeEfiTime2TimeT  000000018002b9ac     toroC64:_cdeEfiTime2TimeT.obj
 0002:0001e9b4       $unwind$__cdeIsFilePointerCORE 000000018002b9b4     toroC64:__cdeIsFilePointerCORE.obj
 0002:0001e9cc       $unwind$__cderewindCORE    000000018002b9cc     toroC64:__cderewindCORE.obj
 0002:0001e9d4       $unwind$_cdeAbort          000000018002b9d4     toroC64:_cdeAbort.obj
 0002:0001e9dc       $unwind$__cdeIsFilePointer 000000018002b9dc     toroC64:__cdeIsFilePointer.obj
 0002:0001e9f0       $unwind$fflushCDEABI       000000018002b9f0     toroC64:FflushCDEABI.obj
 0002:0001e9f8       $unwind$removeCDEABI       000000018002b9f8     toroC64:RemoveCDEABI.obj
 0002:0001ea0c       $unwind$invalid_parameter_handler 000000018002ba0c     toroC64:_invalid_parameter_handlerCDEABI.obj
 0002:0001ea20       $unwind$vsnprintfCDEABI    000000018002ba20     toroC64:VsnprintfCDEABI.obj
 0002:0001ea38       $unwind$fread              000000018002ba38     toroC64:Fread.obj
 0002:0001ea4c       $unwind$invalid_parameter_handler 000000018002ba4c     toroC64:_invalid_parameter_handler.obj
 0002:0001ea60       $unwind$fwrite             000000018002ba60     toroC64:Fwrite.obj
 0002:0001ea74       $unwind$_cdeDay2Greg       000000018002ba74     toroC64:_cdeDay2Greg.obj
 0002:0001ea80       $unwind$_efierrno          000000018002ba80     toroC64:_efierrno.obj
 0002:0001ea88       $unwind$wcspbrkCDEABI      000000018002ba88     toroC64:WcsPbrkCDEABI.obj
 0002:0001ea94       $unwind$_cdePoolWcs2AppWcs 000000018002ba94     toroC64:_CdePoolWcs2AppWcs.obj
 0002:0001eaa4       $unwind$strtokCDEABI       000000018002baa4     toroC64:StrTokCDEABI.obj
 0002:0001eab0       $unwind$_fseeki64          000000018002bab0     toroC64:_Fseeki64.obj
 0002:0001eac4       $unwind$strpbrkCDEABI      000000018002bac4     toroC64:StrPbrkCDEABI.obj
 0002:0001ead0       $unwind$__cdeOnErrSet_errnoCORE 000000018002bad0     toroC64:__cdeOnErrSet_errnoCORE.obj
 0002:0001ead8       $unwind$exitCDEABI         000000018002bad8     toroC64:exitCDEABI.obj
 0002:0001eae0       $unwind$__cdeOnErrSet_errno 000000018002bae0     toroC64:__cdeOnErrSet_errno.obj
 0002:0001eae8       $unwind$fprintfCDEABI      000000018002bae8     toroC64:FprintfCDEABI.obj
 0002:0001eaf0       $unwind$abortCDEABI        000000018002baf0     toroC64:abortCDEABI.obj
 0002:0001eafc       $unwind$abort              000000018002bafc     toroC64:abort.obj
 0002:0001eb08       $unwind$fsetposCDEABI      000000018002bb08     toroC64:FsetposCDEABI.obj
 0002:0001eb14       $unwind$vfprintfCDEABI     000000018002bb14     toroC64:VfprintfCDEABI.obj
 0002:0001eb28       $unwind$raise              000000018002bb28     toroC64:raise.obj
 0002:0001eb38       $unwind$exit               000000018002bb38     toroC64:exit.obj
 0002:0001eb40       $unwind$fputcCDEABI        000000018002bb40     toroC64:FputcCDEABI.obj
 0003:00000008       CurrentCharPtr             000000018002c008     getopt.obj
 0003:00000850       UtRtypeNames               000000018002c850     utpredef.obj
 0003:00000878       UtExternalTypeNames        000000018002c878     utpredef.obj
 0003:000008a0       UtResourceTypeNames        000000018002c8a0     utpredef.obj
 0003:00000920       gCdeSystemVolumes          000000018002c920     toroC64:osifUefiShellEntryPoint.obj
 0003:00001830       gCdeServicesShell          000000018002d830     toroC64:osifUefiShellEntryPoint.obj
 0003:00001fe0       _gEfiStatusCodeRuntimeProtocolGuid 000000018002dfe0     toroC64:osifUefiShellEntryPoint.obj
 0003:00001ff0       ?EfiLoadedImageProtocolGuid@?1??_MainEntryPointShell@@9@9 000000018002dff0     toroC64:osifUefiShellEntryPoint.obj
 0003:00002000       ?EfiShellParametersProtocolGuid@?L@??_MainEntryPointShell@@9@9 000000018002e000     toroC64:osifUefiShellEntryPoint.obj
 0003:00002010       ?EfiAcpi20TableGuid@?N@??_MainEntryPointShell@@9@9 000000018002e010     toroC64:osifUefiShellEntryPoint.obj
 0003:00002020       ROMPARM                    000000018002e020     toroC64:StrCmp.obj
 0003:00002030       ROMPARM                    000000018002e030     toroC64:MemCmpCDEINTRINABI.obj
 0003:00002038       ROMPARM                    000000018002e038     toroC64:StrTok.obj
 0003:0000203c       ?action@?4??_cdeCoreMemRealloc@@9@9 000000018002e03c     toroC64:_cdeCoreMemRealloc.obj
 0003:00002040       tblMode                    000000018002e040     toroC64:osifUefiShellFileOpen.obj
 0003:00002240       ?wcsSHELL@?1??myConIOPutStr@@9@9 000000018002e240     toroC64:osifUefiShellCmdExec.obj
 0003:00002278       ?wcsMAP@?1??myConIOPutStr@@9@9 000000018002e278     toroC64:osifUefiShellCmdExec.obj
 0003:00002298       ?wcsALIAS@?1??myConIOPutStr@@9@9 000000018002e298     toroC64:osifUefiShellCmdExec.obj
 0003:000022b0       ?wcsBLK@?1??myConIOPutStr@@9@9 000000018002e2b0     toroC64:osifUefiShellCmdExec.obj
 0003:000022c8       ?wcsBLK2@?1??myConIOPutStr@@9@9 000000018002e2c8     toroC64:osifUefiShellCmdExec.obj
 0003:000022d8       ?wcsFS@?1??myConIOPutStr@@9@9 000000018002e2d8     toroC64:osifUefiShellCmdExec.obj
 0003:000022f0       ?wcsFS2@?1??myConIOPutStr@@9@9 000000018002e2f0     toroC64:osifUefiShellCmdExec.obj
 0003:000023f8       RomParm                    000000018002e3f8     toroC64:_cdeSscanf.obj
 0003:00002418       ?RomParm@?1??_cdeCoreSprintf@@9@9 000000018002e418     toroC64:_cdeCoreSprintf.obj
 0003:00002468       ROMPARM                    000000018002e468     toroC64:WcsNCmpCDEABI.obj
 0003:00002480       ROMPARM                    000000018002e480     toroC64:WcsTokCDEABI.obj
 0003:00002490       ROMPARM                    000000018002e490     toroC64:_WcsICmpCDEABI.obj
 0003:000024a0       ROMPARM                    000000018002e4a0     toroC64:StrCmpCDEABI.obj
 0003:000024b0       ROMPARM                    000000018002e4b0     toroC64:_StrICmpCDEABI.obj
 0003:00002548       ROMPARM                    000000018002e548     toroC64:StrNCmpCDEABI.obj
 0003:000025a8       RomParm                    000000018002e5a8     toroC64:VsnprintfCDEABI.obj
 0003:000025b8       ?sigorder@?1??_cdeSig2idx@@9@9 000000018002e5b8     toroC64:_cdeSig2idx.obj
 0003:000025d8       ROMPARM                    000000018002e5d8     toroC64:StrTokCDEABI.obj
 0003:00002690       _iob                       000000018002e690     toroC64:osifUefiShellEntryPoint.obj
 0003:00004690       ?DblData@?CA@??_cdeCoreVwxPrintf@@9@9 0000000180030690     toroC64:_cdeCoreVwxPrintf.obj
 0003:00004c20       ?wcBuffer@?1??_osifUefiShellFileWrite@@9@9 0000000180030c20     toroC64:osifUefiShellFileWrite.obj
 0003:00005030       ?zBuf64k@?O@??_osifUefiShellFileWrite@@9@9 0000000180031030     toroC64:osifUefiShellFileWrite.obj
 0003:00015030       ?wcbuffer@?3??_osifUefiShellFileRead@@9@9 0000000180041030     toroC64:osifUefiShellFileRead.obj
 0003:00015430       ?wcsFilePath@?5??_osifUefiShellFileOpen@@9@9 0000000180041430     toroC64:osifUefiShellFileOpen.obj
 0003:00015640       ?wcsFileName@?5??_osifUefiShellFileOpen@@9@9 0000000180041640     toroC64:osifUefiShellFileOpen.obj
 0003:00015848       ?wcsDrive@?5??_osifUefiShellFileOpen@@9@9 0000000180041848     toroC64:osifUefiShellFileOpen.obj
 0003:00015868       ?wcsDrive2@?5??_osifUefiShellFileOpen@@9@9 0000000180041868     toroC64:osifUefiShellFileOpen.obj
 0003:00015890       state                      0000000180041890     toroC64:osifUefiShellCmdExec.obj
 0003:000158a0       ?wcsCommand@?1??_osifUefiShellCmdExec@@9@9 00000001800418a0     toroC64:osifUefiShellCmdExec.obj
 0003:00015ab0       ?buffer@?1??_osifUefiShellGetEnv@@9@9 0000000180041ab0     toroC64:osifUefiShellGetEnv.obj
