 AcpiExec

 Timestamp is 671e8483 (Sun Oct 27 19:20:51 2024)

 Preferred load address is 0000000180000000

 Start         Length     Name                   Class
 0001:00000000 00057ad5H .text$mn                CODE
 0002:00000000 00000008H .CRT$XCA                DATA
 0002:00000008 00000008H .CRT$XCZ                DATA
 0002:00000010 00000008H .CRT$XIA                DATA
 0002:00000018 00000008H .CRT$XIZ                DATA
 0002:00000020 00000008H .CRT$XPA                DATA
 0002:00000028 00000008H .CRT$XPZ                DATA
 0002:00000030 00000008H .CRT$XTA                DATA
 0002:00000038 00000008H .CRT$XTZ                DATA
 0002:00000040 0001f8a8H .rdata                  DATA
 0002:0001f8e8 00000048H .rdata$voltmd           DATA
 0002:0001f930 00000138H .rdata$zzzdbg           DATA
 0002:0001fa68 00004bbcH .xdata                  DATA
 0002:00024624 00000000H .edata                  DATA
 0003:00000000 000039e0H .data                   DATA
 0003:000039e0 00015868H .bss                    DATA
 0004:00000000 00003a68H .pdata                  DATA

  Address         Publics by Value              Rva+Base               Lib:Object

 0000:00000000       __AbsoluteZero             0000000000000000     <absolute>
 0000:00000000       ___safe_se_handler_count   0000000000000000     <absolute>
 0000:00000000       ___safe_se_handler_table   0000000000000000     <absolute>
 0000:00000000       __arm64x_extra_rfe_table   0000000000000000     <absolute>
 0000:00000000       __arm64x_extra_rfe_table_size 0000000000000000     <absolute>
 0000:00000000       __arm64x_native_entrypoint 0000000000000000     <absolute>
 0000:00000000       __arm64x_redirection_metadata 0000000000000000     <absolute>
 0000:00000000       __arm64x_redirection_metadata_count 0000000000000000     <absolute>
 0000:00000000       __dynamic_value_reloc_table 0000000000000000     <absolute>
 0000:00000000       __enclave_config           0000000000000000     <absolute>
 0000:00000000       __guard_check_icall_a64n_fptr 0000000000000000     <absolute>
 0000:00000000       __guard_eh_cont_count      0000000000000000     <absolute>
 0000:00000000       __guard_eh_cont_table      0000000000000000     <absolute>
 0000:00000000       __guard_fids_count         0000000000000000     <absolute>
 0000:00000000       __guard_fids_table         0000000000000000     <absolute>
 0000:00000000       __guard_flags              0000000000000000     <absolute>
 0000:00000000       __guard_iat_count          0000000000000000     <absolute>
 0000:00000000       __guard_iat_table          0000000000000000     <absolute>
 0000:00000000       __guard_longjmp_count      0000000000000000     <absolute>
 0000:00000000       __guard_longjmp_table      0000000000000000     <absolute>
 0000:00000000       __hybrid_auxiliary_delayload_iat 0000000000000000     <absolute>
 0000:00000000       __hybrid_auxiliary_delayload_iat_copy 0000000000000000     <absolute>
 0000:00000000       __hybrid_auxiliary_iat     0000000000000000     <absolute>
 0000:00000000       __hybrid_auxiliary_iat_copy 0000000000000000     <absolute>
 0000:00000000       __hybrid_code_map          0000000000000000     <absolute>
 0000:00000000       __hybrid_code_map_count    0000000000000000     <absolute>
 0000:00000000       __hybrid_image_info_bitfield 0000000000000000     <absolute>
 0000:00000000       __x64_code_ranges_to_entry_points 0000000000000000     <absolute>
 0000:00000000       __x64_code_ranges_to_entry_points_count 0000000000000000     <absolute>
 0000:00000000       __ImageBase                0000000180000000     <linker-defined>
 0001:00000000       AcGetAllTablesFromFile     0000000180001000 f   acfileio.obj
 0001:00000198       AcDeleteTableList          0000000180001198 f   acfileio.obj
 0001:000001c4       AcIsFileBinary             00000001800011c4 f   acfileio.obj
 0001:0000024c       AcValidateTableHeader      000000018000124c f   acfileio.obj
 0001:00000668       AcpiAhMatchHardwareId      0000000180001668 f   ahids.obj
 0001:000006b0       AcpiAhMatchUuid            00000001800016b0 f   ahuuids.obj
 0001:00000714       CmGetFileSize              0000000180001714 f   cmfsize.obj
 0001:000007a8       AcpiGetopt                 00000001800017a8 f   getopt.obj
 0001:00000aa4       AcpiGetoptArgument         0000000180001aa4 f   getopt.obj
 0001:00000b44       AcpiDbConvertToNode        0000000180001b44 f   dbcmds.obj
 0001:00000be4       AcpiDbDisplayTableInfo     0000000180001be4 f   dbcmds.obj
 0001:00000ccc       AcpiDbDisplayTemplate      0000000180001ccc f   dbcmds.obj
 0001:00000dc4       AcpiDbUnloadAcpiTable      0000000180001dc4 f   dbcmds.obj
 0001:00000e24       AcpiDbSendNotify           0000000180001e24 f   dbcmds.obj
 0001:00000e9c       AcpiDbDisplayInterfaces    0000000180001e9c f   dbcmds.obj
 0001:00000fa8       AcpiDbSleep                0000000180001fa8 f   dbcmds.obj
 0001:00001040       AcpiDbTrace                0000000180002040 f   dbcmds.obj
 0001:000011bc       AcpiDbDisplayLocks         00000001800021bc f   dbcmds.obj
 0001:00001224       AcpiDbDisplayResources     0000000180002224 f   dbcmds.obj
 0001:000012dc       AcpiDbGenerateGpe          00000001800022dc f   dbcmds.obj
 0001:00001364       AcpiDbGenerateSci          0000000180002364 f   dbcmds.obj
 0001:00001370       AcpiDbGenerateInterrupt    0000000180002370 f   dbcmds.obj
 0001:00001bdc       AcpiDbHexCharToValue       0000000180002bdc f   dbconvert.obj
 0001:00001c24       AcpiDbConvertToPackage     0000000180002c24 f   dbconvert.obj
 0001:00001ce8       AcpiDbConvertToObject      0000000180002ce8 f   dbconvert.obj
 0001:00001d60       AcpiDbEncodePldBuffer      0000000180002d60 f   dbconvert.obj
 0001:00001ebc       AcpiDbDumpPldBuffer        0000000180002ebc f   dbconvert.obj
 0001:00002390       AcpiDbDisplayGpes          0000000180003390 f   dbdisply.obj
 0001:00002664       AcpiDbDisplayHandlers      0000000180003664 f   dbdisply.obj
 0001:00002888       AcpiDbDisplayMethodInfo    0000000180003888 f   dbdisply.obj
 0001:000029ec       AcpiDbDecodeAndDisplayObject 00000001800039ec f   dbdisply.obj
 0001:00002cb0       AcpiDbDisplayResultObject  0000000180003cb0 f   dbdisply.obj
 0001:00002d00       AcpiDbDisplayArguments     0000000180003d00 f   dbdisply.obj
 0001:00002d38       AcpiDbDisplayLocals        0000000180003d38 f   dbdisply.obj
 0001:00002d70       AcpiDbDisplayResults       0000000180003d70 f   dbdisply.obj
 0001:00002e40       AcpiDbDisplayCallingTree   0000000180003e40 f   dbdisply.obj
 0001:00002ea8       AcpiDbDisplayObjectType    0000000180003ea8 f   dbdisply.obj
 0001:00002ff0       AcpiDbDisplayArgumentObject 0000000180003ff0 f   dbdisply.obj
 0001:000031b8       AcpiDbExecute              00000001800041b8 f   dbexec.obj
 0001:0000346c       AcpiDbCreateExecutionThread 000000018000446c f   dbexec.obj
 0001:00003570       AcpiDbCreateExecutionThreads 0000000180004570 f   dbexec.obj
 0001:00003884       AcpiDbDeleteObjects        0000000180004884 f   dbexec.obj
 0001:000038f0       AcpiDbGetCacheInfo         00000001800048f0 f   dbexec.obj
 0001:00003f54       AcpiDbCloseDebugFile       0000000180004f54 f   dbfileio.obj
 0001:00003f98       AcpiDbOpenDebugFile        0000000180004f98 f   dbfileio.obj
 0001:0000400c       AcpiDbLoadTables           000000018000500c f   dbfileio.obj
 0001:00004090       AcpiDbAddToHistory         0000000180005090 f   dbhistry.obj
 0001:000041d8       AcpiDbDisplayHistory       00000001800051d8 f   dbhistry.obj
 0001:00004274       AcpiDbGetFromHistory       0000000180005274 f   dbhistry.obj
 0001:000042a4       AcpiDbGetHistoryByIndex    00000001800052a4 f   dbhistry.obj
 0001:0000430c       AcpiDbCommandDispatch      000000018000530c f   dbinput.obj
 0001:00004b24       AcpiDbExecuteThread        0000000180005b24 f   dbinput.obj
 0001:00004b40       AcpiDbUserCommands         0000000180005b40 f   dbinput.obj
 0001:00004bcc       AcpiDbGetNextToken         0000000180005bcc f   dbinput.obj
 0001:00004fd4       AcpiDbSetMethodBreakpoint  0000000180005fd4 f   dbmethod.obj
 0001:0000504c       AcpiDbSetMethodCallBreakpoint 000000018000604c f   dbmethod.obj
 0001:0000506c       AcpiDbSetMethodData        000000018000606c f   dbmethod.obj
 0001:00005208       AcpiDbDisassembleMethod    0000000180006208 f   dbmethod.obj
 0001:00005378       AcpiDbDisassembleAml       0000000180006378 f   dbmethod.obj
 0001:000053c4       AcpiDbEvaluatePredefinedNames 00000001800063c4 f   dbmethod.obj
 0001:00005414       AcpiDbEvaluateAll          0000000180006414 f   dbmethod.obj
 0001:0000565c       AcpiDbSetScope             000000018000665c f   dbnames.obj
 0001:0000573c       AcpiDbDumpNamespace        000000018000673c f   dbnames.obj
 0001:000057f8       AcpiDbDumpNamespacePaths   00000001800067f8 f   dbnames.obj
 0001:00005850       AcpiDbDumpNamespaceByOwner 0000000180006850 f   dbnames.obj
 0001:000058f0       AcpiDbFindNameInNamespace  00000001800068f0 f   dbnames.obj
 0001:0000598c       AcpiDbCheckPredefinedNames 000000018000698c f   dbnames.obj
 0001:000059d8       AcpiDbDisplayObjects       00000001800069d8 f   dbnames.obj
 0001:00005b80       AcpiDbCheckIntegrity       0000000180006b80 f   dbnames.obj
 0001:00005bd4       AcpiDbFindReferences       0000000180006bd4 f   dbnames.obj
 0001:00005c18       AcpiDbGetBusInfo           0000000180006c18 f   dbnames.obj
 0001:00005c50       AcpiDbDisplayFields        0000000180006c50 f   dbnames.obj
 0001:00006390       AcpiDbDecodeInternalObject 0000000180007390 f   dbobject.obj
 0001:00006498       AcpiDbDisplayInternalObject 0000000180007498 f   dbobject.obj
 0001:000066bc       AcpiDbDecodeArguments      00000001800076bc f   dbobject.obj
 0001:000067a8       AcpiDbDecodeLocals         00000001800077a8 f   dbobject.obj
 0001:00006888       AcpiDbDumpMethodInfo       0000000180007888 f   dbobject.obj
 0001:00006984       AcpiDbDisplayStatistics    0000000180007984 f   dbstats.obj
 0001:0000715c       AcpiDbExecuteTest          000000018000815c f   dbtest.obj
 0001:00007e40       AcpiDbMatchArgument        0000000180008e40 f   dbutils.obj
 0001:00007eb8       AcpiDbSetOutputDestination 0000000180008eb8 f   dbutils.obj
 0001:00007ee8       AcpiDbDumpExternalObject   0000000180008ee8 f   dbutils.obj
 0001:00008090       AcpiDbPrepNamestring       0000000180009090 f   dbutils.obj
 0001:000080e0       AcpiDbLocalNsLookup        00000001800090e0 f   dbutils.obj
 0001:00008190       AcpiDbUint32ToHexString    0000000180009190 f   dbutils.obj
 0001:000081d0       AcpiInitializeDebugger     00000001800091d0 f   dbxface.obj
 0001:0000835c       AcpiTerminateDebugger      000000018000935c f   dbxface.obj
 0001:000083b8       AcpiSetDebuggerThreadId    00000001800093b8 f   dbxface.obj
 0001:000083c8       AcpiDbSingleStep           00000001800093c8 f   dbxface.obj
 0001:000085c4       AcpiDbSignalBreakPoint     00000001800095c4 f   dbxface.obj
 0001:000086d8       AcpiDmDisasmByteList       00000001800096d8 f   dmbuffer.obj
 0001:00008800       AcpiDmByteList             0000000180009800 f   dmbuffer.obj
 0001:000088bc       AcpiDmCheckForHardwareId   00000001800098bc f   dmbuffer.obj
 0001:0000893c       AcpiDmDecompressEisaId     000000018000993c f   dmbuffer.obj
 0001:00008988       AcpiDmIsUuidBuffer         0000000180009988 f   dmbuffer.obj
 0001:000089d4       AcpiDmIsUnicodeBuffer      00000001800099d4 f   dmbuffer.obj
 0001:00008a8c       AcpiDmIsStringBuffer       0000000180009a8c f   dmbuffer.obj
 0001:00008b04       AcpiDmIsPldBuffer          0000000180009b04 f   dmbuffer.obj
 0001:00009224       AcpiDmCheckForSymbolicOpcode 000000018000a224 f   dmcstyle.obj
 0001:00009744       AcpiDmCloseOperator        000000018000a744 f   dmcstyle.obj
 0001:00009a14       AcpiDmParseDeferredOps     000000018000aa14 f   dmdeferred.obj
 0001:00009d9c       AcpiDmDumpName             000000018000ad9c f   dmnames.obj
 0001:00009e10       AcpiPsDisplayObjectPathname 000000018000ae10 f   dmnames.obj
 0001:00009efc       AcpiDmNamestring           000000018000aefc f   dmnames.obj
 0001:00009f80       AcpiDmDisassembleOneOp     000000018000af80 f   dmopcode.obj
 0001:0000a4e4       AcpiDmMethodFlags          000000018000b4e4 f   dmopcode.obj
 0001:0000a550       AcpiDmDisplayTargetPathname 000000018000b550 f   dmopcode.obj
 0001:0000a610       AcpiDmNotifyDescription    000000018000b610 f   dmopcode.obj
 0001:0000a674       AcpiDmPredefinedDescription 000000018000b674 f   dmopcode.obj
 0001:0000a680       AcpiDmFieldPredefinedDescription 000000018000b680 f   dmopcode.obj
 0001:0000a68c       AcpiDmFieldFlags           000000018000b68c f   dmopcode.obj
 0001:0000a71c       AcpiDmAddressSpace         000000018000b71c f   dmopcode.obj
 0001:0000a764       AcpiDmRegionFlags          000000018000b764 f   dmopcode.obj
 0001:0000a79c       AcpiDmMatchOp              000000018000b79c f   dmopcode.obj
 0001:0000a910       AcpiDmDumpInteger8         000000018000b910 f   dmresrc.obj
 0001:0000a928       AcpiDmDumpInteger16        000000018000b928 f   dmresrc.obj
 0001:0000a940       AcpiDmDumpInteger32        000000018000b940 f   dmresrc.obj
 0001:0000a958       AcpiDmDumpInteger64        000000018000b958 f   dmresrc.obj
 0001:0000a978       AcpiDmResourceTemplate     000000018000b978 f   dmresrc.obj
 0001:0000ab24       AcpiDmIsResourceTemplate   000000018000bb24 f   dmresrc.obj
 0001:0000abb8       AcpiDmBitList              000000018000bbb8 f   dmresrc.obj
 0001:0000ac30       AcpiDmDescriptorName       000000018000bc30 f   dmresrc.obj
 0001:0000ac58       AcpiDmWordDescriptor       000000018000bc58 f   dmresrcl.obj
 0001:0000acd4       AcpiDmDwordDescriptor      000000018000bcd4 f   dmresrcl.obj
 0001:0000ad50       AcpiDmExtendedDescriptor   000000018000bd50 f   dmresrcl.obj
 0001:0000adc4       AcpiDmQwordDescriptor      000000018000bdc4 f   dmresrcl.obj
 0001:0000ae40       AcpiDmMemory24Descriptor   000000018000be40 f   dmresrcl.obj
 0001:0000aeb0       AcpiDmMemory32Descriptor   000000018000beb0 f   dmresrcl.obj
 0001:0000af20       AcpiDmFixedMemory32Descriptor 000000018000bf20 f   dmresrcl.obj
 0001:0000afac       AcpiDmGenericRegisterDescriptor 000000018000bfac f   dmresrcl.obj
 0001:0000b084       AcpiDmInterruptDescriptor  000000018000c084 f   dmresrcl.obj
 0001:0000b198       AcpiDmVendorLargeDescriptor 000000018000c198 f   dmresrcl.obj
 0001:0000b1b0       AcpiDmVendorCommon         000000018000c1b0 f   dmresrcl.obj
 0001:0000b748       AcpiDmGpioDescriptor       000000018000c748 f   dmresrcl2.obj
 0001:0000b774       AcpiDmPinFunctionDescriptor 000000018000c774 f   dmresrcl2.obj
 0001:0000b92c       AcpiDmPinConfigDescriptor  000000018000c92c f   dmresrcl2.obj
 0001:0000babc       AcpiDmPinGroupDescriptor   000000018000cabc f   dmresrcl2.obj
 0001:0000bc04       AcpiDmPinGroupFunctionDescriptor 000000018000cc04 f   dmresrcl2.obj
 0001:0000bd30       AcpiDmPinGroupConfigDescriptor 000000018000cd30 f   dmresrcl2.obj
 0001:0000be58       AcpiDmSerialBusDescriptor  000000018000ce58 f   dmresrcl2.obj
 0001:0000be70       AcpiDmClockInputDescriptor 000000018000ce70 f   dmresrcl2.obj
 0001:0000c9b0       AcpiDmIrqDescriptor        000000018000d9b0 f   dmresrcs.obj
 0001:0000ca7c       AcpiDmDmaDescriptor        000000018000da7c f   dmresrcs.obj
 0001:0000cb10       AcpiDmFixedDmaDescriptor   000000018000db10 f   dmresrcs.obj
 0001:0000cb84       AcpiDmIoDescriptor         000000018000db84 f   dmresrcs.obj
 0001:0000cc40       AcpiDmFixedIoDescriptor    000000018000dc40 f   dmresrcs.obj
 0001:0000ccbc       AcpiDmStartDependentDescriptor 000000018000dcbc f   dmresrcs.obj
 0001:0000cd38       AcpiDmEndDependentDescriptor 000000018000dd38 f   dmresrcs.obj
 0001:0000cd74       AcpiDmVendorSmallDescriptor 000000018000dd74 f   dmresrcs.obj
 0001:0000cd84       AcpiDmDecodeAttribute      000000018000dd84 f   dmutils.obj
 0001:0000ce2c       AcpiDmIndent               000000018000de2c f   dmutils.obj
 0001:0000ce5c       AcpiDmCommaIfListMember    000000018000de5c f   dmutils.obj
 0001:0000ced8       AcpiDmCommaIfFieldMember   000000018000ded8 f   dmutils.obj
 0001:0000cef4       AcpiDmDisassemble          000000018000def4 f   dmwalk.obj
 0001:0000cf60       AcpiDmWalkParseTree        000000018000df60 f   dmwalk.obj
 0001:0000d02c       AcpiDmListType             000000018000e02c f   dmwalk.obj
 0001:0000d0c0       AcpiDmEmitExternals        000000018000e0c0 f   dmwalk.obj
 0001:0000d0cc       AcpiDmEmitExternal         000000018000e0cc f   dmwalk.obj
 0001:0000d0d8       AcpiDmBlockType            000000018000e0d8 f   dmwalk.obj
 0001:0000da20       AcpiDsGetBufferFieldArguments 000000018000ea20 f   dsargs.obj
 0001:0000db3c       AcpiDsGetBankFieldArguments 000000018000eb3c f   dsargs.obj
 0001:0000dc58       AcpiDsGetRegionArguments   000000018000ec58 f   dsargs.obj
 0001:0000ddc0       AcpiDsGetBufferArguments   000000018000edc0 f   dsargs.obj
 0001:0000dedc       AcpiDsGetPackageArguments  000000018000eedc f   dsargs.obj
 0001:0000e1b0       AcpiDsExecBeginControlOp   000000018000f1b0 f   dscontrol.obj
 0001:0000e2dc       AcpiDsExecEndControlOp     000000018000f2dc f   dscontrol.obj
 0001:0000e68c       AcpiDsDumpMethodStack      000000018000f68c f   dsdebug.obj
 0001:0000eac0       AcpiDsCreateField          000000018000fac0 f   dsfield.obj
 0001:0000ec58       AcpiDsCreateBankField      000000018000fc58 f   dsfield.obj
 0001:0000ee04       AcpiDsCreateIndexField     000000018000fe04 f   dsfield.obj
 0001:0000ef80       AcpiDsCreateBufferField    000000018000ff80 f   dsfield.obj
 0001:0000f188       AcpiDsInitFieldObjects     0000000180010188 f   dsfield.obj
 0001:0000f6c4       AcpiDsInitializeObjects    00000001800106c4 f   dsinit.obj
 0001:0000fa28       AcpiDsAutoSerializeMethod  0000000180010a28 f   dsmethod.obj
 0001:0000fbb8       AcpiDsCallControlMethod    0000000180010bb8 f   dsmethod.obj
 0001:0000fef4       AcpiDsRestartControlMethod 0000000180010ef4 f   dsmethod.obj
 0001:0001008c       AcpiDsTerminateControlMethod 000000018001108c f   dsmethod.obj
 0001:00010260       AcpiDsBeginMethodExecution 0000000180011260 f   dsmethod.obj
 0001:000104c8       AcpiDsMethodError          00000001800114c8 f   dsmethod.obj
 0001:00010724       AcpiDsStoreObjectToLocal   0000000180011724 f   dsmthdat.obj
 0001:000109d0       AcpiDsMethodDataDeleteAll  00000001800119d0 f   dsmthdat.obj
 0001:00010b38       AcpiDsMethodDataGetValue   0000000180011b38 f   dsmthdat.obj
 0001:00010cb0       AcpiDsMethodDataInitArgs   0000000180011cb0 f   dsmthdat.obj
 0001:00010e04       AcpiDsMethodDataGetNode    0000000180011e04 f   dsmthdat.obj
 0001:00010f50       AcpiDsMethodDataInit       0000000180011f50 f   dsmthdat.obj
 0001:000111c0       AcpiDsBuildInternalObject  00000001800121c0 f   dsobject.obj
 0001:000113a4       AcpiDsBuildInternalBufferObj 00000001800123a4 f   dsobject.obj
 0001:00011558       AcpiDsInitObjectFromOp     0000000180012558 f   dsobject.obj
 0001:00011864       AcpiDsCreateNode           0000000180012864 f   dsobject.obj
 0001:0001196c       AcpiDsEvalBufferFieldOperands 000000018001296c f   dsopcode.obj
 0001:00011ad4       AcpiDsEvalRegionOperands   0000000180012ad4 f   dsopcode.obj
 0001:00011ca4       AcpiDsEvalTableRegionOperands 0000000180012ca4 f   dsopcode.obj
 0001:00011eb8       AcpiDsEvalDataObjectOperands 0000000180012eb8 f   dsopcode.obj
 0001:00012094       AcpiDsEvalBankFieldOperands 0000000180013094 f   dsopcode.obj
 0001:000121f8       AcpiDsInitializeRegion     00000001800131f8 f   dsopcode.obj
 0001:000124b4       AcpiDsBuildInternalPackageObj 00000001800134b4 f   dspkginit.obj
 0001:000128e0       AcpiDsInitPackageElement   00000001800138e0 f   dspkginit.obj
 0001:00012bc4       AcpiDsClearImplicitReturn  0000000180013bc4 f   dsutils.obj
 0001:00012c48       AcpiDsDoImplicitReturn     0000000180013c48 f   dsutils.obj
 0001:00012d10       AcpiDsIsResultUsed         0000000180013d10 f   dsutils.obj
 0001:00012fd0       AcpiDsDeleteResultIfNotUsed 0000000180013fd0 f   dsutils.obj
 0001:00013098       AcpiDsCreateOperand        0000000180014098 f   dsutils.obj
 0001:00013444       AcpiDsCreateOperands       0000000180014444 f   dsutils.obj
 0001:00013634       AcpiDsResolveOperands      0000000180014634 f   dsutils.obj
 0001:000136cc       AcpiDsClearOperands        00000001800146cc f   dsutils.obj
 0001:00013760       AcpiDsEvaluateNamePath     0000000180014760 f   dsutils.obj
 0001:000138bc       AcpiDsGetPredicateValue    00000001800148bc f   dswexec.obj
 0001:00013b10       AcpiDsExecBeginOp          0000000180014b10 f   dswexec.obj
 0001:00013d78       AcpiDsExecEndOp            0000000180014d78 f   dswexec.obj
 0001:00014530       AcpiDsInitCallbacks        0000000180015530 f   dswload.obj
 0001:000145b0       AcpiDsLoad1BeginOp         00000001800155b0 f   dswload.obj
 0001:00014b20       AcpiDsLoad1EndOp           0000000180015b20 f   dswload.obj
 0001:00014e44       AcpiDsLoad2BeginOp         0000000180015e44 f   dswload2.obj
 0001:00015428       AcpiDsLoad2EndOp           0000000180016428 f   dswload2.obj
 0001:00015a74       AcpiDsScopeStackPush       0000000180016a74 f   dswscope.obj
 0001:00015cc8       AcpiDsScopeStackPop        0000000180016cc8 f   dswscope.obj
 0001:00015e94       AcpiDsScopeStackClear      0000000180016e94 f   dswscope.obj
 0001:00015f28       AcpiDsObjStackPush         0000000180016f28 f   dswstate.obj
 0001:00016000       AcpiDsObjStackPop          0000000180017000 f   dswstate.obj
 0001:000160c0       AcpiDsCreateWalkState      00000001800170c0 f   dswstate.obj
 0001:000161d0       AcpiDsInitAmlWalk          00000001800171d0 f   dswstate.obj
 0001:000163a4       AcpiDsObjStackPopAndDelete 00000001800173a4 f   dswstate.obj
 0001:00016478       AcpiDsDeleteWalkState      0000000180017478 f   dswstate.obj
 0001:000165a0       AcpiDsPopWalkState         00000001800175a0 f   dswstate.obj
 0001:00016614       AcpiDsPushWalkState        0000000180017614 f   dswstate.obj
 0001:0001667c       AcpiDsGetCurrentWalkState  000000018001767c f   dswstate.obj
 0001:000166e4       AcpiDsResultPop            00000001800176e4 f   dswstate.obj
 0001:00016840       AcpiDsResultPush           0000000180017840 f   dswstate.obj
 0001:00016b78       AcpiEvInitializeEvents     0000000180017b78 f   evevent.obj
 0001:00016c60       AcpiEvInstallXruptHandlers 0000000180017c60 f   evevent.obj
 0001:00016d50       AcpiEvFixedEventDetect     0000000180017d50 f   evevent.obj
 0001:00016f40       AcpiEvInitGlobalLockHandler 0000000180017f40 f   evglock.obj
 0001:00017038       AcpiEvAcquireGlobalLock    0000000180018038 f   evglock.obj
 0001:00017208       AcpiEvReleaseGlobalLock    0000000180018208 f   evglock.obj
 0001:00017310       AcpiEvRemoveGlobalLockHandler 0000000180018310 f   evglock.obj
 0001:00017400       AcpiAcquireGlobalLockX8664 0000000180018400 f   evglock.obj
 0001:00017448       AcpiReleaseGlobalLockX8664 0000000180018448 f   evglock.obj
 0001:00017470       AcpiEvGpeDetect            0000000180018470 f   evgpe.obj
 0001:00017604       AcpiEvUpdateGpeEnableMask  0000000180018604 f   evgpe.obj
 0001:000176bc       AcpiEvEnableGpe            00000001800186bc f   evgpe.obj
 0001:00017720       AcpiEvMaskGpe              0000000180018720 f   evgpe.obj
 0001:00017830       AcpiEvAddGpeReference      0000000180018830 f   evgpe.obj
 0001:00017900       AcpiEvRemoveGpeReference   0000000180018900 f   evgpe.obj
 0001:000179b8       AcpiEvGetGpeEventInfo      00000001800189b8 f   evgpe.obj
 0001:00017a30       AcpiEvLowGetGpeInfo        0000000180018a30 f   evgpe.obj
 0001:00017a60       AcpiEvFinishGpe            0000000180018a60 f   evgpe.obj
 0001:00017a98       AcpiEvDetectGpe            0000000180018a98 f   evgpe.obj
 0001:00017c6c       AcpiEvGpeDispatch          0000000180018c6c f   evgpe.obj
 0001:00017f8c       AcpiEvCreateGpeBlock       0000000180018f8c f   evgpeblk.obj
 0001:0001822c       AcpiEvInitializeGpeBlock   000000018001922c f   evgpeblk.obj
 0001:00018390       AcpiEvDeleteGpeBlock       0000000180019390 f   evgpeblk.obj
 0001:00018828       AcpiEvGpeInitialize        0000000180019828 f   evgpeinit.obj
 0001:00018a98       AcpiEvUpdateGpes           0000000180019a98 f   evgpeinit.obj
 0001:00018b8c       AcpiEvMatchGpeMethod       0000000180019b8c f   evgpeinit.obj
 0001:00018dfc       AcpiEvWalkGpeList          0000000180019dfc f   evgpeutil.obj
 0001:00018ee8       AcpiEvGetGpeDevice         0000000180019ee8 f   evgpeutil.obj
 0001:00018f1c       AcpiEvGetGpeXruptBlock     0000000180019f1c f   evgpeutil.obj
 0001:000190a8       AcpiEvDeleteGpeXrupt       000000018001a0a8 f   evgpeutil.obj
 0001:000191c4       AcpiEvDeleteGpeHandlers    000000018001a1c4 f   evgpeutil.obj
 0001:000192dc       AcpiEvFindRegionHandler    000000018001a2dc f   evhandler.obj
 0001:000192fc       AcpiEvHasDefaultHandler    000000018001a2fc f   evhandler.obj
 0001:0001933c       AcpiEvInstallRegionHandlers 000000018001a33c f   evhandler.obj
 0001:00019404       AcpiEvInstallSpaceHandler  000000018001a404 f   evhandler.obj
 0001:0001985c       AcpiEvIsNotifyObject       000000018001a85c f   evmisc.obj
 0001:0001987c       AcpiEvQueueNotifyRequest   000000018001a87c f   evmisc.obj
 0001:00019a30       AcpiEvTerminate            000000018001aa30 f   evmisc.obj
 0001:00019bf0       AcpiEvInitializeOpRegions  000000018001abf0 f   evregion.obj
 0001:00019cc4       AcpiEvAddressSpaceDispatch 000000018001acc4 f   evregion.obj
 0001:0001a070       AcpiEvAttachRegion         000000018001b070 f   evregion.obj
 0001:0001a198       AcpiEvDetachRegion         000000018001b198 f   evregion.obj
 0001:0001a400       AcpiEvExecuteRegMethods    000000018001b400 f   evregion.obj
 0001:0001a57c       AcpiEvExecuteRegMethod     000000018001b57c f   evregion.obj
 0001:0001a900       AcpiEvSystemMemoryRegionSetup 000000018001b900 f   evrgnini.obj
 0001:0001aa2c       AcpiEvIoSpaceRegionSetup   000000018001ba2c f   evrgnini.obj
 0001:0001aaa8       AcpiEvPciConfigRegionSetup 000000018001baa8 f   evrgnini.obj
 0001:0001ad6c       AcpiEvCmosRegionSetup      000000018001bd6c f   evrgnini.obj
 0001:0001adc0       AcpiEvPciBarRegionSetup    000000018001bdc0 f   evrgnini.obj
 0001:0001ae14       AcpiEvDataTableRegionSetup 000000018001be14 f   evrgnini.obj
 0001:0001af08       AcpiEvDefaultRegionSetup   000000018001bf08 f   evrgnini.obj
 0001:0001af84       AcpiEvInitializeRegion     000000018001bf84 f   evrgnini.obj
 0001:0001b190       AcpiEvIsPciRootBridge      000000018001c190 f   evrgnini.obj
 0001:0001b268       AcpiEvGpeXruptHandler      000000018001c268 f   evsci.obj
 0001:0001b2cc       AcpiEvSciDispatch          000000018001c2cc f   evsci.obj
 0001:0001b33c       AcpiEvInstallSciHandler    000000018001c33c f   evsci.obj
 0001:0001b3ac       AcpiEvRemoveAllSciHandlers 000000018001c3ac f   evsci.obj
 0001:0001b4f4       AcpiInstallSciHandler      000000018001c4f4 f   evxface.obj
 0001:0001b660       AcpiRemoveSciHandler       000000018001c660 f   evxface.obj
 0001:0001b788       AcpiInstallGlobalEventHandler 000000018001c788 f   evxface.obj
 0001:0001b848       AcpiInstallFixedEventHandler 000000018001c848 f   evxface.obj
 0001:0001b9e8       AcpiRemoveFixedEventHandler 000000018001c9e8 f   evxface.obj
 0001:0001bb3c       AcpiInstallGpeHandler      000000018001cb3c f   evxface.obj
 0001:0001bbdc       AcpiInstallGpeRawHandler   000000018001cbdc f   evxface.obj
 0001:0001bc7c       AcpiRemoveGpeHandler       000000018001cc7c f   evxface.obj
 0001:0001be18       AcpiInstallNotifyHandler   000000018001ce18 f   evxface.obj
 0001:0001c038       AcpiRemoveNotifyHandler    000000018001d038 f   evxface.obj
 0001:0001c2c0       AcpiInstallExceptionHandler 000000018001d2c0 f   evxface.obj
 0001:0001c35c       AcpiAcquireGlobalLock      000000018001d35c f   evxface.obj
 0001:0001c3bc       AcpiReleaseGlobalLock      000000018001d3bc f   evxface.obj
 0001:0001c5d8       AcpiEnable                 000000018001d5d8 f   evxfevnt.obj
 0001:0001c714       AcpiDisable                000000018001d714 f   evxfevnt.obj
 0001:0001c83c       AcpiEnableEvent            000000018001d83c f   evxfevnt.obj
 0001:0001c964       AcpiDisableEvent           000000018001d964 f   evxfevnt.obj
 0001:0001ca8c       AcpiClearEvent             000000018001da8c f   evxfevnt.obj
 0001:0001cb40       AcpiGetEventStatus         000000018001db40 f   evxfevnt.obj
 0001:0001cc7c       AcpiUpdateAllGpes          000000018001dc7c f   evxfgpe.obj
 0001:0001cd3c       AcpiEnableGpe              000000018001dd3c f   evxfgpe.obj
 0001:0001ce00       AcpiDisableGpe             000000018001de00 f   evxfgpe.obj
 0001:0001ceb4       AcpiClearGpe               000000018001deb4 f   evxfgpe.obj
 0001:0001cf60       AcpiSetGpe                 000000018001df60 f   evxfgpe.obj
 0001:0001d03c       AcpiFinishGpe              000000018001e03c f   evxfgpe.obj
 0001:0001d0e8       AcpiMaskGpe                000000018001e0e8 f   evxfgpe.obj
 0001:0001d1a4       AcpiMarkGpeForWake         000000018001e1a4 f   evxfgpe.obj
 0001:0001d254       AcpiSetupGpeForWake        000000018001e254 f   evxfgpe.obj
 0001:0001d3f4       AcpiSetGpeWakeMask         000000018001e3f4 f   evxfgpe.obj
 0001:0001d504       AcpiGetGpeStatus           000000018001e504 f   evxfgpe.obj
 0001:0001d5c0       AcpiDispatchGpe            000000018001e5c0 f   evxfgpe.obj
 0001:0001d60c       AcpiDisableAllGpes         000000018001e60c f   evxfgpe.obj
 0001:0001d688       AcpiEnableAllRuntimeGpes   000000018001e688 f   evxfgpe.obj
 0001:0001d704       AcpiEnableAllWakeupGpes    000000018001e704 f   evxfgpe.obj
 0001:0001d780       AcpiAnyGpeStatusSet        000000018001e780 f   evxfgpe.obj
 0001:0001d7d8       AcpiGetGpeDevice           000000018001e7d8 f   evxfgpe.obj
 0001:0001d8d4       AcpiInstallGpeBlock        000000018001e8d4 f   evxfgpe.obj
 0001:0001da6c       AcpiRemoveGpeBlock         000000018001ea6c f   evxfgpe.obj
 0001:0001db6c       AcpiInstallAddressSpaceHandler 000000018001eb6c f   evxfregn.obj
 0001:0001db90       AcpiInstallAddressSpaceHandlerNo_Reg 000000018001eb90 f   evxfregn.obj
 0001:0001dbb4       AcpiExecuteRegMethods      000000018001ebb4 f   evxfregn.obj
 0001:0001dc78       AcpiRemoveAddressSpaceHandler 000000018001ec78 f   evxfregn.obj
 0001:0001dfc0       AcpiExConcatTemplate       000000018001efc0 f   exconcat.obj
 0001:0001e110       AcpiExDoConcatenate        000000018001f110 f   exconcat.obj
 0001:0001e458       AcpiExLoadOp               000000018001f458 f   exconfig.obj
 0001:0001e808       AcpiExLoadTableOp          000000018001f808 f   exconfig.obj
 0001:0001ea34       AcpiExUnloadTable          000000018001fa34 f   exconfig.obj
 0001:0001ec1c       AcpiExConvertToInteger     000000018001fc1c f   exconvrt.obj
 0001:0001edd0       AcpiExConvertToBuffer      000000018001fdd0 f   exconvrt.obj
 0001:0001ef18       AcpiExConvertToString      000000018001ff18 f   exconvrt.obj
 0001:0001f1b0       AcpiExConvertToTargetType  00000001800201b0 f   exconvrt.obj
 0001:0001f4c0       AcpiExCreateMutex          00000001800204c0 f   excreate.obj
 0001:0001f5a8       AcpiExCreateProcessor      00000001800205a8 f   excreate.obj
 0001:0001f684       AcpiExCreatePowerResource  0000000180020684 f   excreate.obj
 0001:0001f754       AcpiExCreateRegion         0000000180020754 f   excreate.obj
 0001:0001f92c       AcpiExCreateEvent          000000018002092c f   excreate.obj
 0001:0001f9f0       AcpiExCreateAlias          00000001800209f0 f   excreate.obj
 0001:0001fa8c       AcpiExCreateMethod         0000000180020a8c f   excreate.obj
 0001:0001fb88       AcpiExDoDebugObject        0000000180020b88 f   exdebug.obj
 0001:0001ffc8       AcpiExDumpOperand          0000000180020fc8 f   exdump.obj
 0001:00020578       AcpiExDumpOperands         0000000180021578 f   exdump.obj
 0001:000206b4       AcpiExDumpObjectDescriptor 00000001800216b4 f   exdump.obj
 0001:00020848       AcpiExDumpNamespaceNode    0000000180021848 f   exdump.obj
 0001:00021000       AcpiExGetProtocolBufferLength 0000000180022000 f   exfield.obj
 0001:00021050       AcpiExReadDataFromField    0000000180022050 f   exfield.obj
 0001:0002137c       AcpiExWriteDataToField     000000018002237c f   exfield.obj
 0001:00021680       AcpiExWriteWithUpdateRule  0000000180022680 f   exfldio.obj
 0001:00021878       AcpiExExtractFromField     0000000180022878 f   exfldio.obj
 0001:00021b20       AcpiExInsertIntoField      0000000180022b20 f   exfldio.obj
 0001:00021dbc       AcpiExAccessRegion         0000000180022dbc f   exfldio.obj
 0001:0002261c       AcpiExGetObjectReference   000000018002361c f   exmisc.obj
 0001:000227c4       AcpiExDoLogicalNumericOp   00000001800237c4 f   exmisc.obj
 0001:000228ac       AcpiExDoLogicalOp          00000001800238ac f   exmisc.obj
 0001:00022a94       AcpiExDoMathOp             0000000180023a94 f   exmisc.obj
 0001:00022b58       AcpiExAcquireMutex         0000000180023b58 f   exmutex.obj
 0001:00022d80       AcpiExAcquireMutexObject   0000000180023d80 f   exmutex.obj
 0001:00022e98       AcpiExReleaseMutex         0000000180023e98 f   exmutex.obj
 0001:0002314c       AcpiExReleaseMutexObject   000000018002414c f   exmutex.obj
 0001:00023264       AcpiExReleaseAllMutexes    0000000180024264 f   exmutex.obj
 0001:0002338c       AcpiExUnlinkMutex          000000018002438c f   exmutex.obj
 0001:000233e8       AcpiExGetNameString        00000001800243e8 f   exnames.obj
 0001:00023ad0       AcpiExOpcode_0A_0T_1R      0000000180024ad0 f   exoparg1.obj
 0001:00023bb4       AcpiExOpcode_1A_0T_0R      0000000180024bb4 f   exoparg1.obj
 0001:00023cc4       AcpiExOpcode_1A_0T_1R      0000000180024cc4 f   exoparg1.obj
 0001:000241d4       AcpiExOpcode_1A_1T_1R      00000001800251d4 f   exoparg1.obj
 0001:0002471c       AcpiExOpcode_2A_0T_0R      000000018002571c f   exoparg2.obj
 0001:0002480c       AcpiExOpcode_2A_0T_1R      000000018002580c f   exoparg2.obj
 0001:000249a0       AcpiExOpcode_2A_1T_1R      00000001800259a0 f   exoparg2.obj
 0001:00024d94       AcpiExOpcode_2A_2T_1R      0000000180025d94 f   exoparg2.obj
 0001:00024f00       AcpiExOpcode_3A_0T_0R      0000000180025f00 f   exoparg3.obj
 0001:000250a4       AcpiExOpcode_3A_1T_1R      00000001800260a4 f   exoparg3.obj
 0001:00025278       AcpiExOpcode_6A_0T_1R      0000000180026278 f   exoparg6.obj
 0001:000254ec       AcpiExPrepCommonFieldObject 00000001800264ec f   exprep.obj
 0001:000255c8       AcpiExPrepFieldValue       00000001800265c8 f   exprep.obj
 0001:00025b74       AcpiExSystemMemorySpaceHandler 0000000180026b74 f   exregion.obj
 0001:00025ea4       AcpiExSystemIoSpaceHandler 0000000180026ea4 f   exregion.obj
 0001:00025fb8       AcpiExPciConfigSpaceHandler 0000000180026fb8 f   exregion.obj
 0001:000260fc       AcpiExCmosSpaceHandler     00000001800270fc f   exregion.obj
 0001:00026150       AcpiExPciBarSpaceHandler   0000000180027150 f   exregion.obj
 0001:000261a4       AcpiExDataTableSpaceHandler 00000001800271a4 f   exregion.obj
 0001:0002626c       AcpiExResolveNodeToValue   000000018002726c f   exresnte.obj
 0001:00026680       AcpiExResolveToValue       0000000180027680 f   exresolv.obj
 0001:00026800       AcpiExResolveMultiple      0000000180027800 f   exresolv.obj
 0001:00026dd8       AcpiExResolveOperands      0000000180027dd8 f   exresop.obj
 0001:00027710       AcpiExReadSerialBus        0000000180028710 f   exserial.obj
 0001:000278c0       AcpiExWriteSerialBus       00000001800288c0 f   exserial.obj
 0001:00027acc       AcpiExReadGpio             0000000180028acc f   exserial.obj
 0001:00027ba8       AcpiExWriteGpio            0000000180028ba8 f   exserial.obj
 0001:00027cc4       AcpiExStore                0000000180028cc4 f   exstore.obj
 0001:00027f18       AcpiExStoreObjectToNode    0000000180028f18 f   exstore.obj
 0001:0002852c       AcpiExResolveObject        000000018002952c f   exstoren.obj
 0001:00028678       AcpiExStoreObjectToObject  0000000180029678 f   exstoren.obj
 0001:00028814       AcpiExStoreBufferToBuffer  0000000180029814 f   exstorob.obj
 0001:00028980       AcpiExStoreStringToString  0000000180029980 f   exstorob.obj
 0001:00028ac0       AcpiExSystemDoSleep        0000000180029ac0 f   exsystem.obj
 0001:00028af8       AcpiExSystemDoStall        0000000180029af8 f   exsystem.obj
 0001:00028b90       AcpiExSystemSignalEvent    0000000180029b90 f   exsystem.obj
 0001:00028c08       AcpiExSystemWaitEvent      0000000180029c08 f   exsystem.obj
 0001:00028c8c       AcpiExSystemResetEvent     0000000180029c8c f   exsystem.obj
 0001:00028cd8       AcpiExSystemWaitSemaphore  0000000180029cd8 f   exsystem.obj
 0001:00028df4       AcpiExSystemWaitMutex      0000000180029df4 f   exsystem.obj
 0001:00028f0c       AcpiExStartTraceMethod     0000000180029f0c f   extrace.obj
 0001:00028fe0       AcpiExStopTraceMethod      0000000180029fe0 f   extrace.obj
 0001:00029090       AcpiExStartTraceOpcode     000000018002a090 f   extrace.obj
 0001:000290cc       AcpiExStopTraceOpcode      000000018002a0cc f   extrace.obj
 0001:00029108       AcpiExTracePoint           000000018002a108 f   extrace.obj
 0001:00029290       AcpiExEnterInterpreter     000000018002a290 f   exutils.obj
 0001:00029324       AcpiExExitInterpreter      000000018002a324 f   exutils.obj
 0001:000293b8       AcpiExTruncateFor32bitTable 000000018002a3b8 f   exutils.obj
 0001:00029400       AcpiExAcquireGlobalLock    000000018002a400 f   exutils.obj
 0001:00029494       AcpiExReleaseGlobalLock    000000018002a494 f   exutils.obj
 0001:0002951c       AcpiExEisaIdToString       000000018002a51c f   exutils.obj
 0001:000295e4       AcpiExIntegerToString      000000018002a5e4 f   exutils.obj
 0001:00029650       AcpiExPciClsToString       000000018002a650 f   exutils.obj
 0001:000296d4       AcpiIsValidSpaceId         000000018002a6d4 f   exutils.obj
 0001:000297ac       AcpiHwSetMode              000000018002a7ac f   hwacpi.obj
 0001:00029a08       AcpiHwGetMode              000000018002aa08 f   hwacpi.obj
 0001:00029acc       AcpiHwExecuteSleepMethod   000000018002aacc f   hwesleep.obj
 0001:00029b80       AcpiHwExtendedSleep        000000018002ab80 f   hwesleep.obj
 0001:00029d18       AcpiHwExtendedWakePrep     000000018002ad18 f   hwesleep.obj
 0001:00029d8c       AcpiHwExtendedWake         000000018002ad8c f   hwesleep.obj
 0001:00029e30       AcpiHwGetGpeRegisterBit    000000018002ae30 f   hwgpe.obj
 0001:00029e4c       AcpiHwLowSetGpe            000000018002ae4c f   hwgpe.obj
 0001:00029f14       AcpiHwDisableGpeBlock      000000018002af14 f   hwgpe.obj
 0001:00029f58       AcpiHwClearGpe             000000018002af58 f   hwgpe.obj
 0001:00029f98       AcpiHwClearGpeBlock        000000018002af98 f   hwgpe.obj
 0001:00029fe0       AcpiHwGetGpeStatus         000000018002afe0 f   hwgpe.obj
 0001:0002a0ac       AcpiHwDisableAllGpes       000000018002b0ac f   hwgpe.obj
 0001:0002a110       AcpiHwEnableAllRuntimeGpes 000000018002b110 f   hwgpe.obj
 0001:0002a174       AcpiHwEnableAllWakeupGpes  000000018002b174 f   hwgpe.obj
 0001:0002a1d8       AcpiHwCheckAllGpes         000000018002b1d8 f   hwgpe.obj
 0001:0002a224       AcpiHwEnableRuntimeGpeBlock 000000018002b224 f   hwgpe.obj
 0001:0002a334       AcpiHwDerivePciId          000000018002b334 f   hwpci.obj
 0001:0002a718       AcpiHwValidateRegister     000000018002b718 f   hwregs.obj
 0001:0002a7dc       AcpiHwRead                 000000018002b7dc f   hwregs.obj
 0001:0002a994       AcpiHwWrite                000000018002b994 f   hwregs.obj
 0001:0002ab1c       AcpiHwGetBitRegisterInfo   000000018002bb1c f   hwregs.obj
 0001:0002ab64       AcpiHwWritePm1Control      000000018002bb64 f   hwregs.obj
 0001:0002abfc       AcpiHwRegisterRead         000000018002bbfc f   hwregs.obj
 0001:0002ad4c       AcpiHwRegisterWrite        000000018002bd4c f   hwregs.obj
 0001:0002aed0       AcpiHwClearAcpiStatus      000000018002bed0 f   hwregs.obj
 0001:0002b16c       AcpiHwLegacySleep          000000018002c16c f   hwsleep.obj
 0001:0002b3c8       AcpiHwLegacyWakePrep       000000018002c3c8 f   hwsleep.obj
 0001:0002b4a4       AcpiHwLegacyWake           000000018002c4a4 f   hwsleep.obj
 0001:0002b5cc       AcpiGetTimerResolution     000000018002c5cc f   hwtimer.obj
 0001:0002b658       AcpiGetTimer               000000018002c658 f   hwtimer.obj
 0001:0002b6fc       AcpiGetTimerDuration       000000018002c6fc f   hwtimer.obj
 0001:0002b808       AcpiHwReadPort             000000018002c808 f   hwvalid.obj
 0001:0002b8bc       AcpiHwWritePort            000000018002c8bc f   hwvalid.obj
 0001:0002bba8       AcpiReset                  000000018002cba8 f   hwxface.obj
 0001:0002bc54       AcpiRead                   000000018002cc54 f   hwxface.obj
 0001:0002bc60       AcpiWrite                  000000018002cc60 f   hwxface.obj
 0001:0002bc6c       AcpiReadBitRegister        000000018002cc6c f   hwxface.obj
 0001:0002bd98       AcpiWriteBitRegister       000000018002cd98 f   hwxface.obj
 0001:0002bf0c       AcpiGetSleepTypeData       000000018002cf0c f   hwxface.obj
 0001:0002c0f8       AcpiEnterSleepStatePrep    000000018002d0f8 f   hwxfsleep.obj
 0001:0002c260       AcpiEnterSleepState        000000018002d260 f   hwxfsleep.obj
 0001:0002c308       AcpiEnterSleepStateS4bios  000000018002d308 f   hwxfsleep.obj
 0001:0002c43c       AcpiLeaveSleepStatePrep    000000018002d43c f   hwxfsleep.obj
 0001:0002c4a0       AcpiLeaveSleepState        000000018002d4a0 f   hwxfsleep.obj
 0001:0002c504       AcpiSetFirmwareWakingVector 000000018002d504 f   hwxfsleep.obj
 0001:0002c620       AcpiNsRootInitialize       000000018002d620 f   nsaccess.obj
 0001:0002c924       AcpiNsLookup               000000018002d924 f   nsaccess.obj
 0001:0002d138       AcpiNsCreateNode           000000018002e138 f   nsalloc.obj
 0001:0002d1f8       AcpiNsDeleteNode           000000018002e1f8 f   nsalloc.obj
 0001:0002d2f4       AcpiNsRemoveNode           000000018002e2f4 f   nsalloc.obj
 0001:0002d37c       AcpiNsDeleteNamespaceSubtree 000000018002e37c f   nsalloc.obj
 0001:0002d454       AcpiNsDeleteNamespaceByOwner 000000018002e454 f   nsalloc.obj
 0001:0002d584       AcpiNsDeleteChildren       000000018002e584 f   nsalloc.obj
 0001:0002d630       AcpiNsInstallNode          000000018002e630 f   nsalloc.obj
 0001:0002d7a4       AcpiNsCheckArgumentCount   000000018002e7a4 f   nsarguments.obj
 0001:0002d8b4       AcpiNsCheckAcpiCompliance  000000018002e8b4 f   nsarguments.obj
 0001:0002d9ac       AcpiNsCheckArgumentTypes   000000018002e9ac f   nsarguments.obj
 0001:0002daac       AcpiNsConvertToInteger     000000018002eaac f   nsconvert.obj
 0001:0002db4c       AcpiNsConvertToString      000000018002eb4c f   nsconvert.obj
 0001:0002dc08       AcpiNsConvertToBuffer      000000018002ec08 f   nsconvert.obj
 0001:0002dcfc       AcpiNsConvertToUnicode     000000018002ecfc f   nsconvert.obj
 0001:0002dd90       AcpiNsConvertToResource    000000018002ed90 f   nsconvert.obj
 0001:0002ddfc       AcpiNsConvertToReference   000000018002edfc f   nsconvert.obj
 0001:0002df40       AcpiNsDumpEntry            000000018002ef40 f   nsdump.obj
 0001:0002df8c       AcpiNsPrintPathname        000000018002ef8c f   nsdump.obj
 0001:0002e05c       AcpiNsDumpOneObject        000000018002f05c f   nsdump.obj
 0001:0002e72c       AcpiNsDumpObjects          000000018002f72c f   nsdump.obj
 0001:0002e7f0       AcpiNsDumpObjectPaths      000000018002f7f0 f   nsdump.obj
 0001:0002e98c       AcpiNsEvaluate             000000018002f98c f   nseval.obj
 0001:0002ef2c       AcpiNsInitializeObjects    000000018002ff2c f   nsinit.obj
 0001:0002f120       AcpiNsInitializeDevices    0000000180030120 f   nsinit.obj
 0001:0002f454       AcpiNsInitOnePackage       0000000180030454 f   nsinit.obj
 0001:0002f82c       AcpiNsLoadTable            000000018003082c f   nsload.obj
 0001:0002f9c8       AcpiNsGetExternalPathname  00000001800309c8 f   nsnames.obj
 0001:0002fa34       AcpiNsBuildNormalizedPath  0000000180030a34 f   nsnames.obj
 0001:0002fb68       AcpiNsNormalizePathname    0000000180030b68 f   nsnames.obj
 0001:0002fc4c       AcpiNsGetNormalizedPathname 0000000180030c4c f   nsnames.obj
 0001:0002fd9c       AcpiNsBuildPrefixedPathname 0000000180030d9c f   nsnames.obj
 0001:0002fed0       AcpiNsHandleToName         0000000180030ed0 f   nsnames.obj
 0001:0002fff8       AcpiNsHandleToPathname     0000000180030ff8 f   nsnames.obj
 0001:00030144       AcpiNsGetPathnameLength    0000000180031144 f   nsnames.obj
 0001:0003018c       AcpiNsDetachObject         000000018003118c f   nsobject.obj
 0001:000302d8       AcpiNsAttachObject         00000001800312d8 f   nsobject.obj
 0001:00030504       AcpiNsGetAttachedObject    0000000180031504 f   nsobject.obj
 0001:000305c8       AcpiNsGetSecondaryObject   00000001800315c8 f   nsobject.obj
 0001:00030668       AcpiNsAttachData           0000000180031668 f   nsobject.obj
 0001:00030704       AcpiNsDetachData           0000000180031704 f   nsobject.obj
 0001:00030750       AcpiNsGetAttachedData      0000000180031750 f   nsobject.obj
 0001:0003077c       AcpiNsParseTable           000000018003177c f   nsparse.obj
 0001:00030838       AcpiNsExecuteTable         0000000180031838 f   nsparse.obj
 0001:00030af8       AcpiNsOneCompleteParse     0000000180031af8 f   nsparse.obj
 0001:00030d18       AcpiNsCheckReturnValue     0000000180031d18 f   nspredef.obj
 0001:00030e6c       AcpiNsCheckObjectType      0000000180031e6c f   nspredef.obj
 0001:00031088       AcpiNsCheckPackage         0000000180032088 f   nsprepkg.obj
 0001:00031ad0       AcpiNsSimpleRepair         0000000180032ad0 f   nsrepair.obj
 0001:00031dd0       AcpiNsWrapWithPackage      0000000180032dd0 f   nsrepair.obj
 0001:00031e8c       AcpiNsRepairNullElement    0000000180032e8c f   nsrepair.obj
 0001:00031f84       AcpiNsRemoveNullElements   0000000180032f84 f   nsrepair.obj
 0001:000320a4       AcpiNsComplexRepairs       00000001800330a4 f   nsrepair2.obj
 0001:00032b04       AcpiNsSearchAndEnter       0000000180033b04 f   nssearch.obj
 0001:00032e00       AcpiNsSearchOneScope       0000000180033e00 f   nssearch.obj
 0001:00033230       AcpiNsOpensScope           0000000180034230 f   nsutils.obj
 0001:0003327c       AcpiNsGetNodeUnlocked      000000018003427c f   nsutils.obj
 0001:00033438       AcpiNsGetNode              0000000180034438 f   nsutils.obj
 0001:000334f8       AcpiNsGetType              00000001800344f8 f   nsutils.obj
 0001:00033598       AcpiNsLocal                0000000180034598 f   nsutils.obj
 0001:00033650       AcpiNsPrintNodePathname    0000000180034650 f   nsutils.obj
 0001:000336d4       AcpiNsBuildInternalName    00000001800346d4 f   nsutils.obj
 0001:000338c0       AcpiNsGetInternalNameLength 00000001800348c0 f   nsutils.obj
 0001:00033948       AcpiNsInternalizeName      0000000180034948 f   nsutils.obj
 0001:00033a7c       AcpiNsExternalizeName      0000000180034a7c f   nsutils.obj
 0001:00033cb8       AcpiNsValidateHandle       0000000180034cb8 f   nsutils.obj
 0001:00033cf4       AcpiNsTerminate            0000000180034cf4 f   nsutils.obj
 0001:00033db4       AcpiNsWalkNamespace        0000000180034db4 f   nswalk.obj
 0001:0003403c       AcpiNsGetNextNode          000000018003503c f   nswalk.obj
 0001:00034074       AcpiNsGetNextNodeTyped     0000000180035074 f   nswalk.obj
 0001:000340d0       AcpiWalkNamespace          00000001800350d0 f   nsxfeval.obj
 0001:0003421c       AcpiGetDevices             000000018003521c f   nsxfeval.obj
 0001:00034310       AcpiAttachData             0000000180035310 f   nsxfeval.obj
 0001:00034394       AcpiDetachData             0000000180035394 f   nsxfeval.obj
 0001:00034404       AcpiGetData                0000000180035404 f   nsxfeval.obj
 0001:00034488       AcpiEvaluateObject         0000000180035488 f   nsxfeval.obj
 0001:00034808       AcpiEvaluateObjectTyped    0000000180035808 f   nsxfeval.obj
 0001:00034b7c       AcpiGetName                0000000180035b7c f   nsxfname.obj
 0001:00034bfc       AcpiGetHandle              0000000180035bfc f   nsxfname.obj
 0001:00034cb0       AcpiGetObjectInfo          0000000180035cb0 f   nsxfname.obj
 0001:00034ffc       AcpiInstallMethod          0000000180035ffc f   nsxfname.obj
 0001:00035244       AcpiGetNextObject          0000000180036244 f   nsxfobj.obj
 0001:00035308       AcpiGetType                0000000180036308 f   nsxfobj.obj
 0001:00035374       AcpiGetParent              0000000180036374 f   nsxfobj.obj
 0001:000353f4       AcpiPsGetNextPackageEnd    00000001800363f4 f   psargs.obj
 0001:00035468       AcpiPsGetNextNamestring    0000000180036468 f   psargs.obj
 0001:00035528       AcpiPsGetNextSimpleArg     0000000180036528 f   psargs.obj
 0001:00035680       AcpiPsGetNextNamepath      0000000180036680 f   psargs.obj
 0001:0003599c       AcpiPsGetNextArg           000000018003699c f   psargs.obj
 0001:000361a8       AcpiPsParseLoop            00000001800371a8 f   psloop.obj
 0001:00036a38       AcpiPsBuildNamedOp         0000000180037a38 f   psobject.obj
 0001:00036c1c       AcpiPsCreateOp             0000000180037c1c f   psobject.obj
 0001:00036e64       AcpiPsCompleteOp           0000000180037e64 f   psobject.obj
 0001:0003722c       AcpiPsCompleteFinalOp      000000018003822c f   psobject.obj
 0001:000375ac       AcpiPsGetOpcodeInfo        00000001800385ac f   psopinfo.obj
 0001:00037674       AcpiPsGetOpcodeName        0000000180038674 f   psopinfo.obj
 0001:0003768c       AcpiPsGetArgumentCount     000000018003868c f   psopinfo.obj
 0001:000376a4       AcpiPsParseAml             00000001800386a4 f   psparse.obj
 0001:00037bd0       AcpiPsGetOpcodeSize        0000000180038bd0 f   psparse.obj
 0001:00037be4       AcpiPsPeekOpcode           0000000180038be4 f   psparse.obj
 0001:00037c00       AcpiPsCompleteThisOp       0000000180038c00 f   psparse.obj
 0001:00037e44       AcpiPsNextParseState       0000000180038e44 f   psparse.obj
 0001:00037fcc       AcpiPsInitScope            0000000180038fcc f   psscope.obj
 0001:0003807c       AcpiPsGetParentScope       000000018003907c f   psscope.obj
 0001:0003808c       AcpiPsHasCompletedScope    000000018003908c f   psscope.obj
 0001:000380ac       AcpiPsPopScope             00000001800390ac f   psscope.obj
 0001:000381bc       AcpiPsPushScope            00000001800391bc f   psscope.obj
 0001:000382b4       AcpiPsCleanupScope         00000001800392b4 f   psscope.obj
 0001:00038328       AcpiPsAppendArg            0000000180039328 f   pstree.obj
 0001:00038410       AcpiPsGetArg               0000000180039410 f   pstree.obj
 0001:00038468       AcpiPsGetDepthNext         0000000180039468 f   pstree.obj
 0001:000384f0       AcpiPsCreateScopeOp        00000001800394f0 f   psutils.obj
 0001:00038518       AcpiPsInitOp               0000000180039518 f   psutils.obj
 0001:00038560       AcpiPsAllocOp              0000000180039560 f   psutils.obj
 0001:00038604       AcpiPsFreeOp               0000000180039604 f   psutils.obj
 0001:00038684       AcpiPsIsLeadingChar        0000000180039684 f   psutils.obj
 0001:000386a0       AcpiPsGetName              00000001800396a0 f   psutils.obj
 0001:000386b4       AcpiPsSetName              00000001800396b4 f   psutils.obj
 0001:000386c0       AcpiPsDeleteParseTree      00000001800396c0 f   pswalk.obj
 0001:00038860       AcpiDebugTrace             0000000180039860 f   psxface.obj
 0001:000388cc       AcpiPsExecuteMethod        00000001800398cc f   psxface.obj
 0001:00038b74       AcpiPsExecuteTable         0000000180039b74 f   psxface.obj
 0001:00038d18       AcpiRsSetAddressCommon     0000000180039d18 f   rsaddr.obj
 0001:00038d80       AcpiRsGetAddressCommon     0000000180039d80 f   rsaddr.obj
 0001:00038e08       AcpiRsGetListLength        0000000180039e08 f   rscalc.obj
 0001:000391d4       AcpiRsGetAmlLength         000000018003a1d4 f   rscalc.obj
 0001:0003944c       AcpiRsGetPciRoutingTableLength 000000018003a44c f   rscalc.obj
 0001:00039630       AcpiBufferToResource       000000018003a630 f   rscreate.obj
 0001:00039760       AcpiRsCreateResourceList   000000018003a760 f   rscreate.obj
 0001:00039938       AcpiRsCreateAmlResources   000000018003a938 f   rscreate.obj
 0001:00039af8       AcpiRsCreatePciRoutingTable 000000018003aaf8 f   rscreate.obj
 0001:00039f6c       AcpiRsDumpResourceList     000000018003af6c f   rsdump.obj
 0001:0003a058       AcpiRsDumpIrqList          000000018003b058 f   rsdump.obj
 0001:0003a5ec       AcpiRsConvertAmlToResources 000000018003b5ec f   rslist.obj
 0001:0003a7ec       AcpiRsConvertResourcesToAml 000000018003b7ec f   rslist.obj
 0001:0003a9d8       AcpiRsConvertAmlToResource 000000018003b9d8 f   rsmisc.obj
 0001:0003af20       AcpiRsConvertResourceToAml 000000018003bf20 f   rsmisc.obj
 0001:0003b304       AcpiRsGetPrtMethodData     000000018003c304 f   rsutils.obj
 0001:0003b3a8       AcpiRsGetCrsMethodData     000000018003c3a8 f   rsutils.obj
 0001:0003b44c       AcpiRsGetPrsMethodData     000000018003c44c f   rsutils.obj
 0001:0003b4f0       AcpiRsGetMethodData        000000018003c4f0 f   rsutils.obj
 0001:0003b59c       AcpiRsSetSrsMethodData     000000018003c59c f   rsutils.obj
 0001:0003b708       AcpiRsGetAeiMethodData     000000018003c708 f   rsutils.obj
 0001:0003b7ac       AcpiRsMoveData             000000018003c7ac f   rsutils.obj
 0001:0003b858       AcpiRsDecodeBitmask        000000018003c858 f   rsutils.obj
 0001:0003b8a0       AcpiRsEncodeBitmask        000000018003c8a0 f   rsutils.obj
 0001:0003b8e4       AcpiRsGetResourceSource    000000018003c8e4 f   rsutils.obj
 0001:0003b998       AcpiRsSetResourceSource    000000018003c998 f   rsutils.obj
 0001:0003ba00       AcpiRsSetResourceHeader    000000018003ca00 f   rsutils.obj
 0001:0003ba3c       AcpiRsSetResourceLength    000000018003ca3c f   rsutils.obj
 0001:0003bacc       AcpiGetVendorResource      000000018003cacc f   rsxface.obj
 0001:0003bb1c       AcpiGetCurrentResources    000000018003cb1c f   rsxface.obj
 0001:0003bbac       AcpiGetPossibleResources   000000018003cbac f   rsxface.obj
 0001:0003bc3c       AcpiGetEventResources      000000018003cc3c f   rsxface.obj
 0001:0003bccc       AcpiWalkResourceBuffer     000000018003cccc f   rsxface.obj
 0001:0003bde4       AcpiWalkResources          000000018003cde4 f   rsxface.obj
 0001:0003bef4       AcpiSetCurrentResources    000000018003cef4 f   rsxface.obj
 0001:0003bfc0       AcpiGetIrqRoutingTable     000000018003cfc0 f   rsxface.obj
 0001:0003c050       AcpiResourceToAddress64    000000018003d050 f   rsxface.obj
 0001:0003c2f0       AcpiTbGetNextTableDescriptor 000000018003d2f0 f   tbdata.obj
 0001:0003c35c       AcpiTbInitTableDescriptor  000000018003d35c f   tbdata.obj
 0001:0003c3c4       AcpiTbAcquireTempTable     000000018003d3c4 f   tbdata.obj
 0001:0003c478       AcpiTbReleaseTempTable     000000018003d478 f   tbdata.obj
 0001:0003c484       AcpiTbValidateTempTable    000000018003d484 f   tbdata.obj
 0001:0003c4a8       AcpiTbVerifyTempTable      000000018003d4a8 f   tbdata.obj
 0001:0003c64c       AcpiTbIsTableLoaded        000000018003d64c f   tbdata.obj
 0001:0003c6a0       AcpiTbSetTableLoadedFlag   000000018003d6a0 f   tbdata.obj
 0001:0003c6fc       AcpiTbResizeRootTableList  000000018003d6fc f   tbdata.obj
 0001:0003c898       AcpiTbValidateTable        000000018003d898 f   tbdata.obj
 0001:0003c92c       AcpiTbInvalidateTable      000000018003d92c f   tbdata.obj
 0001:0003c9ac       AcpiTbAcquireTable         000000018003d9ac f   tbdata.obj
 0001:0003ca2c       AcpiTbReleaseTable         000000018003da2c f   tbdata.obj
 0001:0003ca50       AcpiTbLoadTable            000000018003da50 f   tbdata.obj
 0001:0003cb14       AcpiTbInstallAndLoadTable  000000018003db14 f   tbdata.obj
 0001:0003cbd4       AcpiTbUnloadTable          000000018003dbd4 f   tbdata.obj
 0001:0003ccac       AcpiTbNotifyTable          000000018003dcac f   tbdata.obj
 0001:0003ccd0       AcpiTbTerminate            000000018003dcd0 f   tbdata.obj
 0001:0003cdd8       AcpiTbDeleteNamespaceByOwner 000000018003ddd8 f   tbdata.obj
 0001:0003cee8       AcpiTbAllocateOwnerId      000000018003dee8 f   tbdata.obj
 0001:0003cf84       AcpiTbReleaseOwnerId       000000018003df84 f   tbdata.obj
 0001:0003d020       AcpiTbGetOwnerId           000000018003e020 f   tbdata.obj
 0001:0003d234       AcpiTbParseFadt            000000018003e234 f   tbfadt.obj
 0001:0003d314       AcpiTbCreateLocalFadt      000000018003e314 f   tbfadt.obj
 0001:0003d834       AcpiTbFindTable            000000018003e834 f   tbfind.obj
 0001:0003dab0       AcpiTbOverrideTable        000000018003eab0 f   tbinstal.obj
 0001:0003dbb4       AcpiTbInstallStandardTable 000000018003ebb4 f   tbinstal.obj
 0001:0003dd64       AcpiTbUninstallTable       000000018003ed64 f   tbinstal.obj
 0001:0003ddf8       AcpiTbInstallTableWithOverride 000000018003edf8 f   tbinstal.obj
 0001:0003de84       AcpiTbPrintTableHeader     000000018003ee84 f   tbprint.obj
 0001:0003e040       AcpiTbInitializeFacs       000000018003f040 f   tbutils.obj
 0001:0003e098       AcpiTbCheckDsdtHeader      000000018003f098 f   tbutils.obj
 0001:0003e114       AcpiTbCopyDsdt             000000018003f114 f   tbutils.obj
 0001:0003e1c8       AcpiTbParseRootTable       000000018003f1c8 f   tbutils.obj
 0001:0003e424       AcpiTbGetTable             000000018003f424 f   tbutils.obj
 0001:0003e518       AcpiTbPutTable             000000018003f518 f   tbutils.obj
 0001:0003e5b8       AcpiInitializeTables       000000018003f5b8 f   tbxface.obj
 0001:0003e690       AcpiReallocateRootTable    000000018003f690 f   tbxface.obj
 0001:0003e7d0       AcpiGetTableHeader         000000018003f7d0 f   tbxface.obj
 0001:0003e8ac       AcpiGetTable               000000018003f8ac f   tbxface.obj
 0001:0003e958       AcpiPutTable               000000018003f958 f   tbxface.obj
 0001:0003e9fc       AcpiGetTableByIndex        000000018003f9fc f   tbxface.obj
 0001:0003eab0       AcpiInstallTableHandler    000000018003fab0 f   tbxface.obj
 0001:0003eb70       AcpiRemoveTableHandler     000000018003fb70 f   tbxface.obj
 0001:0003ec10       AcpiAllocateRootTable      000000018003fc10 f   tbxface.obj
 0001:0003ec24       AcpiInstallTable           000000018003fc24 f   tbxfload.obj
 0001:0003ec9c       AcpiInstallPhysicalTable   000000018003fc9c f   tbxfload.obj
 0001:0003ed14       AcpiLoadTable              000000018003fd14 f   tbxfload.obj
 0001:0003edc4       AcpiUnloadTable            000000018003fdc4 f   tbxfload.obj
 0001:0003ee54       AcpiUnloadParentTable      000000018003fe54 f   tbxfload.obj
 0001:0003ef98       AcpiLoadTables             000000018003ff98 f   tbxfload.obj
 0001:0003f05c       AcpiTbLoadNamespace        000000018004005c f   tbxfload.obj
 0001:0003f364       AcpiFindRootPointer        0000000180040364 f   tbxfroot.obj
 0001:0003f560       AcpiTbGetRsdpLength        0000000180040560 f   tbxfroot.obj
 0001:0003f5a0       AcpiTbValidateRsdp         00000001800405a0 f   tbxfroot.obj
 0001:0003f60c       AcpiTbScanMemoryForRsdp    000000018004060c f   tbxfroot.obj
 0001:0003f738       AcpiUtAddAddressRange      0000000180040738 f   utaddress.obj
 0001:0003f8a4       AcpiUtRemoveAddressRange   00000001800408a4 f   utaddress.obj
 0001:0003f9ec       AcpiUtCheckAddressRange    00000001800409ec f   utaddress.obj
 0001:0003fba0       AcpiUtDeleteAddressLists   0000000180040ba0 f   utaddress.obj
 0001:0003fc00       AcpiOsAllocateZeroed       0000000180040c00 f   utalloc.obj
 0001:0003fc44       AcpiUtCreateCaches         0000000180040c44 f   utalloc.obj
 0001:0003fd24       AcpiUtDeleteCaches         0000000180040d24 f   utalloc.obj
 0001:0003fdf0       AcpiUtValidateBuffer       0000000180040df0 f   utalloc.obj
 0001:0003fe18       AcpiUtInitializeBuffer     0000000180040e18 f   utalloc.obj
 0001:0003feac       AcpiUtValidNameseg         0000000180040eac f   utascii.obj
 0001:0003feec       AcpiUtValidNameChar        0000000180040eec f   utascii.obj
 0001:0003ff1c       AcpiUtCheckAndRepairAscii  0000000180040f1c f   utascii.obj
 0001:0003ff7c       AcpiUtDebugDumpBuffer      0000000180040f7c f   utbuffer.obj
 0001:0003ffa8       AcpiUtDumpBuffer           0000000180040fa8 f   utbuffer.obj
 0001:00040174       AcpiUtDumpBufferToFile     0000000180041174 f   utbuffer.obj
 0001:0004034c       AcpiOsCreateCache          000000018004134c f   utcache.obj
 0001:000403e4       AcpiOsDeleteCache          00000001800413e4 f   utcache.obj
 0001:00040414       AcpiOsPurgeCache           0000000180041414 f   utcache.obj
 0001:00040498       AcpiOsAcquireObject        0000000180041498 f   utcache.obj
 0001:00040634       AcpiOsReleaseObject        0000000180041634 f   utcache.obj
 0001:000406dc       AcpiUtCopyIobjectToEobject 00000001800416dc f   utcopy.obj
 0001:00040768       AcpiUtCopyEobjectToIobject 0000000180041768 f   utcopy.obj
 0001:000407e4       AcpiUtCopyIobjectToIobject 00000001800417e4 f   utcopy.obj
 0001:00041234       AcpiDebugPrint             0000000180042234 f   utdebug.obj
 0001:0004134c       AcpiDebugPrintRaw          000000018004234c f   utdebug.obj
 0001:00041380       AcpiTracePoint             0000000180042380 f   utdebug.obj
 0001:000413d0       AcpiUtInitStackPtrTrace    00000001800423d0 f   utdebug.obj
 0001:000413e4       AcpiUtTrackStackPtr        00000001800423e4 f   utdebug.obj
 0001:00041420       AcpiUtTrace                0000000180042420 f   utdebug.obj
 0001:000414a4       AcpiUtTracePtr             00000001800424a4 f   utdebug.obj
 0001:00041534       AcpiUtTraceU32             0000000180042534 f   utdebug.obj
 0001:000415c0       AcpiUtTraceStr             00000001800425c0 f   utdebug.obj
 0001:00041650       AcpiUtExit                 0000000180042650 f   utdebug.obj
 0001:000416b8       AcpiUtStatusExit           00000001800426b8 f   utdebug.obj
 0001:00041778       AcpiUtValueExit            0000000180042778 f   utdebug.obj
 0001:000417fc       AcpiUtPtrExit              00000001800427fc f   utdebug.obj
 0001:0004186c       AcpiUtStrExit              000000018004286c f   utdebug.obj
 0001:000418f8       AcpiUtGetMutexName         00000001800428f8 f   utdecode.obj
 0001:0004191c       AcpiUtGetNotifyName        000000018004291c f   utdecode.obj
 0001:000419bc       AcpiUtGetTypeName          00000001800429bc f   utdecode.obj
 0001:000419e0       AcpiUtGetNodeName          00000001800429e0 f   utdecode.obj
 0001:00041a38       AcpiUtGetDescriptorName    0000000180042a38 f   utdecode.obj
 0001:00041a6c       AcpiUtGetReferenceName     0000000180042a6c f   utdecode.obj
 0001:00041abc       AcpiUtGetObjectTypeName    0000000180042abc f   utdecode.obj
 0001:00041bfc       AcpiUtGetRegionName        0000000180042bfc f   utdecode.obj
 0001:00041c48       AcpiUtGetEventName         0000000180042c48 f   utdecode.obj
 0001:00041c6c       AcpiUtGetArgumentTypeName  0000000180042c6c f   utdecode.obj
 0001:00041c90       AcpiUtValidObjectType      0000000180042c90 f   utdecode.obj
 0001:00041c98       AcpiUtUpdateObjectReference 0000000180042c98 f   utdelete.obj
 0001:00041eec       AcpiUtAddReference         0000000180042eec f   utdelete.obj
 0001:00041f64       AcpiUtRemoveReference      0000000180042f64 f   utdelete.obj
 0001:00041ff0       AcpiUtDeleteInternalObjectList 0000000180042ff0 f   utdelete.obj
 0001:0004281c       AcpiUtPredefinedWarning    000000018004381c f   uterror.obj
 0001:00042870       AcpiUtPredefinedInfo       0000000180043870 f   uterror.obj
 0001:000428c4       AcpiUtPredefinedBiosError  00000001800438c4 f   uterror.obj
 0001:00042918       AcpiUtPrefixedNamespaceError 0000000180043918 f   uterror.obj
 0001:00042a04       AcpiUtMethodError          0000000180043a04 f   uterror.obj
 0001:00042ab0       AcpiUtEvaluateObject       0000000180043ab0 f   uteval.obj
 0001:00042d14       AcpiUtEvaluateNumericObject 0000000180043d14 f   uteval.obj
 0001:00042dd8       AcpiUtExecute_STA          0000000180043dd8 f   uteval.obj
 0001:00042ef4       AcpiUtExecutePowerMethods  0000000180043ef4 f   uteval.obj
 0001:00043034       AcpiFormatException        0000000180044034 f   utexcep.obj
 0001:00043080       AcpiUtValidateException    0000000180044080 f   utexcep.obj
 0001:00043160       AcpiUtHexToAsciiChar       0000000180044160 f   uthex.obj
 0001:0004318c       AcpiUtAsciiToHexByte       000000018004418c f   uthex.obj
 0001:000431f4       AcpiUtAsciiCharToHex       00000001800441f4 f   uthex.obj
 0001:00043214       AcpiUtExecute_HID          0000000180044214 f   utids.obj
 0001:0004331c       AcpiUtExecute_UID          000000018004431c f   utids.obj
 0001:00043424       AcpiUtExecute_CID          0000000180044424 f   utids.obj
 0001:000435cc       AcpiUtExecute_CLS          00000001800445cc f   utids.obj
 0001:000436fc       AcpiUtInitGlobals          00000001800446fc f   utinit.obj
 0001:00043930       AcpiUtSubsystemShutdown    0000000180044930 f   utinit.obj
 0001:00043b1c       AcpiUtCreateRwLock         0000000180044b1c f   utlock.obj
 0001:00043b58       AcpiUtDeleteRwLock         0000000180044b58 f   utlock.obj
 0001:00043b8c       AcpiUtAcquireReadLock      0000000180044b8c f   utlock.obj
 0001:00043bf0       AcpiUtReleaseReadLock      0000000180044bf0 f   utlock.obj
 0001:00043c40       AcpiUtAcquireWriteLock     0000000180044c40 f   utlock.obj
 0001:00043c5c       AcpiUtReleaseWriteLock     0000000180044c5c f   utlock.obj
 0001:00043c6c       AcpiUtDivide               0000000180044c6c f   utmath.obj
 0001:00043d50       AcpiUtShortDivide          0000000180044d50 f   utmath.obj
 0001:00043e34       AcpiUtShortMultiply        0000000180044e34 f   utmath.obj
 0001:00043eb0       AcpiUtShortShiftLeft       0000000180044eb0 f   utmath.obj
 0001:00043f30       AcpiUtShortShiftRight      0000000180044f30 f   utmath.obj
 0001:00043fa8       AcpiUtCreateUpdateStateAndPush 0000000180044fa8 f   utmisc.obj
 0001:00044004       AcpiUtIsPciRootBridge      0000000180045004 f   utmisc.obj
 0001:00044044       AcpiUtIsAmlTable           0000000180045044 f   utmisc.obj
 0001:000440a4       AcpiUtWalkPackageTree      00000001800450a4 f   utmisc.obj
 0001:000442a0       AcpiUtDwordByteSwap        00000001800452a0 f   utmisc.obj
 0001:000442dc       AcpiUtSetIntegerWidth      00000001800452dc f   utmisc.obj
 0001:00044310       AcpiUtDisplayInitPathname  0000000180045310 f   utmisc.obj
 0001:000443dc       AcpiUtMutexInitialize      00000001800453dc f   utmutex.obj
 0001:00044528       AcpiUtMutexTerminate       0000000180045528 f   utmutex.obj
 0001:000445c4       AcpiUtAcquireMutex         00000001800455c4 f   utmutex.obj
 0001:000447ac       AcpiUtReleaseMutex         00000001800457ac f   utmutex.obj
 0001:00044a00       AcpiUtStrupr               0000000180045a00 f   utnonansi.obj
 0001:00044a34       AcpiUtStrlwr               0000000180045a34 f   utnonansi.obj
 0001:00044a68       AcpiUtStricmp              0000000180045a68 f   utnonansi.obj
 0001:00044ab8       AcpiUtSafeStrcpy           0000000180045ab8 f   utnonansi.obj
 0001:00044b04       AcpiUtSafeStrncpy          0000000180045b04 f   utnonansi.obj
 0001:00044b30       AcpiUtSafeStrcat           0000000180045b30 f   utnonansi.obj
 0001:00044b94       AcpiUtSafeStrncat          0000000180045b94 f   utnonansi.obj
 0001:00044c18       AcpiUtCreateInternalObjectDbg 0000000180045c18 f   utobject.obj
 0001:00044d2c       AcpiUtAllocateObjectDescDbg 0000000180045d2c f   utobject.obj
 0001:00044e38       AcpiUtDeleteObjectDesc     0000000180045e38 f   utobject.obj
 0001:00044ed4       AcpiUtValidInternalObject  0000000180045ed4 f   utobject.obj
 0001:00044f94       AcpiUtCreatePackageObject  0000000180045f94 f   utobject.obj
 0001:00045084       AcpiUtCreateIntegerObject  0000000180046084 f   utobject.obj
 0001:00045128       AcpiUtCreateBufferObject   0000000180046128 f   utobject.obj
 0001:00045240       AcpiUtCreateStringObject   0000000180046240 f   utobject.obj
 0001:0004533c       AcpiUtGetObjectSize        000000018004633c f   utobject.obj
 0001:00045644       AcpiUtInitializeInterfaces 0000000180046644 f   utosi.obj
 0001:000456b4       AcpiUtInterfaceTerminate   00000001800466b4 f   utosi.obj
 0001:00045758       AcpiUtInstallInterface     0000000180046758 f   utosi.obj
 0001:00045808       AcpiUtRemoveInterface      0000000180046808 f   utosi.obj
 0001:000458bc       AcpiUtUpdateInterfaces     00000001800468bc f   utosi.obj
 0001:000458fc       AcpiUtGetInterface         00000001800468fc f   utosi.obj
 0001:00045944       AcpiUtOsiImplementation    0000000180046944 f   utosi.obj
 0001:00045b38       AcpiUtAllocateOwnerId      0000000180046b38 f   utownerid.obj
 0001:00045cdc       AcpiUtReleaseOwnerId       0000000180046cdc f   utownerid.obj
 0001:00045dec       AcpiUtGetNextPredefinedMethod 0000000180046dec f   utpredef.obj
 0001:00045e08       AcpiUtMatchPredefinedMethod 0000000180046e08 f   utpredef.obj
 0001:00045e44       AcpiUtGetExpectedReturnTypes 0000000180046e44 f   utpredef.obj
 0001:00045ec4       AcpiUtWalkAmlResources     0000000180046ec4 f   utresrc.obj
 0001:000460a4       AcpiUtValidateResource     00000001800470a4 f   utresrc.obj
 0001:00046220       AcpiUtGetDescriptorLength  0000000180047220 f   utresrc.obj
 0001:0004625c       AcpiUtGetResourceLength    000000018004725c f   utresrc.obj
 0001:00046288       AcpiUtGetResourceHeaderLength 0000000180047288 f   utresrc.obj
 0001:000462b0       AcpiUtGetResourceType      00000001800472b0 f   utresrc.obj
 0001:000462d8       AcpiUtGetResourceEndTag    00000001800472d8 f   utresrc.obj
 0001:00046380       AcpiUtPushGenericState     0000000180047380 f   utstate.obj
 0001:000463b0       AcpiUtPopGenericState      00000001800473b0 f   utstate.obj
 0001:000463d8       AcpiUtCreateGenericState   00000001800473d8 f   utstate.obj
 0001:00046404       AcpiUtCreateThreadState    0000000180047404 f   utstate.obj
 0001:00046460       AcpiUtCreateUpdateState    0000000180047460 f   utstate.obj
 0001:0004649c       AcpiUtCreatePkgState       000000018004749c f   utstate.obj
 0001:000464f0       AcpiUtCreateControlState   00000001800474f0 f   utstate.obj
 0001:00046518       AcpiUtDeleteGenericState   0000000180047518 f   utstate.obj
 0001:00046540       AcpiUtPrintString          0000000180047540 f   utstring.obj
 0001:0004668c       UtConvertBackslashes       000000018004768c f   utstring.obj
 0001:000466ac       AcpiUtRepairName           00000001800476ac f   utstring.obj
 0001:00046798       AcpiUtConvertOctalString   0000000180047798 f   utstrsuppt.obj
 0001:00046800       AcpiUtConvertDecimalString 0000000180047800 f   utstrsuppt.obj
 0001:00046878       AcpiUtConvertHexString     0000000180047878 f   utstrsuppt.obj
 0001:000468f0       AcpiUtRemoveWhitespace     00000001800478f0 f   utstrsuppt.obj
 0001:00046924       AcpiUtRemoveLeadingZeros   0000000180047924 f   utstrsuppt.obj
 0001:0004693c       AcpiUtDetectHexPrefix      000000018004793c f   utstrsuppt.obj
 0001:00046968       AcpiUtRemoveHexPrefix      0000000180047968 f   utstrsuppt.obj
 0001:00046998       AcpiUtDetectOctalPrefix    0000000180047998 f   utstrsuppt.obj
 0001:00046a9c       AcpiUtStrtoul64            0000000180047a9c f   utstrtoul64.obj
 0001:00046be0       AcpiUtExplicitStrtoul64    0000000180047be0 f   utstrtoul64.obj
 0001:00046cbc       AcpiUtImplicitStrtoul64    0000000180047cbc f   utstrtoul64.obj
 0001:00046d84       AcpiUtAllocateAndTrack     0000000180047d84 f   uttrack.obj
 0001:00046e6c       AcpiUtAllocateZeroedAndTrack 0000000180047e6c f   uttrack.obj
 0001:00046f54       AcpiUtFreeAndTrack         0000000180047f54 f   uttrack.obj
 0001:00047098       AcpiUtDumpAllocationInfo   0000000180048098 f   uttrack.obj
 0001:000470e4       AcpiUtDumpAllocations      00000001800480e4 f   uttrack.obj
 0001:00047340       AcpiUtCreateList           0000000180048340 f   uttrack.obj
 0001:00047640       AcpiUtConvertStringToUuid  0000000180048640 f   utuuid.obj
 0001:000476b0       AcpiUtConvertUuidToString  00000001800486b0 f   utuuid.obj
 0001:00047748       AcpiTerminate              0000000180048748 f   utxface.obj
 0001:000477b0       AcpiSubsystemStatus        00000001800487b0 f   utxface.obj
 0001:000477c4       AcpiGetSystemInfo          00000001800487c4 f   utxface.obj
 0001:000478b8       AcpiGetStatistics          00000001800488b8 f   utxface.obj
 0001:00047970       AcpiPurgeCachedObjects     0000000180048970 f   utxface.obj
 0001:000479f4       AcpiInstallInterface       00000001800489f4 f   utxface.obj
 0001:00047a84       AcpiRemoveInterface        0000000180048a84 f   utxface.obj
 0001:00047ae8       AcpiUpdateInterfaces       0000000180048ae8 f   utxface.obj
 0001:00047b34       AcpiCheckAddressRange      0000000180048b34 f   utxface.obj
 0001:00047ba0       AcpiDecodePldBuffer        0000000180048ba0 f   utxface.obj
 0001:00047d10       AcpiInstallInitializationHandler 0000000180048d10 f   utxface.obj
 0001:00047d3c       AcpiInstallInterfaceHandler 0000000180048d3c f   utxface.obj
 0001:00047da0       AcpiError                  0000000180048da0 f   utxferror.obj
 0001:00047df4       AcpiException              0000000180048df4 f   utxferror.obj
 0001:00047e64       AcpiWarning                0000000180048e64 f   utxferror.obj
 0001:00047eb8       AcpiInfo                   0000000180048eb8 f   utxferror.obj
 0001:00047f04       AcpiBiosError              0000000180048f04 f   utxferror.obj
 0001:00047f58       AcpiBiosException          0000000180048f58 f   utxferror.obj
 0001:00047fc8       AcpiBiosWarning            0000000180048fc8 f   utxferror.obj
 0001:00048018       AcpiInitializeSubsystem    0000000180049018 f   utxfinit.obj
 0001:0004817c       AcpiEnableSubsystem        000000018004917c f   utxfinit.obj
 0001:00048338       AcpiInitializeObjects      0000000180049338 f   utxfinit.obj
 0001:000483b0       AcpiAcquireMutex           00000001800493b0 f   utxfmutex.obj
 0001:000483ec       AcpiReleaseMutex           00000001800493ec f   utxfmutex.obj
 0001:00048484       AcpiOsInitializeDebugger   0000000180049484 f   osgendbg.obj
 0001:00048528       AcpiOsTerminateDebugger    0000000180049528 f   osgendbg.obj
 0001:00048558       AcpiOsWaitCommandReady     0000000180049558 f   osgendbg.obj
 0001:00048608       AcpiOsNotifyCommandComplete 0000000180049608 f   osgendbg.obj
 0001:00048634       AcpiRunDebugger            0000000180049634 f   osgendbg.obj
 0001:00048734       AcpiOsOpenDirectory        0000000180049734 f   oswindir.obj
 0001:0004884c       AcpiOsGetNextFilename      000000018004984c f   oswindir.obj
 0001:000488c0       AcpiOsCloseDirectory       00000001800498c0 f   oswindir.obj
 0001:000488f0       AcpiOsInitialize           00000001800498f0 f   oswinxf.obj
 0001:00048940       AcpiOsTerminate            0000000180049940 f   oswinxf.obj
 0001:0004894c       AcpiOsPredefinedOverride   000000018004994c f   oswinxf.obj
 0001:0004896c       AcpiOsTableOverride        000000018004996c f   oswinxf.obj
 0001:00048998       AcpiOsPhysicalTableOverride 0000000180049998 f   oswinxf.obj
 0001:000489a4       AcpiOsCreateLock           00000001800499a4 f   oswinxf.obj
 0001:000489bc       AcpiOsDeleteLock           00000001800499bc f   oswinxf.obj
 0001:000489c8       AcpiOsAcquireLock          00000001800499c8 f   oswinxf.obj
 0001:000489d4       AcpiOsReleaseLock          00000001800499d4 f   oswinxf.obj
 0001:000489e0       AcpiOsCreateSemaphore      00000001800499e0 f   oswinxf.obj
 0001:000489f0       AcpiOsDeleteSemaphore      00000001800499f0 f   oswinxf.obj
 0001:000489fc       AcpiOsWaitSemaphore        00000001800499fc f   oswinxf.obj
 0001:00048a08       AcpiOsSignalSemaphore      0000000180049a08 f   oswinxf.obj
 0001:00048a14       AcpiOsAllocate             0000000180049a14 f   oswinxf.obj
 0001:00048a20       AcpiOsFree                 0000000180049a20 f   oswinxf.obj
 0001:00048a2c       AcpiOsMapMemory            0000000180049a2c f   oswinxf.obj
 0001:00048a38       AcpiOsUnmapMemory          0000000180049a38 f   oswinxf.obj
 0001:00048a44       AcpiOsInstallInterruptHandler 0000000180049a44 f   oswinxf.obj
 0001:00048a50       AcpiOsRemoveInterruptHandler 0000000180049a50 f   oswinxf.obj
 0001:00048a5c       AcpiOsGetThreadId          0000000180049a5c f   oswinxf.obj
 0001:00048a68       AcpiOsExecute              0000000180049a68 f   oswinxf.obj
 0001:00048a80       AcpiOsWaitEventsComplete   0000000180049a80 f   oswinxf.obj
 0001:00048a8c       AcpiOsSleep                0000000180049a8c f   oswinxf.obj
 0001:00048a9c       AcpiOsStall                0000000180049a9c f   oswinxf.obj
 0001:00048ab4       AcpiOsReadPort             0000000180049ab4 f   oswinxf.obj
 0001:00048b0c       AcpiOsWritePort            0000000180049b0c f   oswinxf.obj
 0001:00048b50       AcpiOsReadMemory           0000000180049b50 f   oswinxf.obj
 0001:00048b80       AcpiOsWriteMemory          0000000180049b80 f   oswinxf.obj
 0001:00048b8c       AcpiOsReadPciConfiguration 0000000180049b8c f   oswinxf.obj
 0001:00048b9c       AcpiOsWritePciConfiguration 0000000180049b9c f   oswinxf.obj
 0001:00048ba8       AcpiOsReadable             0000000180049ba8 f   oswinxf.obj
 0001:00048bc4       AcpiOsWritable             0000000180049bc4 f   oswinxf.obj
 0001:00048be0       AcpiOsGetTimer             0000000180049be0 f   oswinxf.obj
 0001:00048c28       AcpiOsSignal               0000000180049c28 f   oswinxf.obj
 0001:00048c34       AcpiOsEnterSleep           0000000180049c34 f   oswinxf.obj
 0001:00048c40       AcpiOsPrintf               0000000180049c40 f   oswinxf.obj
 0001:00048ca8       AcpiOsVprintf              0000000180049ca8 f   oswinxf.obj
 0001:00048d0c       AcpiOsRedirectOutput       0000000180049d0c f   oswinxf.obj
 0001:00048d1c       AcpiOsGetLine              0000000180049d1c f   oswinxf.obj
 0001:00048d9c       AeSignalHandler            0000000180049d9c f   aeexception.obj
 0001:00048e74       AeExceptionHandler         0000000180049e74 f   aeexception.obj
 0001:00049140       AeTestBufferArgument       000000018004a140 f   aeexec.obj
 0001:000491a4       AeTestPackageArgument      000000018004a1a4 f   aeexec.obj
 0001:0004929c       AeGetDevices               000000018004a29c f   aeexec.obj
 0001:000492a8       AeSetupConfiguration       000000018004a2a8 f   aeexec.obj
 0001:000492f0       ExecuteOSI                 000000018004a2f0 f   aeexec.obj
 0001:000493f4       AeGenericRegisters         000000018004a3f4 f   aeexec.obj
 0001:0004953c       AfInstallGpeBlock          000000018004a53c f   aeexec.obj
 0001:00049830       AeInstallEarlyHandlers     000000018004a830 f   aehandlers.obj
 0001:00049c4c       AeInstallLateHandlers      000000018004ac4c f   aehandlers.obj
 0001:00049f78       AeGpeHandler               000000018004af78 f   aehandlers.obj
 0001:00049fac       AeGlobalEventHandler       000000018004afac f   aehandlers.obj
 0001:0004a448       AeOpenInitializationFile   000000018004b448 f   aeinitfile.obj
 0001:0004a4a8       AeProcessInitFile          000000018004b4a8 f   aeinitfile.obj
 0001:0004a760       AeLookupInitFileEntry      000000018004b760 f   aeinitfile.obj
 0001:0004a934       AeDisplayUnusedInitFileItems 000000018004b934 f   aeinitfile.obj
 0001:0004a998       AeDeleteInitFileList       000000018004b998 f   aeinitfile.obj
 0001:0004a9f4       AeInstallDeviceHandlers    000000018004b9f4 f   aeinstall.obj
 0001:0004aa50       AeInstallRegionHandlers    000000018004ba50 f   aeinstall.obj
 0001:0004aaf4       AeOverrideRegionHandlers   000000018004baf4 f   aeinstall.obj
 0001:0004addc       MpSaveGpioInfo             000000018004bddc f   aemain.obj
 0001:0004ade8       MpSaveSerialInfo           000000018004bde8 f   aemain.obj
 0001:0004adf4       main                       000000018004bdf4 f   aemain.obj
 0001:0004b830       AeRegionHandler            000000018004c830 f   aeregion.obj
[...]
 0002:00024110       $unwind$myEFI_FILE_WRITE   000000018007d110     toroC64:osifUefiShellCmdExec.obj
 0002:00024128       $unwind$_osifUefiShellCmdExec 000000018007d128     toroC64:osifUefiShellCmdExec.obj
 0002:0002413c       $unwind$_osifUefiShellGetEnv 000000018007d13c     toroC64:osifUefiShellGetEnv.obj
 0002:00024154       $unwind$_osifUefiShellGetDrvCwd 000000018007d154     toroC64:osifUefiShellGetDrvCwd.obj
 0002:00024160       $unwind$_cdeCoreFread      000000018007d160     toroC64:_cdeCoreFread.obj
 0002:00024178       $unwind$_cdeCoreFwrite     000000018007d178     toroC64:_cdeCoreFwrite.obj
 0002:00024190       $unwind$_cdeCoreFsetpos    000000018007d190     toroC64:_cdeCoreFsetpos.obj
 0002:000241a4       $unwind$_cdeCoreFflush     000000018007d1a4     toroC64:_cdeCoreFflush.obj
 0002:000241b4       $unwind$_CdeLocateProtocol 000000018007d1b4     toroC64:_CdeLocateProtocol.obj
 0002:000241bc       $unwind$_cdeStr2Argcv      000000018007d1bc     toroC64:_cdeStr2Argcv.obj
 0002:000241d4       $unwind$fcloseCDEABI       000000018007d1d4     toroC64:FcloseCDEABI.obj
 0002:000241ec       $unwind$fgetcCDEABI        000000018007d1ec     toroC64:FgetcCDEABI.obj
 0002:000241f4       $unwind$fwriteCDEABI       000000018007d1f4     toroC64:FwriteCDEABI.obj
 0002:00024208       $unwind$sprintfCDEABI      000000018007d208     toroC64:SprintfCDEABI.obj
 0002:00024210       $unwind$raiseCDEABI        000000018007d210     toroC64:raiseCDEABI.obj
 0002:0002421c       $unwind$strcmpCDEABI       000000018007d21c     toroC64:StrCmpCDEABI.obj
 0002:00024228       $unwind$fprintfCDEABI      000000018007d228     toroC64:FprintfCDEABI.obj
 0002:00024230       $unwind$isgraph            000000018007d230     toroC64:isgraph.obj
 0002:0002423c       $unwind$remove             000000018007d23c     toroC64:Remove.obj
 0002:00024250       $unwind$__cdeIsFilePointer 000000018007d250     toroC64:__cdeIsFilePointer.obj
 0002:00024264       $unwind$_stricmp           000000018007d264     toroC64:_StrICmp.obj
 0002:00024270       $unwind$_fseeki64          000000018007d270     toroC64:_Fseeki64.obj
 0002:00024284       $unwind$_ftelli64          000000018007d284     toroC64:_Ftelli64.obj
 0002:0002428c       $unwind$strpbrk            000000018007d28c     toroC64:StrPbrk.obj
 0002:00024298       $unwind$_cdeSscanf         000000018007d298     toroC64:_cdeSscanf.obj
 0002:000242a4       $unwind$abort              000000018007d2a4     toroC64:abort.obj
 0002:000242b0       $unwind$strrchr            000000018007d2b0     toroC64:StrRChr.obj
 0002:000242bc       $unwind$__cdeSplitSearchNameExt2Upcase 000000018007d2bc     toroC64:__cdeSplitSearchNameExt2Upcase.obj
 0002:000242d8       $unwind$strspn             000000018007d2d8     toroC64:StrSpn.obj
 0002:000242e4       $unwind$__cdeStrMatch      000000018007d2e4     toroC64:__cdeStrMatch.obj
 0002:000242fc       $unwind$realloc            000000018007d2fc     toroC64:Realloc.obj
 0002:00024308       $unwind$fgetc              000000018007d308     toroC64:Fgetc.obj
 0002:00024310       $unwind$fputc              000000018007d310     toroC64:Fputc.obj
 0002:00024318       $unwind$invalid_parameter_handler 000000018007d318     toroC64:_invalid_parameter_handler.obj
 0002:0002432c       $unwind$fsetpos            000000018007d32c     toroC64:Fsetpos.obj
 0002:00024338       $unwind$_cdeCoreSprintf    000000018007d338     toroC64:_cdeCoreSprintf.obj
 0002:00024340       $unwind$isxdigitCDEABI     000000018007d340     toroC64:isxdigitCDEABI.obj
 0002:00024348       $unwind$_cdeUMUL128        000000018007d348     toroC64:_cdeUMUL128.obj
 0002:00024350       $unwind$_mktime64CDEABI    000000018007d350     toroC64:mktimeCDEABI.obj
 0002:00024358       $unwind$_cdeGmltime        000000018007d358     toroC64:_cdeGmltime.obj
 0002:00024364       $unwind$__cdeOnErrSet_status 000000018007d364     toroC64:__cdeOnErrSet_status.obj
 0002:0002436c       $unwind$__cdeOffsetCdeFposType 000000018007d36c     toroC64:__cdeGetOffsetCdeFposType.obj
 0002:00024374       $unwind$__cdeBiasCdeFposType 000000018007d374     toroC64:__cdeGetBiasCdeFposType.obj
 0002:00024380       $unwind$wcschrCDEABI       000000018007d380     toroC64:WcsChrCDEABI.obj
 0002:00024388       $unwind$wcscatCDEABI       000000018007d388     toroC64:WcsCatCDEABI.obj
 0002:00024394       $unwind$wcscpyCDEABI       000000018007d394     toroC64:WcsCpyCDEABI.obj
 0002:000243a0       $unwind$wcsncmpCDEABI      000000018007d3a0     toroC64:WcsNCmpCDEABI.obj
 0002:000243b0       $unwind$wcsncpyCDEABI      000000018007d3b0     toroC64:WcsNCpyCDEABI.obj
 0002:000243c0       $unwind$wcstokCDEABI       000000018007d3c0     toroC64:WcsTokCDEABI.obj
 0002:000243d0       $unwind$_wcsicmpCDEABI     000000018007d3d0     toroC64:_WcsICmpCDEABI.obj
 0002:000243dc       $unwind$_stricmpCDEABI     000000018007d3dc     toroC64:_StrICmpCDEABI.obj
 0002:000243e8       $unwind$_CdeLocateHandleBuffer 000000018007d3e8     toroC64:_CdeLocateHandleBuffer.obj
 0002:000243f8       $unwind$_cdeConvertDevicePathToText 000000018007d3f8     toroC64:_cdeConvertDevicePathToText.obj
 0002:00024400       $unwind$_CdeGetMapFromDevicePath 000000018007d400     toroC64:_CdeGetMapFromDevicePath.obj
 0002:00024408       $unwind$_CdeGetCurDir      000000018007d408     toroC64:_CdeGetCurDir.obj
 0002:00024410       $unwind$wcsrchrCDEABI      000000018007d410     toroC64:WcsRChrCDEABI.obj
 0002:0002441c       $unwind$_errnoCDEABI       000000018007d41c     toroC64:errnoCDEABI.obj
 0002:00024424       $unwind$fopenCDEABI        000000018007d424     toroC64:FopenCDEABI.obj
 0002:00024440       $unwind$freadCDEABI        000000018007d440     toroC64:FreadCDEABI.obj
 0002:00024454       $unwind$strchrCDEABI       000000018007d454     toroC64:StrChrCDEABI.obj
 0002:0002445c       $unwind$reallocCDEABI      000000018007d45c     toroC64:ReallocCDEABI.obj
 0002:00024468       $unwind$wcstombsCDEABI     000000018007d468     toroC64:wcstombsCDEABI.obj
 0002:00024470       $unwind$abortCDEABI        000000018007d470     toroC64:abortCDEABI.obj
 0002:0002447c       $unwind$strncpyCDEABI      000000018007d47c     toroC64:StrNCpyCDEABI.obj
 0002:0002448c       $unwind$strncmpCDEABI      000000018007d48c     toroC64:StrNCmpCDEABI.obj
 0002:0002449c       $unwind$strcpyCDEABI       000000018007d49c     toroC64:StrCpyCDEABI.obj
 0002:000244a8       $unwind$strcatCDEABI       000000018007d4a8     toroC64:StrCatCDEABI.obj
 0002:000244b4       $unwind$strtolCDEABI       000000018007d4b4     toroC64:strtolCDEABI.obj
 0002:000244bc       $unwind$_strnicmpCDEABI    000000018007d4bc     toroC64:_StrNICmpCDEABI.obj
 0002:000244cc       $unwind$toupperCDEABI      000000018007d4cc     toroC64:toupperCDEABI.obj
 0002:000244d4       $unwind$_cdeEfiTime2TimeT  000000018007d4d4     toroC64:_cdeEfiTime2TimeT.obj
 0002:000244dc       $unwind$__cdeIsFilePointerCORE 000000018007d4dc     toroC64:__cdeIsFilePointerCORE.obj
 0002:000244f4       $unwind$__cderewindCORE    000000018007d4f4     toroC64:__cderewindCORE.obj
 0002:000244fc       $unwind$_cdeAbort          000000018007d4fc     toroC64:_cdeAbort.obj
 0002:00024504       $unwind$fflushCDEABI       000000018007d504     toroC64:FflushCDEABI.obj
 0002:0002450c       $unwind$removeCDEABI       000000018007d50c     toroC64:RemoveCDEABI.obj
 0002:00024520       $unwind$invalid_parameter_handler 000000018007d520     toroC64:_invalid_parameter_handlerCDEABI.obj
 0002:00024534       $unwind$vsnprintfCDEABI    000000018007d534     toroC64:VsnprintfCDEABI.obj
 0002:0002454c       $unwind$vfprintfCDEABI     000000018007d54c     toroC64:VfprintfCDEABI.obj
 0002:00024560       $unwind$isalnum            000000018007d560     toroC64:isalnum.obj
 0002:0002456c       $unwind$__cdeOnErrSet_errno 000000018007d56c     toroC64:__cdeOnErrSet_errno.obj
 0002:00024574       $unwind$fsetposCDEABI      000000018007d574     toroC64:FsetposCDEABI.obj
 0002:00024580       $unwind$fgetpos            000000018007d580     toroC64:Fgetpos.obj
 0002:00024594       $unwind$raise              000000018007d594     toroC64:raise.obj
 0002:000245a0       $unwind$strcspn            000000018007d5a0     toroC64:StrCSpn.obj
 0002:000245ac       $unwind$_strnicmp          000000018007d5ac     toroC64:_StrNICmp.obj
 0002:000245bc       $unwind$fwrite             000000018007d5bc     toroC64:Fwrite.obj
 0002:000245d0       $unwind$_cdeDay2Greg       000000018007d5d0     toroC64:_cdeDay2Greg.obj
 0002:000245dc       $unwind$_efierrno          000000018007d5dc     toroC64:_efierrno.obj
 0002:000245e4       $unwind$wcspbrkCDEABI      000000018007d5e4     toroC64:WcsPbrkCDEABI.obj
 0002:000245f0       $unwind$_cdePoolWcs2AppWcs 000000018007d5f0     toroC64:_CdePoolWcs2AppWcs.obj
 0002:00024600       $unwind$strpbrkCDEABI      000000018007d600     toroC64:StrPbrkCDEABI.obj
 0002:0002460c       $unwind$exitCDEABI         000000018007d60c     toroC64:exitCDEABI.obj
 0002:00024614       $unwind$__cdeOnErrSet_errnoCORE 000000018007d614     toroC64:__cdeOnErrSet_errnoCORE.obj
 0002:0002461c       $unwind$fputcCDEABI        000000018007d61c     toroC64:FputcCDEABI.obj
 0003:00000008       CurrentCharPtr             000000018007e008     getopt.obj
 0003:00000010       AcpiGbl_SpaceIdList        000000018007e010     dbdisply.obj
 0003:00000020       AcpiGbl_HandlerList        000000018007e020     dbdisply.obj
 0003:00000070       AcpiDbObjectTypes          000000018007e070     dbnames.obj
 0003:00000160       AcpiDbStatTypes            000000018007e160     dbstats.obj
 0003:000001a0       AcpiDbTestTypes            000000018007e1a0     dbtest.obj
 0003:000001b8       ReadMethodCode             000000018007e1b8     dbtest.obj
 0003:000001e8       WriteMethodCode            000000018007e1e8     dbtest.obj
 0003:00000220       AcpiGbl_DmResourceDispatch 000000018007e220     dmresrc.obj
 0003:00000340       AcpiDmAddressNames         000000018007e340     dmresrcl.obj
 0003:00000368       AcpiDmMemoryNames          000000018007e368     dmresrcl.obj
 0003:00000388       SerialBusResourceDispatch  000000018007e388     dmresrcl2.obj
 0003:00000480       AcpiGbl_OpTypeDispatch     000000018007e480     dswexec.obj
 0003:000004f0       AcpiExDumpInfo             000000018007e4f0     exdump.obj
 0003:000005e0       AcpiSleepDispatch          000000018007e5e0     hwxfsleep.obj
 0003:00000930       FadtInfoTable              000000018007e930     tbfadt.obj
 0003:000009b0       FadtPmInfoTable            000000018007e9b0     tbfadt.obj
 0003:000009f0       AcpiGbl_PreviousThreadId   000000018007e9f0     utdebug.obj
 0003:000009f8       AcpiGbl_FunctionEntryPrefix 000000018007e9f8     utdebug.obj
 0003:00000a00       AcpiGbl_FunctionExitPrefix 000000018007ea00     utdebug.obj
 0003:00000a70       AcpiGbl_EventTypes         000000018007ea70     utdecode.obj
 0003:00000aa0       AcpiGbl_NsTypeNames        000000018007eaa0     utdecode.obj
 0003:00000ba0       AcpiGbl_DescTypeNames      000000018007eba0     utdecode.obj
 0003:00000c20       AcpiGbl_RefClassNames      000000018007ec20     utdecode.obj
 0003:00000c58       AcpiGbl_MutexNames         000000018007ec58     utdecode.obj
 0003:00000c90       AcpiGbl_GenericNotify      000000018007ec90     utdecode.obj
 0003:00000d10       AcpiGbl_DeviceNotify       000000018007ed10     utdecode.obj
 0003:00000d38       AcpiGbl_ProcessorNotify    000000018007ed38     utdecode.obj
 0003:00000d60       AcpiGbl_ThermalNotify      000000018007ed60     utdecode.obj
 0003:00000d90       AcpiGbl_ArgumentType       000000018007ed90     utdecode.obj
 0003:00001030       AcpiDefaultSupportedInterfaces 000000018007f030     utosi.obj
 0003:000012e8       UtRtypeNames               000000018007f2e8     utpredef.obj
 0003:00001748       TableEvents                000000018007f748     aehandlers.obj
 0003:00001770       DefaultSpaceIdList         000000018007f770     aeinstall.obj
 0003:00001778       SpaceIdList                000000018007f778     aeinstall.obj
 0003:00001a80       LocalDsdtCode              000000018007fa80     aetables.obj
 0003:00001aa8       Ssdt1Code                  000000018007faa8     aetables.obj
 0003:00001ae8       Oem1Code                   000000018007fae8     aetables.obj
 0003:00001b20       OemxCode                   000000018007fb20     aetables.obj
 0003:00001bd0       MethodCode                 000000018007fbd0     aetables.obj
 0003:00001c60       gCdeSystemVolumes          000000018007fc60     toroC64:osifUefiShellEntryPoint.obj
 0003:00002b70       gCdeServicesShell          0000000180080b70     toroC64:osifUefiShellEntryPoint.obj
 0003:00003320       _gEfiStatusCodeRuntimeProtocolGuid 0000000180081320     toroC64:osifUefiShellEntryPoint.obj
 0003:00003330       ?EfiLoadedImageProtocolGuid@?1??_MainEntryPointShell@@9@9 0000000180081330     toroC64:osifUefiShellEntryPoint.obj
 0003:00003340       ?EfiShellParametersProtocolGuid@?L@??_MainEntryPointShell@@9@9 0000000180081340     toroC64:osifUefiShellEntryPoint.obj
 0003:00003350       ?EfiAcpi20TableGuid@?N@??_MainEntryPointShell@@9@9 0000000180081350     toroC64:osifUefiShellEntryPoint.obj
 0003:00003360       ?ROMPARM@?5??fopen@@9@9    0000000180081360     toroC64:Fopen.obj
 0003:00003364       ROMPARM                    0000000180081364     toroC64:StrCmp.obj
 0003:00003378       ROMPARM                    0000000180081378     toroC64:MemCmpCDEINTRINABI.obj
 0003:00003388       ROMPARM                    0000000180081388     toroC64:StrNCmp.obj
 0003:00003390       ?action@?4??_cdeCoreMemRealloc@@9@9 0000000180081390     toroC64:_cdeCoreMemRealloc.obj
 0003:000033a0       tblMode                    00000001800813a0     toroC64:osifUefiShellFileOpen.obj
 0003:000035a0       ?wcsSHELL@?1??myEFI_FILE_WRITE@@9@9 00000001800815a0     toroC64:osifUefiShellCmdExec.obj
 0003:000035d8       ?wcsMAP@?1??myEFI_FILE_WRITE@@9@9 00000001800815d8     toroC64:osifUefiShellCmdExec.obj
 0003:000035f8       ?wcsALIAS@?1??myEFI_FILE_WRITE@@9@9 00000001800815f8     toroC64:osifUefiShellCmdExec.obj
 0003:00003610       ?wcsBLK@?1??myEFI_FILE_WRITE@@9@9 0000000180081610     toroC64:osifUefiShellCmdExec.obj
 0003:00003628       ?wcsBLK2@?1??myEFI_FILE_WRITE@@9@9 0000000180081628     toroC64:osifUefiShellCmdExec.obj
 0003:00003638       ?wcsFS@?1??myEFI_FILE_WRITE@@9@9 0000000180081638     toroC64:osifUefiShellCmdExec.obj
 0003:00003650       ?wcsFS2@?1??myEFI_FILE_WRITE@@9@9 0000000180081650     toroC64:osifUefiShellCmdExec.obj
 0003:00003740       ROMPARM                    0000000180081740     toroC64:StrCmpCDEABI.obj
 0003:00003790       ROMPARM                    0000000180081790     toroC64:_StrICmp.obj
 0003:00003798       RomParm                    0000000180081798     toroC64:_cdeSscanf.obj
 0003:000037b0       ?sigorder@?1??_cdeSig2idx@@9@9 00000001800817b0     toroC64:_cdeSig2idx.obj
 0003:000037d0       ?RomParm@?1??_cdeCoreSprintf@@9@9 00000001800817d0     toroC64:_cdeCoreSprintf.obj
 0003:00003820       ROMPARM                    0000000180081820     toroC64:WcsNCmpCDEABI.obj
 0003:00003838       ROMPARM                    0000000180081838     toroC64:WcsTokCDEABI.obj
 0003:00003848       ROMPARM                    0000000180081848     toroC64:_WcsICmpCDEABI.obj
 0003:00003858       ROMPARM                    0000000180081858     toroC64:_StrICmpCDEABI.obj
 0003:000038b0       ?ROMPARM@?5??fopenCDEABI@@9@9 00000001800818b0     toroC64:FopenCDEABI.obj
 0003:00003900       ROMPARM                    0000000180081900     toroC64:StrNCmpCDEABI.obj
 0003:00003930       ROMPARM                    0000000180081930     toroC64:_StrNICmpCDEABI.obj
 0003:00003978       RomParm                    0000000180081978     toroC64:VsnprintfCDEABI.obj
 0003:00003998       ROMPARM                    0000000180081998     toroC64:_StrNICmp.obj
 0003:000039e8       AcpiDbTraceMethodName      00000001800819e8     dbcmds.obj
 0003:000039f0       AcpiGbl_DbMethodInfo       00000001800819f0     dbexec.obj
 0003:00003cd0       AcpiGbl_HistoryBuffer      0000000180081cd0     dbhistry.obj
 0003:00003f50       AcpiGbl_LoHistory          0000000180081f50     dbhistry.obj
 0003:00003f54       AcpiGbl_NumHistory         0000000180081f54     dbhistry.obj
 0003:00003f58       AcpiGbl_NextHistoryIndex   0000000180081f58     dbhistry.obj
 0003:00003f60       ReadHandle                 0000000180081f60     dbtest.obj
 0003:00003f68       WriteHandle                0000000180081f68     dbtest.obj
 0003:00003f70       ResourceName               0000000180081f70     dmresrc.obj
 0003:00003f74       ?_done@?3??AcpiExSystemDoStall@@9@9 0000000180081f74     exsystem.obj
 0003:00003f75       ?_done@?7??AcpiExSystemDoStall@@9@9 0000000180081f75     exsystem.obj
 0003:00003f78       AcpiGbl_TraceMethodObject  0000000180081f78     extrace.obj
 0003:00003fe8       AcpiGbl_DbCommandReady     0000000180081fe8     osgendbg.obj
 0003:00003ff0       AcpiGbl_DbCommandComplete  0000000180081ff0     osgendbg.obj
 0003:00003ff8       AcpiGbl_DbCommandSignalsInitialized 0000000180081ff8     osgendbg.obj
 0003:00004000       PkgArg                     0000000180082000     aeexec.obj
 0003:00004020       PkgElements                0000000180082020     aeexec.obj
 0003:000040a0       Pkg2Elements               00000001800820a0     aeexec.obj
 0003:00004118       Params                     0000000180082118     aeexec.obj
 0003:00004128       GenericRegister            0000000180082128     aeexec.obj
 0003:00004138       AeRegions                  0000000180082138     aehandlers.obj
 0003:00004150       LineBuffer                 0000000180082150     aeinitfile.obj
 0003:00004350       NameBuffer                 0000000180082350     aeinitfile.obj
 0003:00004550       InitFile                   0000000180082550     aeinitfile.obj
 0003:00004574       AcpiGbl_ExecutionMode      0000000180082574     aemain.obj
 0003:00004580       BatchBuffer                0000000180082580     aemain.obj
 0003:00004980       AeRegions                  0000000180082980     aeregion.obj
 0003:00004990       DsdtToInstallOverride      0000000180082990     aetables.obj
 0003:00004998       LocalRSDP                  0000000180082998     aetables.obj
 0003:000049c0       LocalFACS                  00000001800829c0     aetables.obj
 0003:00004a00       LocalTEST                  0000000180082a00     aetables.obj
 0003:00004a28       LocalBADTABLE              0000000180082a28     aetables.obj
 0003:00004a50       LocalFADT                  0000000180082a50     aetables.obj
 0003:00004b68       LocalXSDT                  0000000180082b68     aetables.obj
 0003:00004b70       _iob                       0000000180082b70     toroC64:osifUefiShellEntryPoint.obj
 0003:00006b70       ?DblData@?CA@??_cdeCoreVwxPrintf@@9@9 0000000180084b70     toroC64:_cdeCoreVwxPrintf.obj
 0003:00007100       ?wcBuffer@?1??_osifUefiShellFileWrite@@9@9 0000000180085100     toroC64:osifUefiShellFileWrite.obj
 0003:00007510       ?zBuf64k@?O@??_osifUefiShellFileWrite@@9@9 0000000180085510     toroC64:osifUefiShellFileWrite.obj
 0003:00017510       ?wcbuffer@?3??_osifUefiShellFileRead@@9@9 0000000180095510     toroC64:osifUefiShellFileRead.obj
 0003:00017910       ?wcsFilePath@?5??_osifUefiShellFileOpen@@9@9 0000000180095910     toroC64:osifUefiShellFileOpen.obj
 0003:00017b20       ?wcsFileName@?5??_osifUefiShellFileOpen@@9@9 0000000180095b20     toroC64:osifUefiShellFileOpen.obj
 0003:00017d28       ?wcsDrive@?5??_osifUefiShellFileOpen@@9@9 0000000180095d28     toroC64:osifUefiShellFileOpen.obj
 0003:00017d48       ?wcsDrive2@?5??_osifUefiShellFileOpen@@9@9 0000000180095d48     toroC64:osifUefiShellFileOpen.obj
 0003:00017d70       state                      0000000180095d70     toroC64:osifUefiShellCmdExec.obj
 0003:00017d80       ?wcsCommand@?1??_osifUefiShellCmdExec@@9@9 0000000180095d80     toroC64:osifUefiShellCmdExec.obj
 0003:00017f90       ?buffer@?1??_osifUefiShellGetEnv@@9@9 0000000180095f90     toroC64:osifUefiShellGetEnv.obj
