 AcpiXtract

 Timestamp is 652ac787 (Sat Oct 14 18:53:27 2023)

 Preferred load address is 0000000180000000

 Start         Length     Name                   Class
 0001:00000000 0000b5deH .text$mn                CODE
 0002:00000000 00000008H .CRT$XCA                DATA
 0002:00000008 00000008H .CRT$XCZ                DATA
 0002:00000010 00000008H .CRT$XIA                DATA
 0002:00000018 00000008H .CRT$XIZ                DATA
 0002:00000020 00000008H .CRT$XPA                DATA
 0002:00000028 00000008H .CRT$XPZ                DATA
 0002:00000030 00000008H .CRT$XTA                DATA
 0002:00000038 00000008H .CRT$XTZ                DATA
 0002:00000040 00001d24H .rdata                  DATA
 0002:00001d64 00000040H .rdata$voltmd           DATA
 0002:00001da4 00000138H .rdata$zzzdbg           DATA
 0002:00001edc 00000b50H .xdata                  DATA
 0002:00002a2c 00000000H .edata                  DATA
 0003:00000000 00001e60H .data                   DATA
 0003:00001e60 00013938H .bss                    DATA
 0004:00000000 0000099cH .pdata                  DATA

  Address         Publics by Value              Rva+Base               Lib:Object

 0000:00000000       __AbsoluteZero             0000000000000000     <absolute>
 0000:00000000       ___safe_se_handler_count   0000000000000000     <absolute>
 0000:00000000       ___safe_se_handler_table   0000000000000000     <absolute>
 0000:00000000       __arm64x_extra_rfe_table   0000000000000000     <absolute>
 0000:00000000       __arm64x_extra_rfe_table_size 0000000000000000     <absolute>
 0000:00000000       __arm64x_native_entrypoint 0000000000000000     <absolute>
 0000:00000000       __arm64x_redirection_metadata 0000000000000000     <absolute>
 0000:00000000       __arm64x_redirection_metadata_count 0000000000000000     <absolute>
 0000:00000000       __dynamic_value_reloc_table 0000000000000000     <absolute>
 0000:00000000       __enclave_config           0000000000000000     <absolute>
 0000:00000000       __guard_check_icall_a64n_fptr 0000000000000000     <absolute>
 0000:00000000       __guard_eh_cont_count      0000000000000000     <absolute>
 0000:00000000       __guard_eh_cont_table      0000000000000000     <absolute>
 0000:00000000       __guard_fids_count         0000000000000000     <absolute>
 0000:00000000       __guard_fids_table         0000000000000000     <absolute>
 0000:00000000       __guard_flags              0000000000000000     <absolute>
 0000:00000000       __guard_iat_count          0000000000000000     <absolute>
 0000:00000000       __guard_iat_table          0000000000000000     <absolute>
 0000:00000000       __guard_longjmp_count      0000000000000000     <absolute>
 0000:00000000       __guard_longjmp_table      0000000000000000     <absolute>
 0000:00000000       __hybrid_auxiliary_delayload_iat 0000000000000000     <absolute>
 0000:00000000       __hybrid_auxiliary_delayload_iat_copy 0000000000000000     <absolute>
 0000:00000000       __hybrid_auxiliary_iat     0000000000000000     <absolute>
 0000:00000000       __hybrid_auxiliary_iat_copy 0000000000000000     <absolute>
 0000:00000000       __hybrid_code_map          0000000000000000     <absolute>
 0000:00000000       __hybrid_code_map_count    0000000000000000     <absolute>
 0000:00000000       __hybrid_image_info_bitfield 0000000000000000     <absolute>
 0000:00000000       __x64_code_ranges_to_entry_points 0000000000000000     <absolute>
 0000:00000000       __x64_code_ranges_to_entry_points_count 0000000000000000     <absolute>
 0000:00000000       __ImageBase                0000000180000000     <linker-defined>
 0001:00000000       AcpiGetopt                 0000000180001000 f   getopt.obj
 0001:000002fc       AcpiGetoptArgument         00000001800012fc f   getopt.obj
 0001:0000039c       AcpiUtValidNameseg         000000018000139c f   utascii.obj
 0001:000003dc       AcpiUtValidNameChar        00000001800013dc f   utascii.obj
 0001:0000040c       AcpiUtCheckAndRepairAscii  000000018000140c f   utascii.obj
 0001:0000046c       AcpiFormatException        000000018000146c f   utexcep.obj
 0001:000004b4       AcpiUtValidateException    00000001800014b4 f   utexcep.obj
 0001:00000580       AcpiUtDivide               0000000180001580 f   utmath.obj
 0001:000005d8       AcpiUtShortDivide          00000001800015d8 f   utmath.obj
 0001:00000634       AcpiUtShortMultiply        0000000180001634 f   utmath.obj
 0001:0000064c       AcpiUtShortShiftLeft       000000018000164c f   utmath.obj
 0001:00000668       AcpiUtShortShiftRight      0000000180001668 f   utmath.obj
 0001:0000067c       AcpiUtStrupr               000000018000167c f   utnonansi.obj
 0001:000006ac       AcpiUtStrlwr               00000001800016ac f   utnonansi.obj
 0001:000006dc       AcpiUtStricmp              00000001800016dc f   utnonansi.obj
 0001:0000072c       AcpiUtSafeStrcpy           000000018000172c f   utnonansi.obj
 0001:00000778       AcpiUtSafeStrncpy          0000000180001778 f   utnonansi.obj
 0001:000007a4       AcpiUtSafeStrcat           00000001800017a4 f   utnonansi.obj
 0001:00000808       AcpiUtSafeStrncat          0000000180001808 f   utnonansi.obj
 0001:0000088c       AcpiError                  000000018000188c f   utxferror.obj
 0001:000008e0       AcpiException              00000001800018e0 f   utxferror.obj
 0001:00000950       AcpiWarning                0000000180001950 f   utxferror.obj
 0001:000009a4       AcpiInfo                   00000001800019a4 f   utxferror.obj
 0001:000009f0       AcpiBiosError              00000001800019f0 f   utxferror.obj
 0001:00000a44       AcpiBiosException          0000000180001a44 f   utxferror.obj
 0001:00000ab4       AcpiBiosWarning            0000000180001ab4 f   utxferror.obj
 0001:00000b04       AcpiOsInitialize           0000000180001b04 f   oswinxf.obj
 0001:00000b54       AcpiOsTerminate            0000000180001b54 f   oswinxf.obj
 0001:00000b60       AcpiOsGetRootPointer       0000000180001b60 f   oswinxf.obj
 0001:00000b6c       AcpiOsPredefinedOverride   0000000180001b6c f   oswinxf.obj
 0001:00000b8c       AcpiOsTableOverride        0000000180001b8c f   oswinxf.obj
 0001:00000bac       AcpiOsPhysicalTableOverride 0000000180001bac f   oswinxf.obj
 0001:00000bb8       AcpiOsCreateLock           0000000180001bb8 f   oswinxf.obj
 0001:00000bd0       AcpiOsDeleteLock           0000000180001bd0 f   oswinxf.obj
 0001:00000bdc       AcpiOsAcquireLock          0000000180001bdc f   oswinxf.obj
 0001:00000be8       AcpiOsReleaseLock          0000000180001be8 f   oswinxf.obj
 0001:00000bf4       AcpiOsCreateSemaphore      0000000180001bf4 f   oswinxf.obj
 0001:00000c04       AcpiOsDeleteSemaphore      0000000180001c04 f   oswinxf.obj
 0001:00000c10       AcpiOsWaitSemaphore        0000000180001c10 f   oswinxf.obj
 0001:00000c1c       AcpiOsSignalSemaphore      0000000180001c1c f   oswinxf.obj
 0001:00000c28       AcpiOsAllocate             0000000180001c28 f   oswinxf.obj
 0001:00000c34       AcpiOsAllocateZeroed       0000000180001c34 f   oswinxf.obj
 0001:00000c48       AcpiOsFree                 0000000180001c48 f   oswinxf.obj
 0001:00000c54       AcpiOsMapMemory            0000000180001c54 f   oswinxf.obj
 0001:00000c60       AcpiOsUnmapMemory          0000000180001c60 f   oswinxf.obj
 0001:00000c6c       AcpiOsInstallInterruptHandler 0000000180001c6c f   oswinxf.obj
 0001:00000c78       AcpiOsRemoveInterruptHandler 0000000180001c78 f   oswinxf.obj
 0001:00000c84       AcpiOsGetThreadId          0000000180001c84 f   oswinxf.obj
 0001:00000c90       AcpiOsExecute              0000000180001c90 f   oswinxf.obj
 0001:00000ca8       AcpiOsWaitEventsComplete   0000000180001ca8 f   oswinxf.obj
 0001:00000cb4       AcpiOsSleep                0000000180001cb4 f   oswinxf.obj
 0001:00000cc4       AcpiOsStall                0000000180001cc4 f   oswinxf.obj
 0001:00000cdc       AcpiOsReadPort             0000000180001cdc f   oswinxf.obj
 0001:00000d34       AcpiOsWritePort            0000000180001d34 f   oswinxf.obj
 0001:00000d78       AcpiOsReadMemory           0000000180001d78 f   oswinxf.obj
 0001:00000da8       AcpiOsWriteMemory          0000000180001da8 f   oswinxf.obj
 0001:00000db4       AcpiOsReadPciConfiguration 0000000180001db4 f   oswinxf.obj
 0001:00000dc4       AcpiOsWritePciConfiguration 0000000180001dc4 f   oswinxf.obj
 0001:00000dd0       AcpiOsReadable             0000000180001dd0 f   oswinxf.obj
 0001:00000dec       AcpiOsWritable             0000000180001dec f   oswinxf.obj
 0001:00000e08       AcpiOsGetTimer             0000000180001e08 f   oswinxf.obj
 0001:00000e50       AcpiOsSignal               0000000180001e50 f   oswinxf.obj
 0001:00000e5c       AcpiOsEnterSleep           0000000180001e5c f   oswinxf.obj
 0001:00000e68       AcpiOsPrintf               0000000180001e68 f   oswinxf.obj
 0001:00000ed0       AcpiOsVprintf              0000000180001ed0 f   oswinxf.obj
 0001:00000f34       AcpiOsRedirectOutput       0000000180001f34 f   oswinxf.obj
 0001:00000f44       AcpiOsGetLine              0000000180001f44 f   oswinxf.obj
 0001:00000fc4       AxExtractTables            0000000180001fc4 f   acpixtract.obj
 0001:000012a4       AxExtractToMultiAmlFile    00000001800022a4 f   acpixtract.obj
 0001:000014b8       AxListAllTables            00000001800024b8 f   acpixtract.obj
 0001:00001634       main                       0000000180002634 f   axmain.obj
 0001:000018c4       AxCountTableInstances      00000001800028c4 f   axutils.obj
 0001:00001978       AxGetNextInstance          0000000180002978 f   axutils.obj
 0001:00001a28       AxNormalizeSignature       0000000180002a28 f   axutils.obj
 0001:00001a58       AxCheckAscii               0000000180002a58 f   axutils.obj
 0001:00001a9c       AxIsFileAscii              0000000180002a9c f   axutils.obj
 0001:00001b70       AxIsHexDataLine            0000000180002b70 f   axutils.obj
 0001:00001bb8       AxIsEmptyLine              0000000180002bb8 f   axutils.obj
 0001:00001bd8       AxIsDataBlockHeader        0000000180002bd8 f   axutils.obj
 0001:00001c44       AxConvertAndWrite          0000000180002c44 f   axutils.obj
 0001:00001cb4       AxConvertToBinary          0000000180002cb4 f   axutils.obj
 0001:00001dd0       AxDumpTableHeader          0000000180002dd0 f   axutils.obj
 0001:00001efc       QueryPerformanceCounter4UEFI 0000000180002efc f   Win324UEFI:QueryPerformanceCounter.obj
 0001:00001f2c       QueryPerformanceFrequency4UEFI 0000000180002f2c f   Win324UEFI:QueryPerformanceFrequency.obj
 0001:00001ff4       GetTickCount644UEFI        0000000180002ff4 f   Win324UEFI:GetTickCount64.obj
 0001:00002004       Sleep4UEFI                 0000000180003004 f   Win324UEFI:Sleep.obj
 0001:0000202c       IsBadReadPtr4UEFI          000000018000302c f   Win324UEFI:IsBadReadPtr.obj
 0001:0000202c       IsBadWritePtr4UEFI         000000018000302c f   Win324UEFI:IsBadWritePtr.obj
 0001:00002030       __cdeGetAppIf              0000000180003030 f   toroC64:osifUefiShellEntryPoint.obj
 0001:000020b4       _MainEntryPointShell       00000001800030b4 f   toroC64:osifUefiShellEntryPoint.obj
 0001:000026ac       _cdeCRT0UefiShell          00000001800036ac f   toroC64:osifUefiShellEntryPoint.obj
 0001:00002710       strchr                     0000000180003710 f   toroC64:StrChr.obj
 0001:00002740       strcmp                     0000000180003740 f   toroC64:StrCmp.obj
 0001:0000277c       __acrt_iob_func            000000018000377c f   toroC64:__acrt_iob_func.obj
 0001:000027b8       fprintf                    00000001800037b8 f   toroC64:Fprintf.obj
 0001:000027dc       isprint                    00000001800037dc f   toroC64:isprint.obj
 0001:000027fc       strcat                     00000001800037fc f   toroC64:StrCat.obj
 0001:0000282c       strcpy                     000000018000382c f   toroC64:StrCpy.obj
 0001:00002864       strlen                     0000000180003864 f   toroC64:StrLen.obj
 0001:00002878       strncat                    0000000180003878 f   toroC64:StrNCat.obj
 0001:000028e0       strncpy                    00000001800038e0 f   toroC64:StrNCpy.obj
 0001:00002924       toupper                    0000000180003924 f   toroC64:toupper.obj
 0001:00002944       tolower                    0000000180003944 f   toroC64:tolower.obj
 0001:00002964       calloc                     0000000180003964 f   toroC64:Calloc.obj
 0001:000029a4       free                       00000001800039a4 f   toroC64:Free.obj
 0001:000029bc       malloc                     00000001800039bc f   toroC64:Malloc.obj
 0001:000029c8       getchar                    00000001800039c8 f   toroC64:Getchar.obj
 0001:000029e0       vfprintf                   00000001800039e0 f   toroC64:Vfprintf.obj
 0001:00002b00       strstr                     0000000180003b00 f   toroC64:StrStr.obj
 0001:00002b44       fclose                     0000000180003b44 f   toroC64:Fclose.obj
 0001:00002bfc       fgets                      0000000180003bfc f   toroC64:Fgets.obj
 0001:00002ca4       fopen                      0000000180003ca4 f   toroC64:Fopen.obj
 0001:00002ed0       printf                     0000000180003ed0 f   toroC64:Printf.obj
 0001:00002f0c       sprintf                    0000000180003f0c f   toroC64:Sprintf.obj
 0001:00002f38       exit                       0000000180003f38 f   toroC64:exit.obj
 0001:00002f5c       strncmp                    0000000180003f5c f   toroC64:StrNCmp.obj
 0001:00002fa4       isspace                    0000000180003fa4 f   toroC64:isspace.obj
 0001:00002fbc       fread                      0000000180003fbc f   toroC64:Fread.obj
 0001:00003014       fseek                      0000000180004014 f   toroC64:Fseek.obj
 0001:0000301c       fwrite                     000000018000401c f   toroC64:Fwrite.obj
 0001:00003074       sscanf                     0000000180004074 f   toroC64:Sscanf.obj
 0001:000030dc       clock                      00000001800040dc f   toroC64:clock.obj
 0001:00003130       _CdeDbgPutChar             0000000180004130 f   toroC64:_CdeDbgPutChar.obj
 0001:000032c4       _cdeCoreVwxPrintf          00000001800042c4 f   toroC64:_cdeCoreVwxPrintf.obj
 0001:000045a0       ComputeFieldSize           00000001800055a0 f   toroC64:_cdeCoreVwxPrintf.obj
 0001:000045dc       ydes                       00000001800055dc f   toroC64:_cdeCoreVwxPrintf.obj
 0001:00004fb0       _cdeCoreVwxScanf           0000000180005fb0 f   toroC64:_cdeCoreVwxScanf.obj
 0001:00006720       _cdeCoreWcsStrTok          0000000180007720 f   toroC64:_cdeCoreWcsStrTok.obj
 0001:0000681c       _cdeWcsStrPbrkSpn          000000018000781c f   toroC64:_cdeWcsStrPbrkSpn.obj
 0001:0000695c       _cdeCoreMemRealloc         000000018000795c f   toroC64:_cdeCoreMemRealloc.obj
 0001:00006d2c       _cdeMemStrxCpy             0000000180007d2c f   toroC64:_cdeMemStrxCpy.obj
 0001:00006e20       _cdeMemStrxCmp             0000000180007e20 f   toroC64:_cdeMemStrxCmp.obj
 0001:00006f60       _osifIbmAtGetTime          0000000180007f60 f   toroC64:osifIbmAtGetTime.obj
 0001:00007118       _osifIbmAtGetTscPerSec     0000000180008118 f   toroC64:osifIbmAtGetTscPerSec.obj
 0001:000071b8       _osifIbmAtGetTsc           00000001800081b8 f   toroC64:osifIbmAtGetTsc.obj
 0001:000071c4       _osifUefiShellMemAlloc     00000001800081c4 f   toroC64:osifUefiShellMemAlloc.obj
 0001:00007208       _osifUefiShellMemFree      0000000180008208 f   toroC64:osifUefiShellMemFree.obj
 0001:00007220       _osifUefiShellFileWrite    0000000180008220 f   toroC64:osifUefiShellFileWrite.obj
 0001:000073a8       _osifUefiShellFileRead     00000001800083a8 f   toroC64:osifUefiShellFileRead.obj
 0001:000075d4       _osifUefiShellFileSetPos   00000001800085d4 f   toroC64:osifUefiShellFileSetPos.obj
 0001:000076e0       _osifUefiShellFileOpen     00000001800086e0 f   toroC64:osifUefiShellFileOpen.obj
 0001:00007dc0       _osifUefiShellFileClose    0000000180008dc0 f   toroC64:osifUefiShellFileClose.obj
 0001:00007e14       _osifUefiShellFileDelete   0000000180008e14 f   toroC64:osifUefiShellFileDelete.obj
 0001:00007e3c       _osifUefiShellFileRename   0000000180008e3c f   toroC64:osifUefiShellFileRename.obj
 0001:00007f9c       _osifUefiShellFileFindAll  0000000180008f9c f   toroC64:osifUefiShellFileFindAll.obj
 0001:000083cc       _osifUefiShellFileGetStatus 00000001800093cc f   toroC64:osifUefiShellFileGetStatus.obj
 0001:0000851c       _osifUefiShellDirectoryCreate 000000018000951c f   toroC64:osifUefiShellDirectoryCreate.obj
 0001:000087b4       _osifUefiShellCmdExec      00000001800097b4 f   toroC64:osifUefiShellCmdExec.obj
 0001:000088a8       _osifUefiShellGetEnv       00000001800098a8 f   toroC64:osifUefiShellGetEnv.obj
 0001:00008958       _osifUefiShellGetDrvCwd    0000000180009958 f   toroC64:osifUefiShellGetDrvCwd.obj
 0001:000089a4       _cdeCoreFread              00000001800099a4 f   toroC64:_cdeCoreFread.obj
 0001:00008c78       _cdeCoreFwrite             0000000180009c78 f   toroC64:_cdeCoreFwrite.obj
 0001:00008f08       _cdeCoreFsetpos            0000000180009f08 f   toroC64:_cdeCoreFsetpos.obj
 0001:00009080       _cdeCoreFflush             000000018000a080 f   toroC64:_cdeCoreFflush.obj
 0001:00009108       _cdeSigDflt                000000018000a108 f   toroC64:_cdeSigDfl.obj
 0001:00009110       __cdeGetIOBuffer           000000018000a110 f   toroC64:__cdsGetIOBuffer.obj
 0001:00009120       _setjmp                    000000018000a120 f   toroC64:setjmp64CDEINTRINABI.obj
 0001:000091c5       __imp_setjmp               000000018000a1c5     toroC64:setjmp64CDEINTRINABI.obj
 0001:000091cd       __cdeSETJMPCDEINTRINABIAnchor 000000018000a1cd     toroC64:setjmp64CDEINTRINABI.obj
 0001:000091d0       _CdeLocateProtocol         000000018000a1d0 f   toroC64:_CdeLocateProtocol.obj
 0001:00009200       _cdeStr2Argcv              000000018000a200 f   toroC64:_cdeStr2Argcv.obj
 0001:00009430       __cdeGetCurrentPrivilegeLevel 000000018000a430 f   toroC64:CdeGetCurrentPrivilegeLevel64.obj
 0001:00009440       memset                     000000018000a440 f   toroC64:MemSetCDEINTRINABI.obj
 0001:00009680       strpbrk                    000000018000a680 f   toroC64:StrPbrk.obj
 0001:000096c0       isgraph                    000000018000a6c0 f   toroC64:isgraph.obj
 0001:000096e8       islower                    000000018000a6e8 f   toroC64:islower.obj
 0001:000096fc       isupper                    000000018000a6fc f   toroC64:isupper.obj
 0001:00009708       realloc                    000000018000a708 f   toroC64:Realloc.obj
 0001:00009740       fgetc                      000000018000a740 f   toroC64:Fgetc.obj
 0001:0000978c       fputc                      000000018000a78c f   toroC64:Fputc.obj
 0001:000097c4       _errno                     000000018000a7c4 f   toroC64:errno.obj
 0001:000097e8       fflush                     000000018000a7e8 f   toroC64:Fflush.obj
 0001:0000980c       remove                     000000018000a80c f   toroC64:Remove.obj
 0001:00009884       __cdeIsFilePointer         000000018000a884 f   toroC64:__cdeIsFilePointer.obj
 0001:00009960       _stricmp                   000000018000a960 f   toroC64:_StrICmp.obj
 0001:0000999c       strtok                     000000018000a99c f   toroC64:StrTok.obj
 0001:000099e0       vsnprintf                  000000018000a9e0 f   toroC64:Vsnprintf.obj
 0001:00009ab0       longjmp                    000000018000aab0 f   toroC64:longjmp64CDEINTRINABI.obj
 0001:00009b59       __imp_longjmp              000000018000ab59     toroC64:longjmp64CDEINTRINABI.obj
 0001:00009b61       __cdeLONGJMPCDEINTRINABIAnchor 000000018000ab61     toroC64:longjmp64CDEINTRINABI.obj
 0001:00009b64       _fseeki64                  000000018000ab64 f   toroC64:_Fseeki64.obj
 0001:00009c1c       _cdeMemGetChar             000000018000ac1c f   toroC64:_cdeMemGetChar.obj
 0001:00009c2c       _cdeMemUngetChar           000000018000ac2c f   toroC64:_cdeMemUngetChar.obj
 0001:00009c34       _CdeDbgCOMInit             000000018000ac34 f   toroC64:_CdeDbgCOMInit.obj
 0001:00009d50       _CdeDbgCOMReady2Send       000000018000ad50 f   toroC64:_CdeDbgCOMReady2Send.obj
 0001:00009d80       _CdeDbgCOMSend             000000018000ad80 f   toroC64:_CdeDbgCOMSend.obj
 0001:00009dd0       _cdeCoreSprintf            000000018000add0 f   toroC64:_cdeCoreSprintf.obj
 0001:00009e78       _cdeUMUL128                000000018000ae78 f   toroC64:_cdeUMUL128.obj
 0001:00009f7c       _cdeGmltime                000000018000af7c f   toroC64:_cdeGmltime.obj
 0001:0000a098       __cdeOnErrSet_status       000000018000b098 f   toroC64:__cdeOnErrSet_status.obj
 0001:0000a0b8       __cdeOffsetCdeFposType     000000018000b0b8 f   toroC64:__cdeGetOffsetCdeFposType.obj
 0001:0000a0f8       __cdeBiasCdeFposType       000000018000b0f8 f   toroC64:__cdeGetBiasCdeFposType.obj
 0001:0000a35c       _CdeLocateHandleBuffer     000000018000b35c f   toroC64:_CdeLocateHandleBuffer.obj
 0001:0000a3e8       _cdeConvertDevicePathToText 000000018000b3e8 f   toroC64:_cdeConvertDevicePathToText.obj
 0001:0000a404       _CdeGetMapFromDevicePath   000000018000b404 f   toroC64:_CdeGetMapFromDevicePath.obj
 0001:0000a424       _CdeGetCurDir              000000018000b424 f   toroC64:_CdeGetCurDir.obj
 0001:0000aa40       _cdeEfiTime2TimeT          000000018000ba40 f   toroC64:_cdeEfiTime2TimeT.obj
 0001:0000aadc       __cdeIsFilePointerCORE     000000018000badc f   toroC64:__cdeIsFilePointerCORE.obj
 0001:0000ab5c       __cdereallocCORE           000000018000bb5c f   toroC64:__cdereallocCORE.obj
 0001:0000ab6c       __cderewindCORE            000000018000bb6c f   toroC64:__cderewindCORE.obj
 0001:0000ab88       __cdeGetIOBufferCORE       000000018000bb88 f   toroC64:__cdsGetIOBufferCORE.obj
 0001:0000ab90       _cdeAbort                  000000018000bb90 f   toroC64:_cdeAbort.obj
 0001:0000add4       _cdeSig2idx                000000018000bdd4 f   toroC64:_cdeSig2idx.obj
 0001:0000adfc       _cdeSigIgn                 000000018000bdfc f   toroC64:_cdeSigIgn.obj
 0001:0000ae00       ispunct                    000000018000be00 f   toroC64:ispunct.obj
 0001:0000ae2c       isalnum                    000000018000be2c f   toroC64:isalnum.obj
 0001:0000ae54       __cdeOnErrSet_errno        000000018000be54 f   toroC64:__cdeOnErrSet_errno.obj
 0001:0000ae74       abort                      000000018000be74 f   toroC64:abort.obj
 0001:0000aedc       _CdeMemPutNada             000000018000bedc f   toroC64:_CdeMemPutNada.obj
 0001:0000aee0       _CdeMemPutChar             000000018000bee0 f   toroC64:_CdeMemPutChar.obj
 0001:0000aeec       fsetposCDEABI              000000018000beec f   toroC64:FsetposCDEABI.obj
 0001:0000af20       _cdeGreg2Day               000000018000bf20 f   toroC64:_cdeGreg2Day.obj
 0001:0000af9c       _cdeDay2Greg               000000018000bf9c f   toroC64:_cdeDay2Greg.obj
 0001:0000b0a0       _efierrno                  000000018000c0a0 f   toroC64:_efierrno.obj
 0001:0000b0c4       __cdeIsCdeFposType         000000018000c0c4 f   toroC64:__cdeIsCdeFposType.obj
 0001:0000b13c       _cdePoolWcs2AppWcs         000000018000c13c f   toroC64:_CdePoolWcs2AppWcs.obj
 0001:0000b234       _cdeSscanf                 000000018000c234 f   toroC64:_cdeSscanf.obj
 0001:0000b2a4       __cdeOnErrSet_errnoCORE    000000018000c2a4 f   toroC64:__cdeOnErrSet_errnoCORE.obj
 0001:0000b2c4       __acrt_iob_funcCORE        000000018000c2c4 f   toroC64:__acrt_iob_funcCORE.obj
 0001:0000b3a4       isalpha                    000000018000c3a4 f   toroC64:isalpha.obj
 0001:0000b3cc       isdigit                    000000018000c3cc f   toroC64:isdigit.obj
 0001:0000b3e0       raise                      000000018000c3e0 f   toroC64:raise.obj
 0001:0000b470       _errnoCORE                 000000018000c470 f   toroC64:errnoCORE.obj
 0002:00000000       __xc_a                     000000018000d000     toroC64:osifUefiShellEntryPoint.obj
 0002:00000008       __xc_z                     000000018000d008     toroC64:osifUefiShellEntryPoint.obj
 0002:00000010       __xi_a                     000000018000d010     toroC64:osifUefiShellEntryPoint.obj
 0002:00000018       __xi_z                     000000018000d018     toroC64:osifUefiShellEntryPoint.obj
 0002:00000020       __xp_a                     000000018000d020     toroC64:osifUefiShellEntryPoint.obj
 0002:00000028       __xp_z                     000000018000d028     toroC64:osifUefiShellEntryPoint.obj
 0002:00000030       __xt_a                     000000018000d030     toroC64:osifUefiShellEntryPoint.obj
 0002:00000038       __xt_z                     000000018000d038     toroC64:osifUefiShellEntryPoint.obj
 0002:00000040       ??_C@_0BN@NGLHEDOF@?6Option?5requires?5an?5argument@ 000000018000d040     getopt.obj
 0002:00000060       ??_C@_05IALMJCDJ@?$CFs?$CFc?6@ 000000018000d060     getopt.obj
 0002:00000068       ??_C@_02BAABKJLB@?9?9@     000000018000d068     getopt.obj
 0002:00000070       ??_C@_0BC@PMNGDADG@Illegal?5option?3?5?9@ 000000018000d070     getopt.obj
 0002:00000088       ??_C@_0BP@NFLOMOC@Option?5requires?5an?5argument?3?5?9@ 000000018000d088     getopt.obj
 0002:000000a8       ??_C@_01JKBOJNNK@?$FO@     000000018000d0a8     getopt.obj
 0002:000000b0       ??_C@_0DA@IHKJENBL@Option?5requires?5a?5single?9charac@ 000000018000d0b0     getopt.obj
 0002:00000420       ??_C@_05OBAPBDGL@AE_OK@    000000018000d420     utexcep.obj
 0002:00000428       ??_C@_08OLPGJMLE@AE_ERROR@ 000000018000d428     utexcep.obj
 0002:00000438       ??_C@_0BC@JINIPNCM@AE_NO_ACPI_TABLES@ 000000018000d438     utexcep.obj
 0002:00000450       ??_C@_0BA@HGCJFKIC@AE_NO_NAMESPACE@ 000000018000d450     utexcep.obj
 0002:00000460       ??_C@_0N@MDFEEFMI@AE_NO_MEMORY@ 000000018000d460     utexcep.obj
 0002:00000470       ??_C@_0N@EHNPHEEE@AE_NOT_FOUND@ 000000018000d470     utexcep.obj
 0002:00000480       ??_C@_0N@FHHIIHCN@AE_NOT_EXIST@ 000000018000d480     utexcep.obj
 0002:00000490       ??_C@_0BC@KJMMOBPP@AE_ALREADY_EXISTS@ 000000018000d490     utexcep.obj
 0002:000004a8       ??_C@_07OCFLOMK@AE_TYPE@   000000018000d4a8     utexcep.obj
 0002:000004b0       ??_C@_0P@LCAACJFD@AE_NULL_OBJECT@ 000000018000d4b0     utexcep.obj
 0002:000004c0       ??_C@_0O@KMMNEPLB@AE_NULL_ENTRY@ 000000018000d4c0     utexcep.obj
 0002:000004d0       ??_C@_0BD@FAHLAIFN@AE_BUFFER_OVERFLOW@ 000000018000d4d0     utexcep.obj
 0002:000004e8       ??_C@_0BC@FEOJPKCP@AE_STACK_OVERFLOW@ 000000018000d4e8     utexcep.obj
 0002:00000500       ??_C@_0BD@MFEPEJKM@AE_STACK_UNDERFLOW@ 000000018000d500     utexcep.obj
 0002:00000518       ??_C@_0BD@IGFFMNIC@AE_NOT_IMPLEMENTED@ 000000018000d518     utexcep.obj
 0002:00000530       ??_C@_0L@LKIHBFJD@AE_SUPPORT@ 000000018000d530     utexcep.obj
 0002:00000540       ??_C@_08IBGEPHBC@AE_LIMIT@ 000000018000d540     utexcep.obj
 0002:00000550       ??_C@_07EKMCNJHG@AE_TIME@  000000018000d550     utexcep.obj
 0002:00000558       ??_C@_0BE@FGDBKHMM@AE_ACQUIRE_DEADLOCK@ 000000018000d558     utexcep.obj
 0002:00000570       ??_C@_0BE@FOBDECPM@AE_RELEASE_DEADLOCK@ 000000018000d570     utexcep.obj
 0002:00000588       ??_C@_0BA@PPOMDOJD@AE_NOT_ACQUIRED@ 000000018000d588     utexcep.obj
 0002:00000598       ??_C@_0BE@HIPEDKOJ@AE_ALREADY_ACQUIRED@ 000000018000d598     utexcep.obj
 0002:000005b0       ??_C@_0BI@KNLEMKLH@AE_NO_HARDWARE_RESPONSE@ 000000018000d5b0     utexcep.obj
 0002:000005c8       ??_C@_0BC@JPCCIPIN@AE_NO_GLOBAL_LOCK@ 000000018000d5c8     utexcep.obj
 0002:000005e0       ??_C@_0BA@PKLCJEBC@AE_ABORT_METHOD@ 000000018000d5e0     utexcep.obj
 0002:000005f0       ??_C@_0BA@GDKIHKKP@AE_SAME_HANDLER@ 000000018000d5f0     utexcep.obj
 0002:00000600       ??_C@_0O@PFOADCGB@AE_NO_HANDLER@ 000000018000d600     utexcep.obj
 0002:00000610       ??_C@_0BC@JGFDFDLG@AE_OWNER_ID_LIMIT@ 000000018000d610     utexcep.obj
 0002:00000628       ??_C@_0BC@PMNNBAHK@AE_NOT_CONFIGURED@ 000000018000d628     utexcep.obj
 0002:00000640       ??_C@_09FCELEONC@AE_ACCESS@ 000000018000d640     utexcep.obj
 0002:00000650       ??_C@_0M@BIPEGDFC@AE_IO_ERROR@ 000000018000d650     utexcep.obj
 0002:00000660       ??_C@_0BE@GCBICNJK@AE_NUMERIC_OVERFLOW@ 000000018000d660     utexcep.obj
 0002:00000678       ??_C@_0BA@JDMHIEGJ@AE_HEX_OVERFLOW@ 000000018000d678     utexcep.obj
 0002:00000688       ??_C@_0BE@HHBGLENC@AE_DECIMAL_OVERFLOW@ 000000018000d688     utexcep.obj
 0002:000006a0       ??_C@_0BC@DKCJMEPN@AE_OCTAL_OVERFLOW@ 000000018000d6a0     utexcep.obj
 0002:000006b8       ??_C@_0BA@EAJEGCAK@AE_END_OF_TABLE@ 000000018000d6b8     utexcep.obj
 0002:000006c8       ??_C@_0BB@GGMNEPFA@AE_BAD_PARAMETER@ 000000018000d6c8     utexcep.obj
 0002:000006e0       ??_C@_0BB@FKHHEGKA@AE_BAD_CHARACTER@ 000000018000d6e0     utexcep.obj
 0002:000006f8       ??_C@_0BA@NBPLLLII@AE_BAD_PATHNAME@ 000000018000d6f8     utexcep.obj
 0002:00000708       ??_C@_0M@JECPJBCE@AE_BAD_DATA@ 000000018000d708     utexcep.obj
 0002:00000718       ??_C@_0BE@IPFKHDDI@AE_BAD_HEX_CONSTANT@ 000000018000d718     utexcep.obj
 0002:00000730       ??_C@_0BG@MIDKBGIL@AE_BAD_OCTAL_CONSTANT@ 000000018000d730     utexcep.obj
 0002:00000748       ??_C@_0BI@BEMEOOAI@AE_BAD_DECIMAL_CONSTANT@ 000000018000d748     utexcep.obj
 0002:00000760       ??_C@_0BF@HKJOKEC@AE_MISSING_ARGUMENTS@ 000000018000d760     utexcep.obj
 0002:00000778       ??_C@_0P@JBCHJANB@AE_BAD_ADDRESS@ 000000018000d778     utexcep.obj
 0002:00000788       ??_C@_0BB@HKCFDBKC@AE_BAD_SIGNATURE@ 000000018000d788     utexcep.obj
 0002:000007a0       ??_C@_0O@ELNDGGAE@AE_BAD_HEADER@ 000000018000d7a0     utexcep.obj
 0002:000007b0       ??_C@_0BA@BIILNBAK@AE_BAD_CHECKSUM@ 000000018000d7b0     utexcep.obj
 0002:000007c0       ??_C@_0N@HBAFKHEM@AE_BAD_VALUE@ 000000018000d7c0     utexcep.obj
 0002:000007d0       ??_C@_0BI@DKLNCMJF@AE_INVALID_TABLE_LENGTH@ 000000018000d7d0     utexcep.obj
 0002:000007e8       ??_C@_0BC@KGKLJMBP@AE_AML_BAD_OPCODE@ 000000018000d7e8     utexcep.obj
 0002:00000800       ??_C@_0BC@ILAINBHF@AE_AML_NO_OPERAND@ 000000018000d800     utexcep.obj
 0002:00000818       ??_C@_0BE@CMBNMMAM@AE_AML_OPERAND_TYPE@ 000000018000d818     utexcep.obj
 0002:00000830       ??_C@_0BF@JPCFNMLI@AE_AML_OPERAND_VALUE@ 000000018000d830     utexcep.obj
 0002:00000848       ??_C@_0BL@BJKBHBGD@AE_AML_UNINITIALIZED_LOCAL@ 000000018000d848     utexcep.obj
 0002:00000868       ??_C@_0BJ@BDDHFJEF@AE_AML_UNINITIALIZED_ARG@ 000000018000d868     utexcep.obj
 0002:00000888       ??_C@_0BN@INAHBINF@AE_AML_UNINITIALIZED_ELEMENT@ 000000018000d888     utexcep.obj
 0002:000008a8       ??_C@_0BI@COHNKOEN@AE_AML_NUMERIC_OVERFLOW@ 000000018000d8a8     utexcep.obj
 0002:000008c0       ??_C@_0BE@ODNDBIBN@AE_AML_REGION_LIMIT@ 000000018000d8c0     utexcep.obj
 0002:000008d8       ??_C@_0BE@NFHDHJIM@AE_AML_BUFFER_LIMIT@ 000000018000d8d8     utexcep.obj
 0002:000008f0       ??_C@_0BF@PAHJLGEL@AE_AML_PACKAGE_LIMIT@ 000000018000d8f0     utexcep.obj
 0002:00000908       ??_C@_0BG@PJELJHDF@AE_AML_DIVIDE_BY_ZERO@ 000000018000d908     utexcep.obj
 0002:00000920       ??_C@_0BA@CIMDLPJI@AE_AML_BAD_NAME@ 000000018000d920     utexcep.obj
 0002:00000930       ??_C@_0BG@NBCCMIJD@AE_AML_NAME_NOT_FOUND@ 000000018000d930     utexcep.obj
 0002:00000948       ??_C@_0BA@JDIOKGCC@AE_AML_INTERNAL@ 000000018000d948     utexcep.obj
 0002:00000958       ??_C@_0BI@IGMDDMCI@AE_AML_INVALID_SPACE_ID@ 000000018000d958     utexcep.obj
 0002:00000970       ??_C@_0BE@HOGNAHOK@AE_AML_STRING_LIMIT@ 000000018000d970     utexcep.obj
 0002:00000988       ??_C@_0BH@OKOBGBEM@AE_AML_NO_RETURN_VALUE@ 000000018000d988     utexcep.obj
 0002:000009a0       ??_C@_0BE@DJLCLOMO@AE_AML_METHOD_LIMIT@ 000000018000d9a0     utexcep.obj
 0002:000009b8       ??_C@_0BB@OOHNPDEB@AE_AML_NOT_OWNER@ 000000018000d9b8     utexcep.obj
 0002:000009d0       ??_C@_0BD@BIFMCDBD@AE_AML_MUTEX_ORDER@ 000000018000d9d0     utexcep.obj
 0002:000009e8       ??_C@_0BK@FDAGLEMK@AE_AML_MUTEX_NOT_ACQUIRED@ 000000018000d9e8     utexcep.obj
 0002:00000a08       ??_C@_0BN@ONMIFGCB@AE_AML_INVALID_RESOURCE_TYPE@ 000000018000da08     utexcep.obj
 0002:00000a28       ??_C@_0BF@KCCFIGMH@AE_AML_INVALID_INDEX@ 000000018000da28     utexcep.obj
 0002:00000a40       ??_C@_0BG@GLGAPHBJ@AE_AML_REGISTER_LIMIT@ 000000018000da40     utexcep.obj
 0002:00000a58       ??_C@_0BA@BJMBKDJP@AE_AML_NO_WHILE@ 000000018000da58     utexcep.obj
 0002:00000a68       ??_C@_0BB@PJHGPBLK@AE_AML_ALIGNMENT@ 000000018000da68     utexcep.obj
 0002:00000a80       ??_C@_0BL@EJHJMLPF@AE_AML_NO_RESOURCE_END_TAG@ 000000018000da80     utexcep.obj
 0002:00000aa0       ??_C@_0BK@JPDPGMEO@AE_AML_BAD_RESOURCE_VALUE@ 000000018000daa0     utexcep.obj
 0002:00000ac0       ??_C@_0BK@NNHAJIBC@AE_AML_CIRCULAR_REFERENCE@ 000000018000dac0     utexcep.obj
 0002:00000ae0       ??_C@_0BL@GMFABCFD@AE_AML_BAD_RESOURCE_LENGTH@ 000000018000dae0     utexcep.obj
 0002:00000b00       ??_C@_0BH@HMBGODKD@AE_AML_ILLEGAL_ADDRESS@ 000000018000db00     utexcep.obj
 0002:00000b18       ??_C@_0BE@NCFBHLCM@AE_AML_LOOP_TIMEOUT@ 000000018000db18     utexcep.obj
 0002:00000b30       ??_C@_0BK@KJMOJPMM@AE_AML_UNINITIALIZED_NODE@ 000000018000db30     utexcep.obj
 0002:00000b50       ??_C@_0BD@GABIPGIC@AE_AML_TARGET_TYPE@ 000000018000db50     utexcep.obj
 0002:00000b68       ??_C@_0BA@HFCOMJIC@AE_AML_PROTOCOL@ 000000018000db68     utexcep.obj
 0002:00000b78       ??_C@_0BF@MMGLEOH@AE_AML_BUFFER_LENGTH@ 000000018000db78     utexcep.obj
 0002:00000b90       ??_C@_0BF@GEIGFIMD@AE_CTRL_RETURN_VALUE@ 000000018000db90     utexcep.obj
 0002:00000ba8       ??_C@_0BA@NFCAKKBE@AE_CTRL_PENDING@ 000000018000dba8     utexcep.obj
 0002:00000bb8       ??_C@_0BC@GMBKOLLO@AE_CTRL_TERMINATE@ 000000018000dbb8     utexcep.obj
 0002:00000bd0       ??_C@_0N@KLLLBMCF@AE_CTRL_TRUE@ 000000018000dbd0     utexcep.obj
 0002:00000be0       ??_C@_0O@JKEFFNAO@AE_CTRL_FALSE@ 000000018000dbe0     utexcep.obj
 0002:00000bf0       ??_C@_0O@IICDNKCK@AE_CTRL_DEPTH@ 000000018000dbf0     utexcep.obj
 0002:00000c00       ??_C@_0M@MCNHIAMO@AE_CTRL_END@ 000000018000dc00     utexcep.obj
 0002:00000c10       ??_C@_0BB@CKDICBC@AE_CTRL_TRANSFER@ 000000018000dc10     utexcep.obj
 0002:00000c28       ??_C@_0O@NKLNOHFA@AE_CTRL_BREAK@ 000000018000dc28     utexcep.obj
 0002:00000c38       ??_C@_0BB@IPPIFIGO@AE_CTRL_CONTINUE@ 000000018000dc38     utexcep.obj
 0002:00000c50       ??_C@_0BH@JBJBIHAH@AE_CTRL_PARSE_CONTINUE@ 000000018000dc50     utexcep.obj
 0002:00000c68       ??_C@_0BG@LNANKLIG@AE_CTRL_PARSE_PENDING@ 000000018000dc68     utexcep.obj
 0002:00000c80       ??_C@_0CA@HAPNOHJM@Unknown?5exception?5code?3?50x?$CF8?48X@ 000000018000dc80     utexcep.obj
 0002:00000ca0       ??_C@_0BE@JENJPLOL@UNKNOWN_STATUS_CODE@ 000000018000dca0     utexcep.obj
 0002:00000cc0       AcpiGbl_LowerHexDigits     000000018000dcc0     utglobal.obj
 0002:00000cd8       AcpiGbl_UpperHexDigits     000000018000dcd8     utglobal.obj
 0002:00000cf0       AcpiGbl_PreDefinedNames    000000018000dcf0     utglobal.obj
 0002:00000de0       ??_C@_05EPMCMKIN@?2_S0_@   000000018000dde0     utglobal.obj
 0002:00000de8       ??_C@_05EOAAKALK@?2_S1_@   000000018000dde8     utglobal.obj
 0002:00000df0       ??_C@_05EMEGBOOD@?2_S2_@   000000018000ddf0     utglobal.obj
 0002:00000df8       ??_C@_05ENIEHENE@?2_S3_@   000000018000ddf8     utglobal.obj
 0002:00000e00       ??_C@_05EIMLGCFB@?2_S4_@   000000018000de00     utglobal.obj
 0002:00000e08       ??_C@_05EJAJAIGG@?2_S5_@   000000018000de08     utglobal.obj
 0002:00000e10       ??_C@_04ILLHNOLH@_S0W@     000000018000de10     utglobal.obj
 0002:00000e18       ??_C@_04IKHFLEIA@_S1W@     000000018000de18     utglobal.obj
 0002:00000e20       ??_C@_04IIDDAKNJ@_S2W@     000000018000de20     utglobal.obj
 0002:00000e28       ??_C@_04IJPBGAOO@_S3W@     000000018000de28     utglobal.obj
 0002:00000e30       ??_C@_04IMLOHGGL@_S4W@     000000018000de30     utglobal.obj
 0002:00000e38       ??_C@_04OLJKPFBC@_S1D@     000000018000de38     utglobal.obj
 0002:00000e40       ??_C@_04OJNMELEL@_S2D@     000000018000de40     utglobal.obj
 0002:00000e48       ??_C@_04OIBOCBHM@_S3D@     000000018000de48     utglobal.obj
 0002:00000e50       ??_C@_04ONFBDHPJ@_S4D@     000000018000de50     utglobal.obj
 0002:00000e58       ??_C@_04GEOPKFIM@_GPE@     000000018000de58     utglobal.obj
 0002:00000e60       ??_C@_04BKIIOEBP@_PR_@     000000018000de60     utglobal.obj
 0002:00000e68       ??_C@_04BEBLOIIB@_SB_@     000000018000de68     utglobal.obj
 0002:00000e70       ??_C@_04BIEOAHGA@_SI_@     000000018000de70     utglobal.obj
 0002:00000e78       ??_C@_04JLPJCCPA@_TZ_@     000000018000de78     utglobal.obj
 0002:00000e80       ??_C@_04HICKCCCI@_REV@     000000018000de80     utglobal.obj
 0002:00000e88       ??_C@_04BDDAMJOB@_OS_@     000000018000de88     utglobal.obj
 0002:00000e90       ??_C@_0BF@BPDEPEPO@Microsoft?5Windows?5NT@ 000000018000de90     utglobal.obj
 0002:00000ea8       ??_C@_04MBPOAFED@_GL_@     000000018000dea8     utglobal.obj
 0002:00000eb0       ??_C@_04PKIHMDG@_OSI@      000000018000deb0     utglobal.obj
 0002:00000ec0       ??_C@_0P@FGOAMMID@Divide?5by?5zero@ 000000018000dec0     utmath.obj
 0002:00000ed0       ??_C@_0N@HFMBIKJA@ACPI?5Error?3?5@ 000000018000ded0     utxferror.obj
 0002:00000ee0       ??_C@_0BA@IMDPOJBL@?5?$CI?$CF8?48X?1?$CFs?9?$CFu?$CJ?6@ 000000018000dee0     utxferror.obj
 0002:00000ef0       ??_C@_0BB@HHBECIGO@ACPI?5Error?3?5?$CFs?0?5@ 000000018000def0     utxferror.obj
 0002:00000f08       ??_C@_0P@HCHEAOAD@ACPI?5Warning?3?5@ 000000018000df08     utxferror.obj
 0002:00000f18       ??_C@_06GLFELKBG@ACPI?3?5@ 000000018000df18     utxferror.obj
 0002:00000f20       ??_C@_01EEMJAFIK@?6@       000000018000df20     utxferror.obj
 0002:00000f28       ??_C@_0BI@JMEGFGNN@Firmware?5Error?5?$CIACPI?$CJ?3?5@ 000000018000df28     utxferror.obj
 0002:00000f40       ??_C@_0BM@DHONDAIK@Firmware?5Error?5?$CIACPI?$CJ?3?5?$CFs?0?5@ 000000018000df40     utxferror.obj
 0002:00000f60       ??_C@_0BK@EPGCPCHP@Firmware?5Warning?5?$CIACPI?$CJ?3?5@ 000000018000df60     utxferror.obj
 0002:00000f88       ??_C@_0BI@PGMJHKLJ@Bad?5width?5parameter?3?5?$CFX@ 000000018000df88     oswinxf.obj
 0002:00000fa0       ??_C@_01KDCPPGHE@r@        000000018000dfa0     acpixtract.obj
 0002:00000fa8       ??_C@_0BO@OIEHKPEM@Could?5not?5open?5input?5file?5?$CFs?6@ 000000018000dfa8     acpixtract.obj
 0002:00000fc8       ??_C@_0CA@NNAOONFO@Table?5?$FL?$CFs?$FN?5was?5not?5found?5in?5?$CFs?6@ 000000018000dfc8     acpixtract.obj
 0002:00000fe8       ??_C@_03JLJHCGLP@?5?$EA?5@ 000000018000dfe8     acpixtract.obj
 0002:00000ff0       ??_C@_0CM@OLOFJBM@?5?5?$CF4?44s?5?9?5?$CF7u?5bytes?5written?5?$CI0x@ 000000018000dff0     acpixtract.obj
 0002:00001020       ??_C@_0M@JCAEPPLF@?$CF4?44s?$CFu?4dat@ 000000018000e020     acpixtract.obj
 0002:00001030       ??_C@_09DDEJKMFN@?$CF4?44s?4dat@ 000000018000e030     acpixtract.obj
 0002:0000103c       ??_C@_03ELIABIOC@w?$CLb@   000000018000e03c     acpixtract.obj
 0002:00001040       ??_C@_0BP@KIHNMIIF@Could?5not?5open?5output?5file?5?$CFs?6@ 000000018000e040     acpixtract.obj
 0002:00001060       ??_C@_0CB@FIDFHLGK@No?5ACPI?5tables?5were?5found?5in?5?$CFs@ 000000018000e060     acpixtract.obj
 0002:00001088       ??_C@_0O@ECNFNBNO@amltables?4dat@ 000000018000e088     acpixtract.obj
 0002:00001098       ??_C@_0DP@MALEPJLD@?6?$CFu?5binary?5ACPI?5tables?5extracte@ 000000018000e098     acpixtract.obj
 0002:000010e0       ??_C@_0FE@NHNBMOBE@?6?5Signature?5?5Length?5?5?5?5Version?5@ 000000018000e0e0     acpixtract.obj
 0002:00001140       ??_C@_0FD@OJGONLKM@?5?5?5?5?5?5?5?5?5?5?5?5?5?5?5?5?5?5?5?5?5?5?5?5?5?5?5?5?5?5I@ 000000018000e140     acpixtract.obj
 0002:000011a0       ??_C@_0FG@NMLLCONK@?5_________?5?5__________?5?5____?5?5_@ 000000018000e1a0     acpixtract.obj
 0002:000011f8       ??_C@_0BN@MBEIOILA@?6Found?5?$CFu?5ACPI?5tables?5in?5?$CFs?6@ 000000018000e1f8     acpixtract.obj
 0002:00001218       ??_C@_0CA@PCBBHDPD@acpixtract?5?$FLoption?$FN?5?$DMInputFile?$DO@ 000000018000e218     axmain.obj
 0002:00001238       ??_C@_0BE@GIAJDAGE@Usage?3?5?$CFs?6Options?3?6@ 000000018000e238     axmain.obj
 0002:00001250       ??_C@_0CH@LHJEKOKO@Extract?5all?5tables?0?5not?5just?5DS@ 000000018000e250     axmain.obj
 0002:00001278       ??_C@_02EMMNKJLI@?9a@      000000018000e278     axmain.obj
 0002:00001280       ??_C@_0L@EJOMDKDJ@?5?5?$CF?920s?$CFs?6@ 000000018000e280     axmain.obj
 0002:00001290       ??_C@_0CL@EPOONGKK@Force?5extraction?0?5even?5if?5there@ 000000018000e290     axmain.obj
 0002:000012bc       ??_C@_02DIMDPHP@?9f@       000000018000e2bc     axmain.obj
 0002:000012c0       ??_C@_0CF@KJLMINLC@List?5table?5summaries?0?5do?5not?5ex@ 000000018000e2c0     axmain.obj
 0002:000012e8       ??_C@_02PJGDNHPF@?9l@      000000018000e2e8     axmain.obj
 0002:000012f0       ??_C@_0CN@EGAKBEPB@Extract?5multiple?5DSDT?1SSDTs?5to?5@ 000000018000e2f0     axmain.obj
 0002:00001320       ??_C@_02OAHIOGLE@?9m@      000000018000e320     axmain.obj
 0002:00001328       ??_C@_0CE@NGMFPPIF@Extract?5all?5tables?5with?5?$DMsignat@ 000000018000e328     axmain.obj
 0002:00001350       ??_C@_0P@JNEKEOFA@?9s?5?$DMsignature?$DO@ 000000018000e350     axmain.obj
 0002:00001360       ??_C@_0BM@PFCLPAEM@Display?5version?5information@ 000000018000e360     axmain.obj
 0002:0000137c       ??_C@_02EJEOCNCO@?9v@      000000018000e37c     axmain.obj
 0002:00001380       ??_C@_0BM@BPPIBEBA@Display?5build?5date?5and?5time@ 000000018000e380     axmain.obj
 0002:0000139c       ??_C@_03NNAOONEB@?9vd@     000000018000e39c     axmain.obj
 0002:000013a0       ??_C@_0DH@BKAJDAPD@?6Extract?5binary?5ACPI?5tables?5fro@ 000000018000e3a0     axmain.obj
 0002:000013d8       ??_C@_0DE@PFAEIPPM@Default?5invocation?5extracts?5the@ 000000018000e3d8     axmain.obj
 0002:00001410       ??_C@_0CM@LAHHFNKD@Copyright?5?$CIc?$CJ?52000?5?9?52021?5Intel@ 000000018000e410     axmain.obj
 0002:00001440       ??_C@_0CF@ILLJBHKE@ACPI?5Binary?5Table?5Extraction?5Ut@ 000000018000e440     axmain.obj
 0002:00001468       ??_C@_0CC@GEMNFFHD@Intel?5ACPI?5Component?5Architectu@ 000000018000e468     axmain.obj
 0002:00001490       ??_C@_0BK@GCKDLEMI@?6?$CFs?6?$CFs?5version?5?$CF8?48X?6?$CFs?6?6@ 000000018000e490     axmain.obj
 0002:000014b0       ??_C@_09KDPLGHBA@afhlms?3v?$FO@ 000000018000e4b0     axmain.obj
 0002:000014c0       ??_C@_08OAMPFAFD@18?353?327@ 000000018000e4c0     axmain.obj
 0002:000014d0       ??_C@_0M@JIBBNGHE@Oct?514?52023@ 000000018000e4d0     axmain.obj
 0002:000014e0       ??_C@_0BI@PDHHDADA@Build?5date?1time?3?5?$CFs?5?$CFs?6@ 000000018000e4e0     axmain.obj
 0002:000014f8       ??_C@_0BG@BMJCIMDK@Unknown?5option?3?5?9v?$CFs?6@ 000000018000e4f8     axmain.obj
 0002:00001510       ??_C@_0CB@HGOOKFCJ@Missing?5required?5input?5filename@ 000000018000e510     axmain.obj
 0002:00001534       ??_C@_04OEFCOLGL@DSDT@     000000018000e534     axmain.obj
 0002:0000153c       ??_C@_04DGJCKAPJ@SSDT@     000000018000e53c     axmain.obj
 0002:00001548       ??_C@_0DG@ICNCNLAK@Found?5non?9ascii?5char?3?5?$CF2?42X?5at?5@ 000000018000e548     axutils.obj
 0002:00001580       ??_C@_0DK@HAGFPAC@Found?5non?9printable?5char?3?5?$CF2?42X@ 000000018000e580     axutils.obj
 0002:000015c0       ??_C@_0EH@JOAOIHFE@File?5appears?5to?5be?5binary?5?$CIcont@ 000000018000e5c0     axutils.obj
 0002:00001608       ??_C@_02LMMGGCAJ@?3?5@     000000018000e608     axutils.obj
 0002:0000160c       ??_C@_04EAKBDFLL@RSD?5@    000000018000e60c     axutils.obj
 0002:00001620       ??_C@_0EE@BMEGILCK@?$CF?$CKs?5?$CF2X?5?$CF2X?5?$CF2X?5?$CF2X?5?$CF2X?5?$CF2X?5?$CF2X@ 000000018000e620     axutils.obj
 0002:00001668       ??_C@_0CL@IIPADEPM@EOF?5while?5converting?5ASCII?5line@ 000000018000e668     axutils.obj
 0002:00001698       ??_C@_0CI@LODEJFEM@Could?5not?5allocate?5memory?5?$CI0x?$CFX@ 000000018000e698     axutils.obj
 0002:000016c0       ??_C@_0BN@JOLKLHCE@Error?5while?5writing?5file?5?$CFs?6@ 000000018000e6c0     axutils.obj
 0002:000016e0       ??_C@_08KPNDKLJK@RSD?5PTR?5@ 000000018000e6e0     axutils.obj
 0002:000016ec       ??_C@_04GPJOEMEN@RSDP@     000000018000e6ec     axutils.obj
 0002:000016f8       ??_C@_0CJ@DFEBCBBA@?5?$CF?42u?$CJ?5?$CF5?44s?5?50x?$CF8?48X?5?50x?$CF2?42X?5@ 000000018000e6f8     axutils.obj
 0002:00001728       ??_C@_0BG@BGANFCKO@?5?$CF?42u?$CJ?5?$CF5?44s?5?50x?$CF8?48X@ 000000018000e728     axutils.obj
 0002:00001740       ??_C@_0L@GEJJAOLD@?5?50x?$CF2?42X?6@ 000000018000e740     axutils.obj
 0002:00001750       ??_C@_0DJ@INMCMKIM@?5?50x?$CF2?42X?5?5?$CC?$CF6?46s?$CC?5?5?$CC?$CF8?48s?$CC?5?50x@ 000000018000e750     axutils.obj
 0002:0000178c       ??_C@_01GFHCPBMG@C@        000000018000e78c     toroC64:osifUefiShellEntryPoint.obj
 0002:00001790       ??_C@_1GG@CBENNICG@?$AAF?$AAA?$AAT?$AAA?$AAL?$AA?5?$AAE?$AAR?$AAR?$AAO?$AAR?$AA?3?$AA?5?$AAR?$AAe@ 000000018000e790     toroC64:osifUefiShellEntryPoint.obj
 0002:00001800       ??_C@_1BKG@PIHDEHDC@?$AAF?$AAA?$AAT?$AAA?$AAL?$AA?5?$AAE?$AAR?$AAR?$AAO?$AAR?$AA?3?$AA?5?$AAS?$AAh@ 000000018000e800     toroC64:osifUefiShellEntryPoint.obj
 0002:000019a8       ??_C@_02KPKOKMHB@?$CFS@    000000018000e9a8     toroC64:osifUefiShellEntryPoint.obj
 0002:000019ac       ??_C@_15JNBOKNOG@?$AA?$AN?$AA?6@ 000000018000e9ac     toroC64:osifUefiShellEntryPoint.obj
 0002:000019b8       ??_C@_07FPDFEDEI@ctrwaxb@  000000018000e9b8     toroC64:Fopen.obj
 0002:000019c0       ??_C@_02CHHAKFFB@w?$CL@    000000018000e9c0     toroC64:Fopen.obj
 0002:000019c4       ??_C@_02DPNLHKJD@a?$CL@    000000018000e9c4     toroC64:Fopen.obj
 0002:000019c7       ??_C@_00CNPNBAHC@@         000000018000e9c7     toroC64:_cdeCoreVwxPrintf.obj
 0002:000019c8       ??_C@_01JOAMLHOP@?9@       000000018000e9c8     toroC64:_cdeCoreVwxPrintf.obj
 0002:000019cc       ??_C@_01MIFGBAGJ@?$CL@     000000018000e9cc     toroC64:_cdeCoreVwxPrintf.obj
 0002:000019d0       ??_C@_02MDDDDAID@0x@       000000018000e9d0     toroC64:_cdeCoreVwxPrintf.obj
 0002:000019d4       ??_C@_02FGLHBECB@0X@       000000018000e9d4     toroC64:_cdeCoreVwxPrintf.obj
 0002:000019d8       ??_C@_01GBGANLPD@0@        000000018000e9d8     toroC64:_cdeCoreVwxPrintf.obj
 0002:000019dc       ??_C@_01LFCBOECM@?4@       000000018000e9dc     toroC64:_cdeCoreVwxPrintf.obj
 0002:000019e0       ??_C@_0DB@NHMBHPIK@?$CF08X?9?$CF04X?9?$CF04X?9?$CF02X?$CF02X?9?$CF02X?$CF02@ 000000018000e9e0     toroC64:_cdeCoreVwxPrintf.obj
 0002:00001a18       ??_C@_0DB@PMLHLBMO@?$CF08x?9?$CF04x?9?$CF04x?9?$CF02x?$CF02x?9?$CF02x?$CF02@ 000000018000ea18     toroC64:_cdeCoreVwxPrintf.obj
 0002:00001a50       ??_C@_0BK@FCPKCIDD@?$CF02d?1?$CF02d?1?$CF04d?5?5?$CF02d?3?$CF02d@ 000000018000ea50     toroC64:_cdeCoreVwxPrintf.obj
 0002:00001a6c       ??_C@_03GOAGKKNE@?$CFqX@   000000018000ea6c     toroC64:_cdeCoreVwxPrintf.obj
 0002:00001a70       ??_C@_07PBILKAFL@Success@  000000018000ea70     toroC64:_cdeCoreVwxPrintf.obj
 0002:00001a78       ??_C@_0L@PLPBEPPC@Load?5Error@ 000000018000ea78     toroC64:_cdeCoreVwxPrintf.obj
 0002:00001a88       ??_C@_0BC@HOFHKGJN@Invalid?5Parameter@ 000000018000ea88     toroC64:_cdeCoreVwxPrintf.obj
 0002:00001aa0       ??_C@_0M@BEECMOIL@Unsupported@ 000000018000eaa0     toroC64:_cdeCoreVwxPrintf.obj
 0002:00001ab0       ??_C@_0BA@FLNMPMCF@Bad?5Buffer?5Size@ 000000018000eab0     toroC64:_cdeCoreVwxPrintf.obj
 0002:00001ac0       ??_C@_0BB@EGELJFOB@Buffer?5Too?5Small@ 000000018000eac0     toroC64:_cdeCoreVwxPrintf.obj
 0002:00001ad8       ??_C@_09NKFGCIPN@Not?5Ready@ 000000018000ead8     toroC64:_cdeCoreVwxPrintf.obj
 0002:00001ae8       ??_C@_0N@HHEABDHO@Device?5Error@ 000000018000eae8     toroC64:_cdeCoreVwxPrintf.obj
 0002:00001af8       ??_C@_0BA@LNEDDFNB@Write?5Protected@ 000000018000eaf8     toroC64:_cdeCoreVwxPrintf.obj
 0002:00001b08       ??_C@_0BB@GOILNEAA@Out?5of?5Resources@ 000000018000eb08     toroC64:_cdeCoreVwxPrintf.obj
 0002:00001b20       ??_C@_0P@EIOJGIF@Volume?5Corrupt@ 000000018000eb20     toroC64:_cdeCoreVwxPrintf.obj
 0002:00001b30       ??_C@_0M@HDLEPOFA@Volume?5Full@ 000000018000eb30     toroC64:_cdeCoreVwxPrintf.obj
 0002:00001b40       ??_C@_08KEGAJDNN@No?5Media@ 000000018000eb40     toroC64:_cdeCoreVwxPrintf.obj
 0002:00001b50       ??_C@_0O@JNCJKCCD@Media?5changed@ 000000018000eb50     toroC64:_cdeCoreVwxPrintf.obj
 0002:00001b60       ??_C@_09CFCBFJND@Not?5Found@ 000000018000eb60     toroC64:_cdeCoreVwxPrintf.obj
 0002:00001b70       ??_C@_0O@NFHOBIDO@Access?5Denied@ 000000018000eb70     toroC64:_cdeCoreVwxPrintf.obj
 0002:00001b80       ??_C@_0M@ENKCBFEP@No?5Response@ 000000018000eb80     toroC64:_cdeCoreVwxPrintf.obj
 0002:00001b90       ??_C@_0L@IFPBNFC@No?5mapping@ 000000018000eb90     toroC64:_cdeCoreVwxPrintf.obj
 0002:00001ba0       ??_C@_08PAFJCNGP@Time?5out@ 000000018000eba0     toroC64:_cdeCoreVwxPrintf.obj
 0002:00001bb0       ??_C@_0M@DCJFAFHJ@Not?5started@ 000000018000ebb0     toroC64:_cdeCoreVwxPrintf.obj
 0002:00001bc0       ??_C@_0BA@IGIBFFPH@Already?5started@ 000000018000ebc0     toroC64:_cdeCoreVwxPrintf.obj
 0002:00001bd0       ??_C@_07LCKDCBKK@Aborted@  000000018000ebd0     toroC64:_cdeCoreVwxPrintf.obj
 0002:00001bd8       ??_C@_0L@LKIFCMNO@ICMP?5Error@ 000000018000ebd8     toroC64:_cdeCoreVwxPrintf.obj
 0002:00001be8       ??_C@_0L@DJKNJKHM@TFTP?5Error@ 000000018000ebe8     toroC64:_cdeCoreVwxPrintf.obj
 0002:00001bf8       ??_C@_0P@NCJHBCLM@Protocol?5Error@ 000000018000ebf8     toroC64:_cdeCoreVwxPrintf.obj
 0002:00001c08       ??_C@_0BG@CFJMNNJK@Warning?5Unknown?5Glyph@ 000000018000ec08     toroC64:_cdeCoreVwxPrintf.obj
 0002:00001c20       ??_C@_0BH@GKKCJEPJ@Warning?5Delete?5Failure@ 000000018000ec20     toroC64:_cdeCoreVwxPrintf.obj
 0002:00001c38       ??_C@_0BG@ECIJMOED@Warning?5Write?5Failure@ 000000018000ec38     toroC64:_cdeCoreVwxPrintf.obj
 0002:00001c50       ??_C@_0BJ@ODIPDGHB@Warning?5Buffer?5Too?5Small@ 000000018000ec50     toroC64:_cdeCoreVwxPrintf.obj
 0002:00001c70       ??_C@_1O@CEDCILHN@?$AA?$CI?$AAn?$AAu?$AAl?$AAl?$AA?$CJ@ 000000018000ec70     toroC64:_cdeCoreVwxPrintf.obj
 0002:00001c80       ??_C@_06OJHGLDPL@?$CInull?$CJ@ 000000018000ec80     toroC64:_cdeCoreVwxPrintf.obj
 0002:00001c88       ??_C@_02JDPG@rb@           000000018000ec88     toroC64:osifUefiShellFileOpen.obj
 0002:00001c8c       ??_C@_02CBLLGHLK@r?$CL@    000000018000ec8c     toroC64:osifUefiShellFileOpen.obj
 0002:00001c90       ??_C@_03HMFOOINA@r?$CLb@   000000018000ec90     toroC64:osifUefiShellFileOpen.obj
 0002:00001c94       ??_C@_03CCKOKKND@rb?$CL@   000000018000ec94     toroC64:osifUefiShellFileOpen.obj
 0002:00001c98       ??_C@_01NOFIACDB@w@        000000018000ec98     toroC64:osifUefiShellFileOpen.obj
 0002:00001c9c       ??_C@_02GMLFBBN@wb@        000000018000ec9c     toroC64:osifUefiShellFileOpen.obj
 0002:00001ca0       ??_C@_03BFHAFKOB@wb?$CL@   000000018000eca0     toroC64:osifUefiShellFileOpen.obj
 0002:00001ca4       ??_C@_01MCMALHOG@a@        000000018000eca4     toroC64:osifUefiShellFileOpen.obj
 0002:00001ca8       ??_C@_02BOGAIONP@ab@       000000018000eca8     toroC64:osifUefiShellFileOpen.obj
 0002:00001cac       ??_C@_03DOPCBAKB@a?$CLb@   000000018000ecac     toroC64:osifUefiShellFileOpen.obj
 0002:00001cb0       ??_C@_03GAACFCKC@ab?$CL@   000000018000ecb0     toroC64:osifUefiShellFileOpen.obj
 0002:00001cb8       ??_C@_08GAJLGCMP@CdeMkDir@ 000000018000ecb8     toroC64:osifUefiShellFileOpen.obj
 0002:00001cc4       ??_C@_13PJJBFPED@?$AA?$DL@ 000000018000ecc4     toroC64:osifUefiShellFileOpen.obj
 0002:00001cc8       ??_C@_13FPGAJAPJ@?$AA?2@   000000018000ecc8     toroC64:osifUefiShellFileOpen.obj
 0002:00001ccc       ??_C@_01KICIPPFI@?2@       000000018000eccc     toroC64:osifUefiShellFileFindAll.obj
 0002:00001cd0       ??_C@_01JLIPDDHJ@?3@       000000018000ecd0     toroC64:osifUefiShellFileGetStatus.obj
 0002:00001cd4       ??_C@_02OFDPNJAI@FS@       000000018000ecd4     toroC64:osifUefiShellFileGetStatus.obj
 0002:00001cd8       ??_C@_15BFKPJPFA@?$AAA?$AA?3@ 000000018000ecd8     toroC64:osifUefiShellCmdExec.obj
 0002:00001ce0       ??_C@_13JOFGPIOO@?$AA?4@   000000018000ece0     toroC64:_cdeCLocale_.obj
 0002:00001ce4       ??_C@_11LOCGONAA@@         000000018000ece4     toroC64:_cdeCLocale_.obj
 0002:00001ce8       ??_C@_0CE@NLPNMFHG@invalid?5parameter?3?5?$CFS?$CI?$CFd?$CJ?5?$CFS?$CI?$CJ?5@ 000000018000ece8     toroC64:_invalid_parameter_handler.obj
 0002:00001d10       ??_C@_0BD@NEDHKJBG@invalid?5parameter?6@ 000000018000ed10     toroC64:_invalid_parameter_handler.obj
 0002:00001d28       ??_C@_0BO@ICHKIABJ@abnormal?5program?5termination?6@ 000000018000ed28     toroC64:abort.obj
 0002:00001d64       __volatile_metadata        000000018000ed64     <linker-defined>
 0003:00000000       AcpiGbl_Optind             0000000180010000     getopt.obj
 0003:00000004       AcpiGbl_Opterr             0000000180010004     getopt.obj
 0003:00000010       AcpiGbl_AutoSerializeMethods 0000000180010010     utglobal.obj
 0003:00000011       AcpiGbl_CreateOsiMethod    0000000180010011     utglobal.obj
 0003:00000012       AcpiGbl_UseDefaultRegisterWidths 0000000180010012     utglobal.obj
 0003:00000013       AcpiGbl_EnableTableValidation 0000000180010013     utglobal.obj
 0003:00000014       AcpiGbl_Use32BitFacsAddresses 0000000180010014     utglobal.obj
 0003:00000015       AcpiGbl_RuntimeNamespaceOverride 0000000180010015     utglobal.obj
 0003:00000016       AcpiGbl_Shutdown           0000000180010016     utglobal.obj
 0003:00000017       AcpiGbl_EarlyInitialization 0000000180010017     utglobal.obj
 0003:00000018       AcpiGbl_MaxLoopIterations  0000000180010018     utglobal.obj
 0003:0000001c       AcpiGbl_TraceDbgLevel      000000018001001c     utglobal.obj
 0003:00000020       AcpiGbl_TraceDbgLayer      0000000180010020     utglobal.obj
 0003:00000024       AcpiDbgLevel               0000000180010024     utglobal.obj
 0003:00000028       AcpiDbgLayer               0000000180010028     utglobal.obj
 0003:0000002c       AcpiGbl_DsdtIndex          000000018001002c     utglobal.obj
 0003:00000030       AcpiGbl_FacsIndex          0000000180010030     utglobal.obj
 0003:00000034       AcpiGbl_XFacsIndex         0000000180010034     utglobal.obj
 0003:00000038       AcpiGbl_FadtIndex          0000000180010038     utglobal.obj
 0003:0000003c       AcpiGbl_DbOutputFlags      000000018001003c     utglobal.obj
 0003:00000040       AcpiGbl_SleepStateNames    0000000180010040     utglobal.obj
 0003:00000070       AcpiGbl_LowestDstateNames  0000000180010070     utglobal.obj
 0003:00000098       AcpiGbl_HighestDstateNames 0000000180010098     utglobal.obj
 0003:000000c0       AcpiGbl_BitRegisterInfo    00000001800100c0     utglobal.obj
 0003:00000110       AcpiGbl_FixedEventInfo     0000000180010110     utglobal.obj
 0003:000011e0       CdeAppIfShell              00000001800111e0     toroC64:osifUefiShellEntryPoint.obj
 0003:00001b00       _cdeLconv_C                0000000180011b00     toroC64:_cdeCLocale_.obj
 0003:00001b98       _cdeCLocale                0000000180011b98     toroC64:_cdeCLocale_.obj
 0003:00001bb0       __imp_free                 0000000180011bb0     toroC64:FreeCDEABI.obj
 0003:00001bb8       __imp_memset               0000000180011bb8     toroC64:MemSetCDEINTRINABI.obj
 0003:00001bc0       __imp_fclose               0000000180011bc0     toroC64:FcloseCDEABI.obj
 0003:00001bc8       __imp_fgetc                0000000180011bc8     toroC64:FgetcCDEABI.obj
 0003:00001bd0       __imp_fwrite               0000000180011bd0     toroC64:FwriteCDEABI.obj
 0003:00001bd8       __imp_sprintf              0000000180011bd8     toroC64:SprintfCDEABI.obj
 0003:00001be0       __imp_raise                0000000180011be0     toroC64:raiseCDEABI.obj
 0003:00001be8       _gCdeEfiShellProtocolGuid  0000000180011be8     toroC64:EFI_SHELL_PROTOCOL_GUID.obj
 0003:00001bf8       pinvalid_parameter_handler 0000000180011bf8     toroC64:_invalid_parameter_handler.obj
 0003:00001c20       __imp_strlen               0000000180011c20     toroC64:StrLenCDEABI.obj
 0003:00001c28       __imp_wcslen               0000000180011c28     toroC64:WcsLenCDEABI.obj
 0003:00001c38       _fltused                   0000000180011c38     toroC64:_fltused.obj
 0003:00001c40       __imp_isspace              0000000180011c40     toroC64:isspaceCDEABI.obj
 0003:00001c48       __imp_isdigit              0000000180011c48     toroC64:isdigitCDEABI.obj
 0003:00001c50       __imp_isxdigit             0000000180011c50     toroC64:isxdigitCDEABI.obj
 0003:00001c58       __imp__mktime64            0000000180011c58     toroC64:mktimeCDEABI.obj
 0003:00001c60       __imp_mktime               0000000180011c60     toroC64:mktimeCDEABI.obj
 0003:00001c68       __imp_wcschr               0000000180011c68     toroC64:WcsChrCDEABI.obj
 0003:00001c70       __imp_wcscat               0000000180011c70     toroC64:WcsCatCDEABI.obj
 0003:00001c78       __imp_wcscpy               0000000180011c78     toroC64:WcsCpyCDEABI.obj
 0003:00001c88       __imp_wcsncmp              0000000180011c88     toroC64:WcsNCmpCDEABI.obj
 0003:00001c90       __imp_wcsncpy              0000000180011c90     toroC64:WcsNCpyCDEABI.obj
 0003:00001ca0       __imp_wcstok               0000000180011ca0     toroC64:WcsTokCDEABI.obj
 0003:00001cb0       __imp__wcsicmp             0000000180011cb0     toroC64:_WcsICmpCDEABI.obj
 0003:00001cc0       __imp_strcmp               0000000180011cc0     toroC64:StrCmpCDEABI.obj
 0003:00001cd0       __imp__stricmp             0000000180011cd0     toroC64:_StrICmpCDEABI.obj
 0003:00001cd8       _gEfiSimpleFileSystemProtocolGuid 0000000180011cd8     toroC64:EFI_SIMPLE_FILE_SYSTEM_PROTOCOL_GUID.obj
 0003:00001ce8       _gEfiDevicePathToTextProtocolGuid 0000000180011ce8     toroC64:EFI_DEVICE_PATH_TO_TEXT_PROTOCOL_GUID.obj
 0003:00001cf8       _gEfiDevicePathProtocolGuid 0000000180011cf8     toroC64:EFI_DEVICE_PATH_PROTOCOL_GUID.obj
 0003:00001d08       __imp_malloc               0000000180011d08     toroC64:MallocCDEABI.obj
 0003:00001d10       __imp_wcsrchr              0000000180011d10     toroC64:WcsRChrCDEABI.obj
 0003:00001d18       __imp__errno               0000000180011d18     toroC64:errnoCDEABI.obj
 0003:00001d20       __imp_fopen                0000000180011d20     toroC64:FopenCDEABI.obj
 0003:00001d28       __imp_fread                0000000180011d28     toroC64:FreadCDEABI.obj
 0003:00001d30       __imp_fseek                0000000180011d30     toroC64:FseekCDEABI.obj
 0003:00001d38       __imp_strchr               0000000180011d38     toroC64:StrChrCDEABI.obj
 0003:00001d40       __imp_realloc              0000000180011d40     toroC64:ReallocCDEABI.obj
 0003:00001d48       __imp_wcstombs             0000000180011d48     toroC64:wcstombsCDEABI.obj
 0003:00001d50       __imp_mbstowcs             0000000180011d50     toroC64:mbstowcsCDEABI.obj
 0003:00001d58       __imp_strncpy              0000000180011d58     toroC64:StrNCpyCDEABI.obj
 0003:00001d68       __imp_strncmp              0000000180011d68     toroC64:StrNCmpCDEABI.obj
 0003:00001d70       __imp_strcpy               0000000180011d70     toroC64:StrCpyCDEABI.obj
 0003:00001d78       __imp_strcat               0000000180011d78     toroC64:StrCatCDEABI.obj
 0003:00001d80       __imp_strtol               0000000180011d80     toroC64:strtolCDEABI.obj
 0003:00001d88       __imp_strstr               0000000180011d88     toroC64:StrStrCDEABI.obj
 0003:00001d90       _gEfiFileInfoIdGuid        0000000180011d90     toroC64:EFI_FILE_INFO_ID_GUID.obj
 0003:00001da0       __imp_wcsstr               0000000180011da0     toroC64:WcsStrCDEABI.obj
 0003:00001da8       __imp_fflush               0000000180011da8     toroC64:FflushCDEABI.obj
 0003:00001db0       __imp_remove               0000000180011db0     toroC64:RemoveCDEABI.obj
 0003:00001db8       pinvalid_parameter_handlerCDEABI 0000000180011db8     toroC64:_invalid_parameter_handlerCDEABI.obj
 0003:00001dc8       __imp_vsnprintf            0000000180011dc8     toroC64:VsnprintfCDEABI.obj
 0003:00001dd8       __imp_fsetpos              0000000180011dd8     toroC64:FsetposCDEABI.obj
 0003:00001de0       __imp_wcspbrk              0000000180011de0     toroC64:WcsPbrkCDEABI.obj
 0003:00001de8       __imp_memcpy               0000000180011de8     toroC64:MemCpyCDEABI.obj
 0003:00001df8       __imp_strtok               0000000180011df8     toroC64:StrTokCDEABI.obj
 0003:00001e00       __imp_strpbrk              0000000180011e00     toroC64:StrPbrkCDEABI.obj
 0003:00001e18       __imp_exit                 0000000180011e18     toroC64:exitCDEABI.obj
 0003:00001e20       __imp_fprintf              0000000180011e20     toroC64:FprintfCDEABI.obj
 0003:00001e28       __imp_abort                0000000180011e28     toroC64:abortCDEABI.obj
 0003:00001e30       _gCdeCfgCmdLnParmPoolMemRetain 0000000180011e30     toroC64:_gCdeCfgCmdLnParmPoolMemRetain.obj
 0003:00001e38       __imp_vfprintf             0000000180011e38     toroC64:VfprintfCDEABI.obj
 0003:00001e40       __imp_fputc                0000000180011e40     toroC64:FputcCDEABI.obj
 0003:00001e60       AcpiGbl_SubOptChar         0000000180011e60     getopt.obj
 0003:00001e68       AcpiGbl_EnableInterpreterSlack 0000000180011e68     utglobal.obj
 0003:00001e69       AcpiGbl_EnableAmlDebugObject 0000000180011e69     utglobal.obj
 0003:00001e6a       AcpiGbl_CopyDsdtLocally    0000000180011e6a     utglobal.obj
 0003:00001e6b       AcpiGbl_DoNotUseXsdt       0000000180011e6b     utglobal.obj
 0003:00001e6c       AcpiGbl_Use32BitFadtAddresses 0000000180011e6c     utglobal.obj
 0003:00001e6d       AcpiGbl_TruncateIoAddresses 0000000180011e6d     utglobal.obj
 0003:00001e6e       AcpiGbl_DisableAutoRepair  0000000180011e6e     utglobal.obj
 0003:00001e6f       AcpiGbl_DisableSsdtTableInstall 0000000180011e6f     utglobal.obj
 0003:00001e70       AcpiGbl_OsiData            0000000180011e70     utglobal.obj
 0003:00001e71       AcpiGbl_ReducedHardware    0000000180011e71     utglobal.obj
 0003:00001e72       AcpiGbl_IgnorePackageResolutionErrors 0000000180011e72     utglobal.obj
 0003:00001e73       AcpiGbl_DisplayDebugTimer  0000000180011e73     utglobal.obj
 0003:00001e74       AcpiGbl_TraceFlags         0000000180011e74     utglobal.obj
 0003:00001e78       AcpiGbl_TraceMethodName    0000000180011e78     utglobal.obj
 0003:00001e80       AcpiGbl_StartupFlags       0000000180011e80     utglobal.obj
 0003:00001e84       AcpiGbl_NamespaceInitialized 0000000180011e84     utglobal.obj
 0003:00001e85       AcpiGbl_CaptureComments    0000000180011e85     utglobal.obj
 0003:00001e86       AcpiGbl_DebugTimeout       0000000180011e86     utglobal.obj
 0003:00001e88       AcpiGbl_CurrentScope       0000000180011e88     utglobal.obj
 0003:00001e90       AcpiGbl_LastListHead       0000000180011e90     utglobal.obj
 0003:00001e98       AcpiGbl_DebugFile          0000000180011e98     utglobal.obj
 0003:00001ea0       AcpiGbl_OutputFile         0000000180011ea0     utglobal.obj
 0003:000154d0       _gCdeCfgCmdLnParmReportStatusCodeSTDOUT 00000001800254d0     toroC64:_gCdeCfgCmdLnParmReportStatusCodeSTDOUT.obj
 0003:000154d1       Gbl_ForceExtraction        00000001800254d1     <common>
 0003:000154d4       Gbl_TableCount             00000001800254d4     <common>
 0003:000154e0       Gbl_BinaryData             00000001800254e0     <common>
 0003:00015500       Gbl_OutputFilename         0000000180025500     <common>
 0003:00015520       Gbl_TableListHead          0000000180025520     <common>
 0003:00015540       Gbl_InstanceBuffer         0000000180025540     <common>
 0003:00015640       Gbl_LineBuffer             0000000180025640     <common>
 0003:00015740       TimerFrequency             0000000180025740     <common>
 0003:00015748       AcpiGbl_PrintLock          0000000180025748     <common>
 0003:00015750       AcpiGbl_Optarg             0000000180025750     <common>
 0003:00015758       pConIOPutStr               0000000180025758     <common>
 0003:00015760       pConIOClr                  0000000180025760     <common>
 0003:00015768       pCdeEfiDevicePathToTextProtocol 0000000180025768     <common>
 0003:00015770       gszCdeDriverName           0000000180025770     <common>
 0003:00015778       _cdegRT                    0000000180025778     <common>
 0003:00015780       _cdegBS                    0000000180025780     <common>
 0003:00015788       _cdegST                    0000000180025788     <common>
 0003:00015790       _cdegImageHandle           0000000180025790     <common>

 entry point at        0001:000026ac

 Static symbols

 0001:000017ec       DisplayUsage               00000001800027ec f   axmain.obj
 0001:0000204c       _StdOutPutChar             000000018000304c f   toroC64:osifUefiShellEntryPoint.obj
 0001:00002094       _StdInGetChar              0000000180003094 f   toroC64:osifUefiShellEntryPoint.obj
 0001:000026d8       __CdeChkCtrlC              00000001800036d8 f   toroC64:osifUefiShellEntryPoint.obj
 0001:00002af8       __fputcpp                  0000000180003af8 f   toroC64:Vfprintf.obj
 0001:00004560       $LN276                     0000000180005560     toroC64:_cdeCoreVwxPrintf.obj
 0001:000045e4       ExpFieldOfDouble           00000001800055e4 f   toroC64:_cdeCoreVwxPrintf.obj
 0001:000045f8       FractBinDigits             00000001800055f8 f   toroC64:_cdeCoreVwxPrintf.obj
 0001:00004660       FractFieldOfDouble         0000000180005660 f   toroC64:_cdeCoreVwxPrintf.obj
 0001:00004674       IntgrBinDigits             0000000180005674 f   toroC64:_cdeCoreVwxPrintf.obj
 0001:000046bc       fract2bcd                  00000001800056bc f   toroC64:_cdeCoreVwxPrintf.obj
 0001:00004794       intgr2bcd                  0000000180005794 f   toroC64:_cdeCoreVwxPrintf.obj
 0001:00004894       nfill                      0000000180005894 f   toroC64:_cdeCoreVwxPrintf.obj
 0001:00004904       nprintfield                0000000180005904 f   toroC64:_cdeCoreVwxPrintf.obj
 0001:00004d88       num2str                    0000000180005d88 f   toroC64:_cdeCoreVwxPrintf.obj
 0001:00004eec       str2dev                    0000000180005eec f   toroC64:_cdeCoreVwxPrintf.obj
 0001:00006108       GetCharAndCount            0000000180007108 f   toroC64:_cdeCoreVwxScanf.obj
 0001:00006134       IsCharInNumberRange        0000000180007134 f   toroC64:_cdeCoreVwxScanf.obj
 0001:000061a8       StoreTerminate             00000001800071a8 f   toroC64:_cdeCoreVwxScanf.obj
 0001:00006208       UngetCharAndDecount        0000000180007208 f   toroC64:_cdeCoreVwxScanf.obj
 0001:00006228       inrange                    0000000180007228 f   toroC64:_cdeCoreVwxScanf.obj
 0001:00006250       str2num                    0000000180007250 f   toroC64:_cdeCoreVwxScanf.obj
 0001:00006cfc       __insertFree               0000000180007cfc f   toroC64:_cdeCoreMemRealloc.obj
 0001:000070dc       bcd2int                    00000001800080dc f   toroC64:osifIbmAtGetTime.obj
 0001:000070f4       inside                     00000001800080f4 f   toroC64:osifIbmAtGetTime.obj
 0001:00007104       rtcrd8                     0000000180008104 f   toroC64:osifIbmAtGetTime.obj
 0001:0000798c       __CdeFsEnum                000000018000898c f   toroC64:osifUefiShellFileOpen.obj
 0001:00007b24       __CdeIsFsEnum              0000000180008b24 f   toroC64:osifUefiShellFileOpen.obj
 0001:00007b34       efifopen                   0000000180008b34 f   toroC64:osifUefiShellFileOpen.obj
 0001:00008218       __cdeReadDirectory         0000000180009218 f   toroC64:osifUefiShellFileFindAll.obj
 0001:000085a8       myConIOClr                 00000001800095a8 f   toroC64:osifUefiShellCmdExec.obj
 0001:000085b4       myConIOPutStr              00000001800095b4 f   toroC64:osifUefiShellCmdExec.obj
 0001:00009120       $$000000                   000000018000a120     toroC64:setjmp64CDEINTRINABI.obj
 0001:00009430       $$000000                   000000018000a430     toroC64:CdeGetCurrentPrivilegeLevel64.obj
 0001:00009434       freeCDEABI                 000000018000a434 f   toroC64:FreeCDEABI.obj
 0001:00009464       fcloseCDEABI               000000018000a464 f   toroC64:FcloseCDEABI.obj
 0001:00009520       fgetcCDEABI                000000018000a520 f   toroC64:FgetcCDEABI.obj
 0001:0000956c       fwriteCDEABI               000000018000a56c f   toroC64:FwriteCDEABI.obj
 0001:000095c4       sprintfCDEABI              000000018000a5c4 f   toroC64:SprintfCDEABI.obj
 0001:000095f0       raiseCDEABI                000000018000a5f0 f   toroC64:raiseCDEABI.obj
 0001:000098f0       invalid_parameter_handler  000000018000a8f0 f   toroC64:_invalid_parameter_handler.obj
 0001:00009ab0       $$000000                   000000018000aab0     toroC64:longjmp64CDEINTRINABI.obj
 0001:00009da8       strlenCDEABI               000000018000ada8 f   toroC64:StrLenCDEABI.obj
 0001:00009dbc       wcslenCDEABI               000000018000adbc f   toroC64:WcsLenCDEABI.obj
 0001:00009e20       isspaceCDEABI              000000018000ae20 f   toroC64:isspaceCDEABI.obj
 0001:00009e38       isdigitCDEABI              000000018000ae38 f   toroC64:isdigitCDEABI.obj
 0001:00009e4c       isxdigitCDEABI             000000018000ae4c f   toroC64:isxdigitCDEABI.obj
 0001:00009ee4       _mktime64CDEABI            000000018000aee4 f   toroC64:mktimeCDEABI.obj
 0001:00009f74       mktimeCDEABI               000000018000af74 f   toroC64:mktimeCDEABI.obj
 0001:0000a128       wcschrCDEABI               000000018000b128 f   toroC64:WcsChrCDEABI.obj
 0001:0000a160       wcscatCDEABI               000000018000b160 f   toroC64:WcsCatCDEABI.obj
 0001:0000a194       wcscpyCDEABI               000000018000b194 f   toroC64:WcsCpyCDEABI.obj
 0001:0000a1cc       wcsncmpCDEABI              000000018000b1cc f   toroC64:WcsNCmpCDEABI.obj
 0001:0000a214       wcsncpyCDEABI              000000018000b214 f   toroC64:WcsNCpyCDEABI.obj
 0001:0000a258       wcstokCDEABI               000000018000b258 f   toroC64:WcsTokCDEABI.obj
 0001:0000a2a8       _wcsicmpCDEABI             000000018000b2a8 f   toroC64:_WcsICmpCDEABI.obj
 0001:0000a2e4       strcmpCDEABI               000000018000b2e4 f   toroC64:StrCmpCDEABI.obj
 0001:0000a320       _stricmpCDEABI             000000018000b320 f   toroC64:_StrICmpCDEABI.obj
 0001:0000a444       mallocCDEABI               000000018000b444 f   toroC64:MallocCDEABI.obj
 0001:0000a450       wcsrchrCDEABI              000000018000b450 f   toroC64:WcsRChrCDEABI.obj
 0001:0000a4a8       _errnoCDEABI               000000018000b4a8 f   toroC64:errnoCDEABI.obj
 0001:0000a4cc       fopenCDEABI                000000018000b4cc f   toroC64:FopenCDEABI.obj
 0001:0000a708       freadCDEABI                000000018000b708 f   toroC64:FreadCDEABI.obj
 0001:0000a760       fseekCDEABI                000000018000b760 f   toroC64:FseekCDEABI.obj
 0001:0000a768       strchrCDEABI               000000018000b768 f   toroC64:StrChrCDEABI.obj
 0001:0000a79c       reallocCDEABI              000000018000b79c f   toroC64:ReallocCDEABI.obj
 0001:0000a7d4       wcstombsCDEABI             000000018000b7d4 f   toroC64:wcstombsCDEABI.obj
 0001:0000a824       mbstowcsCDEABI             000000018000b824 f   toroC64:mbstowcsCDEABI.obj
 0001:0000a84c       strncpyCDEABI              000000018000b84c f   toroC64:StrNCpyCDEABI.obj
 0001:0000a890       strncmpCDEABI              000000018000b890 f   toroC64:StrNCmpCDEABI.obj
 0001:0000a8d8       strcpyCDEABI               000000018000b8d8 f   toroC64:StrCpyCDEABI.obj
 0001:0000a910       strcatCDEABI               000000018000b910 f   toroC64:StrCatCDEABI.obj
 0001:0000a944       strtolCDEABI               000000018000b944 f   toroC64:strtolCDEABI.obj
 0001:0000a9fc       strstrCDEABI               000000018000b9fc f   toroC64:StrStrCDEABI.obj
 0001:0000aa94       wcsstrCDEABI               000000018000ba94 f   toroC64:WcsStrCDEABI.obj
 0001:0000abe8       fflushCDEABI               000000018000bbe8 f   toroC64:FflushCDEABI.obj
 0001:0000ac0c       removeCDEABI               000000018000bc0c f   toroC64:RemoveCDEABI.obj
 0001:0000ac84       invalid_parameter_handler  000000018000bc84 f   toroC64:_invalid_parameter_handlerCDEABI.obj
 0001:0000ad08       vsnprintfCDEABI            000000018000bd08 f   toroC64:VsnprintfCDEABI.obj
 0001:0000b0d8       wcspbrkCDEABI              000000018000c0d8 f   toroC64:WcsPbrkCDEABI.obj
 0001:0000b11c       memcpyCDEABI               000000018000c11c f   toroC64:MemCpyCDEABI.obj
 0001:0000b1b0       strtokCDEABI               000000018000c1b0 f   toroC64:StrTokCDEABI.obj
 0001:0000b1f4       strpbrkCDEABI              000000018000c1f4 f   toroC64:StrPbrkCDEABI.obj
 0001:0000b2e4       exitCDEABI                 000000018000c2e4 f   toroC64:exitCDEABI.obj
 0001:0000b30c       fprintfCDEABI              000000018000c30c f   toroC64:FprintfCDEABI.obj
 0001:0000b330       abortCDEABI                000000018000c330 f   toroC64:abortCDEABI.obj
 0001:0000b484       __fputcpp                  000000018000c484 f   toroC64:VfprintfCDEABI.obj
 0001:0000b494       vfprintfCDEABI             000000018000c494 f   toroC64:VfprintfCDEABI.obj
 0001:0000b5a8       fputcCDEABI                000000018000c5a8 f   toroC64:FputcCDEABI.obj
 0002:000000e0       AcpiGbl_ExceptionNames_Env 000000018000d0e0     utexcep.obj
 0002:00000200       AcpiGbl_ExceptionNames_Pgm 000000018000d200     utexcep.obj
 0002:00000250       AcpiGbl_ExceptionNames_Tbl 000000018000d250     utexcep.obj
 0002:00000280       AcpiGbl_ExceptionNames_Aml 000000018000d280     utexcep.obj
 0002:000003b0       AcpiGbl_ExceptionNames_Ctrl 000000018000d3b0     utexcep.obj
 0002:00000418       _AcpiModuleName            000000018000d418     utexcep.obj
 0002:00000eb8       _AcpiModuleName            000000018000deb8     utmath.obj
 0002:00000f80       _AcpiModuleName            000000018000df80     oswinxf.obj
 0002:00001edc       $unwind$AcpiGetopt         000000018000eedc     getopt.obj
 0002:00001ef4       $unwind$AcpiGetoptArgument 000000018000eef4     getopt.obj
 0002:00001efc       $unwind$AcpiUtValidNameseg 000000018000eefc     utascii.obj
 0002:00001f08       $unwind$AcpiUtCheckAndRepairAscii 000000018000ef08     utascii.obj
 0002:00001f1c       $unwind$AcpiFormatException 000000018000ef1c     utexcep.obj
 0002:00001f24       $unwind$AcpiUtDivide       000000018000ef24     utmath.obj
 0002:00001f2c       $unwind$AcpiUtShortDivide  000000018000ef2c     utmath.obj
 0002:00001f34       $unwind$AcpiUtStrupr       000000018000ef34     utnonansi.obj
 0002:00001f3c       $unwind$AcpiUtStrlwr       000000018000ef3c     utnonansi.obj
 0002:00001f44       $unwind$AcpiUtStricmp      000000018000ef44     utnonansi.obj
 0002:00001f54       $unwind$AcpiUtSafeStrcpy   000000018000ef54     utnonansi.obj
 0002:00001f64       $unwind$AcpiUtSafeStrncpy  000000018000ef64     utnonansi.obj
 0002:00001f70       $unwind$AcpiUtSafeStrcat   000000018000ef70     utnonansi.obj
 0002:00001f84       $unwind$AcpiUtSafeStrncat  000000018000ef84     utnonansi.obj
 0002:00001f9c       $unwind$AcpiError          000000018000ef9c     utxferror.obj
 0002:00001fa8       $unwind$AcpiException      000000018000efa8     utxferror.obj
 0002:00001fb4       $unwind$AcpiWarning        000000018000efb4     utxferror.obj
 0002:00001fc0       $unwind$AcpiInfo           000000018000efc0     utxferror.obj
 0002:00001fc8       $unwind$AcpiBiosError      000000018000efc8     utxferror.obj
 0002:00001fd4       $unwind$AcpiBiosException  000000018000efd4     utxferror.obj
 0002:00001fe0       $unwind$AcpiBiosWarning    000000018000efe0     utxferror.obj
 0002:00001fec       $unwind$AcpiOsInitialize   000000018000efec     oswinxf.obj
 0002:00001ff4       $unwind$AcpiOsExecute      000000018000eff4     oswinxf.obj
 0002:00001ffc       $unwind$AcpiOsReadPort     000000018000effc     oswinxf.obj
 0002:00002004       $unwind$AcpiOsWritePort    000000018000f004     oswinxf.obj
 0002:0000200c       $unwind$AcpiOsReadable     000000018000f00c     oswinxf.obj
 0002:00002014       $unwind$AcpiOsWritable     000000018000f014     oswinxf.obj
 0002:0000201c       $unwind$AcpiOsGetTimer     000000018000f01c     oswinxf.obj
 0002:00002024       $unwind$AcpiOsPrintf       000000018000f024     oswinxf.obj
 0002:0000202c       $unwind$AcpiOsVprintf      000000018000f02c     oswinxf.obj
 0002:0000203c       $unwind$AcpiOsGetLine      000000018000f03c     oswinxf.obj
 0002:00002054       $unwind$AxExtractTables    000000018000f054     acpixtract.obj
 0002:0000206c       $unwind$AxExtractToMultiAmlFile 000000018000f06c     acpixtract.obj
 0002:00002084       $unwind$AxListAllTables    000000018000f084     acpixtract.obj
 0002:0000209c       $unwind$DisplayUsage       000000018000f09c     axmain.obj
 0002:0000209c       $unwind$UngetCharAndDecount 000000018000f09c     toroC64:_cdeCoreVwxScanf.obj
 0002:000020a4       $unwind$main               000000018000f0a4     axmain.obj
 0002:000020b4       $unwind$AxCountTableInstances 000000018000f0b4     axutils.obj
 0002:000020c8       $unwind$AxGetNextInstance  000000018000f0c8     axutils.obj
 0002:000020d8       $unwind$AxNormalizeSignature 000000018000f0d8     axutils.obj
 0002:000020e0       $unwind$AxCheckAscii       000000018000f0e0     axutils.obj
 0002:000020ec       $unwind$AxIsFileAscii      000000018000f0ec     axutils.obj
 0002:000020fc       $unwind$AxIsHexDataLine    000000018000f0fc     axutils.obj
 0002:00002104       $unwind$AxIsDataBlockHeader 000000018000f104     axutils.obj
 0002:0000210c       $unwind$AxConvertAndWrite  000000018000f10c     axutils.obj
 0002:00002118       $unwind$AxConvertToBinary  000000018000f118     axutils.obj
 0002:00002130       $unwind$AxDumpTableHeader  000000018000f130     axutils.obj
 0002:00002144       $unwind$QueryPerformanceFrequency4UEFI 000000018000f144     Win324UEFI:QueryPerformanceFrequency.obj
 0002:00002150       $unwind$FractBinDigits     000000018000f150     toroC64:_cdeCoreVwxPrintf.obj
 0002:00002150       $unwind$IntgrBinDigits     000000018000f150     toroC64:_cdeCoreVwxPrintf.obj
 0002:00002150       $unwind$__CdeChkCtrlC      000000018000f150     toroC64:osifUefiShellEntryPoint.obj
 0002:00002150       $unwind$GetTickCount644UEFI 000000018000f150     Win324UEFI:GetTickCount64.obj
 0002:00002158       $unwind$fract2bcd          000000018000f158     toroC64:_cdeCoreVwxPrintf.obj
 0002:00002158       $unwind$GetCharAndCount    000000018000f158     toroC64:_cdeCoreVwxScanf.obj
 0002:00002158       $unwind$Sleep4UEFI         000000018000f158     Win324UEFI:Sleep.obj
 0002:00002164       $unwind$__cdeGetAppIf      000000018000f164     toroC64:osifUefiShellEntryPoint.obj
 0002:0000216c       $unwind$_StdOutPutChar     000000018000f16c     toroC64:osifUefiShellEntryPoint.obj
 0002:00002174       $unwind$_StdInGetChar      000000018000f174     toroC64:osifUefiShellEntryPoint.obj
 0002:0000217c       $unwind$_MainEntryPointShell 000000018000f17c     toroC64:osifUefiShellEntryPoint.obj
 0002:00002194       $unwind$strchr             000000018000f194     toroC64:StrChr.obj
 0002:0000219c       $unwind$strcmp             000000018000f19c     toroC64:StrCmp.obj
 0002:000021a8       $unwind$__acrt_iob_func    000000018000f1a8     toroC64:__acrt_iob_func.obj
 0002:000021b4       $unwind$fprintf            000000018000f1b4     toroC64:Fprintf.obj
 0002:000021bc       $unwind$isprint            000000018000f1bc     toroC64:isprint.obj
 0002:000021c4       $unwind$strcat             000000018000f1c4     toroC64:StrCat.obj
 0002:000021d0       $unwind$strcpy             000000018000f1d0     toroC64:StrCpy.obj
 0002:000021dc       $unwind$strncat            000000018000f1dc     toroC64:StrNCat.obj
 0002:000021f0       $unwind$strncpy            000000018000f1f0     toroC64:StrNCpy.obj
 0002:00002200       $unwind$toupper            000000018000f200     toroC64:toupper.obj
 0002:00002208       $unwind$tolower            000000018000f208     toroC64:tolower.obj
 0002:00002210       $unwind$calloc             000000018000f210     toroC64:Calloc.obj
 0002:0000221c       $unwind$free               000000018000f21c     toroC64:Free.obj
 0002:00002224       $unwind$getchar            000000018000f224     toroC64:Getchar.obj
 0002:0000222c       $unwind$vfprintf           000000018000f22c     toroC64:Vfprintf.obj
 0002:00002240       $unwind$fclose             000000018000f240     toroC64:Fclose.obj
 0002:00002254       $unwind$fgets              000000018000f254     toroC64:Fgets.obj
 0002:00002268       $unwind$fopen              000000018000f268     toroC64:Fopen.obj
 0002:00002288       $unwind$printf             000000018000f288     toroC64:Printf.obj
 0002:00002290       $unwind$sprintf            000000018000f290     toroC64:Sprintf.obj
 0002:00002298       $unwind$exit               000000018000f298     toroC64:exit.obj
 0002:000022a0       $unwind$strncmp            000000018000f2a0     toroC64:StrNCmp.obj
 0002:000022b0       $unwind$fread              000000018000f2b0     toroC64:Fread.obj
 0002:000022c4       $unwind$fwrite             000000018000f2c4     toroC64:Fwrite.obj
 0002:000022d8       $unwind$sscanf             000000018000f2d8     toroC64:Sscanf.obj
 0002:000022e0       $unwind$clock              000000018000f2e0     toroC64:clock.obj
 0002:000022ec       $unwind$_CdeDbgPutChar     000000018000f2ec     toroC64:_CdeDbgPutChar.obj
 0002:00002304       $unwind$_cdeCoreVwxPrintf  000000018000f304     toroC64:_cdeCoreVwxPrintf.obj
 0002:00002324       $unwind$intgr2bcd          000000018000f324     toroC64:_cdeCoreVwxPrintf.obj
 0002:00002338       $unwind$str2dev            000000018000f338     toroC64:_cdeCoreVwxPrintf.obj
 0002:00002350       $unwind$num2str            000000018000f350     toroC64:_cdeCoreVwxPrintf.obj
 0002:00002368       $unwind$nfill              000000018000f368     toroC64:_cdeCoreVwxPrintf.obj
 0002:00002380       $unwind$nprintfield        000000018000f380     toroC64:_cdeCoreVwxPrintf.obj
 0002:00002398       $unwind$str2num            000000018000f398     toroC64:_cdeCoreVwxScanf.obj
 0002:000023b0       $unwind$_cdeCoreVwxScanf   000000018000f3b0     toroC64:_cdeCoreVwxScanf.obj
 0002:000023cc       $unwind$_cdeCoreWcsStrTok  000000018000f3cc     toroC64:_cdeCoreWcsStrTok.obj
 0002:000023e8       $unwind$_cdeWcsStrPbrkSpn  000000018000f3e8     toroC64:_cdeWcsStrPbrkSpn.obj
 0002:00002404       $unwind$_cdeCoreMemRealloc 000000018000f404     toroC64:_cdeCoreMemRealloc.obj
 0002:00002420       $unwind$_cdeMemStrxCpy     000000018000f420     toroC64:_cdeMemStrxCpy.obj
 0002:00002438       $unwind$_cdeMemStrxCmp     000000018000f438     toroC64:_cdeMemStrxCmp.obj
 0002:00002454       $unwind$_osifIbmAtGetTime  000000018000f454     toroC64:osifIbmAtGetTime.obj
 0002:00002460       $unwind$_osifIbmAtGetTscPerSec 000000018000f460     toroC64:osifIbmAtGetTscPerSec.obj
 0002:00002468       $unwind$_osifUefiShellMemAlloc 000000018000f468     toroC64:osifUefiShellMemAlloc.obj
 0002:00002470       $unwind$_osifUefiShellFileWrite 000000018000f470     toroC64:osifUefiShellFileWrite.obj
 0002:00002488       $unwind$_osifUefiShellFileRead 000000018000f488     toroC64:osifUefiShellFileRead.obj
 0002:0000249c       $unwind$_osifUefiShellFileSetPos 000000018000f49c     toroC64:osifUefiShellFileSetPos.obj
 0002:000024b0       $unwind$efifopen           000000018000f4b0     toroC64:osifUefiShellFileOpen.obj
 0002:000024c8       $unwind$__CdeFsEnum        000000018000f4c8     toroC64:osifUefiShellFileOpen.obj
 0002:000024dc       $unwind$_osifUefiShellFileOpen 000000018000f4dc     toroC64:osifUefiShellFileOpen.obj
 0002:000024f4       $unwind$_osifUefiShellFileClose 000000018000f4f4     toroC64:osifUefiShellFileClose.obj
 0002:00002500       $unwind$_osifUefiShellFileDelete 000000018000f500     toroC64:osifUefiShellFileDelete.obj
 0002:00002508       $unwind$_osifUefiShellFileRename 000000018000f508     toroC64:osifUefiShellFileRename.obj
 0002:00002524       $unwind$__cdeReadDirectory 000000018000f524     toroC64:osifUefiShellFileFindAll.obj
 0002:00002540       $unwind$_osifUefiShellFileFindAll 000000018000f540     toroC64:osifUefiShellFileFindAll.obj
 0002:00002558       $unwind$_osifUefiShellFileGetStatus 000000018000f558     toroC64:osifUefiShellFileGetStatus.obj
 0002:0000256c       $unwind$_osifUefiShellDirectoryCreate 000000018000f56c     toroC64:osifUefiShellDirectoryCreate.obj
 0002:00002580       $unwind$myConIOPutStr      000000018000f580     toroC64:osifUefiShellCmdExec.obj
 0002:00002594       $unwind$_osifUefiShellCmdExec 000000018000f594     toroC64:osifUefiShellCmdExec.obj
 0002:000025a0       $unwind$_osifUefiShellGetEnv 000000018000f5a0     toroC64:osifUefiShellGetEnv.obj
 0002:000025b8       $unwind$_osifUefiShellGetDrvCwd 000000018000f5b8     toroC64:osifUefiShellGetDrvCwd.obj
 0002:000025c4       $unwind$_cdeCoreFread      000000018000f5c4     toroC64:_cdeCoreFread.obj
 0002:000025dc       $unwind$_cdeCoreFwrite     000000018000f5dc     toroC64:_cdeCoreFwrite.obj
 0002:000025f8       $unwind$_cdeCoreFsetpos    000000018000f5f8     toroC64:_cdeCoreFsetpos.obj
 0002:0000260c       $unwind$_cdeCoreFflush     000000018000f60c     toroC64:_cdeCoreFflush.obj
 0002:0000261c       $unwind$_CdeLocateProtocol 000000018000f61c     toroC64:_CdeLocateProtocol.obj
 0002:00002624       $unwind$_cdeStr2Argcv      000000018000f624     toroC64:_cdeStr2Argcv.obj
 0002:0000263c       $unwind$memset             000000018000f63c     toroC64:MemSetCDEINTRINABI.obj
 0002:00002644       $unwind$fcloseCDEABI       000000018000f644     toroC64:FcloseCDEABI.obj
 0002:00002658       $unwind$fgetcCDEABI        000000018000f658     toroC64:FgetcCDEABI.obj
 0002:00002660       $unwind$fwriteCDEABI       000000018000f660     toroC64:FwriteCDEABI.obj
 0002:00002674       $unwind$sprintfCDEABI      000000018000f674     toroC64:SprintfCDEABI.obj
 0002:0000267c       $unwind$raiseCDEABI        000000018000f67c     toroC64:raiseCDEABI.obj
 0002:0000268c       $unwind$strpbrk            000000018000f68c     toroC64:StrPbrk.obj
 0002:00002698       $unwind$isgraph            000000018000f698     toroC64:isgraph.obj
 0002:000026a4       $unwind$realloc            000000018000f6a4     toroC64:Realloc.obj
 0002:000026b0       $unwind$fgetc              000000018000f6b0     toroC64:Fgetc.obj
 0002:000026b8       $unwind$fputc              000000018000f6b8     toroC64:Fputc.obj
 0002:000026c0       $unwind$_errno             000000018000f6c0     toroC64:errno.obj
 0002:000026c8       $unwind$fflush             000000018000f6c8     toroC64:Fflush.obj
 0002:000026d0       $unwind$remove             000000018000f6d0     toroC64:Remove.obj
 0002:000026e4       $unwind$__cdeIsFilePointer 000000018000f6e4     toroC64:__cdeIsFilePointer.obj
 0002:000026f8       $unwind$invalid_parameter_handler 000000018000f6f8     toroC64:_invalid_parameter_handler.obj
 0002:0000270c       $unwind$_stricmp           000000018000f70c     toroC64:_StrICmp.obj
 0002:00002718       $unwind$strtok             000000018000f718     toroC64:StrTok.obj
 0002:00002724       $unwind$vsnprintf          000000018000f724     toroC64:Vsnprintf.obj
 0002:0000273c       $unwind$_fseeki64          000000018000f73c     toroC64:_Fseeki64.obj
 0002:00002750       $unwind$_cdeCoreSprintf    000000018000f750     toroC64:_cdeCoreSprintf.obj
 0002:00002758       $unwind$isxdigitCDEABI     000000018000f758     toroC64:isxdigitCDEABI.obj
 0002:00002760       $unwind$_cdeUMUL128        000000018000f760     toroC64:_cdeUMUL128.obj
 0002:00002768       $unwind$_mktime64CDEABI    000000018000f768     toroC64:mktimeCDEABI.obj
 0002:00002770       $unwind$_cdeGmltime        000000018000f770     toroC64:_cdeGmltime.obj
 0002:0000277c       $unwind$__cdeOnErrSet_status 000000018000f77c     toroC64:__cdeOnErrSet_status.obj
 0002:00002784       $unwind$__cdeOffsetCdeFposType 000000018000f784     toroC64:__cdeGetOffsetCdeFposType.obj
 0002:0000278c       $unwind$__cdeBiasCdeFposType 000000018000f78c     toroC64:__cdeGetBiasCdeFposType.obj
 0002:00002798       $unwind$wcschrCDEABI       000000018000f798     toroC64:WcsChrCDEABI.obj
 0002:000027a0       $unwind$wcscatCDEABI       000000018000f7a0     toroC64:WcsCatCDEABI.obj
 0002:000027ac       $unwind$wcscpyCDEABI       000000018000f7ac     toroC64:WcsCpyCDEABI.obj
 0002:000027b8       $unwind$wcsncmpCDEABI      000000018000f7b8     toroC64:WcsNCmpCDEABI.obj
 0002:000027c8       $unwind$wcsncpyCDEABI      000000018000f7c8     toroC64:WcsNCpyCDEABI.obj
 0002:000027d8       $unwind$wcstokCDEABI       000000018000f7d8     toroC64:WcsTokCDEABI.obj
 0002:000027e8       $unwind$_wcsicmpCDEABI     000000018000f7e8     toroC64:_WcsICmpCDEABI.obj
 0002:000027f4       $unwind$strcmpCDEABI       000000018000f7f4     toroC64:StrCmpCDEABI.obj
 0002:00002800       $unwind$_stricmpCDEABI     000000018000f800     toroC64:_StrICmpCDEABI.obj
 0002:0000280c       $unwind$_CdeLocateHandleBuffer 000000018000f80c     toroC64:_CdeLocateHandleBuffer.obj
 0002:0000281c       $unwind$_cdeConvertDevicePathToText 000000018000f81c     toroC64:_cdeConvertDevicePathToText.obj
 0002:00002824       $unwind$_CdeGetMapFromDevicePath 000000018000f824     toroC64:_CdeGetMapFromDevicePath.obj
 0002:0000282c       $unwind$_CdeGetCurDir      000000018000f82c     toroC64:_CdeGetCurDir.obj
 0002:00002834       $unwind$wcsrchrCDEABI      000000018000f834     toroC64:WcsRChrCDEABI.obj
 0002:00002840       $unwind$_errnoCDEABI       000000018000f840     toroC64:errnoCDEABI.obj
 0002:00002848       $unwind$fopenCDEABI        000000018000f848     toroC64:FopenCDEABI.obj
 0002:00002868       $unwind$freadCDEABI        000000018000f868     toroC64:FreadCDEABI.obj
 0002:0000287c       $unwind$strchrCDEABI       000000018000f87c     toroC64:StrChrCDEABI.obj
 0002:00002884       $unwind$reallocCDEABI      000000018000f884     toroC64:ReallocCDEABI.obj
 0002:00002890       $unwind$wcstombsCDEABI     000000018000f890     toroC64:wcstombsCDEABI.obj
 0002:00002898       $unwind$strncpyCDEABI      000000018000f898     toroC64:StrNCpyCDEABI.obj
 0002:000028a8       $unwind$strncmpCDEABI      000000018000f8a8     toroC64:StrNCmpCDEABI.obj
 0002:000028b8       $unwind$strcpyCDEABI       000000018000f8b8     toroC64:StrCpyCDEABI.obj
 0002:000028c4       $unwind$strcatCDEABI       000000018000f8c4     toroC64:StrCatCDEABI.obj
 0002:000028d0       $unwind$strtolCDEABI       000000018000f8d0     toroC64:strtolCDEABI.obj
 0002:000028d8       $unwind$_cdeEfiTime2TimeT  000000018000f8d8     toroC64:_cdeEfiTime2TimeT.obj
 0002:000028e0       $unwind$__cdeIsFilePointerCORE 000000018000f8e0     toroC64:__cdeIsFilePointerCORE.obj
 0002:000028f8       $unwind$__cderewindCORE    000000018000f8f8     toroC64:__cderewindCORE.obj
 0002:00002900       $unwind$_cdeAbort          000000018000f900     toroC64:_cdeAbort.obj
 0002:00002908       $unwind$fflushCDEABI       000000018000f908     toroC64:FflushCDEABI.obj
 0002:00002910       $unwind$removeCDEABI       000000018000f910     toroC64:RemoveCDEABI.obj
 0002:00002924       $unwind$invalid_parameter_handler 000000018000f924     toroC64:_invalid_parameter_handlerCDEABI.obj
 0002:00002938       $unwind$vsnprintfCDEABI    000000018000f938     toroC64:VsnprintfCDEABI.obj
 0002:00002950       $unwind$isalnum            000000018000f950     toroC64:isalnum.obj
 0002:0000295c       $unwind$__cdeOnErrSet_errno 000000018000f95c     toroC64:__cdeOnErrSet_errno.obj
 0002:00002964       $unwind$abort              000000018000f964     toroC64:abort.obj
 0002:00002970       $unwind$fsetposCDEABI      000000018000f970     toroC64:FsetposCDEABI.obj
 0002:0000297c       $unwind$_cdeDay2Greg       000000018000f97c     toroC64:_cdeDay2Greg.obj
 0002:00002988       $unwind$_efierrno          000000018000f988     toroC64:_efierrno.obj
 0002:00002990       $unwind$wcspbrkCDEABI      000000018000f990     toroC64:WcsPbrkCDEABI.obj
 0002:0000299c       $unwind$_cdePoolWcs2AppWcs 000000018000f99c     toroC64:_CdePoolWcs2AppWcs.obj
 0002:000029ac       $unwind$strtokCDEABI       000000018000f9ac     toroC64:StrTokCDEABI.obj
 0002:000029b8       $unwind$strpbrkCDEABI      000000018000f9b8     toroC64:StrPbrkCDEABI.obj
 0002:000029c4       $unwind$_cdeSscanf         000000018000f9c4     toroC64:_cdeSscanf.obj
 0002:000029d0       $unwind$__cdeOnErrSet_errnoCORE 000000018000f9d0     toroC64:__cdeOnErrSet_errnoCORE.obj
 0002:000029d8       $unwind$exitCDEABI         000000018000f9d8     toroC64:exitCDEABI.obj
 0002:000029e0       $unwind$fprintfCDEABI      000000018000f9e0     toroC64:FprintfCDEABI.obj
 0002:000029e8       $unwind$abortCDEABI        000000018000f9e8     toroC64:abortCDEABI.obj
 0002:000029f4       $unwind$isalpha            000000018000f9f4     toroC64:isalpha.obj
 0002:00002a00       $unwind$raise              000000018000fa00     toroC64:raise.obj
 0002:00002a10       $unwind$vfprintfCDEABI     000000018000fa10     toroC64:VfprintfCDEABI.obj
 0002:00002a24       $unwind$fputcCDEABI        000000018000fa24     toroC64:FputcCDEABI.obj
 0003:00000008       CurrentCharPtr             0000000180010008     getopt.obj
 0003:00000130       gCdeSystemVolumes          0000000180010130     toroC64:osifUefiShellEntryPoint.obj
 0003:00001040       gCdeServicesShell          0000000180011040     toroC64:osifUefiShellEntryPoint.obj
 0003:000017f0       _gEfiStatusCodeRuntimeProtocolGuid 00000001800117f0     toroC64:osifUefiShellEntryPoint.obj
 0003:00001800       ?EfiLoadedImageProtocolGuid@?1??_MainEntryPointShell@@9@9 0000000180011800     toroC64:osifUefiShellEntryPoint.obj
 0003:00001810       ?EfiShellParametersProtocolGuid@?L@??_MainEntryPointShell@@9@9 0000000180011810     toroC64:osifUefiShellEntryPoint.obj
 0003:00001820       ROMPARM                    0000000180011820     toroC64:StrCmp.obj
 0003:00001828       ROMPARM                    0000000180011828     toroC64:StrNCmp.obj
 0003:00001830       RomParm                    0000000180011830     toroC64:Sscanf.obj
 0003:0000183c       ?action@?4??_cdeCoreMemRealloc@@9@9 000000018001183c     toroC64:_cdeCoreMemRealloc.obj
 0003:00001840       tblMode                    0000000180011840     toroC64:osifUefiShellFileOpen.obj
 0003:00001a40       ?wcsSHELL@?1??myConIOPutStr@@9@9 0000000180011a40     toroC64:osifUefiShellCmdExec.obj
 0003:00001a78       ?wcsMAP@?1??myConIOPutStr@@9@9 0000000180011a78     toroC64:osifUefiShellCmdExec.obj
 0003:00001a98       ?wcsALIAS@?1??myConIOPutStr@@9@9 0000000180011a98     toroC64:osifUefiShellCmdExec.obj
 0003:00001ab0       ?wcsBLK@?1??myConIOPutStr@@9@9 0000000180011ab0     toroC64:osifUefiShellCmdExec.obj
 0003:00001ac8       ?wcsBLK2@?1??myConIOPutStr@@9@9 0000000180011ac8     toroC64:osifUefiShellCmdExec.obj
 0003:00001ad8       ?wcsFS@?1??myConIOPutStr@@9@9 0000000180011ad8     toroC64:osifUefiShellCmdExec.obj
 0003:00001af0       ?wcsFS2@?1??myConIOPutStr@@9@9 0000000180011af0     toroC64:osifUefiShellCmdExec.obj
 0003:00001c00       ROMPARM                    0000000180011c00     toroC64:_StrICmp.obj
 0003:00001c08       ROMPARM                    0000000180011c08     toroC64:StrTok.obj
 0003:00001c0c       RomParm                    0000000180011c0c     toroC64:Vsnprintf.obj
 0003:00001c30       ?RomParm@?1??_cdeCoreSprintf@@9@9 0000000180011c30     toroC64:_cdeCoreSprintf.obj
 0003:00001c80       ROMPARM                    0000000180011c80     toroC64:WcsNCmpCDEABI.obj
 0003:00001c98       ROMPARM                    0000000180011c98     toroC64:WcsTokCDEABI.obj
 0003:00001ca8       ROMPARM                    0000000180011ca8     toroC64:_WcsICmpCDEABI.obj
 0003:00001cb8       ROMPARM                    0000000180011cb8     toroC64:StrCmpCDEABI.obj
 0003:00001cc8       ROMPARM                    0000000180011cc8     toroC64:_StrICmpCDEABI.obj
 0003:00001d60       ROMPARM                    0000000180011d60     toroC64:StrNCmpCDEABI.obj
 0003:00001dc0       RomParm                    0000000180011dc0     toroC64:VsnprintfCDEABI.obj
 0003:00001dd0       ?sigorder@?1??_cdeSig2idx@@9@9 0000000180011dd0     toroC64:_cdeSig2idx.obj
 0003:00001df0       ROMPARM                    0000000180011df0     toroC64:StrTokCDEABI.obj
 0003:00001e08       RomParm                    0000000180011e08     toroC64:_cdeSscanf.obj
 0003:00001eb0       _iob                       0000000180011eb0     toroC64:osifUefiShellEntryPoint.obj
 0003:00003eb0       ?DblData@?CA@??_cdeCoreVwxPrintf@@9@9 0000000180013eb0     toroC64:_cdeCoreVwxPrintf.obj
 0003:00004440       ?wcBuffer@?1??_osifUefiShellFileWrite@@9@9 0000000180014440     toroC64:osifUefiShellFileWrite.obj
 0003:00004850       ?zBuf64k@?O@??_osifUefiShellFileWrite@@9@9 0000000180014850     toroC64:osifUefiShellFileWrite.obj
 0003:00014850       ?wcbuffer@?3??_osifUefiShellFileRead@@9@9 0000000180024850     toroC64:osifUefiShellFileRead.obj
 0003:00014c50       ?wcsFilePath@?5??_osifUefiShellFileOpen@@9@9 0000000180024c50     toroC64:osifUefiShellFileOpen.obj
 0003:00014e60       ?wcsFileName@?5??_osifUefiShellFileOpen@@9@9 0000000180024e60     toroC64:osifUefiShellFileOpen.obj
 0003:00015068       ?wcsDrive@?5??_osifUefiShellFileOpen@@9@9 0000000180025068     toroC64:osifUefiShellFileOpen.obj
 0003:00015088       ?wcsDrive2@?5??_osifUefiShellFileOpen@@9@9 0000000180025088     toroC64:osifUefiShellFileOpen.obj
 0003:000150b0       state                      00000001800250b0     toroC64:osifUefiShellCmdExec.obj
 0003:000150c0       ?wcsCommand@?1??_osifUefiShellCmdExec@@9@9 00000001800250c0     toroC64:osifUefiShellCmdExec.obj
 0003:000152d0       ?buffer@?1??_osifUefiShellGetEnv@@9@9 00000001800252d0     toroC64:osifUefiShellGetEnv.obj
