 AcpiExec

 Timestamp is 65a2e553 (Sat Jan 13 11:32:35 2024)

 Preferred load address is 0000000180000000

 Start         Length     Name                   Class
 0001:00000000 00057016H .text$mn                CODE
 0002:00000000 00000008H .CRT$XCA                DATA
 0002:00000008 00000008H .CRT$XCZ                DATA
 0002:00000010 00000008H .CRT$XIA                DATA
 0002:00000018 00000008H .CRT$XIZ                DATA
 0002:00000020 00000008H .CRT$XPA                DATA
 0002:00000028 00000008H .CRT$XPZ                DATA
 0002:00000030 00000008H .CRT$XTA                DATA
 0002:00000038 00000008H .CRT$XTZ                DATA
 0002:00000040 0001f314H .rdata                  DATA
 0002:0001f354 00000048H .rdata$voltmd           DATA
 0002:0001f39c 00000138H .rdata$zzzdbg           DATA
 0002:0001f4d4 00004b50H .xdata                  DATA
 0002:00024024 00000000H .edata                  DATA
 0003:00000000 00003920H .data                   DATA
 0003:00003920 00015868H .bss                    DATA
 0004:00000000 000039f0H .pdata                  DATA

  Address         Publics by Value              Rva+Base               Lib:Object

 0000:00000000       __AbsoluteZero             0000000000000000     <absolute>
 0000:00000000       ___safe_se_handler_count   0000000000000000     <absolute>
 0000:00000000       ___safe_se_handler_table   0000000000000000     <absolute>
 0000:00000000       __arm64x_extra_rfe_table   0000000000000000     <absolute>
 0000:00000000       __arm64x_extra_rfe_table_size 0000000000000000     <absolute>
 0000:00000000       __arm64x_native_entrypoint 0000000000000000     <absolute>
 0000:00000000       __arm64x_redirection_metadata 0000000000000000     <absolute>
 0000:00000000       __arm64x_redirection_metadata_count 0000000000000000     <absolute>
 0000:00000000       __dynamic_value_reloc_table 0000000000000000     <absolute>
 0000:00000000       __enclave_config           0000000000000000     <absolute>
 0000:00000000       __guard_check_icall_a64n_fptr 0000000000000000     <absolute>
 0000:00000000       __guard_eh_cont_count      0000000000000000     <absolute>
 0000:00000000       __guard_eh_cont_table      0000000000000000     <absolute>
 0000:00000000       __guard_fids_count         0000000000000000     <absolute>
 0000:00000000       __guard_fids_table         0000000000000000     <absolute>
 0000:00000000       __guard_flags              0000000000000000     <absolute>
 0000:00000000       __guard_iat_count          0000000000000000     <absolute>
 0000:00000000       __guard_iat_table          0000000000000000     <absolute>
 0000:00000000       __guard_longjmp_count      0000000000000000     <absolute>
 0000:00000000       __guard_longjmp_table      0000000000000000     <absolute>
 0000:00000000       __hybrid_auxiliary_delayload_iat 0000000000000000     <absolute>
 0000:00000000       __hybrid_auxiliary_delayload_iat_copy 0000000000000000     <absolute>
 0000:00000000       __hybrid_auxiliary_iat     0000000000000000     <absolute>
 0000:00000000       __hybrid_auxiliary_iat_copy 0000000000000000     <absolute>
 0000:00000000       __hybrid_code_map          0000000000000000     <absolute>
 0000:00000000       __hybrid_code_map_count    0000000000000000     <absolute>
 0000:00000000       __hybrid_image_info_bitfield 0000000000000000     <absolute>
 0000:00000000       __x64_code_ranges_to_entry_points 0000000000000000     <absolute>
 0000:00000000       __x64_code_ranges_to_entry_points_count 0000000000000000     <absolute>
 0000:00000000       __ImageBase                0000000180000000     <linker-defined>
 0001:00000000       AcGetAllTablesFromFile     0000000180001000 f   acfileio.obj
 0001:00000198       AcDeleteTableList          0000000180001198 f   acfileio.obj
 0001:000001c4       AcIsFileBinary             00000001800011c4 f   acfileio.obj
 0001:0000024c       AcValidateTableHeader      000000018000124c f   acfileio.obj
 0001:00000580       AcpiAhMatchHardwareId      0000000180001580 f   ahids.obj
 0001:000005c8       AcpiAhMatchUuid            00000001800015c8 f   ahuuids.obj
 0001:0000062c       CmGetFileSize              000000018000162c f   cmfsize.obj
 0001:000006c0       AcpiGetopt                 00000001800016c0 f   getopt.obj
 0001:000009bc       AcpiGetoptArgument         00000001800019bc f   getopt.obj
 0001:00000a5c       AcpiDbConvertToNode        0000000180001a5c f   dbcmds.obj
 0001:00000afc       AcpiDbDisplayTableInfo     0000000180001afc f   dbcmds.obj
 0001:00000be4       AcpiDbDisplayTemplate      0000000180001be4 f   dbcmds.obj
 0001:00000cdc       AcpiDbUnloadAcpiTable      0000000180001cdc f   dbcmds.obj
 0001:00000d3c       AcpiDbSendNotify           0000000180001d3c f   dbcmds.obj
 0001:00000db4       AcpiDbDisplayInterfaces    0000000180001db4 f   dbcmds.obj
 0001:00000ec0       AcpiDbSleep                0000000180001ec0 f   dbcmds.obj
 0001:00000f58       AcpiDbTrace                0000000180001f58 f   dbcmds.obj
 0001:000010d4       AcpiDbDisplayLocks         00000001800020d4 f   dbcmds.obj
 0001:0000113c       AcpiDbDisplayResources     000000018000213c f   dbcmds.obj
 0001:000011f4       AcpiDbGenerateGpe          00000001800021f4 f   dbcmds.obj
 0001:0000127c       AcpiDbGenerateSci          000000018000227c f   dbcmds.obj
 0001:00001a30       AcpiDbHexCharToValue       0000000180002a30 f   dbconvert.obj
 0001:00001a78       AcpiDbConvertToPackage     0000000180002a78 f   dbconvert.obj
 0001:00001b34       AcpiDbConvertToObject      0000000180002b34 f   dbconvert.obj
 0001:00001bac       AcpiDbEncodePldBuffer      0000000180002bac f   dbconvert.obj
 0001:00001d08       AcpiDbDumpPldBuffer        0000000180002d08 f   dbconvert.obj
 0001:000021dc       AcpiDbDisplayGpes          00000001800031dc f   dbdisply.obj
 0001:000024b0       AcpiDbDisplayHandlers      00000001800034b0 f   dbdisply.obj
 0001:000026d4       AcpiDbDisplayMethodInfo    00000001800036d4 f   dbdisply.obj
 0001:00002838       AcpiDbDecodeAndDisplayObject 0000000180003838 f   dbdisply.obj
 0001:00002afc       AcpiDbDisplayResultObject  0000000180003afc f   dbdisply.obj
 0001:00002b4c       AcpiDbDisplayArguments     0000000180003b4c f   dbdisply.obj
 0001:00002b84       AcpiDbDisplayLocals        0000000180003b84 f   dbdisply.obj
 0001:00002bbc       AcpiDbDisplayResults       0000000180003bbc f   dbdisply.obj
 0001:00002c8c       AcpiDbDisplayCallingTree   0000000180003c8c f   dbdisply.obj
 0001:00002cf4       AcpiDbDisplayObjectType    0000000180003cf4 f   dbdisply.obj
 0001:00002e3c       AcpiDbDisplayArgumentObject 0000000180003e3c f   dbdisply.obj
 0001:00003004       AcpiDbExecute              0000000180004004 f   dbexec.obj
 0001:000032b8       AcpiDbCreateExecutionThread 00000001800042b8 f   dbexec.obj
 0001:000033bc       AcpiDbCreateExecutionThreads 00000001800043bc f   dbexec.obj
 0001:000036d0       AcpiDbDeleteObjects        00000001800046d0 f   dbexec.obj
 0001:0000373c       AcpiDbGetCacheInfo         000000018000473c f   dbexec.obj
 0001:00003da0       AcpiDbCloseDebugFile       0000000180004da0 f   dbfileio.obj
 0001:00003de4       AcpiDbOpenDebugFile        0000000180004de4 f   dbfileio.obj
 0001:00003e58       AcpiDbLoadTables           0000000180004e58 f   dbfileio.obj
 0001:00003edc       AcpiDbAddToHistory         0000000180004edc f   dbhistry.obj
 0001:00004024       AcpiDbDisplayHistory       0000000180005024 f   dbhistry.obj
 0001:000040c0       AcpiDbGetFromHistory       00000001800050c0 f   dbhistry.obj
 0001:000040f0       AcpiDbGetHistoryByIndex    00000001800050f0 f   dbhistry.obj
 0001:00004158       AcpiDbCommandDispatch      0000000180005158 f   dbinput.obj
 0001:00004950       AcpiDbExecuteThread        0000000180005950 f   dbinput.obj
 0001:0000496c       AcpiDbUserCommands         000000018000596c f   dbinput.obj
 0001:000049f8       AcpiDbGetNextToken         00000001800059f8 f   dbinput.obj
 0001:00004de0       AcpiDbSetMethodBreakpoint  0000000180005de0 f   dbmethod.obj
 0001:00004e58       AcpiDbSetMethodCallBreakpoint 0000000180005e58 f   dbmethod.obj
 0001:00004e78       AcpiDbSetMethodData        0000000180005e78 f   dbmethod.obj
 0001:00005014       AcpiDbDisassembleMethod    0000000180006014 f   dbmethod.obj
 0001:00005184       AcpiDbDisassembleAml       0000000180006184 f   dbmethod.obj
 0001:000051d0       AcpiDbEvaluatePredefinedNames 00000001800061d0 f   dbmethod.obj
 0001:00005220       AcpiDbEvaluateAll          0000000180006220 f   dbmethod.obj
 0001:00005468       AcpiDbSetScope             0000000180006468 f   dbnames.obj
 0001:00005548       AcpiDbDumpNamespace        0000000180006548 f   dbnames.obj
 0001:00005604       AcpiDbDumpNamespacePaths   0000000180006604 f   dbnames.obj
 0001:0000565c       AcpiDbDumpNamespaceByOwner 000000018000665c f   dbnames.obj
 0001:000056fc       AcpiDbFindNameInNamespace  00000001800066fc f   dbnames.obj
 0001:00005798       AcpiDbCheckPredefinedNames 0000000180006798 f   dbnames.obj
 0001:000057e4       AcpiDbDisplayObjects       00000001800067e4 f   dbnames.obj
 0001:0000597c       AcpiDbCheckIntegrity       000000018000697c f   dbnames.obj
 0001:000059d0       AcpiDbFindReferences       00000001800069d0 f   dbnames.obj
 0001:00005a14       AcpiDbGetBusInfo           0000000180006a14 f   dbnames.obj
 0001:00005a4c       AcpiDbDisplayFields        0000000180006a4c f   dbnames.obj
 0001:00006184       AcpiDbDecodeInternalObject 0000000180007184 f   dbobject.obj
 0001:0000628c       AcpiDbDisplayInternalObject 000000018000728c f   dbobject.obj
 0001:000064b0       AcpiDbDecodeArguments      00000001800074b0 f   dbobject.obj
 0001:0000659c       AcpiDbDecodeLocals         000000018000759c f   dbobject.obj
 0001:0000667c       AcpiDbDumpMethodInfo       000000018000767c f   dbobject.obj
 0001:00006778       AcpiDbDisplayStatistics    0000000180007778 f   dbstats.obj
 0001:00006f50       AcpiDbExecuteTest          0000000180007f50 f   dbtest.obj
 0001:00007c38       AcpiDbMatchArgument        0000000180008c38 f   dbutils.obj
 0001:00007cb0       AcpiDbSetOutputDestination 0000000180008cb0 f   dbutils.obj
 0001:00007ce0       AcpiDbDumpExternalObject   0000000180008ce0 f   dbutils.obj
 0001:00007e88       AcpiDbPrepNamestring       0000000180008e88 f   dbutils.obj
 0001:00007ecc       AcpiDbLocalNsLookup        0000000180008ecc f   dbutils.obj
 0001:00007f7c       AcpiDbUint32ToHexString    0000000180008f7c f   dbutils.obj
 0001:00007fbc       AcpiInitializeDebugger     0000000180008fbc f   dbxface.obj
 0001:00008148       AcpiTerminateDebugger      0000000180009148 f   dbxface.obj
 0001:000081a4       AcpiSetDebuggerThreadId    00000001800091a4 f   dbxface.obj
 0001:000081b4       AcpiDbSingleStep           00000001800091b4 f   dbxface.obj
 0001:000083b0       AcpiDbSignalBreakPoint     00000001800093b0 f   dbxface.obj
 0001:000084c4       AcpiDmDisasmByteList       00000001800094c4 f   dmbuffer.obj
 0001:000085ec       AcpiDmByteList             00000001800095ec f   dmbuffer.obj
 0001:000086a8       AcpiDmCheckForHardwareId   00000001800096a8 f   dmbuffer.obj
 0001:00008728       AcpiDmDecompressEisaId     0000000180009728 f   dmbuffer.obj
 0001:00008774       AcpiDmIsUuidBuffer         0000000180009774 f   dmbuffer.obj
 0001:000087c0       AcpiDmIsUnicodeBuffer      00000001800097c0 f   dmbuffer.obj
 0001:00008878       AcpiDmIsStringBuffer       0000000180009878 f   dmbuffer.obj
 0001:000088f0       AcpiDmIsPldBuffer          00000001800098f0 f   dmbuffer.obj
 0001:00009010       AcpiDmCheckForSymbolicOpcode 000000018000a010 f   dmcstyle.obj
 0001:00009530       AcpiDmCloseOperator        000000018000a530 f   dmcstyle.obj
 0001:00009800       AcpiDmParseDeferredOps     000000018000a800 f   dmdeferred.obj
 0001:00009b88       AcpiDmDumpName             000000018000ab88 f   dmnames.obj
 0001:00009bfc       AcpiPsDisplayObjectPathname 000000018000abfc f   dmnames.obj
 0001:00009ce8       AcpiDmNamestring           000000018000ace8 f   dmnames.obj
 0001:00009d6c       AcpiDmDisassembleOneOp     000000018000ad6c f   dmopcode.obj
 0001:0000a2d0       AcpiDmMethodFlags          000000018000b2d0 f   dmopcode.obj
 0001:0000a33c       AcpiDmDisplayTargetPathname 000000018000b33c f   dmopcode.obj
 0001:0000a3fc       AcpiDmNotifyDescription    000000018000b3fc f   dmopcode.obj
 0001:0000a460       AcpiDmPredefinedDescription 000000018000b460 f   dmopcode.obj
 0001:0000a46c       AcpiDmFieldPredefinedDescription 000000018000b46c f   dmopcode.obj
 0001:0000a478       AcpiDmFieldFlags           000000018000b478 f   dmopcode.obj
 0001:0000a508       AcpiDmAddressSpace         000000018000b508 f   dmopcode.obj
 0001:0000a550       AcpiDmRegionFlags          000000018000b550 f   dmopcode.obj
 0001:0000a588       AcpiDmMatchOp              000000018000b588 f   dmopcode.obj
 0001:0000a6fc       AcpiDmDumpInteger8         000000018000b6fc f   dmresrc.obj
 0001:0000a714       AcpiDmDumpInteger16        000000018000b714 f   dmresrc.obj
 0001:0000a72c       AcpiDmDumpInteger32        000000018000b72c f   dmresrc.obj
 0001:0000a744       AcpiDmDumpInteger64        000000018000b744 f   dmresrc.obj
 0001:0000a764       AcpiDmResourceTemplate     000000018000b764 f   dmresrc.obj
 0001:0000a8f4       AcpiDmIsResourceTemplate   000000018000b8f4 f   dmresrc.obj
 0001:0000a988       AcpiDmBitList              000000018000b988 f   dmresrc.obj
 0001:0000aa00       AcpiDmDescriptorName       000000018000ba00 f   dmresrc.obj
 0001:0000aa28       AcpiDmWordDescriptor       000000018000ba28 f   dmresrcl.obj
 0001:0000aaa4       AcpiDmDwordDescriptor      000000018000baa4 f   dmresrcl.obj
 0001:0000ab20       AcpiDmExtendedDescriptor   000000018000bb20 f   dmresrcl.obj
 0001:0000ab94       AcpiDmQwordDescriptor      000000018000bb94 f   dmresrcl.obj
 0001:0000ac10       AcpiDmMemory24Descriptor   000000018000bc10 f   dmresrcl.obj
 0001:0000ac80       AcpiDmMemory32Descriptor   000000018000bc80 f   dmresrcl.obj
 0001:0000acf0       AcpiDmFixedMemory32Descriptor 000000018000bcf0 f   dmresrcl.obj
 0001:0000ad7c       AcpiDmGenericRegisterDescriptor 000000018000bd7c f   dmresrcl.obj
 0001:0000ae54       AcpiDmInterruptDescriptor  000000018000be54 f   dmresrcl.obj
 0001:0000af68       AcpiDmVendorLargeDescriptor 000000018000bf68 f   dmresrcl.obj
 0001:0000af80       AcpiDmVendorCommon         000000018000bf80 f   dmresrcl.obj
 0001:0000b518       AcpiDmGpioDescriptor       000000018000c518 f   dmresrcl2.obj
 0001:0000b544       AcpiDmPinFunctionDescriptor 000000018000c544 f   dmresrcl2.obj
 0001:0000b6fc       AcpiDmPinConfigDescriptor  000000018000c6fc f   dmresrcl2.obj
 0001:0000b88c       AcpiDmPinGroupDescriptor   000000018000c88c f   dmresrcl2.obj
 0001:0000b9d4       AcpiDmPinGroupFunctionDescriptor 000000018000c9d4 f   dmresrcl2.obj
 0001:0000bb00       AcpiDmPinGroupConfigDescriptor 000000018000cb00 f   dmresrcl2.obj
 0001:0000bc28       AcpiDmSerialBusDescriptor  000000018000cc28 f   dmresrcl2.obj
 0001:0000c6a8       AcpiDmIrqDescriptor        000000018000d6a8 f   dmresrcs.obj
 0001:0000c774       AcpiDmDmaDescriptor        000000018000d774 f   dmresrcs.obj
 0001:0000c808       AcpiDmFixedDmaDescriptor   000000018000d808 f   dmresrcs.obj
 0001:0000c87c       AcpiDmIoDescriptor         000000018000d87c f   dmresrcs.obj
 0001:0000c938       AcpiDmFixedIoDescriptor    000000018000d938 f   dmresrcs.obj
 0001:0000c9b4       AcpiDmStartDependentDescriptor 000000018000d9b4 f   dmresrcs.obj
 0001:0000ca30       AcpiDmEndDependentDescriptor 000000018000da30 f   dmresrcs.obj
 0001:0000ca6c       AcpiDmVendorSmallDescriptor 000000018000da6c f   dmresrcs.obj
 0001:0000ca7c       AcpiDmDecodeAttribute      000000018000da7c f   dmutils.obj
 0001:0000cb24       AcpiDmIndent               000000018000db24 f   dmutils.obj
 0001:0000cb54       AcpiDmCommaIfListMember    000000018000db54 f   dmutils.obj
 0001:0000cbd0       AcpiDmCommaIfFieldMember   000000018000dbd0 f   dmutils.obj
 0001:0000cbec       AcpiDmDisassemble          000000018000dbec f   dmwalk.obj
 0001:0000cc58       AcpiDmWalkParseTree        000000018000dc58 f   dmwalk.obj
 0001:0000cd24       AcpiDmListType             000000018000dd24 f   dmwalk.obj
 0001:0000cdb8       AcpiDmEmitExternals        000000018000ddb8 f   dmwalk.obj
 0001:0000cdc4       AcpiDmEmitExternal         000000018000ddc4 f   dmwalk.obj
 0001:0000cdd0       AcpiDmBlockType            000000018000ddd0 f   dmwalk.obj
 0001:0000d714       AcpiDsGetBufferFieldArguments 000000018000e714 f   dsargs.obj
 0001:0000d830       AcpiDsGetBankFieldArguments 000000018000e830 f   dsargs.obj
 0001:0000d94c       AcpiDsGetRegionArguments   000000018000e94c f   dsargs.obj
 0001:0000dab4       AcpiDsGetBufferArguments   000000018000eab4 f   dsargs.obj
 0001:0000dbd0       AcpiDsGetPackageArguments  000000018000ebd0 f   dsargs.obj
 0001:0000dea4       AcpiDsExecBeginControlOp   000000018000eea4 f   dscontrol.obj
 0001:0000dfd0       AcpiDsExecEndControlOp     000000018000efd0 f   dscontrol.obj
 0001:0000e380       AcpiDsDumpMethodStack      000000018000f380 f   dsdebug.obj
 0001:0000e7b4       AcpiDsCreateField          000000018000f7b4 f   dsfield.obj
 0001:0000e94c       AcpiDsCreateBankField      000000018000f94c f   dsfield.obj
 0001:0000eaf8       AcpiDsCreateIndexField     000000018000faf8 f   dsfield.obj
 0001:0000ec74       AcpiDsCreateBufferField    000000018000fc74 f   dsfield.obj
 0001:0000ee7c       AcpiDsInitFieldObjects     000000018000fe7c f   dsfield.obj
 0001:0000f3b8       AcpiDsInitializeObjects    00000001800103b8 f   dsinit.obj
 0001:0000f71c       AcpiDsAutoSerializeMethod  000000018001071c f   dsmethod.obj
 0001:0000f8ac       AcpiDsCallControlMethod    00000001800108ac f   dsmethod.obj
 0001:0000fbd8       AcpiDsRestartControlMethod 0000000180010bd8 f   dsmethod.obj
 0001:0000fd70       AcpiDsTerminateControlMethod 0000000180010d70 f   dsmethod.obj
 0001:0000ff44       AcpiDsBeginMethodExecution 0000000180010f44 f   dsmethod.obj
 0001:000101ac       AcpiDsMethodError          00000001800111ac f   dsmethod.obj
 0001:00010408       AcpiDsStoreObjectToLocal   0000000180011408 f   dsmthdat.obj
 0001:000106b4       AcpiDsMethodDataDeleteAll  00000001800116b4 f   dsmthdat.obj
 0001:0001081c       AcpiDsMethodDataGetValue   000000018001181c f   dsmthdat.obj
 0001:00010994       AcpiDsMethodDataInitArgs   0000000180011994 f   dsmthdat.obj
 0001:00010ae8       AcpiDsMethodDataGetNode    0000000180011ae8 f   dsmthdat.obj
 0001:00010c34       AcpiDsMethodDataInit       0000000180011c34 f   dsmthdat.obj
 0001:00010ea4       AcpiDsBuildInternalObject  0000000180011ea4 f   dsobject.obj
 0001:00011088       AcpiDsBuildInternalBufferObj 0000000180012088 f   dsobject.obj
 0001:0001123c       AcpiDsInitObjectFromOp     000000018001223c f   dsobject.obj
 0001:0001154c       AcpiDsCreateNode           000000018001254c f   dsobject.obj
 0001:00011654       AcpiDsEvalBufferFieldOperands 0000000180012654 f   dsopcode.obj
 0001:000117bc       AcpiDsEvalRegionOperands   00000001800127bc f   dsopcode.obj
 0001:0001198c       AcpiDsEvalTableRegionOperands 000000018001298c f   dsopcode.obj
 0001:00011b90       AcpiDsEvalDataObjectOperands 0000000180012b90 f   dsopcode.obj
 0001:00011d6c       AcpiDsEvalBankFieldOperands 0000000180012d6c f   dsopcode.obj
 0001:00011ed0       AcpiDsInitializeRegion     0000000180012ed0 f   dsopcode.obj
 0001:0001218c       AcpiDsBuildInternalPackageObj 000000018001318c f   dspkginit.obj
 0001:000125b0       AcpiDsInitPackageElement   00000001800135b0 f   dspkginit.obj
 0001:00012894       AcpiDsClearImplicitReturn  0000000180013894 f   dsutils.obj
 0001:00012918       AcpiDsDoImplicitReturn     0000000180013918 f   dsutils.obj
 0001:000129e0       AcpiDsIsResultUsed         00000001800139e0 f   dsutils.obj
 0001:00012ca0       AcpiDsDeleteResultIfNotUsed 0000000180013ca0 f   dsutils.obj
 0001:00012d68       AcpiDsCreateOperand        0000000180013d68 f   dsutils.obj
 0001:00013114       AcpiDsCreateOperands       0000000180014114 f   dsutils.obj
 0001:00013304       AcpiDsResolveOperands      0000000180014304 f   dsutils.obj
 0001:0001339c       AcpiDsClearOperands        000000018001439c f   dsutils.obj
 0001:00013430       AcpiDsEvaluateNamePath     0000000180014430 f   dsutils.obj
 0001:0001358c       AcpiDsGetPredicateValue    000000018001458c f   dswexec.obj
 0001:000137e0       AcpiDsExecBeginOp          00000001800147e0 f   dswexec.obj
 0001:00013a48       AcpiDsExecEndOp            0000000180014a48 f   dswexec.obj
 0001:000141f0       AcpiDsInitCallbacks        00000001800151f0 f   dswload.obj
 0001:00014270       AcpiDsLoad1BeginOp         0000000180015270 f   dswload.obj
 0001:000147e0       AcpiDsLoad1EndOp           00000001800157e0 f   dswload.obj
 0001:00014b04       AcpiDsLoad2BeginOp         0000000180015b04 f   dswload2.obj
 0001:000150e8       AcpiDsLoad2EndOp           00000001800160e8 f   dswload2.obj
 0001:00015734       AcpiDsScopeStackPush       0000000180016734 f   dswscope.obj
 0001:00015988       AcpiDsScopeStackPop        0000000180016988 f   dswscope.obj
 0001:00015b54       AcpiDsScopeStackClear      0000000180016b54 f   dswscope.obj
 0001:00015be8       AcpiDsObjStackPush         0000000180016be8 f   dswstate.obj
 0001:00015cc0       AcpiDsObjStackPop          0000000180016cc0 f   dswstate.obj
 0001:00015d80       AcpiDsCreateWalkState      0000000180016d80 f   dswstate.obj
 0001:00015e90       AcpiDsInitAmlWalk          0000000180016e90 f   dswstate.obj
 0001:0001603c       AcpiDsObjStackPopAndDelete 000000018001703c f   dswstate.obj
 0001:00016110       AcpiDsDeleteWalkState      0000000180017110 f   dswstate.obj
 0001:00016238       AcpiDsPopWalkState         0000000180017238 f   dswstate.obj
 0001:000162ac       AcpiDsPushWalkState        00000001800172ac f   dswstate.obj
 0001:00016314       AcpiDsGetCurrentWalkState  0000000180017314 f   dswstate.obj
 0001:0001637c       AcpiDsResultPop            000000018001737c f   dswstate.obj
 0001:000164d8       AcpiDsResultPush           00000001800174d8 f   dswstate.obj
 0001:00016814       AcpiEvInitializeEvents     0000000180017814 f   evevent.obj
 0001:000168fc       AcpiEvInstallXruptHandlers 00000001800178fc f   evevent.obj
 0001:000169ec       AcpiEvFixedEventDetect     00000001800179ec f   evevent.obj
 0001:00016bdc       AcpiEvInitGlobalLockHandler 0000000180017bdc f   evglock.obj
 0001:00016cd4       AcpiEvAcquireGlobalLock    0000000180017cd4 f   evglock.obj
 0001:00016ea4       AcpiEvReleaseGlobalLock    0000000180017ea4 f   evglock.obj
 0001:00016fac       AcpiEvRemoveGlobalLockHandler 0000000180017fac f   evglock.obj
 0001:0001709c       AcpiAcquireGlobalLockX8664 000000018001809c f   evglock.obj
 0001:000170e4       AcpiReleaseGlobalLockX8664 00000001800180e4 f   evglock.obj
 0001:0001710c       AcpiEvGpeDetect            000000018001810c f   evgpe.obj
 0001:000172a0       AcpiEvUpdateGpeEnableMask  00000001800182a0 f   evgpe.obj
 0001:00017358       AcpiEvEnableGpe            0000000180018358 f   evgpe.obj
 0001:000173bc       AcpiEvMaskGpe              00000001800183bc f   evgpe.obj
 0001:000174cc       AcpiEvAddGpeReference      00000001800184cc f   evgpe.obj
 0001:0001759c       AcpiEvRemoveGpeReference   000000018001859c f   evgpe.obj
 0001:00017654       AcpiEvGetGpeEventInfo      0000000180018654 f   evgpe.obj
 0001:000176cc       AcpiEvLowGetGpeInfo        00000001800186cc f   evgpe.obj
 0001:000176fc       AcpiEvFinishGpe            00000001800186fc f   evgpe.obj
 0001:00017734       AcpiEvDetectGpe            0000000180018734 f   evgpe.obj
 0001:00017908       AcpiEvGpeDispatch          0000000180018908 f   evgpe.obj
 0001:00017c28       AcpiEvCreateGpeBlock       0000000180018c28 f   evgpeblk.obj
 0001:00017ec8       AcpiEvInitializeGpeBlock   0000000180018ec8 f   evgpeblk.obj
 0001:0001802c       AcpiEvDeleteGpeBlock       000000018001902c f   evgpeblk.obj
 0001:000184c4       AcpiEvGpeInitialize        00000001800194c4 f   evgpeinit.obj
 0001:00018734       AcpiEvUpdateGpes           0000000180019734 f   evgpeinit.obj
 0001:00018828       AcpiEvMatchGpeMethod       0000000180019828 f   evgpeinit.obj
 0001:00018a78       AcpiEvWalkGpeList          0000000180019a78 f   evgpeutil.obj
 0001:00018b64       AcpiEvGetGpeDevice         0000000180019b64 f   evgpeutil.obj
 0001:00018b98       AcpiEvGetGpeXruptBlock     0000000180019b98 f   evgpeutil.obj
 0001:00018d24       AcpiEvDeleteGpeXrupt       0000000180019d24 f   evgpeutil.obj
 0001:00018e40       AcpiEvDeleteGpeHandlers    0000000180019e40 f   evgpeutil.obj
 0001:00018f58       AcpiEvFindRegionHandler    0000000180019f58 f   evhandler.obj
 0001:00018f78       AcpiEvHasDefaultHandler    0000000180019f78 f   evhandler.obj
 0001:00018fb8       AcpiEvInstallRegionHandlers 0000000180019fb8 f   evhandler.obj
 0001:00019080       AcpiEvInstallSpaceHandler  000000018001a080 f   evhandler.obj
 0001:000194c0       AcpiEvIsNotifyObject       000000018001a4c0 f   evmisc.obj
 0001:000194e0       AcpiEvQueueNotifyRequest   000000018001a4e0 f   evmisc.obj
 0001:00019694       AcpiEvTerminate            000000018001a694 f   evmisc.obj
 0001:00019854       AcpiEvInitializeOpRegions  000000018001a854 f   evregion.obj
 0001:00019928       AcpiEvAddressSpaceDispatch 000000018001a928 f   evregion.obj
 0001:00019c84       AcpiEvAttachRegion         000000018001ac84 f   evregion.obj
 0001:00019dac       AcpiEvDetachRegion         000000018001adac f   evregion.obj
 0001:0001a014       AcpiEvExecuteRegMethods    000000018001b014 f   evregion.obj
 0001:0001a194       AcpiEvExecuteRegMethod     000000018001b194 f   evregion.obj
 0001:0001a518       AcpiEvSystemMemoryRegionSetup 000000018001b518 f   evrgnini.obj
 0001:0001a644       AcpiEvIoSpaceRegionSetup   000000018001b644 f   evrgnini.obj
 0001:0001a6c0       AcpiEvPciConfigRegionSetup 000000018001b6c0 f   evrgnini.obj
 0001:0001a984       AcpiEvCmosRegionSetup      000000018001b984 f   evrgnini.obj
 0001:0001a9d8       AcpiEvPciBarRegionSetup    000000018001b9d8 f   evrgnini.obj
 0001:0001aa2c       AcpiEvDefaultRegionSetup   000000018001ba2c f   evrgnini.obj
 0001:0001aaa8       AcpiEvInitializeRegion     000000018001baa8 f   evrgnini.obj
 0001:0001acb4       AcpiEvIsPciRootBridge      000000018001bcb4 f   evrgnini.obj
 0001:0001ad8c       AcpiEvGpeXruptHandler      000000018001bd8c f   evsci.obj
 0001:0001adf0       AcpiEvSciDispatch          000000018001bdf0 f   evsci.obj
 0001:0001ae60       AcpiEvInstallSciHandler    000000018001be60 f   evsci.obj
 0001:0001aed0       AcpiEvRemoveAllSciHandlers 000000018001bed0 f   evsci.obj
 0001:0001b018       AcpiInstallSciHandler      000000018001c018 f   evxface.obj
 0001:0001b184       AcpiRemoveSciHandler       000000018001c184 f   evxface.obj
 0001:0001b2ac       AcpiInstallGlobalEventHandler 000000018001c2ac f   evxface.obj
 0001:0001b36c       AcpiInstallFixedEventHandler 000000018001c36c f   evxface.obj
 0001:0001b50c       AcpiRemoveFixedEventHandler 000000018001c50c f   evxface.obj
 0001:0001b660       AcpiInstallGpeHandler      000000018001c660 f   evxface.obj
 0001:0001b700       AcpiInstallGpeRawHandler   000000018001c700 f   evxface.obj
 0001:0001b7a0       AcpiRemoveGpeHandler       000000018001c7a0 f   evxface.obj
 0001:0001b93c       AcpiInstallNotifyHandler   000000018001c93c f   evxface.obj
 0001:0001bb5c       AcpiRemoveNotifyHandler    000000018001cb5c f   evxface.obj
 0001:0001bdfc       AcpiInstallExceptionHandler 000000018001cdfc f   evxface.obj
 0001:0001be98       AcpiAcquireGlobalLock      000000018001ce98 f   evxface.obj
 0001:0001bef8       AcpiReleaseGlobalLock      000000018001cef8 f   evxface.obj
 0001:0001c114       AcpiEnable                 000000018001d114 f   evxfevnt.obj
 0001:0001c250       AcpiDisable                000000018001d250 f   evxfevnt.obj
 0001:0001c378       AcpiEnableEvent            000000018001d378 f   evxfevnt.obj
 0001:0001c4a0       AcpiDisableEvent           000000018001d4a0 f   evxfevnt.obj
 0001:0001c5c8       AcpiClearEvent             000000018001d5c8 f   evxfevnt.obj
 0001:0001c67c       AcpiGetEventStatus         000000018001d67c f   evxfevnt.obj
 0001:0001c7b8       AcpiUpdateAllGpes          000000018001d7b8 f   evxfgpe.obj
 0001:0001c878       AcpiEnableGpe              000000018001d878 f   evxfgpe.obj
 0001:0001c93c       AcpiDisableGpe             000000018001d93c f   evxfgpe.obj
 0001:0001c9f0       AcpiClearGpe               000000018001d9f0 f   evxfgpe.obj
 0001:0001ca9c       AcpiSetGpe                 000000018001da9c f   evxfgpe.obj
 0001:0001cb78       AcpiFinishGpe              000000018001db78 f   evxfgpe.obj
 0001:0001cc24       AcpiMaskGpe                000000018001dc24 f   evxfgpe.obj
 0001:0001cce0       AcpiMarkGpeForWake         000000018001dce0 f   evxfgpe.obj
 0001:0001cd90       AcpiSetupGpeForWake        000000018001dd90 f   evxfgpe.obj
 0001:0001cf30       AcpiSetGpeWakeMask         000000018001df30 f   evxfgpe.obj
 0001:0001d040       AcpiGetGpeStatus           000000018001e040 f   evxfgpe.obj
 0001:0001d0fc       AcpiDispatchGpe            000000018001e0fc f   evxfgpe.obj
 0001:0001d148       AcpiDisableAllGpes         000000018001e148 f   evxfgpe.obj
 0001:0001d1c4       AcpiEnableAllRuntimeGpes   000000018001e1c4 f   evxfgpe.obj
 0001:0001d240       AcpiEnableAllWakeupGpes    000000018001e240 f   evxfgpe.obj
 0001:0001d2bc       AcpiAnyGpeStatusSet        000000018001e2bc f   evxfgpe.obj
 0001:0001d314       AcpiGetGpeDevice           000000018001e314 f   evxfgpe.obj
 0001:0001d410       AcpiInstallGpeBlock        000000018001e410 f   evxfgpe.obj
 0001:0001d5a8       AcpiRemoveGpeBlock         000000018001e5a8 f   evxfgpe.obj
 0001:0001d6a8       AcpiInstallAddressSpaceHandler 000000018001e6a8 f   evxfregn.obj
 0001:0001d7ac       AcpiRemoveAddressSpaceHandler 000000018001e7ac f   evxfregn.obj
 0001:0001d9f0       AcpiExConcatTemplate       000000018001e9f0 f   exconcat.obj
 0001:0001db40       AcpiExDoConcatenate        000000018001eb40 f   exconcat.obj
 0001:0001de88       AcpiExLoadOp               000000018001ee88 f   exconfig.obj
 0001:0001e250       AcpiExLoadTableOp          000000018001f250 f   exconfig.obj
 0001:0001e474       AcpiExUnloadTable          000000018001f474 f   exconfig.obj
 0001:0001e65c       AcpiExConvertToInteger     000000018001f65c f   exconvrt.obj
 0001:0001e810       AcpiExConvertToBuffer      000000018001f810 f   exconvrt.obj
 0001:0001e958       AcpiExConvertToString      000000018001f958 f   exconvrt.obj
 0001:0001eb8c       AcpiExConvertToTargetType  000000018001fb8c f   exconvrt.obj
 0001:0001ee80       AcpiExCreateMutex          000000018001fe80 f   excreate.obj
 0001:0001ef68       AcpiExCreateProcessor      000000018001ff68 f   excreate.obj
 0001:0001f044       AcpiExCreatePowerResource  0000000180020044 f   excreate.obj
 0001:0001f114       AcpiExCreateRegion         0000000180020114 f   excreate.obj
 0001:0001f2e8       AcpiExCreateEvent          00000001800202e8 f   excreate.obj
 0001:0001f3ac       AcpiExCreateAlias          00000001800203ac f   excreate.obj
 0001:0001f448       AcpiExCreateMethod         0000000180020448 f   excreate.obj
 0001:0001f544       AcpiExDoDebugObject        0000000180020544 f   exdebug.obj
 0001:0001f984       AcpiExDumpOperand          0000000180020984 f   exdump.obj
 0001:0001ff20       AcpiExDumpOperands         0000000180020f20 f   exdump.obj
 0001:0002005c       AcpiExDumpObjectDescriptor 000000018002105c f   exdump.obj
 0001:000201f0       AcpiExDumpNamespaceNode    00000001800211f0 f   exdump.obj
 0001:000209a8       AcpiExGetProtocolBufferLength 00000001800219a8 f   exfield.obj
 0001:000209f8       AcpiExReadDataFromField    00000001800219f8 f   exfield.obj
 0001:00020d20       AcpiExWriteDataToField     0000000180021d20 f   exfield.obj
 0001:00021038       AcpiExWriteWithUpdateRule  0000000180022038 f   exfldio.obj
 0001:00021230       AcpiExExtractFromField     0000000180022230 f   exfldio.obj
 0001:000214d8       AcpiExInsertIntoField      00000001800224d8 f   exfldio.obj
 0001:00021774       AcpiExAccessRegion         0000000180022774 f   exfldio.obj
 0001:00021fd4       AcpiExGetObjectReference   0000000180022fd4 f   exmisc.obj
 0001:0002217c       AcpiExDoLogicalNumericOp   000000018002317c f   exmisc.obj
 0001:00022264       AcpiExDoLogicalOp          0000000180023264 f   exmisc.obj
 0001:0002244c       AcpiExDoMathOp             000000018002344c f   exmisc.obj
 0001:00022510       AcpiExAcquireMutex         0000000180023510 f   exmutex.obj
 0001:00022738       AcpiExAcquireMutexObject   0000000180023738 f   exmutex.obj
 0001:00022850       AcpiExReleaseMutex         0000000180023850 f   exmutex.obj
 0001:00022b04       AcpiExReleaseMutexObject   0000000180023b04 f   exmutex.obj
 0001:00022c1c       AcpiExReleaseAllMutexes    0000000180023c1c f   exmutex.obj
 0001:00022d44       AcpiExUnlinkMutex          0000000180023d44 f   exmutex.obj
 0001:00022da0       AcpiExGetNameString        0000000180023da0 f   exnames.obj
 0001:00023488       AcpiExOpcode_0A_0T_1R      0000000180024488 f   exoparg1.obj
 0001:0002356c       AcpiExOpcode_1A_0T_0R      000000018002456c f   exoparg1.obj
 0001:0002367c       AcpiExOpcode_1A_0T_1R      000000018002467c f   exoparg1.obj
 0001:00023b7c       AcpiExOpcode_1A_1T_1R      0000000180024b7c f   exoparg1.obj
 0001:0002408c       AcpiExOpcode_1A_1T_0R      000000018002508c f   exoparg1.obj
 0001:00024134       AcpiExOpcode_2A_0T_0R      0000000180025134 f   exoparg2.obj
 0001:00024224       AcpiExOpcode_2A_0T_1R      0000000180025224 f   exoparg2.obj
 0001:000243b8       AcpiExOpcode_2A_1T_1R      00000001800253b8 f   exoparg2.obj
 0001:000247ac       AcpiExOpcode_2A_2T_1R      00000001800257ac f   exoparg2.obj
 0001:00024918       AcpiExOpcode_3A_0T_0R      0000000180025918 f   exoparg3.obj
 0001:00024abc       AcpiExOpcode_3A_1T_1R      0000000180025abc f   exoparg3.obj
 0001:00024c90       AcpiExOpcode_6A_0T_1R      0000000180025c90 f   exoparg6.obj
 0001:00024f04       AcpiExPrepCommonFieldObject 0000000180025f04 f   exprep.obj
 0001:00024fe0       AcpiExPrepFieldValue       0000000180025fe0 f   exprep.obj
 0001:00025584       AcpiExSystemMemorySpaceHandler 0000000180026584 f   exregion.obj
 0001:000258d4       AcpiExSystemIoSpaceHandler 00000001800268d4 f   exregion.obj
 0001:000259e8       AcpiExPciConfigSpaceHandler 00000001800269e8 f   exregion.obj
 0001:00025b2c       AcpiExCmosSpaceHandler     0000000180026b2c f   exregion.obj
 0001:00025b80       AcpiExPciBarSpaceHandler   0000000180026b80 f   exregion.obj
 0001:00025bd4       AcpiExDataTableSpaceHandler 0000000180026bd4 f   exregion.obj
 0001:00025c9c       AcpiExResolveNodeToValue   0000000180026c9c f   exresnte.obj
 0001:000260b0       AcpiExResolveToValue       00000001800270b0 f   exresolv.obj
 0001:00026230       AcpiExResolveMultiple      0000000180027230 f   exresolv.obj
 0001:00026808       AcpiExResolveOperands      0000000180027808 f   exresop.obj
 0001:00027248       AcpiExReadSerialBus        0000000180028248 f   exserial.obj
 0001:000273f8       AcpiExWriteSerialBus       00000001800283f8 f   exserial.obj
 0001:000275f8       AcpiExReadGpio             00000001800285f8 f   exserial.obj
 0001:000276d4       AcpiExWriteGpio            00000001800286d4 f   exserial.obj
 0001:000277f0       AcpiExStore                00000001800287f0 f   exstore.obj
 0001:00027a44       AcpiExStoreObjectToNode    0000000180028a44 f   exstore.obj
 0001:00028058       AcpiExResolveObject        0000000180029058 f   exstoren.obj
 0001:000281a4       AcpiExStoreObjectToObject  00000001800291a4 f   exstoren.obj
 0001:00028340       AcpiExStoreBufferToBuffer  0000000180029340 f   exstorob.obj
 0001:000284bc       AcpiExStoreStringToString  00000001800294bc f   exstorob.obj
 0001:000285fc       AcpiExSystemDoSleep        00000001800295fc f   exsystem.obj
 0001:00028634       AcpiExSystemDoStall        0000000180029634 f   exsystem.obj
 0001:0002868c       AcpiExSystemSignalEvent    000000018002968c f   exsystem.obj
 0001:00028704       AcpiExSystemWaitEvent      0000000180029704 f   exsystem.obj
 0001:00028788       AcpiExSystemResetEvent     0000000180029788 f   exsystem.obj
 0001:000287d4       AcpiExSystemWaitSemaphore  00000001800297d4 f   exsystem.obj
 0001:000288f0       AcpiExSystemWaitMutex      00000001800298f0 f   exsystem.obj
 0001:00028a08       AcpiExStartTraceMethod     0000000180029a08 f   extrace.obj
 0001:00028adc       AcpiExStopTraceMethod      0000000180029adc f   extrace.obj
 0001:00028b8c       AcpiExStartTraceOpcode     0000000180029b8c f   extrace.obj
 0001:00028bc8       AcpiExStopTraceOpcode      0000000180029bc8 f   extrace.obj
 0001:00028c04       AcpiExTracePoint           0000000180029c04 f   extrace.obj
 0001:00028d8c       AcpiExEnterInterpreter     0000000180029d8c f   exutils.obj
 0001:00028e20       AcpiExExitInterpreter      0000000180029e20 f   exutils.obj
 0001:00028eb4       AcpiExTruncateFor32bitTable 0000000180029eb4 f   exutils.obj
 0001:00028efc       AcpiExAcquireGlobalLock    0000000180029efc f   exutils.obj
 0001:00028f90       AcpiExReleaseGlobalLock    0000000180029f90 f   exutils.obj
 0001:00029018       AcpiExEisaIdToString       000000018002a018 f   exutils.obj
 0001:000290e0       AcpiExIntegerToString      000000018002a0e0 f   exutils.obj
 0001:0002914c       AcpiExPciClsToString       000000018002a14c f   exutils.obj
 0001:000291d0       AcpiIsValidSpaceId         000000018002a1d0 f   exutils.obj
 0001:000292a8       AcpiHwSetMode              000000018002a2a8 f   hwacpi.obj
 0001:00029504       AcpiHwGetMode              000000018002a504 f   hwacpi.obj
 0001:000295c8       AcpiHwExecuteSleepMethod   000000018002a5c8 f   hwesleep.obj
 0001:0002967c       AcpiHwExtendedSleep        000000018002a67c f   hwesleep.obj
 0001:00029814       AcpiHwExtendedWakePrep     000000018002a814 f   hwesleep.obj
 0001:00029888       AcpiHwExtendedWake         000000018002a888 f   hwesleep.obj
 0001:0002992c       AcpiHwGetGpeRegisterBit    000000018002a92c f   hwgpe.obj
 0001:00029948       AcpiHwLowSetGpe            000000018002a948 f   hwgpe.obj
 0001:00029a10       AcpiHwDisableGpeBlock      000000018002aa10 f   hwgpe.obj
 0001:00029a54       AcpiHwClearGpe             000000018002aa54 f   hwgpe.obj
 0001:00029a94       AcpiHwClearGpeBlock        000000018002aa94 f   hwgpe.obj
 0001:00029adc       AcpiHwGetGpeStatus         000000018002aadc f   hwgpe.obj
 0001:00029ba8       AcpiHwDisableAllGpes       000000018002aba8 f   hwgpe.obj
 0001:00029c0c       AcpiHwEnableAllRuntimeGpes 000000018002ac0c f   hwgpe.obj
 0001:00029c70       AcpiHwEnableAllWakeupGpes  000000018002ac70 f   hwgpe.obj
 0001:00029cd4       AcpiHwCheckAllGpes         000000018002acd4 f   hwgpe.obj
 0001:00029d20       AcpiHwEnableRuntimeGpeBlock 000000018002ad20 f   hwgpe.obj
 0001:00029e30       AcpiHwDerivePciId          000000018002ae30 f   hwpci.obj
 0001:0002a214       AcpiHwValidateRegister     000000018002b214 f   hwregs.obj
 0001:0002a2cc       AcpiHwRead                 000000018002b2cc f   hwregs.obj
 0001:0002a48c       AcpiHwWrite                000000018002b48c f   hwregs.obj
 0001:0002a608       AcpiHwGetBitRegisterInfo   000000018002b608 f   hwregs.obj
 0001:0002a650       AcpiHwWritePm1Control      000000018002b650 f   hwregs.obj
 0001:0002a6e8       AcpiHwRegisterRead         000000018002b6e8 f   hwregs.obj
 0001:0002a838       AcpiHwRegisterWrite        000000018002b838 f   hwregs.obj
 0001:0002a9bc       AcpiHwClearAcpiStatus      000000018002b9bc f   hwregs.obj
 0001:0002ac54       AcpiHwLegacySleep          000000018002bc54 f   hwsleep.obj
 0001:0002aeb0       AcpiHwLegacyWakePrep       000000018002beb0 f   hwsleep.obj
 0001:0002af90       AcpiHwLegacyWake           000000018002bf90 f   hwsleep.obj
 0001:0002b0b8       AcpiGetTimerResolution     000000018002c0b8 f   hwtimer.obj
 0001:0002b144       AcpiGetTimer               000000018002c144 f   hwtimer.obj
 0001:0002b1e8       AcpiGetTimerDuration       000000018002c1e8 f   hwtimer.obj
 0001:0002b2f4       AcpiHwReadPort             000000018002c2f4 f   hwvalid.obj
 0001:0002b3a8       AcpiHwWritePort            000000018002c3a8 f   hwvalid.obj
 0001:0002b68c       AcpiReset                  000000018002c68c f   hwxface.obj
 0001:0002b738       AcpiRead                   000000018002c738 f   hwxface.obj
 0001:0002b744       AcpiWrite                  000000018002c744 f   hwxface.obj
 0001:0002b750       AcpiReadBitRegister        000000018002c750 f   hwxface.obj
 0001:0002b87c       AcpiWriteBitRegister       000000018002c87c f   hwxface.obj
 0001:0002b9f0       AcpiGetSleepTypeData       000000018002c9f0 f   hwxface.obj
 0001:0002bbdc       AcpiEnterSleepStatePrep    000000018002cbdc f   hwxfsleep.obj
 0001:0002bd44       AcpiEnterSleepState        000000018002cd44 f   hwxfsleep.obj
 0001:0002bdec       AcpiEnterSleepStateS4bios  000000018002cdec f   hwxfsleep.obj
 0001:0002bf20       AcpiLeaveSleepStatePrep    000000018002cf20 f   hwxfsleep.obj
 0001:0002bf84       AcpiLeaveSleepState        000000018002cf84 f   hwxfsleep.obj
 0001:0002bfe8       AcpiSetFirmwareWakingVector 000000018002cfe8 f   hwxfsleep.obj
 0001:0002c104       AcpiNsRootInitialize       000000018002d104 f   nsaccess.obj
 0001:0002c408       AcpiNsLookup               000000018002d408 f   nsaccess.obj
 0001:0002cc48       AcpiNsCreateNode           000000018002dc48 f   nsalloc.obj
 0001:0002cd08       AcpiNsDeleteNode           000000018002dd08 f   nsalloc.obj
 0001:0002ce04       AcpiNsRemoveNode           000000018002de04 f   nsalloc.obj
 0001:0002ce8c       AcpiNsDeleteNamespaceSubtree 000000018002de8c f   nsalloc.obj
 0001:0002cf64       AcpiNsDeleteNamespaceByOwner 000000018002df64 f   nsalloc.obj
 0001:0002d094       AcpiNsDeleteChildren       000000018002e094 f   nsalloc.obj
 0001:0002d140       AcpiNsInstallNode          000000018002e140 f   nsalloc.obj
 0001:0002d2b4       AcpiNsCheckArgumentCount   000000018002e2b4 f   nsarguments.obj
 0001:0002d3c4       AcpiNsCheckAcpiCompliance  000000018002e3c4 f   nsarguments.obj
 0001:0002d4bc       AcpiNsCheckArgumentTypes   000000018002e4bc f   nsarguments.obj
 0001:0002d5bc       AcpiNsConvertToInteger     000000018002e5bc f   nsconvert.obj
 0001:0002d65c       AcpiNsConvertToString      000000018002e65c f   nsconvert.obj
 0001:0002d718       AcpiNsConvertToBuffer      000000018002e718 f   nsconvert.obj
 0001:0002d80c       AcpiNsConvertToUnicode     000000018002e80c f   nsconvert.obj
 0001:0002d8a0       AcpiNsConvertToResource    000000018002e8a0 f   nsconvert.obj
 0001:0002d90c       AcpiNsConvertToReference   000000018002e90c f   nsconvert.obj
 0001:0002da50       AcpiNsDumpEntry            000000018002ea50 f   nsdump.obj
 0001:0002da9c       AcpiNsPrintPathname        000000018002ea9c f   nsdump.obj
 0001:0002db6c       AcpiNsDumpOneObject        000000018002eb6c f   nsdump.obj
 0001:0002e23c       AcpiNsDumpObjects          000000018002f23c f   nsdump.obj
 0001:0002e300       AcpiNsDumpObjectPaths      000000018002f300 f   nsdump.obj
 0001:0002e49c       AcpiNsEvaluate             000000018002f49c f   nseval.obj
 0001:0002ea3c       AcpiNsInitializeObjects    000000018002fa3c f   nsinit.obj
 0001:0002ec30       AcpiNsInitializeDevices    000000018002fc30 f   nsinit.obj
 0001:0002ef64       AcpiNsInitOnePackage       000000018002ff64 f   nsinit.obj
 0001:0002f33c       AcpiNsLoadTable            000000018003033c f   nsload.obj
 0001:0002f4d8       AcpiNsGetExternalPathname  00000001800304d8 f   nsnames.obj
 0001:0002f544       AcpiNsBuildNormalizedPath  0000000180030544 f   nsnames.obj
 0001:0002f678       AcpiNsNormalizePathname    0000000180030678 f   nsnames.obj
 0001:0002f75c       AcpiNsGetNormalizedPathname 000000018003075c f   nsnames.obj
 0001:0002f8ac       AcpiNsBuildPrefixedPathname 00000001800308ac f   nsnames.obj
 0001:0002f9e0       AcpiNsHandleToName         00000001800309e0 f   nsnames.obj
 0001:0002fb08       AcpiNsHandleToPathname     0000000180030b08 f   nsnames.obj
 0001:0002fc54       AcpiNsGetPathnameLength    0000000180030c54 f   nsnames.obj
 0001:0002fc9c       AcpiNsDetachObject         0000000180030c9c f   nsobject.obj
 0001:0002fde8       AcpiNsAttachObject         0000000180030de8 f   nsobject.obj
 0001:00030014       AcpiNsGetAttachedObject    0000000180031014 f   nsobject.obj
 0001:000300d8       AcpiNsGetSecondaryObject   00000001800310d8 f   nsobject.obj
 0001:00030178       AcpiNsAttachData           0000000180031178 f   nsobject.obj
 0001:00030214       AcpiNsDetachData           0000000180031214 f   nsobject.obj
 0001:00030260       AcpiNsGetAttachedData      0000000180031260 f   nsobject.obj
 0001:0003028c       AcpiNsParseTable           000000018003128c f   nsparse.obj
 0001:00030348       AcpiNsExecuteTable         0000000180031348 f   nsparse.obj
 0001:00030608       AcpiNsOneCompleteParse     0000000180031608 f   nsparse.obj
 0001:00030828       AcpiNsCheckReturnValue     0000000180031828 f   nspredef.obj
 0001:0003097c       AcpiNsCheckObjectType      000000018003197c f   nspredef.obj
 0001:00030b98       AcpiNsCheckPackage         0000000180031b98 f   nsprepkg.obj
 0001:000315e4       AcpiNsSimpleRepair         00000001800325e4 f   nsrepair.obj
 0001:000318c4       AcpiNsWrapWithPackage      00000001800328c4 f   nsrepair.obj
 0001:00031980       AcpiNsRepairNullElement    0000000180032980 f   nsrepair.obj
 0001:00031a78       AcpiNsRemoveNullElements   0000000180032a78 f   nsrepair.obj
 0001:00031b98       AcpiNsComplexRepairs       0000000180032b98 f   nsrepair2.obj
 0001:000325e4       AcpiNsSearchAndEnter       00000001800335e4 f   nssearch.obj
 0001:000328e0       AcpiNsSearchOneScope       00000001800338e0 f   nssearch.obj
 0001:00032d10       AcpiNsOpensScope           0000000180033d10 f   nsutils.obj
 0001:00032d5c       AcpiNsGetNodeUnlocked      0000000180033d5c f   nsutils.obj
 0001:00032f18       AcpiNsGetNode              0000000180033f18 f   nsutils.obj
 0001:00032fd8       AcpiNsGetType              0000000180033fd8 f   nsutils.obj
 0001:00033078       AcpiNsLocal                0000000180034078 f   nsutils.obj
 0001:00033130       AcpiNsPrintNodePathname    0000000180034130 f   nsutils.obj
 0001:000331b4       AcpiNsBuildInternalName    00000001800341b4 f   nsutils.obj
 0001:000333a0       AcpiNsGetInternalNameLength 00000001800343a0 f   nsutils.obj
 0001:00033428       AcpiNsInternalizeName      0000000180034428 f   nsutils.obj
 0001:0003355c       AcpiNsExternalizeName      000000018003455c f   nsutils.obj
 0001:00033798       AcpiNsValidateHandle       0000000180034798 f   nsutils.obj
 0001:000337d4       AcpiNsTerminate            00000001800347d4 f   nsutils.obj
 0001:00033894       AcpiNsWalkNamespace        0000000180034894 f   nswalk.obj
 0001:00033ae4       AcpiNsGetNextNode          0000000180034ae4 f   nswalk.obj
 0001:00033b1c       AcpiNsGetNextNodeTyped     0000000180034b1c f   nswalk.obj
 0001:00033b78       AcpiWalkNamespace          0000000180034b78 f   nsxfeval.obj
 0001:00033cc4       AcpiGetDevices             0000000180034cc4 f   nsxfeval.obj
 0001:00033db8       AcpiAttachData             0000000180034db8 f   nsxfeval.obj
 0001:00033e3c       AcpiDetachData             0000000180034e3c f   nsxfeval.obj
 0001:00033eac       AcpiGetData                0000000180034eac f   nsxfeval.obj
 0001:00033f30       AcpiEvaluateObject         0000000180034f30 f   nsxfeval.obj
 0001:000342b0       AcpiEvaluateObjectTyped    00000001800352b0 f   nsxfeval.obj
 0001:00034624       AcpiGetName                0000000180035624 f   nsxfname.obj
 0001:000346a4       AcpiGetHandle              00000001800356a4 f   nsxfname.obj
 0001:00034758       AcpiGetObjectInfo          0000000180035758 f   nsxfname.obj
 0001:00034aac       AcpiInstallMethod          0000000180035aac f   nsxfname.obj
 0001:00034cf4       AcpiGetNextObject          0000000180035cf4 f   nsxfobj.obj
 0001:00034db8       AcpiGetType                0000000180035db8 f   nsxfobj.obj
 0001:00034e24       AcpiGetParent              0000000180035e24 f   nsxfobj.obj
 0001:00034ea4       AcpiPsGetNextPackageEnd    0000000180035ea4 f   psargs.obj
 0001:00034f18       AcpiPsGetNextNamestring    0000000180035f18 f   psargs.obj
 0001:00034fd8       AcpiPsGetNextSimpleArg     0000000180035fd8 f   psargs.obj
 0001:00035130       AcpiPsGetNextNamepath      0000000180036130 f   psargs.obj
 0001:0003544c       AcpiPsGetNextArg           000000018003644c f   psargs.obj
 0001:00035bdc       AcpiPsParseLoop            0000000180036bdc f   psloop.obj
 0001:0003646c       AcpiPsBuildNamedOp         000000018003746c f   psobject.obj
 0001:00036654       AcpiPsCreateOp             0000000180037654 f   psobject.obj
 0001:0003689c       AcpiPsCompleteOp           000000018003789c f   psobject.obj
 0001:00036c64       AcpiPsCompleteFinalOp      0000000180037c64 f   psobject.obj
 0001:00036fe4       AcpiPsGetOpcodeInfo        0000000180037fe4 f   psopinfo.obj
 0001:000370ac       AcpiPsGetOpcodeName        00000001800380ac f   psopinfo.obj
 0001:000370c4       AcpiPsGetArgumentCount     00000001800380c4 f   psopinfo.obj
 0001:000370dc       AcpiPsParseAml             00000001800380dc f   psparse.obj
 0001:00037608       AcpiPsGetOpcodeSize        0000000180038608 f   psparse.obj
 0001:0003761c       AcpiPsPeekOpcode           000000018003861c f   psparse.obj
 0001:0003763c       AcpiPsCompleteThisOp       000000018003863c f   psparse.obj
 0001:00037880       AcpiPsNextParseState       0000000180038880 f   psparse.obj
 0001:00037a08       AcpiPsInitScope            0000000180038a08 f   psscope.obj
 0001:00037ab8       AcpiPsGetParentScope       0000000180038ab8 f   psscope.obj
 0001:00037ac8       AcpiPsHasCompletedScope    0000000180038ac8 f   psscope.obj
 0001:00037ae8       AcpiPsPopScope             0000000180038ae8 f   psscope.obj
 0001:00037bf8       AcpiPsPushScope            0000000180038bf8 f   psscope.obj
 0001:00037cf0       AcpiPsCleanupScope         0000000180038cf0 f   psscope.obj
 0001:00037d64       AcpiPsAppendArg            0000000180038d64 f   pstree.obj
 0001:00037e4c       AcpiPsGetArg               0000000180038e4c f   pstree.obj
 0001:00037ea4       AcpiPsGetDepthNext         0000000180038ea4 f   pstree.obj
 0001:00037f2c       AcpiPsCreateScopeOp        0000000180038f2c f   psutils.obj
 0001:00037f54       AcpiPsInitOp               0000000180038f54 f   psutils.obj
 0001:00037f9c       AcpiPsAllocOp              0000000180038f9c f   psutils.obj
 0001:00038040       AcpiPsFreeOp               0000000180039040 f   psutils.obj
 0001:000380c0       AcpiPsIsLeadingChar        00000001800390c0 f   psutils.obj
 0001:000380dc       AcpiPsGetName              00000001800390dc f   psutils.obj
 0001:000380f0       AcpiPsSetName              00000001800390f0 f   psutils.obj
 0001:000380fc       AcpiPsDeleteParseTree      00000001800390fc f   pswalk.obj
 0001:0003829c       AcpiDebugTrace             000000018003929c f   psxface.obj
 0001:00038308       AcpiPsExecuteMethod        0000000180039308 f   psxface.obj
 0001:000385b0       AcpiPsExecuteTable         00000001800395b0 f   psxface.obj
 0001:00038754       AcpiRsSetAddressCommon     0000000180039754 f   rsaddr.obj
 0001:000387bc       AcpiRsGetAddressCommon     00000001800397bc f   rsaddr.obj
 0001:0003882c       AcpiRsGetListLength        000000018003982c f   rscalc.obj
 0001:00038bb8       AcpiRsGetAmlLength         0000000180039bb8 f   rscalc.obj
 0001:00038e20       AcpiRsGetPciRoutingTableLength 0000000180039e20 f   rscalc.obj
 0001:00039004       AcpiBufferToResource       000000018003a004 f   rscreate.obj
 0001:00039134       AcpiRsCreateResourceList   000000018003a134 f   rscreate.obj
 0001:0003930c       AcpiRsCreateAmlResources   000000018003a30c f   rscreate.obj
 0001:000394cc       AcpiRsCreatePciRoutingTable 000000018003a4cc f   rscreate.obj
 0001:00039940       AcpiRsDumpResourceList     000000018003a940 f   rsdump.obj
 0001:00039a2c       AcpiRsDumpIrqList          000000018003aa2c f   rsdump.obj
 0001:00039fc0       AcpiRsConvertAmlToResources 000000018003afc0 f   rslist.obj
 0001:0003a1ac       AcpiRsConvertResourcesToAml 000000018003b1ac f   rslist.obj
 0001:0003a398       AcpiRsConvertAmlToResource 000000018003b398 f   rsmisc.obj
 0001:0003a8e0       AcpiRsConvertResourceToAml 000000018003b8e0 f   rsmisc.obj
 0001:0003acc4       AcpiRsGetPrtMethodData     000000018003bcc4 f   rsutils.obj
 0001:0003ad68       AcpiRsGetCrsMethodData     000000018003bd68 f   rsutils.obj
 0001:0003ae0c       AcpiRsGetPrsMethodData     000000018003be0c f   rsutils.obj
 0001:0003aeb0       AcpiRsGetMethodData        000000018003beb0 f   rsutils.obj
 0001:0003af5c       AcpiRsSetSrsMethodData     000000018003bf5c f   rsutils.obj
 0001:0003b0c8       AcpiRsGetAeiMethodData     000000018003c0c8 f   rsutils.obj
 0001:0003b16c       AcpiRsMoveData             000000018003c16c f   rsutils.obj
 0001:0003b238       AcpiRsDecodeBitmask        000000018003c238 f   rsutils.obj
 0001:0003b280       AcpiRsEncodeBitmask        000000018003c280 f   rsutils.obj
 0001:0003b2c4       AcpiRsGetResourceSource    000000018003c2c4 f   rsutils.obj
 0001:0003b378       AcpiRsSetResourceSource    000000018003c378 f   rsutils.obj
 0001:0003b3e0       AcpiRsSetResourceHeader    000000018003c3e0 f   rsutils.obj
 0001:0003b41c       AcpiRsSetResourceLength    000000018003c41c f   rsutils.obj
 0001:0003b4ac       AcpiGetVendorResource      000000018003c4ac f   rsxface.obj
 0001:0003b4fc       AcpiGetCurrentResources    000000018003c4fc f   rsxface.obj
 0001:0003b58c       AcpiGetPossibleResources   000000018003c58c f   rsxface.obj
 0001:0003b61c       AcpiGetEventResources      000000018003c61c f   rsxface.obj
 0001:0003b6ac       AcpiWalkResourceBuffer     000000018003c6ac f   rsxface.obj
 0001:0003b7c4       AcpiWalkResources          000000018003c7c4 f   rsxface.obj
 0001:0003b8d4       AcpiSetCurrentResources    000000018003c8d4 f   rsxface.obj
 0001:0003b9a0       AcpiGetIrqRoutingTable     000000018003c9a0 f   rsxface.obj
 0001:0003ba30       AcpiResourceToAddress64    000000018003ca30 f   rsxface.obj
 0001:0003bcd0       AcpiTbGetNextTableDescriptor 000000018003ccd0 f   tbdata.obj
 0001:0003bd3c       AcpiTbInitTableDescriptor  000000018003cd3c f   tbdata.obj
 0001:0003bd98       AcpiTbAcquireTempTable     000000018003cd98 f   tbdata.obj
 0001:0003be34       AcpiTbReleaseTempTable     000000018003ce34 f   tbdata.obj
 0001:0003be40       AcpiTbValidateTempTable    000000018003ce40 f   tbdata.obj
 0001:0003be64       AcpiTbVerifyTempTable      000000018003ce64 f   tbdata.obj
 0001:0003c008       AcpiTbIsTableLoaded        000000018003d008 f   tbdata.obj
 0001:0003c05c       AcpiTbSetTableLoadedFlag   000000018003d05c f   tbdata.obj
 0001:0003c0b8       AcpiTbResizeRootTableList  000000018003d0b8 f   tbdata.obj
 0001:0003c254       AcpiTbValidateTable        000000018003d254 f   tbdata.obj
 0001:0003c2e8       AcpiTbInvalidateTable      000000018003d2e8 f   tbdata.obj
 0001:0003c35c       AcpiTbAcquireTable         000000018003d35c f   tbdata.obj
 0001:0003c3dc       AcpiTbReleaseTable         000000018003d3dc f   tbdata.obj
 0001:0003c400       AcpiTbLoadTable            000000018003d400 f   tbdata.obj
 0001:0003c4c4       AcpiTbInstallAndLoadTable  000000018003d4c4 f   tbdata.obj
 0001:0003c580       AcpiTbUnloadTable          000000018003d580 f   tbdata.obj
 0001:0003c658       AcpiTbNotifyTable          000000018003d658 f   tbdata.obj
 0001:0003c67c       AcpiTbTerminate            000000018003d67c f   tbdata.obj
 0001:0003c784       AcpiTbDeleteNamespaceByOwner 000000018003d784 f   tbdata.obj
 0001:0003c894       AcpiTbAllocateOwnerId      000000018003d894 f   tbdata.obj
 0001:0003c930       AcpiTbReleaseOwnerId       000000018003d930 f   tbdata.obj
 0001:0003c9cc       AcpiTbGetOwnerId           000000018003d9cc f   tbdata.obj
 0001:0003cbe0       AcpiTbParseFadt            000000018003dbe0 f   tbfadt.obj
 0001:0003ccbc       AcpiTbCreateLocalFadt      000000018003dcbc f   tbfadt.obj
 0001:0003d204       AcpiTbFindTable            000000018003e204 f   tbfind.obj
 0001:0003d480       AcpiTbOverrideTable        000000018003e480 f   tbinstal.obj
 0001:0003d580       AcpiTbInstallStandardTable 000000018003e580 f   tbinstal.obj
 0001:0003d728       AcpiTbUninstallTable       000000018003e728 f   tbinstal.obj
 0001:0003d7b4       AcpiTbInstallTableWithOverride 000000018003e7b4 f   tbinstal.obj
 0001:0003d840       AcpiTbPrintTableHeader     000000018003e840 f   tbprint.obj
 0001:0003d974       AcpiTbChecksum             000000018003e974 f   tbprint.obj
 0001:0003d990       AcpiTbVerifyChecksum       000000018003e990 f   tbprint.obj
 0001:0003da78       AcpiTbInitializeFacs       000000018003ea78 f   tbutils.obj
 0001:0003dae0       AcpiTbCheckDsdtHeader      000000018003eae0 f   tbutils.obj
 0001:0003db5c       AcpiTbCopyDsdt             000000018003eb5c f   tbutils.obj
 0001:0003dc10       AcpiTbParseRootTable       000000018003ec10 f   tbutils.obj
 0001:0003de68       AcpiTbGetTable             000000018003ee68 f   tbutils.obj
 0001:0003df5c       AcpiTbPutTable             000000018003ef5c f   tbutils.obj
 0001:0003dffc       AcpiInitializeTables       000000018003effc f   tbxface.obj
 0001:0003e0d4       AcpiReallocateRootTable    000000018003f0d4 f   tbxface.obj
 0001:0003e214       AcpiGetTableHeader         000000018003f214 f   tbxface.obj
 0001:0003e2f0       AcpiGetTable               000000018003f2f0 f   tbxface.obj
 0001:0003e39c       AcpiPutTable               000000018003f39c f   tbxface.obj
 0001:0003e440       AcpiGetTableByIndex        000000018003f440 f   tbxface.obj
 0001:0003e4f4       AcpiInstallTableHandler    000000018003f4f4 f   tbxface.obj
 0001:0003e5b4       AcpiRemoveTableHandler     000000018003f5b4 f   tbxface.obj
 0001:0003e654       AcpiAllocateRootTable      000000018003f654 f   tbxface.obj
 0001:0003e668       AcpiInstallTable           000000018003f668 f   tbxfload.obj
 0001:0003e6ec       AcpiLoadTable              000000018003f6ec f   tbxfload.obj
 0001:0003e794       AcpiUnloadTable            000000018003f794 f   tbxfload.obj
 0001:0003e824       AcpiUnloadParentTable      000000018003f824 f   tbxfload.obj
 0001:0003e968       AcpiLoadTables             000000018003f968 f   tbxfload.obj
 0001:0003ea2c       AcpiTbLoadNamespace        000000018003fa2c f   tbxfload.obj
 0001:0003ed34       AcpiFindRootPointer        000000018003fd34 f   tbxfroot.obj
 0001:0003ef20       AcpiTbGetRsdpLength        000000018003ff20 f   tbxfroot.obj
 0001:0003ef60       AcpiTbValidateRsdp         000000018003ff60 f   tbxfroot.obj
 0001:0003efcc       AcpiTbScanMemoryForRsdp    000000018003ffcc f   tbxfroot.obj
 0001:0003f0f8       AcpiUtAddAddressRange      00000001800400f8 f   utaddress.obj
 0001:0003f264       AcpiUtRemoveAddressRange   0000000180040264 f   utaddress.obj
 0001:0003f3ac       AcpiUtCheckAddressRange    00000001800403ac f   utaddress.obj
 0001:0003f560       AcpiUtDeleteAddressLists   0000000180040560 f   utaddress.obj
 0001:0003f5c0       AcpiOsAllocateZeroed       00000001800405c0 f   utalloc.obj
 0001:0003f604       AcpiUtCreateCaches         0000000180040604 f   utalloc.obj
 0001:0003f6e4       AcpiUtDeleteCaches         00000001800406e4 f   utalloc.obj
 0001:0003f7b0       AcpiUtValidateBuffer       00000001800407b0 f   utalloc.obj
 0001:0003f7d8       AcpiUtInitializeBuffer     00000001800407d8 f   utalloc.obj
 0001:0003f86c       AcpiUtValidNameseg         000000018004086c f   utascii.obj
 0001:0003f8ac       AcpiUtValidNameChar        00000001800408ac f   utascii.obj
 0001:0003f8dc       AcpiUtCheckAndRepairAscii  00000001800408dc f   utascii.obj
 0001:0003f93c       AcpiUtDebugDumpBuffer      000000018004093c f   utbuffer.obj
 0001:0003f968       AcpiUtDumpBuffer           0000000180040968 f   utbuffer.obj
 0001:0003fb34       AcpiUtDumpBufferToFile     0000000180040b34 f   utbuffer.obj
 0001:0003fd20       AcpiOsCreateCache          0000000180040d20 f   utcache.obj
 0001:0003fdb8       AcpiOsDeleteCache          0000000180040db8 f   utcache.obj
 0001:0003fde8       AcpiOsPurgeCache           0000000180040de8 f   utcache.obj
 0001:0003fe6c       AcpiOsAcquireObject        0000000180040e6c f   utcache.obj
 0001:00040004       AcpiOsReleaseObject        0000000180041004 f   utcache.obj
 0001:000400ac       AcpiUtCopyIobjectToEobject 00000001800410ac f   utcopy.obj
 0001:00040138       AcpiUtCopyEobjectToIobject 0000000180041138 f   utcopy.obj
 0001:000401b4       AcpiUtCopyIobjectToIobject 00000001800411b4 f   utcopy.obj
 0001:00040c04       AcpiDebugPrint             0000000180041c04 f   utdebug.obj
 0001:00040d1c       AcpiDebugPrintRaw          0000000180041d1c f   utdebug.obj
 0001:00040d50       AcpiTracePoint             0000000180041d50 f   utdebug.obj
 0001:00040da0       AcpiUtInitStackPtrTrace    0000000180041da0 f   utdebug.obj
 0001:00040db4       AcpiUtTrackStackPtr        0000000180041db4 f   utdebug.obj
 0001:00040df0       AcpiUtTrace                0000000180041df0 f   utdebug.obj
 0001:00040e74       AcpiUtTracePtr             0000000180041e74 f   utdebug.obj
 0001:00040f04       AcpiUtTraceU32             0000000180041f04 f   utdebug.obj
 0001:00040f90       AcpiUtTraceStr             0000000180041f90 f   utdebug.obj
 0001:00041020       AcpiUtExit                 0000000180042020 f   utdebug.obj
 0001:00041088       AcpiUtStatusExit           0000000180042088 f   utdebug.obj
 0001:00041148       AcpiUtValueExit            0000000180042148 f   utdebug.obj
 0001:000411cc       AcpiUtPtrExit              00000001800421cc f   utdebug.obj
 0001:0004123c       AcpiUtStrExit              000000018004223c f   utdebug.obj
 0001:000412c8       AcpiUtGetMutexName         00000001800422c8 f   utdecode.obj
 0001:000412ec       AcpiUtGetNotifyName        00000001800422ec f   utdecode.obj
 0001:0004138c       AcpiUtGetTypeName          000000018004238c f   utdecode.obj
 0001:000413b0       AcpiUtGetNodeName          00000001800423b0 f   utdecode.obj
 0001:00041408       AcpiUtGetDescriptorName    0000000180042408 f   utdecode.obj
 0001:0004143c       AcpiUtGetReferenceName     000000018004243c f   utdecode.obj
 0001:0004148c       AcpiUtGetObjectTypeName    000000018004248c f   utdecode.obj
 0001:000415cc       AcpiUtGetRegionName        00000001800425cc f   utdecode.obj
 0001:00041618       AcpiUtGetEventName         0000000180042618 f   utdecode.obj
 0001:0004163c       AcpiUtGetArgumentTypeName  000000018004263c f   utdecode.obj
 0001:00041660       AcpiUtValidObjectType      0000000180042660 f   utdecode.obj
 0001:00041668       AcpiUtUpdateObjectReference 0000000180042668 f   utdelete.obj
 0001:000418a4       AcpiUtAddReference         00000001800428a4 f   utdelete.obj
 0001:0004191c       AcpiUtRemoveReference      000000018004291c f   utdelete.obj
 0001:000419a8       AcpiUtDeleteInternalObjectList 00000001800429a8 f   utdelete.obj
 0001:000421d0       AcpiUtPredefinedWarning    00000001800431d0 f   uterror.obj
 0001:00042224       AcpiUtPredefinedInfo       0000000180043224 f   uterror.obj
 0001:00042278       AcpiUtPredefinedBiosError  0000000180043278 f   uterror.obj
 0001:000422cc       AcpiUtPrefixedNamespaceError 00000001800432cc f   uterror.obj
 0001:000423b8       AcpiUtMethodError          00000001800433b8 f   uterror.obj
 0001:00042464       AcpiUtEvaluateObject       0000000180043464 f   uteval.obj
 0001:000426c8       AcpiUtEvaluateNumericObject 00000001800436c8 f   uteval.obj
 0001:0004278c       AcpiUtExecute_STA          000000018004378c f   uteval.obj
 0001:000428a8       AcpiUtExecutePowerMethods  00000001800438a8 f   uteval.obj
 0001:000429e8       AcpiFormatException        00000001800439e8 f   utexcep.obj
 0001:00042a34       AcpiUtValidateException    0000000180043a34 f   utexcep.obj
 0001:00042b14       AcpiUtHexToAsciiChar       0000000180043b14 f   uthex.obj
 0001:00042b40       AcpiUtAsciiToHexByte       0000000180043b40 f   uthex.obj
 0001:00042ba8       AcpiUtAsciiCharToHex       0000000180043ba8 f   uthex.obj
 0001:00042bc0       AcpiUtExecute_HID          0000000180043bc0 f   utids.obj
 0001:00042cc8       AcpiUtExecute_UID          0000000180043cc8 f   utids.obj
 0001:00042dd0       AcpiUtExecute_CID          0000000180043dd0 f   utids.obj
 0001:00042f80       AcpiUtExecute_CLS          0000000180043f80 f   utids.obj
 0001:000430b0       AcpiUtInitGlobals          00000001800440b0 f   utinit.obj
 0001:000432e4       AcpiUtSubsystemShutdown    00000001800442e4 f   utinit.obj
 0001:000434d0       AcpiUtCreateRwLock         00000001800444d0 f   utlock.obj
 0001:0004350c       AcpiUtDeleteRwLock         000000018004450c f   utlock.obj
 0001:00043540       AcpiUtAcquireReadLock      0000000180044540 f   utlock.obj
 0001:000435a4       AcpiUtReleaseReadLock      00000001800445a4 f   utlock.obj
 0001:000435f4       AcpiUtAcquireWriteLock     00000001800445f4 f   utlock.obj
 0001:00043610       AcpiUtReleaseWriteLock     0000000180044610 f   utlock.obj
 0001:00043620       AcpiUtDivide               0000000180044620 f   utmath.obj
 0001:00043704       AcpiUtShortDivide          0000000180044704 f   utmath.obj
 0001:000437e8       AcpiUtShortMultiply        00000001800447e8 f   utmath.obj
 0001:00043864       AcpiUtShortShiftLeft       0000000180044864 f   utmath.obj
 0001:000438e4       AcpiUtShortShiftRight      00000001800448e4 f   utmath.obj
 0001:0004395c       AcpiUtCreateUpdateStateAndPush 000000018004495c f   utmisc.obj
 0001:000439b8       AcpiUtIsPciRootBridge      00000001800449b8 f   utmisc.obj
 0001:000439f8       AcpiUtIsAmlTable           00000001800449f8 f   utmisc.obj
 0001:00043a58       AcpiUtWalkPackageTree      0000000180044a58 f   utmisc.obj
 0001:00043c54       AcpiUtDwordByteSwap        0000000180044c54 f   utmisc.obj
 0001:00043c90       AcpiUtSetIntegerWidth      0000000180044c90 f   utmisc.obj
 0001:00043cc4       AcpiUtDisplayInitPathname  0000000180044cc4 f   utmisc.obj
 0001:00043d90       AcpiUtMutexInitialize      0000000180044d90 f   utmutex.obj
 0001:00043edc       AcpiUtMutexTerminate       0000000180044edc f   utmutex.obj
 0001:00043f78       AcpiUtAcquireMutex         0000000180044f78 f   utmutex.obj
 0001:00044160       AcpiUtReleaseMutex         0000000180045160 f   utmutex.obj
 0001:000443c4       AcpiUtStrupr               00000001800453c4 f   utnonansi.obj
 0001:000443f8       AcpiUtStrlwr               00000001800453f8 f   utnonansi.obj
 0001:0004442c       AcpiUtStricmp              000000018004542c f   utnonansi.obj
 0001:0004447c       AcpiUtSafeStrcpy           000000018004547c f   utnonansi.obj
 0001:000444c8       AcpiUtSafeStrncpy          00000001800454c8 f   utnonansi.obj
 0001:000444f4       AcpiUtSafeStrcat           00000001800454f4 f   utnonansi.obj
 0001:00044558       AcpiUtSafeStrncat          0000000180045558 f   utnonansi.obj
 0001:000445dc       AcpiUtCreateInternalObjectDbg 00000001800455dc f   utobject.obj
 0001:000446f0       AcpiUtAllocateObjectDescDbg 00000001800456f0 f   utobject.obj
 0001:000447fc       AcpiUtDeleteObjectDesc     00000001800457fc f   utobject.obj
 0001:00044898       AcpiUtValidInternalObject  0000000180045898 f   utobject.obj
 0001:00044958       AcpiUtCreatePackageObject  0000000180045958 f   utobject.obj
 0001:00044a48       AcpiUtCreateIntegerObject  0000000180045a48 f   utobject.obj
 0001:00044aec       AcpiUtCreateBufferObject   0000000180045aec f   utobject.obj
 0001:00044c04       AcpiUtCreateStringObject   0000000180045c04 f   utobject.obj
 0001:00044d00       AcpiUtGetObjectSize        0000000180045d00 f   utobject.obj
 0001:00045008       AcpiUtInitializeInterfaces 0000000180046008 f   utosi.obj
 0001:00045078       AcpiUtInterfaceTerminate   0000000180046078 f   utosi.obj
 0001:0004511c       AcpiUtInstallInterface     000000018004611c f   utosi.obj
 0001:000451cc       AcpiUtRemoveInterface      00000001800461cc f   utosi.obj
 0001:00045280       AcpiUtUpdateInterfaces     0000000180046280 f   utosi.obj
 0001:000452c0       AcpiUtGetInterface         00000001800462c0 f   utosi.obj
 0001:00045308       AcpiUtOsiImplementation    0000000180046308 f   utosi.obj
 0001:000454fc       AcpiUtAllocateOwnerId      00000001800464fc f   utownerid.obj
 0001:000456a0       AcpiUtReleaseOwnerId       00000001800466a0 f   utownerid.obj
 0001:000457b0       AcpiUtGetNextPredefinedMethod 00000001800467b0 f   utpredef.obj
 0001:000457cc       AcpiUtMatchPredefinedMethod 00000001800467cc f   utpredef.obj
 0001:00045808       AcpiUtGetExpectedReturnTypes 0000000180046808 f   utpredef.obj
 0001:00045888       AcpiUtWalkAmlResources     0000000180046888 f   utresrc.obj
 0001:00045a68       AcpiUtValidateResource     0000000180046a68 f   utresrc.obj
 0001:00045bd0       AcpiUtGetDescriptorLength  0000000180046bd0 f   utresrc.obj
 0001:00045c0c       AcpiUtGetResourceLength    0000000180046c0c f   utresrc.obj
 0001:00045c38       AcpiUtGetResourceHeaderLength 0000000180046c38 f   utresrc.obj
 0001:00045c60       AcpiUtGetResourceType      0000000180046c60 f   utresrc.obj
 0001:00045c88       AcpiUtGetResourceEndTag    0000000180046c88 f   utresrc.obj
 0001:00045d30       AcpiUtPushGenericState     0000000180046d30 f   utstate.obj
 0001:00045d60       AcpiUtPopGenericState      0000000180046d60 f   utstate.obj
 0001:00045d88       AcpiUtCreateGenericState   0000000180046d88 f   utstate.obj
 0001:00045db4       AcpiUtCreateThreadState    0000000180046db4 f   utstate.obj
 0001:00045e10       AcpiUtCreateUpdateState    0000000180046e10 f   utstate.obj
 0001:00045e4c       AcpiUtCreatePkgState       0000000180046e4c f   utstate.obj
 0001:00045ea0       AcpiUtCreateControlState   0000000180046ea0 f   utstate.obj
 0001:00045ec8       AcpiUtDeleteGenericState   0000000180046ec8 f   utstate.obj
 0001:00045ef0       AcpiUtPrintString          0000000180046ef0 f   utstring.obj
 0001:0004603c       UtConvertBackslashes       000000018004703c f   utstring.obj
 0001:0004605c       AcpiUtRepairName           000000018004705c f   utstring.obj
 0001:00046144       AcpiUtConvertOctalString   0000000180047144 f   utstrsuppt.obj
 0001:000461b4       AcpiUtConvertDecimalString 00000001800471b4 f   utstrsuppt.obj
 0001:0004622c       AcpiUtConvertHexString     000000018004722c f   utstrsuppt.obj
 0001:000462a4       AcpiUtRemoveWhitespace     00000001800472a4 f   utstrsuppt.obj
 0001:000462d8       AcpiUtRemoveLeadingZeros   00000001800472d8 f   utstrsuppt.obj
 0001:000462f4       AcpiUtDetectHexPrefix      00000001800472f4 f   utstrsuppt.obj
 0001:00046320       AcpiUtRemoveHexPrefix      0000000180047320 f   utstrsuppt.obj
 0001:00046350       AcpiUtDetectOctalPrefix    0000000180047350 f   utstrsuppt.obj
 0001:00046454       AcpiUtStrtoul64            0000000180047454 f   utstrtoul64.obj
 0001:00046598       AcpiUtExplicitStrtoul64    0000000180047598 f   utstrtoul64.obj
 0001:00046674       AcpiUtImplicitStrtoul64    0000000180047674 f   utstrtoul64.obj
 0001:0004673c       AcpiUtAllocateAndTrack     000000018004773c f   uttrack.obj
 0001:00046824       AcpiUtAllocateZeroedAndTrack 0000000180047824 f   uttrack.obj
 0001:0004690c       AcpiUtFreeAndTrack         000000018004790c f   uttrack.obj
 0001:00046a50       AcpiUtDumpAllocationInfo   0000000180047a50 f   uttrack.obj
 0001:00046a9c       AcpiUtDumpAllocations      0000000180047a9c f   uttrack.obj
 0001:00046cf8       AcpiUtCreateList           0000000180047cf8 f   uttrack.obj
 0001:00046ff8       AcpiUtConvertStringToUuid  0000000180047ff8 f   utuuid.obj
 0001:00047068       AcpiUtConvertUuidToString  0000000180048068 f   utuuid.obj
 0001:00047100       AcpiTerminate              0000000180048100 f   utxface.obj
 0001:00047168       AcpiSubsystemStatus        0000000180048168 f   utxface.obj
 0001:0004717c       AcpiGetSystemInfo          000000018004817c f   utxface.obj
 0001:00047270       AcpiGetStatistics          0000000180048270 f   utxface.obj
 0001:00047328       AcpiPurgeCachedObjects     0000000180048328 f   utxface.obj
 0001:000473ac       AcpiInstallInterface       00000001800483ac f   utxface.obj
 0001:0004743c       AcpiRemoveInterface        000000018004843c f   utxface.obj
 0001:000474a0       AcpiUpdateInterfaces       00000001800484a0 f   utxface.obj
 0001:000474ec       AcpiCheckAddressRange      00000001800484ec f   utxface.obj
 0001:00047558       AcpiDecodePldBuffer        0000000180048558 f   utxface.obj
 0001:000476c8       AcpiInstallInitializationHandler 00000001800486c8 f   utxface.obj
 0001:000476f4       AcpiInstallInterfaceHandler 00000001800486f4 f   utxface.obj
 0001:00047758       AcpiError                  0000000180048758 f   utxferror.obj
 0001:000477ac       AcpiException              00000001800487ac f   utxferror.obj
 0001:0004781c       AcpiWarning                000000018004881c f   utxferror.obj
 0001:00047870       AcpiInfo                   0000000180048870 f   utxferror.obj
 0001:000478bc       AcpiBiosError              00000001800488bc f   utxferror.obj
 0001:00047910       AcpiBiosException          0000000180048910 f   utxferror.obj
 0001:00047980       AcpiBiosWarning            0000000180048980 f   utxferror.obj
 0001:000479d0       AcpiInitializeSubsystem    00000001800489d0 f   utxfinit.obj
 0001:00047b34       AcpiEnableSubsystem        0000000180048b34 f   utxfinit.obj
 0001:00047cf0       AcpiInitializeObjects      0000000180048cf0 f   utxfinit.obj
 0001:00047d68       AcpiAcquireMutex           0000000180048d68 f   utxfmutex.obj
 0001:00047da4       AcpiReleaseMutex           0000000180048da4 f   utxfmutex.obj
 0001:00047e3c       AcpiOsInitializeDebugger   0000000180048e3c f   osgendbg.obj
 0001:00047ee0       AcpiOsTerminateDebugger    0000000180048ee0 f   osgendbg.obj
 0001:00047f10       AcpiOsWaitCommandReady     0000000180048f10 f   osgendbg.obj
 0001:00047fc0       AcpiOsNotifyCommandComplete 0000000180048fc0 f   osgendbg.obj
 0001:00047fec       AcpiRunDebugger            0000000180048fec f   osgendbg.obj
 0001:000480ec       AcpiOsOpenDirectory        00000001800490ec f   oswindir.obj
 0001:00048204       AcpiOsGetNextFilename      0000000180049204 f   oswindir.obj
 0001:00048278       AcpiOsCloseDirectory       0000000180049278 f   oswindir.obj
 0001:000482a8       AcpiOsInitialize           00000001800492a8 f   oswinxf.obj
 0001:000482f8       AcpiOsTerminate            00000001800492f8 f   oswinxf.obj
 0001:00048304       AcpiOsPredefinedOverride   0000000180049304 f   oswinxf.obj
 0001:00048324       AcpiOsTableOverride        0000000180049324 f   oswinxf.obj
 0001:00048350       AcpiOsPhysicalTableOverride 0000000180049350 f   oswinxf.obj
 0001:0004835c       AcpiOsCreateLock           000000018004935c f   oswinxf.obj
 0001:00048374       AcpiOsDeleteLock           0000000180049374 f   oswinxf.obj
 0001:00048380       AcpiOsAcquireLock          0000000180049380 f   oswinxf.obj
 0001:0004838c       AcpiOsReleaseLock          000000018004938c f   oswinxf.obj
 0001:00048398       AcpiOsCreateSemaphore      0000000180049398 f   oswinxf.obj
 0001:000483a8       AcpiOsDeleteSemaphore      00000001800493a8 f   oswinxf.obj
 0001:000483b4       AcpiOsWaitSemaphore        00000001800493b4 f   oswinxf.obj
 0001:000483c0       AcpiOsSignalSemaphore      00000001800493c0 f   oswinxf.obj
 0001:000483cc       AcpiOsAllocate             00000001800493cc f   oswinxf.obj
 0001:000483d8       AcpiOsFree                 00000001800493d8 f   oswinxf.obj
 0001:000483e4       AcpiOsMapMemory            00000001800493e4 f   oswinxf.obj
 0001:000483f0       AcpiOsUnmapMemory          00000001800493f0 f   oswinxf.obj
 0001:000483fc       AcpiOsInstallInterruptHandler 00000001800493fc f   oswinxf.obj
 0001:00048408       AcpiOsRemoveInterruptHandler 0000000180049408 f   oswinxf.obj
 0001:00048414       AcpiOsGetThreadId          0000000180049414 f   oswinxf.obj
 0001:00048420       AcpiOsExecute              0000000180049420 f   oswinxf.obj
 0001:00048438       AcpiOsWaitEventsComplete   0000000180049438 f   oswinxf.obj
 0001:00048444       AcpiOsSleep                0000000180049444 f   oswinxf.obj
 0001:00048454       AcpiOsStall                0000000180049454 f   oswinxf.obj
 0001:0004846c       AcpiOsReadPort             000000018004946c f   oswinxf.obj
 0001:000484c4       AcpiOsWritePort            00000001800494c4 f   oswinxf.obj
 0001:00048508       AcpiOsReadMemory           0000000180049508 f   oswinxf.obj
 0001:00048538       AcpiOsWriteMemory          0000000180049538 f   oswinxf.obj
 0001:00048544       AcpiOsReadPciConfiguration 0000000180049544 f   oswinxf.obj
 0001:00048554       AcpiOsWritePciConfiguration 0000000180049554 f   oswinxf.obj
 0001:00048560       AcpiOsReadable             0000000180049560 f   oswinxf.obj
 0001:0004857c       AcpiOsWritable             000000018004957c f   oswinxf.obj
 0001:00048598       AcpiOsGetTimer             0000000180049598 f   oswinxf.obj
 0001:000485e0       AcpiOsSignal               00000001800495e0 f   oswinxf.obj
 0001:000485ec       AcpiOsEnterSleep           00000001800495ec f   oswinxf.obj
 0001:000485f8       AcpiOsPrintf               00000001800495f8 f   oswinxf.obj
 0001:00048660       AcpiOsVprintf              0000000180049660 f   oswinxf.obj
 0001:000486c4       AcpiOsRedirectOutput       00000001800496c4 f   oswinxf.obj
 0001:000486d4       AcpiOsGetLine              00000001800496d4 f   oswinxf.obj
 0001:00048754       AeSignalHandler            0000000180049754 f   aeexception.obj
 0001:0004882c       AeExceptionHandler         000000018004982c f   aeexception.obj
 0001:00048af8       AeTestBufferArgument       0000000180049af8 f   aeexec.obj
 0001:00048b5c       AeTestPackageArgument      0000000180049b5c f   aeexec.obj
 0001:00048c54       AeGetDevices               0000000180049c54 f   aeexec.obj
 0001:00048c60       AeSetupConfiguration       0000000180049c60 f   aeexec.obj
 0001:00048ca8       ExecuteOSI                 0000000180049ca8 f   aeexec.obj
 0001:00048dac       AeGenericRegisters         0000000180049dac f   aeexec.obj
 0001:00048ef4       AfInstallGpeBlock          0000000180049ef4 f   aeexec.obj
 0001:000491e8       AeInstallEarlyHandlers     000000018004a1e8 f   aehandlers.obj
 0001:00049604       AeInstallLateHandlers      000000018004a604 f   aehandlers.obj
 0001:00049930       AeGpeHandler               000000018004a930 f   aehandlers.obj
 0001:00049964       AeGlobalEventHandler       000000018004a964 f   aehandlers.obj
 0001:00049e00       AeOpenInitializationFile   000000018004ae00 f   aeinitfile.obj
 0001:00049e60       AeProcessInitFile          000000018004ae60 f   aeinitfile.obj
 0001:0004a118       AeLookupInitFileEntry      000000018004b118 f   aeinitfile.obj
 0001:0004a2ec       AeDisplayUnusedInitFileItems 000000018004b2ec f   aeinitfile.obj
 0001:0004a350       AeDeleteInitFileList       000000018004b350 f   aeinitfile.obj
 0001:0004a3ac       AeInstallDeviceHandlers    000000018004b3ac f   aeinstall.obj
 0001:0004a3f0       AeInstallRegionHandlers    000000018004b3f0 f   aeinstall.obj
 0001:0004a494       AeOverrideRegionHandlers   000000018004b494 f   aeinstall.obj
 0001:0004a658       MpSaveGpioInfo             000000018004b658 f   aemain.obj
 0001:0004a664       MpSaveSerialInfo           000000018004b664 f   aemain.obj
 0001:0004a670       main                       000000018004b670 f   aemain.obj
 0001:0004b0ac       AeRegionHandler            000000018004c0ac f   aeregion.obj
 0001:0004b944       AcpiOsGetRootPointer       000000018004c944 f   aetables.obj
 0001:0004b954       AeBuildLocalTables         000000018004c954 f   aetables.obj
 0001:0004bd94       AeInstallTables            000000018004cd94 f   aetables.obj
[...]
 0002:00023ae4       $unwind$_osifUefiShellFileGetStatus 000000018007cae4     toroC64:osifUefiShellFileGetStatus.obj
 0002:00023af8       $unwind$_osifUefiShellDirectoryCreate 000000018007caf8     toroC64:osifUefiShellDirectoryCreate.obj
 0002:00023b0c       $unwind$myConIOPutStr      000000018007cb0c     toroC64:osifUefiShellCmdExec.obj
 0002:00023b24       $unwind$_osifUefiShellCmdExec 000000018007cb24     toroC64:osifUefiShellCmdExec.obj
 0002:00023b30       $unwind$_osifUefiShellGetEnv 000000018007cb30     toroC64:osifUefiShellGetEnv.obj
 0002:00023b48       $unwind$_osifUefiShellGetDrvCwd 000000018007cb48     toroC64:osifUefiShellGetDrvCwd.obj
 0002:00023b54       $unwind$_cdeCoreFread      000000018007cb54     toroC64:_cdeCoreFread.obj
 0002:00023b6c       $unwind$_cdeCoreFwrite     000000018007cb6c     toroC64:_cdeCoreFwrite.obj
 0002:00023b84       $unwind$_cdeCoreFsetpos    000000018007cb84     toroC64:_cdeCoreFsetpos.obj
 0002:00023b98       $unwind$_cdeCoreFflush     000000018007cb98     toroC64:_cdeCoreFflush.obj
 0002:00023ba8       $unwind$_CdeLocateProtocol 000000018007cba8     toroC64:_CdeLocateProtocol.obj
 0002:00023bb0       $unwind$_cdeStr2Argcv      000000018007cbb0     toroC64:_cdeStr2Argcv.obj
 0002:00023bc8       $unwind$fcloseCDEABI       000000018007cbc8     toroC64:FcloseCDEABI.obj
 0002:00023be0       $unwind$fgetcCDEABI        000000018007cbe0     toroC64:FgetcCDEABI.obj
 0002:00023be8       $unwind$fwriteCDEABI       000000018007cbe8     toroC64:FwriteCDEABI.obj
 0002:00023bfc       $unwind$sprintfCDEABI      000000018007cbfc     toroC64:SprintfCDEABI.obj
 0002:00023c04       $unwind$raiseCDEABI        000000018007cc04     toroC64:raiseCDEABI.obj
 0002:00023c14       $unwind$isgraph            000000018007cc14     toroC64:isgraph.obj
 0002:00023c20       $unwind$remove             000000018007cc20     toroC64:Remove.obj
 0002:00023c34       $unwind$__cdeIsFilePointer 000000018007cc34     toroC64:__cdeIsFilePointer.obj
 0002:00023c48       $unwind$_stricmp           000000018007cc48     toroC64:_StrICmp.obj
 0002:00023c54       $unwind$strtok             000000018007cc54     toroC64:StrTok.obj
 0002:00023c60       $unwind$_fseeki64          000000018007cc60     toroC64:_Fseeki64.obj
 0002:00023c74       $unwind$_ftelli64          000000018007cc74     toroC64:_Ftelli64.obj
 0002:00023c7c       $unwind$strpbrk            000000018007cc7c     toroC64:StrPbrk.obj
 0002:00023c88       $unwind$_cdeSscanf         000000018007cc88     toroC64:_cdeSscanf.obj
 0002:00023c94       $unwind$strrchr            000000018007cc94     toroC64:StrRChr.obj
 0002:00023ca0       $unwind$__cdeSplitSearchNameExt2Upcase 000000018007cca0     toroC64:__cdeSplitSearchNameExt2Upcase.obj
 0002:00023cbc       $unwind$strspn             000000018007ccbc     toroC64:StrSpn.obj
 0002:00023cc8       $unwind$__cdeStrMatch      000000018007ccc8     toroC64:__cdeStrMatch.obj
 0002:00023ce0       $unwind$realloc            000000018007cce0     toroC64:Realloc.obj
 0002:00023cec       $unwind$fgetc              000000018007ccec     toroC64:Fgetc.obj
 0002:00023cf4       $unwind$fputc              000000018007ccf4     toroC64:Fputc.obj
 0002:00023cfc       $unwind$invalid_parameter_handler 000000018007ccfc     toroC64:_invalid_parameter_handler.obj
 0002:00023d10       $unwind$fsetpos            000000018007cd10     toroC64:Fsetpos.obj
 0002:00023d1c       $unwind$_cdeCoreSprintf    000000018007cd1c     toroC64:_cdeCoreSprintf.obj
 0002:00023d24       $unwind$isxdigitCDEABI     000000018007cd24     toroC64:isxdigitCDEABI.obj
 0002:00023d2c       $unwind$_cdeUMUL128        000000018007cd2c     toroC64:_cdeUMUL128.obj
 0002:00023d34       $unwind$_mktime64CDEABI    000000018007cd34     toroC64:mktimeCDEABI.obj
 0002:00023d3c       $unwind$_cdeGmltime        000000018007cd3c     toroC64:_cdeGmltime.obj
 0002:00023d48       $unwind$__cdeOnErrSet_status 000000018007cd48     toroC64:__cdeOnErrSet_status.obj
 0002:00023d50       $unwind$__cdeOffsetCdeFposType 000000018007cd50     toroC64:__cdeGetOffsetCdeFposType.obj
 0002:00023d58       $unwind$__cdeBiasCdeFposType 000000018007cd58     toroC64:__cdeGetBiasCdeFposType.obj
 0002:00023d64       $unwind$wcschrCDEABI       000000018007cd64     toroC64:WcsChrCDEABI.obj
 0002:00023d6c       $unwind$wcscatCDEABI       000000018007cd6c     toroC64:WcsCatCDEABI.obj
 0002:00023d78       $unwind$wcscpyCDEABI       000000018007cd78     toroC64:WcsCpyCDEABI.obj
 0002:00023d84       $unwind$wcsncmpCDEABI      000000018007cd84     toroC64:WcsNCmpCDEABI.obj
 0002:00023d94       $unwind$wcsncpyCDEABI      000000018007cd94     toroC64:WcsNCpyCDEABI.obj
 0002:00023da4       $unwind$wcstokCDEABI       000000018007cda4     toroC64:WcsTokCDEABI.obj
 0002:00023db4       $unwind$_wcsicmpCDEABI     000000018007cdb4     toroC64:_WcsICmpCDEABI.obj
 0002:00023dc0       $unwind$strcmpCDEABI       000000018007cdc0     toroC64:StrCmpCDEABI.obj
 0002:00023dcc       $unwind$_stricmpCDEABI     000000018007cdcc     toroC64:_StrICmpCDEABI.obj
 0002:00023dd8       $unwind$_CdeLocateHandleBuffer 000000018007cdd8     toroC64:_CdeLocateHandleBuffer.obj
 0002:00023de8       $unwind$_cdeConvertDevicePathToText 000000018007cde8     toroC64:_cdeConvertDevicePathToText.obj
 0002:00023df0       $unwind$_CdeGetMapFromDevicePath 000000018007cdf0     toroC64:_CdeGetMapFromDevicePath.obj
 0002:00023df8       $unwind$_CdeGetCurDir      000000018007cdf8     toroC64:_CdeGetCurDir.obj
 0002:00023e00       $unwind$wcsrchrCDEABI      000000018007ce00     toroC64:WcsRChrCDEABI.obj
 0002:00023e0c       $unwind$_errnoCDEABI       000000018007ce0c     toroC64:errnoCDEABI.obj
 0002:00023e14       $unwind$fopenCDEABI        000000018007ce14     toroC64:FopenCDEABI.obj
 0002:00023e34       $unwind$freadCDEABI        000000018007ce34     toroC64:FreadCDEABI.obj
 0002:00023e48       $unwind$strchrCDEABI       000000018007ce48     toroC64:StrChrCDEABI.obj
 0002:00023e50       $unwind$reallocCDEABI      000000018007ce50     toroC64:ReallocCDEABI.obj
 0002:00023e5c       $unwind$wcstombsCDEABI     000000018007ce5c     toroC64:wcstombsCDEABI.obj
 0002:00023e64       $unwind$strncpyCDEABI      000000018007ce64     toroC64:StrNCpyCDEABI.obj
 0002:00023e74       $unwind$strncmpCDEABI      000000018007ce74     toroC64:StrNCmpCDEABI.obj
 0002:00023e84       $unwind$strcpyCDEABI       000000018007ce84     toroC64:StrCpyCDEABI.obj
 0002:00023e90       $unwind$strcatCDEABI       000000018007ce90     toroC64:StrCatCDEABI.obj
 0002:00023e9c       $unwind$strtolCDEABI       000000018007ce9c     toroC64:strtolCDEABI.obj
 0002:00023ea4       $unwind$_cdeEfiTime2TimeT  000000018007cea4     toroC64:_cdeEfiTime2TimeT.obj
 0002:00023eac       $unwind$__cdeIsFilePointerCORE 000000018007ceac     toroC64:__cdeIsFilePointerCORE.obj
 0002:00023ec4       $unwind$__cderewindCORE    000000018007cec4     toroC64:__cderewindCORE.obj
 0002:00023ecc       $unwind$_cdeAbort          000000018007cecc     toroC64:_cdeAbort.obj
 0002:00023ed4       $unwind$fflushCDEABI       000000018007ced4     toroC64:FflushCDEABI.obj
 0002:00023edc       $unwind$removeCDEABI       000000018007cedc     toroC64:RemoveCDEABI.obj
 0002:00023ef0       $unwind$invalid_parameter_handler 000000018007cef0     toroC64:_invalid_parameter_handlerCDEABI.obj
 0002:00023f04       $unwind$vsnprintfCDEABI    000000018007cf04     toroC64:VsnprintfCDEABI.obj
 0002:00023f1c       $unwind$isalnum            000000018007cf1c     toroC64:isalnum.obj
 0002:00023f28       $unwind$__cdeOnErrSet_errno 000000018007cf28     toroC64:__cdeOnErrSet_errno.obj
 0002:00023f30       $unwind$fsetposCDEABI      000000018007cf30     toroC64:FsetposCDEABI.obj
 0002:00023f3c       $unwind$fgetpos            000000018007cf3c     toroC64:Fgetpos.obj
 0002:00023f50       $unwind$strcspn            000000018007cf50     toroC64:StrCSpn.obj
 0002:00023f5c       $unwind$_strnicmp          000000018007cf5c     toroC64:_StrNICmp.obj
 0002:00023f6c       $unwind$fwrite             000000018007cf6c     toroC64:Fwrite.obj
 0002:00023f80       $unwind$abort              000000018007cf80     toroC64:abort.obj
 0002:00023f8c       $unwind$_cdeDay2Greg       000000018007cf8c     toroC64:_cdeDay2Greg.obj
 0002:00023f98       $unwind$_efierrno          000000018007cf98     toroC64:_efierrno.obj
 0002:00023fa0       $unwind$wcspbrkCDEABI      000000018007cfa0     toroC64:WcsPbrkCDEABI.obj
 0002:00023fac       $unwind$_cdePoolWcs2AppWcs 000000018007cfac     toroC64:_CdePoolWcs2AppWcs.obj
 0002:00023fbc       $unwind$strtokCDEABI       000000018007cfbc     toroC64:StrTokCDEABI.obj
 0002:00023fc8       $unwind$strpbrkCDEABI      000000018007cfc8     toroC64:StrPbrkCDEABI.obj
 0002:00023fd4       $unwind$__cdeOnErrSet_errnoCORE 000000018007cfd4     toroC64:__cdeOnErrSet_errnoCORE.obj
 0002:00023fdc       $unwind$exitCDEABI         000000018007cfdc     toroC64:exitCDEABI.obj
 0002:00023fe4       $unwind$fprintfCDEABI      000000018007cfe4     toroC64:FprintfCDEABI.obj
 0002:00023fec       $unwind$abortCDEABI        000000018007cfec     toroC64:abortCDEABI.obj
 0002:00023ff8       $unwind$raise              000000018007cff8     toroC64:raise.obj
 0002:00024008       $unwind$vfprintfCDEABI     000000018007d008     toroC64:VfprintfCDEABI.obj
 0002:0002401c       $unwind$fputcCDEABI        000000018007d01c     toroC64:FputcCDEABI.obj
 0003:00000008       CurrentCharPtr             000000018007e008     getopt.obj
 0003:00000010       AcpiGbl_SpaceIdList        000000018007e010     dbdisply.obj
 0003:00000020       AcpiGbl_HandlerList        000000018007e020     dbdisply.obj
 0003:00000070       AcpiDbObjectTypes          000000018007e070     dbnames.obj
 0003:00000160       AcpiDbStatTypes            000000018007e160     dbstats.obj
 0003:000001a0       AcpiDbTestTypes            000000018007e1a0     dbtest.obj
 0003:000001b8       ReadMethodCode             000000018007e1b8     dbtest.obj
 0003:000001e8       WriteMethodCode            000000018007e1e8     dbtest.obj
 0003:00000220       AcpiGbl_DmResourceDispatch 000000018007e220     dmresrc.obj
 0003:00000338       AcpiDmAddressNames         000000018007e338     dmresrcl.obj
 0003:00000360       AcpiDmMemoryNames          000000018007e360     dmresrcl.obj
 0003:00000380       SerialBusResourceDispatch  000000018007e380     dmresrcl2.obj
 0003:00000480       AcpiGbl_OpTypeDispatch     000000018007e480     dswexec.obj
 0003:000004f0       AcpiExDumpInfo             000000018007e4f0     exdump.obj
 0003:000005e0       AcpiSleepDispatch          000000018007e5e0     hwxfsleep.obj
 0003:00000910       FadtInfoTable              000000018007e910     tbfadt.obj
 0003:00000990       FadtPmInfoTable            000000018007e990     tbfadt.obj
 0003:000009d0       AcpiGbl_PreviousThreadId   000000018007e9d0     utdebug.obj
 0003:000009d8       AcpiGbl_FunctionEntryPrefix 000000018007e9d8     utdebug.obj
 0003:000009e0       AcpiGbl_FunctionExitPrefix 000000018007e9e0     utdebug.obj
 0003:00000a50       AcpiGbl_EventTypes         000000018007ea50     utdecode.obj
 0003:00000a80       AcpiGbl_NsTypeNames        000000018007ea80     utdecode.obj
 0003:00000b80       AcpiGbl_DescTypeNames      000000018007eb80     utdecode.obj
 0003:00000c00       AcpiGbl_RefClassNames      000000018007ec00     utdecode.obj
 0003:00000c38       AcpiGbl_MutexNames         000000018007ec38     utdecode.obj
 0003:00000c70       AcpiGbl_GenericNotify      000000018007ec70     utdecode.obj
 0003:00000cf0       AcpiGbl_DeviceNotify       000000018007ecf0     utdecode.obj
 0003:00000d18       AcpiGbl_ProcessorNotify    000000018007ed18     utdecode.obj
 0003:00000d40       AcpiGbl_ThermalNotify      000000018007ed40     utdecode.obj
 0003:00000d70       AcpiGbl_ArgumentType       000000018007ed70     utdecode.obj
 0003:00001010       AcpiDefaultSupportedInterfaces 000000018007f010     utosi.obj
 0003:00001298       UtRtypeNames               000000018007f298     utpredef.obj
 0003:000016d0       TableEvents                000000018007f6d0     aehandlers.obj
 0003:000016f8       DefaultSpaceIdList         000000018007f6f8     aeinstall.obj
 0003:00001700       SpaceIdList                000000018007f700     aeinstall.obj
 0003:00001a00       LocalDsdtCode              000000018007fa00     aetables.obj
 0003:00001a28       Ssdt1Code                  000000018007fa28     aetables.obj
 0003:00001a68       Oem1Code                   000000018007fa68     aetables.obj
 0003:00001aa0       OemxCode                   000000018007faa0     aetables.obj
 0003:00001b50       MethodCode                 000000018007fb50     aetables.obj
 0003:00001be0       gCdeSystemVolumes          000000018007fbe0     toroC64:osifUefiShellEntryPoint.obj
 0003:00002af0       gCdeServicesShell          0000000180080af0     toroC64:osifUefiShellEntryPoint.obj
 0003:000032a0       _gEfiStatusCodeRuntimeProtocolGuid 00000001800812a0     toroC64:osifUefiShellEntryPoint.obj
 0003:000032b0       ?EfiLoadedImageProtocolGuid@?1??_MainEntryPointShell@@9@9 00000001800812b0     toroC64:osifUefiShellEntryPoint.obj
 0003:000032c0       ?EfiShellParametersProtocolGuid@?L@??_MainEntryPointShell@@9@9 00000001800812c0     toroC64:osifUefiShellEntryPoint.obj
 0003:000032d0       ?EfiAcpi20TableGuid@?N@??_MainEntryPointShell@@9@9 00000001800812d0     toroC64:osifUefiShellEntryPoint.obj
 0003:000032e0       ROMPARM                    00000001800812e0     toroC64:StrCmp.obj
 0003:000032f0       ROMPARM                    00000001800812f0     toroC64:MemCmpCDEINTRINABI.obj
 0003:00003300       ROMPARM                    0000000180081300     toroC64:StrNCmp.obj
 0003:00003308       ?action@?4??_cdeCoreMemRealloc@@9@9 0000000180081308     toroC64:_cdeCoreMemRealloc.obj
 0003:00003310       tblMode                    0000000180081310     toroC64:osifUefiShellFileOpen.obj
 0003:00003510       ?wcsSHELL@?1??myConIOPutStr@@9@9 0000000180081510     toroC64:osifUefiShellCmdExec.obj
 0003:00003548       ?wcsMAP@?1??myConIOPutStr@@9@9 0000000180081548     toroC64:osifUefiShellCmdExec.obj
 0003:00003568       ?wcsALIAS@?1??myConIOPutStr@@9@9 0000000180081568     toroC64:osifUefiShellCmdExec.obj
 0003:00003580       ?wcsBLK@?1??myConIOPutStr@@9@9 0000000180081580     toroC64:osifUefiShellCmdExec.obj
 0003:00003598       ?wcsBLK2@?1??myConIOPutStr@@9@9 0000000180081598     toroC64:osifUefiShellCmdExec.obj
 0003:000035a8       ?wcsFS@?1??myConIOPutStr@@9@9 00000001800815a8     toroC64:osifUefiShellCmdExec.obj
 0003:000035c0       ?wcsFS2@?1??myConIOPutStr@@9@9 00000001800815c0     toroC64:osifUefiShellCmdExec.obj
 0003:000036c0       ROMPARM                    00000001800816c0     toroC64:_StrICmp.obj
 0003:000036c8       ROMPARM                    00000001800816c8     toroC64:StrTok.obj
 0003:000036d0       RomParm                    00000001800816d0     toroC64:_cdeSscanf.obj
 0003:000036e0       ?sigorder@?1??_cdeSig2idx@@9@9 00000001800816e0     toroC64:_cdeSig2idx.obj
 0003:00003700       ?RomParm@?1??_cdeCoreSprintf@@9@9 0000000180081700     toroC64:_cdeCoreSprintf.obj
 0003:00003750       ROMPARM                    0000000180081750     toroC64:WcsNCmpCDEABI.obj
 0003:00003768       ROMPARM                    0000000180081768     toroC64:WcsTokCDEABI.obj
 0003:00003778       ROMPARM                    0000000180081778     toroC64:_WcsICmpCDEABI.obj
 0003:00003788       ROMPARM                    0000000180081788     toroC64:StrCmpCDEABI.obj
 0003:00003798       ROMPARM                    0000000180081798     toroC64:_StrICmpCDEABI.obj
 0003:00003830       ROMPARM                    0000000180081830     toroC64:StrNCmpCDEABI.obj
 0003:00003890       RomParm                    0000000180081890     toroC64:VsnprintfCDEABI.obj
 0003:000038a8       ROMPARM                    00000001800818a8     toroC64:_StrNICmp.obj
 0003:000038c0       ROMPARM                    00000001800818c0     toroC64:StrTokCDEABI.obj
 0003:00003928       AcpiDbTraceMethodName      0000000180081928     dbcmds.obj
 0003:00003930       AcpiGbl_DbMethodInfo       0000000180081930     dbexec.obj
 0003:00003c10       AcpiGbl_HistoryBuffer      0000000180081c10     dbhistry.obj
 0003:00003e90       AcpiGbl_LoHistory          0000000180081e90     dbhistry.obj
 0003:00003e94       AcpiGbl_NumHistory         0000000180081e94     dbhistry.obj
 0003:00003e98       AcpiGbl_NextHistoryIndex   0000000180081e98     dbhistry.obj
 0003:00003ea0       ReadHandle                 0000000180081ea0     dbtest.obj
 0003:00003ea8       WriteHandle                0000000180081ea8     dbtest.obj
 0003:00003eb0       ResourceName               0000000180081eb0     dmresrc.obj
 0003:00003eb8       AcpiGbl_TraceMethodObject  0000000180081eb8     extrace.obj
 0003:00003f18       AcpiGbl_DbCommandReady     0000000180081f18     osgendbg.obj
 0003:00003f20       AcpiGbl_DbCommandComplete  0000000180081f20     osgendbg.obj
 0003:00003f28       AcpiGbl_DbCommandSignalsInitialized 0000000180081f28     osgendbg.obj
 0003:00003f30       PkgArg                     0000000180081f30     aeexec.obj
 0003:00003f50       PkgElements                0000000180081f50     aeexec.obj
 0003:00003fd0       Pkg2Elements               0000000180081fd0     aeexec.obj
 0003:00004048       Params                     0000000180082048     aeexec.obj
 0003:00004058       GenericRegister            0000000180082058     aeexec.obj
 0003:00004068       AeRegions                  0000000180082068     aehandlers.obj
 0003:00004080       LineBuffer                 0000000180082080     aeinitfile.obj
 0003:00004280       NameBuffer                 0000000180082280     aeinitfile.obj
 0003:00004480       InitFile                   0000000180082480     aeinitfile.obj
 0003:000044a4       AcpiGbl_ExecutionMode      00000001800824a4     aemain.obj
 0003:000044b0       BatchBuffer                00000001800824b0     aemain.obj
 0003:000048b0       AeRegions                  00000001800828b0     aeregion.obj
 0003:000048c0       DsdtToInstallOverride      00000001800828c0     aetables.obj
 0003:000048c8       LocalRSDP                  00000001800828c8     aetables.obj
 0003:000048f0       LocalFACS                  00000001800828f0     aetables.obj
 0003:00004930       LocalTEST                  0000000180082930     aetables.obj
 0003:00004958       LocalBADTABLE              0000000180082958     aetables.obj
 0003:00004980       LocalFADT                  0000000180082980     aetables.obj
 0003:00004a98       LocalXSDT                  0000000180082a98     aetables.obj
 0003:00004aa0       _iob                       0000000180082aa0     toroC64:osifUefiShellEntryPoint.obj
 0003:00006aa0       ?DblData@?CA@??_cdeCoreVwxPrintf@@9@9 0000000180084aa0     toroC64:_cdeCoreVwxPrintf.obj
 0003:00007030       ?wcBuffer@?1??_osifUefiShellFileWrite@@9@9 0000000180085030     toroC64:osifUefiShellFileWrite.obj
 0003:00007440       ?zBuf64k@?O@??_osifUefiShellFileWrite@@9@9 0000000180085440     toroC64:osifUefiShellFileWrite.obj
 0003:00017440       ?wcbuffer@?3??_osifUefiShellFileRead@@9@9 0000000180095440     toroC64:osifUefiShellFileRead.obj
 0003:00017840       ?wcsFilePath@?5??_osifUefiShellFileOpen@@9@9 0000000180095840     toroC64:osifUefiShellFileOpen.obj
 0003:00017a50       ?wcsFileName@?5??_osifUefiShellFileOpen@@9@9 0000000180095a50     toroC64:osifUefiShellFileOpen.obj
 0003:00017c58       ?wcsDrive@?5??_osifUefiShellFileOpen@@9@9 0000000180095c58     toroC64:osifUefiShellFileOpen.obj
 0003:00017c78       ?wcsDrive2@?5??_osifUefiShellFileOpen@@9@9 0000000180095c78     toroC64:osifUefiShellFileOpen.obj
 0003:00017ca0       state                      0000000180095ca0     toroC64:osifUefiShellCmdExec.obj
 0003:00017cb0       ?wcsCommand@?1??_osifUefiShellCmdExec@@9@9 0000000180095cb0     toroC64:osifUefiShellCmdExec.obj
 0003:00017ec0       ?buffer@?1??_osifUefiShellGetEnv@@9@9 0000000180095ec0     toroC64:osifUefiShellGetEnv.obj
