 AcpiExec

 Timestamp is 652ac794 (Sat Oct 14 18:53:40 2023)

 Preferred load address is 0000000180000000

 Start         Length     Name                   Class
 0001:00000000 00056fd2H .text$mn                CODE
 0002:00000000 00000008H .CRT$XCA                DATA
 0002:00000008 00000008H .CRT$XCZ                DATA
 0002:00000010 00000008H .CRT$XIA                DATA
 0002:00000018 00000008H .CRT$XIZ                DATA
 0002:00000020 00000008H .CRT$XPA                DATA
 0002:00000028 00000008H .CRT$XPZ                DATA
 0002:00000030 00000008H .CRT$XTA                DATA
 0002:00000038 00000008H .CRT$XTZ                DATA
 0002:00000040 0001f314H .rdata                  DATA
 0002:0001f354 00000048H .rdata$voltmd           DATA
 0002:0001f39c 00000138H .rdata$zzzdbg           DATA
 0002:0001f4d4 00004b04H .xdata                  DATA
 0002:00023fd8 00000000H .edata                  DATA
 0003:00000000 000038e0H .data                   DATA
 0003:000038e0 00015868H .bss                    DATA
 0004:00000000 000039ccH .pdata                  DATA

  Address         Publics by Value              Rva+Base               Lib:Object

 0000:00000000       __AbsoluteZero             0000000000000000     <absolute>
 0000:00000000       ___safe_se_handler_count   0000000000000000     <absolute>
 0000:00000000       ___safe_se_handler_table   0000000000000000     <absolute>
 0000:00000000       __arm64x_extra_rfe_table   0000000000000000     <absolute>
 0000:00000000       __arm64x_extra_rfe_table_size 0000000000000000     <absolute>
 0000:00000000       __arm64x_native_entrypoint 0000000000000000     <absolute>
 0000:00000000       __arm64x_redirection_metadata 0000000000000000     <absolute>
 0000:00000000       __arm64x_redirection_metadata_count 0000000000000000     <absolute>
 0000:00000000       __dynamic_value_reloc_table 0000000000000000     <absolute>
 0000:00000000       __enclave_config           0000000000000000     <absolute>
 0000:00000000       __guard_check_icall_a64n_fptr 0000000000000000     <absolute>
 0000:00000000       __guard_eh_cont_count      0000000000000000     <absolute>
 0000:00000000       __guard_eh_cont_table      0000000000000000     <absolute>
 0000:00000000       __guard_fids_count         0000000000000000     <absolute>
 0000:00000000       __guard_fids_table         0000000000000000     <absolute>
 0000:00000000       __guard_flags              0000000000000000     <absolute>
 0000:00000000       __guard_iat_count          0000000000000000     <absolute>
 0000:00000000       __guard_iat_table          0000000000000000     <absolute>
 0000:00000000       __guard_longjmp_count      0000000000000000     <absolute>
 0000:00000000       __guard_longjmp_table      0000000000000000     <absolute>
 0000:00000000       __hybrid_auxiliary_delayload_iat 0000000000000000     <absolute>
 0000:00000000       __hybrid_auxiliary_delayload_iat_copy 0000000000000000     <absolute>
 0000:00000000       __hybrid_auxiliary_iat     0000000000000000     <absolute>
 0000:00000000       __hybrid_auxiliary_iat_copy 0000000000000000     <absolute>
 0000:00000000       __hybrid_code_map          0000000000000000     <absolute>
 0000:00000000       __hybrid_code_map_count    0000000000000000     <absolute>
 0000:00000000       __hybrid_image_info_bitfield 0000000000000000     <absolute>
 0000:00000000       __x64_code_ranges_to_entry_points 0000000000000000     <absolute>
 0000:00000000       __x64_code_ranges_to_entry_points_count 0000000000000000     <absolute>
 0000:00000000       __ImageBase                0000000180000000     <linker-defined>
 0001:00000000       AcGetAllTablesFromFile     0000000180001000 f   acfileio.obj
 0001:00000198       AcDeleteTableList          0000000180001198 f   acfileio.obj
 0001:000001c4       AcIsFileBinary             00000001800011c4 f   acfileio.obj
 0001:00000248       AcValidateTableHeader      0000000180001248 f   acfileio.obj
 0001:0000057c       AcpiAhMatchHardwareId      000000018000157c f   ahids.obj
 0001:000005c4       AcpiAhMatchUuid            00000001800015c4 f   ahuuids.obj
 0001:00000628       CmGetFileSize              0000000180001628 f   cmfsize.obj
 0001:000006bc       AcpiGetopt                 00000001800016bc f   getopt.obj
 0001:000009b8       AcpiGetoptArgument         00000001800019b8 f   getopt.obj
 0001:00000a58       AcpiDbConvertToNode        0000000180001a58 f   dbcmds.obj
 0001:00000af8       AcpiDbDisplayTableInfo     0000000180001af8 f   dbcmds.obj
 0001:00000be0       AcpiDbDisplayTemplate      0000000180001be0 f   dbcmds.obj
 0001:00000cd8       AcpiDbUnloadAcpiTable      0000000180001cd8 f   dbcmds.obj
 0001:00000d38       AcpiDbSendNotify           0000000180001d38 f   dbcmds.obj
 0001:00000db0       AcpiDbDisplayInterfaces    0000000180001db0 f   dbcmds.obj
 0001:00000ebc       AcpiDbSleep                0000000180001ebc f   dbcmds.obj
 0001:00000f54       AcpiDbTrace                0000000180001f54 f   dbcmds.obj
 0001:000010d0       AcpiDbDisplayLocks         00000001800020d0 f   dbcmds.obj
 0001:00001138       AcpiDbDisplayResources     0000000180002138 f   dbcmds.obj
 0001:000011f0       AcpiDbGenerateGpe          00000001800021f0 f   dbcmds.obj
 0001:00001278       AcpiDbGenerateSci          0000000180002278 f   dbcmds.obj
 0001:00001a2c       AcpiDbHexCharToValue       0000000180002a2c f   dbconvert.obj
 0001:00001a74       AcpiDbConvertToPackage     0000000180002a74 f   dbconvert.obj
 0001:00001b30       AcpiDbConvertToObject      0000000180002b30 f   dbconvert.obj
 0001:00001ba8       AcpiDbEncodePldBuffer      0000000180002ba8 f   dbconvert.obj
 0001:00001d04       AcpiDbDumpPldBuffer        0000000180002d04 f   dbconvert.obj
 0001:000021d8       AcpiDbDisplayGpes          00000001800031d8 f   dbdisply.obj
 0001:000024ac       AcpiDbDisplayHandlers      00000001800034ac f   dbdisply.obj
 0001:000026d0       AcpiDbDisplayMethodInfo    00000001800036d0 f   dbdisply.obj
 0001:00002834       AcpiDbDecodeAndDisplayObject 0000000180003834 f   dbdisply.obj
 0001:00002af8       AcpiDbDisplayResultObject  0000000180003af8 f   dbdisply.obj
 0001:00002b48       AcpiDbDisplayArguments     0000000180003b48 f   dbdisply.obj
 0001:00002b80       AcpiDbDisplayLocals        0000000180003b80 f   dbdisply.obj
 0001:00002bb8       AcpiDbDisplayResults       0000000180003bb8 f   dbdisply.obj
 0001:00002c88       AcpiDbDisplayCallingTree   0000000180003c88 f   dbdisply.obj
 0001:00002cf0       AcpiDbDisplayObjectType    0000000180003cf0 f   dbdisply.obj
 0001:00002e38       AcpiDbDisplayArgumentObject 0000000180003e38 f   dbdisply.obj
 0001:00003000       AcpiDbExecute              0000000180004000 f   dbexec.obj
 0001:000032b4       AcpiDbCreateExecutionThread 00000001800042b4 f   dbexec.obj
 0001:000033b8       AcpiDbCreateExecutionThreads 00000001800043b8 f   dbexec.obj
 0001:000036cc       AcpiDbDeleteObjects        00000001800046cc f   dbexec.obj
 0001:00003738       AcpiDbGetCacheInfo         0000000180004738 f   dbexec.obj
 0001:00003d9c       AcpiDbCloseDebugFile       0000000180004d9c f   dbfileio.obj
 0001:00003de0       AcpiDbOpenDebugFile        0000000180004de0 f   dbfileio.obj
 0001:00003e54       AcpiDbLoadTables           0000000180004e54 f   dbfileio.obj
 0001:00003ed8       AcpiDbAddToHistory         0000000180004ed8 f   dbhistry.obj
 0001:00004020       AcpiDbDisplayHistory       0000000180005020 f   dbhistry.obj
 0001:000040bc       AcpiDbGetFromHistory       00000001800050bc f   dbhistry.obj
 0001:000040ec       AcpiDbGetHistoryByIndex    00000001800050ec f   dbhistry.obj
 0001:00004154       AcpiDbCommandDispatch      0000000180005154 f   dbinput.obj
 0001:0000494c       AcpiDbExecuteThread        000000018000594c f   dbinput.obj
 0001:00004968       AcpiDbUserCommands         0000000180005968 f   dbinput.obj
 0001:000049f4       AcpiDbGetNextToken         00000001800059f4 f   dbinput.obj
 0001:00004dd8       AcpiDbSetMethodBreakpoint  0000000180005dd8 f   dbmethod.obj
 0001:00004e50       AcpiDbSetMethodCallBreakpoint 0000000180005e50 f   dbmethod.obj
 0001:00004e70       AcpiDbSetMethodData        0000000180005e70 f   dbmethod.obj
 0001:0000500c       AcpiDbDisassembleMethod    000000018000600c f   dbmethod.obj
 0001:0000517c       AcpiDbDisassembleAml       000000018000617c f   dbmethod.obj
 0001:000051c8       AcpiDbEvaluatePredefinedNames 00000001800061c8 f   dbmethod.obj
 0001:00005218       AcpiDbEvaluateAll          0000000180006218 f   dbmethod.obj
 0001:00005460       AcpiDbSetScope             0000000180006460 f   dbnames.obj
 0001:00005540       AcpiDbDumpNamespace        0000000180006540 f   dbnames.obj
 0001:000055fc       AcpiDbDumpNamespacePaths   00000001800065fc f   dbnames.obj
 0001:00005654       AcpiDbDumpNamespaceByOwner 0000000180006654 f   dbnames.obj
 0001:000056f4       AcpiDbFindNameInNamespace  00000001800066f4 f   dbnames.obj
 0001:00005790       AcpiDbCheckPredefinedNames 0000000180006790 f   dbnames.obj
 0001:000057dc       AcpiDbDisplayObjects       00000001800067dc f   dbnames.obj
 0001:00005974       AcpiDbCheckIntegrity       0000000180006974 f   dbnames.obj
 0001:000059c8       AcpiDbFindReferences       00000001800069c8 f   dbnames.obj
 0001:00005a0c       AcpiDbGetBusInfo           0000000180006a0c f   dbnames.obj
 0001:00005a44       AcpiDbDisplayFields        0000000180006a44 f   dbnames.obj
 0001:0000617c       AcpiDbDecodeInternalObject 000000018000717c f   dbobject.obj
 0001:00006284       AcpiDbDisplayInternalObject 0000000180007284 f   dbobject.obj
 0001:000064a8       AcpiDbDecodeArguments      00000001800074a8 f   dbobject.obj
 0001:00006594       AcpiDbDecodeLocals         0000000180007594 f   dbobject.obj
 0001:00006674       AcpiDbDumpMethodInfo       0000000180007674 f   dbobject.obj
 0001:00006770       AcpiDbDisplayStatistics    0000000180007770 f   dbstats.obj
 0001:00006f48       AcpiDbExecuteTest          0000000180007f48 f   dbtest.obj
 0001:00007c30       AcpiDbMatchArgument        0000000180008c30 f   dbutils.obj
 0001:00007ca8       AcpiDbSetOutputDestination 0000000180008ca8 f   dbutils.obj
 0001:00007cd8       AcpiDbDumpExternalObject   0000000180008cd8 f   dbutils.obj
 0001:00007e80       AcpiDbPrepNamestring       0000000180008e80 f   dbutils.obj
 0001:00007ec4       AcpiDbLocalNsLookup        0000000180008ec4 f   dbutils.obj
 0001:00007f74       AcpiDbUint32ToHexString    0000000180008f74 f   dbutils.obj
 0001:00007fb4       AcpiInitializeDebugger     0000000180008fb4 f   dbxface.obj
 0001:00008140       AcpiTerminateDebugger      0000000180009140 f   dbxface.obj
 0001:0000819c       AcpiSetDebuggerThreadId    000000018000919c f   dbxface.obj
 0001:000081ac       AcpiDbSingleStep           00000001800091ac f   dbxface.obj
 0001:000083a8       AcpiDbSignalBreakPoint     00000001800093a8 f   dbxface.obj
 0001:000084bc       AcpiDmDisasmByteList       00000001800094bc f   dmbuffer.obj
 0001:000085e4       AcpiDmByteList             00000001800095e4 f   dmbuffer.obj
 0001:000086a0       AcpiDmCheckForHardwareId   00000001800096a0 f   dmbuffer.obj
 0001:00008720       AcpiDmDecompressEisaId     0000000180009720 f   dmbuffer.obj
 0001:0000876c       AcpiDmIsUuidBuffer         000000018000976c f   dmbuffer.obj
 0001:000087b8       AcpiDmIsUnicodeBuffer      00000001800097b8 f   dmbuffer.obj
 0001:00008870       AcpiDmIsStringBuffer       0000000180009870 f   dmbuffer.obj
 0001:000088e8       AcpiDmIsPldBuffer          00000001800098e8 f   dmbuffer.obj
 0001:00009008       AcpiDmCheckForSymbolicOpcode 000000018000a008 f   dmcstyle.obj
 0001:00009528       AcpiDmCloseOperator        000000018000a528 f   dmcstyle.obj
 0001:000097f8       AcpiDmParseDeferredOps     000000018000a7f8 f   dmdeferred.obj
 0001:00009b80       AcpiDmDumpName             000000018000ab80 f   dmnames.obj
 0001:00009bf4       AcpiPsDisplayObjectPathname 000000018000abf4 f   dmnames.obj
 0001:00009ce0       AcpiDmNamestring           000000018000ace0 f   dmnames.obj
 0001:00009d64       AcpiDmDisassembleOneOp     000000018000ad64 f   dmopcode.obj
 0001:0000a2c8       AcpiDmMethodFlags          000000018000b2c8 f   dmopcode.obj
 0001:0000a334       AcpiDmDisplayTargetPathname 000000018000b334 f   dmopcode.obj
 0001:0000a3f4       AcpiDmNotifyDescription    000000018000b3f4 f   dmopcode.obj
 0001:0000a458       AcpiDmPredefinedDescription 000000018000b458 f   dmopcode.obj
 0001:0000a464       AcpiDmFieldPredefinedDescription 000000018000b464 f   dmopcode.obj
 0001:0000a470       AcpiDmFieldFlags           000000018000b470 f   dmopcode.obj
 0001:0000a500       AcpiDmAddressSpace         000000018000b500 f   dmopcode.obj
 0001:0000a548       AcpiDmRegionFlags          000000018000b548 f   dmopcode.obj
 0001:0000a580       AcpiDmMatchOp              000000018000b580 f   dmopcode.obj
 0001:0000a6f4       AcpiDmDumpInteger8         000000018000b6f4 f   dmresrc.obj
 0001:0000a70c       AcpiDmDumpInteger16        000000018000b70c f   dmresrc.obj
 0001:0000a724       AcpiDmDumpInteger32        000000018000b724 f   dmresrc.obj
 0001:0000a73c       AcpiDmDumpInteger64        000000018000b73c f   dmresrc.obj
 0001:0000a75c       AcpiDmResourceTemplate     000000018000b75c f   dmresrc.obj
 0001:0000a8ec       AcpiDmIsResourceTemplate   000000018000b8ec f   dmresrc.obj
 0001:0000a980       AcpiDmBitList              000000018000b980 f   dmresrc.obj
 0001:0000a9f8       AcpiDmDescriptorName       000000018000b9f8 f   dmresrc.obj
 0001:0000aa20       AcpiDmWordDescriptor       000000018000ba20 f   dmresrcl.obj
 0001:0000aa9c       AcpiDmDwordDescriptor      000000018000ba9c f   dmresrcl.obj
 0001:0000ab18       AcpiDmExtendedDescriptor   000000018000bb18 f   dmresrcl.obj
 0001:0000ab8c       AcpiDmQwordDescriptor      000000018000bb8c f   dmresrcl.obj
 0001:0000ac08       AcpiDmMemory24Descriptor   000000018000bc08 f   dmresrcl.obj
 0001:0000ac78       AcpiDmMemory32Descriptor   000000018000bc78 f   dmresrcl.obj
 0001:0000ace8       AcpiDmFixedMemory32Descriptor 000000018000bce8 f   dmresrcl.obj
 0001:0000ad74       AcpiDmGenericRegisterDescriptor 000000018000bd74 f   dmresrcl.obj
 0001:0000ae4c       AcpiDmInterruptDescriptor  000000018000be4c f   dmresrcl.obj
 0001:0000af60       AcpiDmVendorLargeDescriptor 000000018000bf60 f   dmresrcl.obj
 0001:0000af78       AcpiDmVendorCommon         000000018000bf78 f   dmresrcl.obj
 0001:0000b510       AcpiDmGpioDescriptor       000000018000c510 f   dmresrcl2.obj
 0001:0000b53c       AcpiDmPinFunctionDescriptor 000000018000c53c f   dmresrcl2.obj
 0001:0000b6f4       AcpiDmPinConfigDescriptor  000000018000c6f4 f   dmresrcl2.obj
 0001:0000b884       AcpiDmPinGroupDescriptor   000000018000c884 f   dmresrcl2.obj
 0001:0000b9cc       AcpiDmPinGroupFunctionDescriptor 000000018000c9cc f   dmresrcl2.obj
 0001:0000baf8       AcpiDmPinGroupConfigDescriptor 000000018000caf8 f   dmresrcl2.obj
 0001:0000bc20       AcpiDmSerialBusDescriptor  000000018000cc20 f   dmresrcl2.obj
 0001:0000c6a0       AcpiDmIrqDescriptor        000000018000d6a0 f   dmresrcs.obj
 0001:0000c76c       AcpiDmDmaDescriptor        000000018000d76c f   dmresrcs.obj
 0001:0000c800       AcpiDmFixedDmaDescriptor   000000018000d800 f   dmresrcs.obj
 0001:0000c874       AcpiDmIoDescriptor         000000018000d874 f   dmresrcs.obj
 0001:0000c930       AcpiDmFixedIoDescriptor    000000018000d930 f   dmresrcs.obj
 0001:0000c9ac       AcpiDmStartDependentDescriptor 000000018000d9ac f   dmresrcs.obj
 0001:0000ca28       AcpiDmEndDependentDescriptor 000000018000da28 f   dmresrcs.obj
 0001:0000ca64       AcpiDmVendorSmallDescriptor 000000018000da64 f   dmresrcs.obj
 0001:0000ca74       AcpiDmDecodeAttribute      000000018000da74 f   dmutils.obj
 0001:0000cb1c       AcpiDmIndent               000000018000db1c f   dmutils.obj
 0001:0000cb4c       AcpiDmCommaIfListMember    000000018000db4c f   dmutils.obj
 0001:0000cbc8       AcpiDmCommaIfFieldMember   000000018000dbc8 f   dmutils.obj
 0001:0000cbe4       AcpiDmDisassemble          000000018000dbe4 f   dmwalk.obj
 0001:0000cc50       AcpiDmWalkParseTree        000000018000dc50 f   dmwalk.obj
 0001:0000cd1c       AcpiDmListType             000000018000dd1c f   dmwalk.obj
 0001:0000cdb0       AcpiDmEmitExternals        000000018000ddb0 f   dmwalk.obj
 0001:0000cdbc       AcpiDmEmitExternal         000000018000ddbc f   dmwalk.obj
 0001:0000cdc8       AcpiDmBlockType            000000018000ddc8 f   dmwalk.obj
 0001:0000d70c       AcpiDsGetBufferFieldArguments 000000018000e70c f   dsargs.obj
 0001:0000d828       AcpiDsGetBankFieldArguments 000000018000e828 f   dsargs.obj
 0001:0000d944       AcpiDsGetRegionArguments   000000018000e944 f   dsargs.obj
 0001:0000daac       AcpiDsGetBufferArguments   000000018000eaac f   dsargs.obj
 0001:0000dbc8       AcpiDsGetPackageArguments  000000018000ebc8 f   dsargs.obj
 0001:0000de9c       AcpiDsExecBeginControlOp   000000018000ee9c f   dscontrol.obj
 0001:0000dfc8       AcpiDsExecEndControlOp     000000018000efc8 f   dscontrol.obj
 0001:0000e378       AcpiDsDumpMethodStack      000000018000f378 f   dsdebug.obj
 0001:0000e7ac       AcpiDsCreateField          000000018000f7ac f   dsfield.obj
 0001:0000e944       AcpiDsCreateBankField      000000018000f944 f   dsfield.obj
 0001:0000eaf0       AcpiDsCreateIndexField     000000018000faf0 f   dsfield.obj
 0001:0000ec6c       AcpiDsCreateBufferField    000000018000fc6c f   dsfield.obj
 0001:0000ee74       AcpiDsInitFieldObjects     000000018000fe74 f   dsfield.obj
 0001:0000f3b4       AcpiDsInitializeObjects    00000001800103b4 f   dsinit.obj
 0001:0000f718       AcpiDsAutoSerializeMethod  0000000180010718 f   dsmethod.obj
 0001:0000f8a8       AcpiDsCallControlMethod    00000001800108a8 f   dsmethod.obj
 0001:0000fbd4       AcpiDsRestartControlMethod 0000000180010bd4 f   dsmethod.obj
 0001:0000fd6c       AcpiDsTerminateControlMethod 0000000180010d6c f   dsmethod.obj
 0001:0000ff40       AcpiDsBeginMethodExecution 0000000180010f40 f   dsmethod.obj
 0001:00010180       AcpiDsMethodError          0000000180011180 f   dsmethod.obj
 0001:000103dc       AcpiDsStoreObjectToLocal   00000001800113dc f   dsmthdat.obj
 0001:00010688       AcpiDsMethodDataDeleteAll  0000000180011688 f   dsmthdat.obj
 0001:000107f0       AcpiDsMethodDataGetValue   00000001800117f0 f   dsmthdat.obj
 0001:00010968       AcpiDsMethodDataInitArgs   0000000180011968 f   dsmthdat.obj
 0001:00010abc       AcpiDsMethodDataGetNode    0000000180011abc f   dsmthdat.obj
 0001:00010c08       AcpiDsMethodDataInit       0000000180011c08 f   dsmthdat.obj
 0001:00010e78       AcpiDsBuildInternalObject  0000000180011e78 f   dsobject.obj
 0001:0001105c       AcpiDsBuildInternalBufferObj 000000018001205c f   dsobject.obj
 0001:00011210       AcpiDsInitObjectFromOp     0000000180012210 f   dsobject.obj
 0001:00011520       AcpiDsCreateNode           0000000180012520 f   dsobject.obj
 0001:00011628       AcpiDsEvalBufferFieldOperands 0000000180012628 f   dsopcode.obj
 0001:00011790       AcpiDsEvalRegionOperands   0000000180012790 f   dsopcode.obj
 0001:00011960       AcpiDsEvalTableRegionOperands 0000000180012960 f   dsopcode.obj
 0001:00011b64       AcpiDsEvalDataObjectOperands 0000000180012b64 f   dsopcode.obj
 0001:00011d40       AcpiDsEvalBankFieldOperands 0000000180012d40 f   dsopcode.obj
 0001:00011ea4       AcpiDsInitializeRegion     0000000180012ea4 f   dsopcode.obj
 0001:00012160       AcpiDsBuildInternalPackageObj 0000000180013160 f   dspkginit.obj
 0001:00012584       AcpiDsInitPackageElement   0000000180013584 f   dspkginit.obj
 0001:00012868       AcpiDsClearImplicitReturn  0000000180013868 f   dsutils.obj
 0001:000128ec       AcpiDsDoImplicitReturn     00000001800138ec f   dsutils.obj
 0001:000129b4       AcpiDsIsResultUsed         00000001800139b4 f   dsutils.obj
 0001:00012c74       AcpiDsDeleteResultIfNotUsed 0000000180013c74 f   dsutils.obj
 0001:00012d3c       AcpiDsCreateOperand        0000000180013d3c f   dsutils.obj
 0001:000130dc       AcpiDsCreateOperands       00000001800140dc f   dsutils.obj
 0001:000132cc       AcpiDsResolveOperands      00000001800142cc f   dsutils.obj
 0001:00013364       AcpiDsClearOperands        0000000180014364 f   dsutils.obj
 0001:000133f8       AcpiDsEvaluateNamePath     00000001800143f8 f   dsutils.obj
 0001:00013554       AcpiDsGetPredicateValue    0000000180014554 f   dswexec.obj
 0001:000137a8       AcpiDsExecBeginOp          00000001800147a8 f   dswexec.obj
 0001:00013a10       AcpiDsExecEndOp            0000000180014a10 f   dswexec.obj
 0001:000141b8       AcpiDsInitCallbacks        00000001800151b8 f   dswload.obj
 0001:00014238       AcpiDsLoad1BeginOp         0000000180015238 f   dswload.obj
 0001:000147a4       AcpiDsLoad1EndOp           00000001800157a4 f   dswload.obj
 0001:00014ac8       AcpiDsLoad2BeginOp         0000000180015ac8 f   dswload2.obj
 0001:000150ac       AcpiDsLoad2EndOp           00000001800160ac f   dswload2.obj
 0001:000156f8       AcpiDsScopeStackPush       00000001800166f8 f   dswscope.obj
 0001:0001594c       AcpiDsScopeStackPop        000000018001694c f   dswscope.obj
 0001:00015b18       AcpiDsScopeStackClear      0000000180016b18 f   dswscope.obj
 0001:00015bac       AcpiDsObjStackPush         0000000180016bac f   dswstate.obj
 0001:00015c84       AcpiDsObjStackPop          0000000180016c84 f   dswstate.obj
 0001:00015d40       AcpiDsCreateWalkState      0000000180016d40 f   dswstate.obj
 0001:00015e50       AcpiDsInitAmlWalk          0000000180016e50 f   dswstate.obj
 0001:00015ffc       AcpiDsObjStackPopAndDelete 0000000180016ffc f   dswstate.obj
 0001:000160d0       AcpiDsDeleteWalkState      00000001800170d0 f   dswstate.obj
 0001:000161f8       AcpiDsPopWalkState         00000001800171f8 f   dswstate.obj
 0001:0001626c       AcpiDsPushWalkState        000000018001726c f   dswstate.obj
 0001:000162d4       AcpiDsGetCurrentWalkState  00000001800172d4 f   dswstate.obj
 0001:0001633c       AcpiDsResultPop            000000018001733c f   dswstate.obj
 0001:00016498       AcpiDsResultPush           0000000180017498 f   dswstate.obj
 0001:000167cc       AcpiEvInitializeEvents     00000001800177cc f   evevent.obj
 0001:000168b4       AcpiEvInstallXruptHandlers 00000001800178b4 f   evevent.obj
 0001:000169a4       AcpiEvFixedEventDetect     00000001800179a4 f   evevent.obj
 0001:00016b94       AcpiEvInitGlobalLockHandler 0000000180017b94 f   evglock.obj
 0001:00016c8c       AcpiEvAcquireGlobalLock    0000000180017c8c f   evglock.obj
 0001:00016e5c       AcpiEvReleaseGlobalLock    0000000180017e5c f   evglock.obj
 0001:00016f64       AcpiEvRemoveGlobalLockHandler 0000000180017f64 f   evglock.obj
 0001:00017054       AcpiAcquireGlobalLockX8664 0000000180018054 f   evglock.obj
 0001:0001709c       AcpiReleaseGlobalLockX8664 000000018001809c f   evglock.obj
 0001:000170c4       AcpiEvGpeDetect            00000001800180c4 f   evgpe.obj
 0001:00017258       AcpiEvUpdateGpeEnableMask  0000000180018258 f   evgpe.obj
 0001:00017310       AcpiEvEnableGpe            0000000180018310 f   evgpe.obj
 0001:00017374       AcpiEvMaskGpe              0000000180018374 f   evgpe.obj
 0001:00017484       AcpiEvAddGpeReference      0000000180018484 f   evgpe.obj
 0001:00017554       AcpiEvRemoveGpeReference   0000000180018554 f   evgpe.obj
 0001:0001760c       AcpiEvGetGpeEventInfo      000000018001860c f   evgpe.obj
 0001:00017684       AcpiEvLowGetGpeInfo        0000000180018684 f   evgpe.obj
 0001:000176b4       AcpiEvFinishGpe            00000001800186b4 f   evgpe.obj
 0001:000176ec       AcpiEvDetectGpe            00000001800186ec f   evgpe.obj
 0001:000178c0       AcpiEvGpeDispatch          00000001800188c0 f   evgpe.obj
 0001:00017be0       AcpiEvCreateGpeBlock       0000000180018be0 f   evgpeblk.obj
 0001:00017e80       AcpiEvInitializeGpeBlock   0000000180018e80 f   evgpeblk.obj
 0001:00017fe4       AcpiEvDeleteGpeBlock       0000000180018fe4 f   evgpeblk.obj
 0001:0001847c       AcpiEvGpeInitialize        000000018001947c f   evgpeinit.obj
 0001:000186ec       AcpiEvUpdateGpes           00000001800196ec f   evgpeinit.obj
 0001:000187e0       AcpiEvMatchGpeMethod       00000001800197e0 f   evgpeinit.obj
 0001:00018a30       AcpiEvWalkGpeList          0000000180019a30 f   evgpeutil.obj
 0001:00018b1c       AcpiEvGetGpeDevice         0000000180019b1c f   evgpeutil.obj
 0001:00018b50       AcpiEvGetGpeXruptBlock     0000000180019b50 f   evgpeutil.obj
 0001:00018cdc       AcpiEvDeleteGpeXrupt       0000000180019cdc f   evgpeutil.obj
 0001:00018df8       AcpiEvDeleteGpeHandlers    0000000180019df8 f   evgpeutil.obj
 0001:00018f10       AcpiEvFindRegionHandler    0000000180019f10 f   evhandler.obj
 0001:00018f30       AcpiEvHasDefaultHandler    0000000180019f30 f   evhandler.obj
 0001:00018f70       AcpiEvInstallRegionHandlers 0000000180019f70 f   evhandler.obj
 0001:00019038       AcpiEvInstallSpaceHandler  000000018001a038 f   evhandler.obj
 0001:00019478       AcpiEvIsNotifyObject       000000018001a478 f   evmisc.obj
 0001:00019498       AcpiEvQueueNotifyRequest   000000018001a498 f   evmisc.obj
 0001:0001964c       AcpiEvTerminate            000000018001a64c f   evmisc.obj
 0001:0001980c       AcpiEvInitializeOpRegions  000000018001a80c f   evregion.obj
 0001:000198e0       AcpiEvAddressSpaceDispatch 000000018001a8e0 f   evregion.obj
 0001:00019c3c       AcpiEvAttachRegion         000000018001ac3c f   evregion.obj
 0001:00019d64       AcpiEvDetachRegion         000000018001ad64 f   evregion.obj
 0001:00019fcc       AcpiEvExecuteRegMethods    000000018001afcc f   evregion.obj
 0001:0001a14c       AcpiEvExecuteRegMethod     000000018001b14c f   evregion.obj
 0001:0001a4d0       AcpiEvSystemMemoryRegionSetup 000000018001b4d0 f   evrgnini.obj
 0001:0001a5fc       AcpiEvIoSpaceRegionSetup   000000018001b5fc f   evrgnini.obj
 0001:0001a678       AcpiEvPciConfigRegionSetup 000000018001b678 f   evrgnini.obj
 0001:0001a93c       AcpiEvCmosRegionSetup      000000018001b93c f   evrgnini.obj
 0001:0001a990       AcpiEvPciBarRegionSetup    000000018001b990 f   evrgnini.obj
 0001:0001a9e4       AcpiEvDefaultRegionSetup   000000018001b9e4 f   evrgnini.obj
 0001:0001aa60       AcpiEvInitializeRegion     000000018001ba60 f   evrgnini.obj
 0001:0001ac6c       AcpiEvIsPciRootBridge      000000018001bc6c f   evrgnini.obj
 0001:0001ad44       AcpiEvGpeXruptHandler      000000018001bd44 f   evsci.obj
 0001:0001ada8       AcpiEvSciDispatch          000000018001bda8 f   evsci.obj
 0001:0001ae18       AcpiEvInstallSciHandler    000000018001be18 f   evsci.obj
 0001:0001ae88       AcpiEvRemoveAllSciHandlers 000000018001be88 f   evsci.obj
 0001:0001afd0       AcpiInstallSciHandler      000000018001bfd0 f   evxface.obj
 0001:0001b13c       AcpiRemoveSciHandler       000000018001c13c f   evxface.obj
 0001:0001b264       AcpiInstallGlobalEventHandler 000000018001c264 f   evxface.obj
 0001:0001b324       AcpiInstallFixedEventHandler 000000018001c324 f   evxface.obj
 0001:0001b4c4       AcpiRemoveFixedEventHandler 000000018001c4c4 f   evxface.obj
 0001:0001b618       AcpiInstallGpeHandler      000000018001c618 f   evxface.obj
 0001:0001b6b8       AcpiInstallGpeRawHandler   000000018001c6b8 f   evxface.obj
 0001:0001b758       AcpiRemoveGpeHandler       000000018001c758 f   evxface.obj
 0001:0001b8f4       AcpiInstallNotifyHandler   000000018001c8f4 f   evxface.obj
 0001:0001bb18       AcpiRemoveNotifyHandler    000000018001cb18 f   evxface.obj
 0001:0001bdb8       AcpiInstallExceptionHandler 000000018001cdb8 f   evxface.obj
 0001:0001be54       AcpiAcquireGlobalLock      000000018001ce54 f   evxface.obj
 0001:0001beb4       AcpiReleaseGlobalLock      000000018001ceb4 f   evxface.obj
 0001:0001c0d0       AcpiEnable                 000000018001d0d0 f   evxfevnt.obj
 0001:0001c20c       AcpiDisable                000000018001d20c f   evxfevnt.obj
 0001:0001c334       AcpiEnableEvent            000000018001d334 f   evxfevnt.obj
 0001:0001c45c       AcpiDisableEvent           000000018001d45c f   evxfevnt.obj
 0001:0001c584       AcpiClearEvent             000000018001d584 f   evxfevnt.obj
 0001:0001c638       AcpiGetEventStatus         000000018001d638 f   evxfevnt.obj
 0001:0001c774       AcpiUpdateAllGpes          000000018001d774 f   evxfgpe.obj
 0001:0001c834       AcpiEnableGpe              000000018001d834 f   evxfgpe.obj
 0001:0001c8f8       AcpiDisableGpe             000000018001d8f8 f   evxfgpe.obj
 0001:0001c9ac       AcpiClearGpe               000000018001d9ac f   evxfgpe.obj
 0001:0001ca58       AcpiSetGpe                 000000018001da58 f   evxfgpe.obj
 0001:0001cb34       AcpiFinishGpe              000000018001db34 f   evxfgpe.obj
 0001:0001cbe0       AcpiMaskGpe                000000018001dbe0 f   evxfgpe.obj
 0001:0001cc9c       AcpiMarkGpeForWake         000000018001dc9c f   evxfgpe.obj
 0001:0001cd4c       AcpiSetupGpeForWake        000000018001dd4c f   evxfgpe.obj
 0001:0001ceec       AcpiSetGpeWakeMask         000000018001deec f   evxfgpe.obj
 0001:0001cffc       AcpiGetGpeStatus           000000018001dffc f   evxfgpe.obj
 0001:0001d0b8       AcpiDispatchGpe            000000018001e0b8 f   evxfgpe.obj
 0001:0001d104       AcpiDisableAllGpes         000000018001e104 f   evxfgpe.obj
 0001:0001d180       AcpiEnableAllRuntimeGpes   000000018001e180 f   evxfgpe.obj
 0001:0001d1fc       AcpiEnableAllWakeupGpes    000000018001e1fc f   evxfgpe.obj
 0001:0001d278       AcpiAnyGpeStatusSet        000000018001e278 f   evxfgpe.obj
 0001:0001d2d0       AcpiGetGpeDevice           000000018001e2d0 f   evxfgpe.obj
 0001:0001d3cc       AcpiInstallGpeBlock        000000018001e3cc f   evxfgpe.obj
 0001:0001d564       AcpiRemoveGpeBlock         000000018001e564 f   evxfgpe.obj
 0001:0001d664       AcpiInstallAddressSpaceHandler 000000018001e664 f   evxfregn.obj
 0001:0001d768       AcpiRemoveAddressSpaceHandler 000000018001e768 f   evxfregn.obj
 0001:0001d9ac       AcpiExConcatTemplate       000000018001e9ac f   exconcat.obj
 0001:0001dafc       AcpiExDoConcatenate        000000018001eafc f   exconcat.obj
 0001:0001de44       AcpiExLoadOp               000000018001ee44 f   exconfig.obj
 0001:0001e20c       AcpiExLoadTableOp          000000018001f20c f   exconfig.obj
 0001:0001e430       AcpiExUnloadTable          000000018001f430 f   exconfig.obj
 0001:0001e618       AcpiExConvertToInteger     000000018001f618 f   exconvrt.obj
 0001:0001e7cc       AcpiExConvertToBuffer      000000018001f7cc f   exconvrt.obj
 0001:0001e914       AcpiExConvertToString      000000018001f914 f   exconvrt.obj
 0001:0001eb48       AcpiExConvertToTargetType  000000018001fb48 f   exconvrt.obj
 0001:0001ee3c       AcpiExCreateMutex          000000018001fe3c f   excreate.obj
 0001:0001ef24       AcpiExCreateProcessor      000000018001ff24 f   excreate.obj
 0001:0001f000       AcpiExCreatePowerResource  0000000180020000 f   excreate.obj
 0001:0001f0d0       AcpiExCreateRegion         00000001800200d0 f   excreate.obj
 0001:0001f2a4       AcpiExCreateEvent          00000001800202a4 f   excreate.obj
 0001:0001f368       AcpiExCreateAlias          0000000180020368 f   excreate.obj
 0001:0001f404       AcpiExCreateMethod         0000000180020404 f   excreate.obj
 0001:0001f500       AcpiExDoDebugObject        0000000180020500 f   exdebug.obj
 0001:0001f940       AcpiExDumpOperand          0000000180020940 f   exdump.obj
 0001:0001fedc       AcpiExDumpOperands         0000000180020edc f   exdump.obj
 0001:00020018       AcpiExDumpObjectDescriptor 0000000180021018 f   exdump.obj
 0001:000201ac       AcpiExDumpNamespaceNode    00000001800211ac f   exdump.obj
 0001:00020960       AcpiExGetProtocolBufferLength 0000000180021960 f   exfield.obj
 0001:000209b0       AcpiExReadDataFromField    00000001800219b0 f   exfield.obj
 0001:00020cd8       AcpiExWriteDataToField     0000000180021cd8 f   exfield.obj
 0001:00020ff0       AcpiExWriteWithUpdateRule  0000000180021ff0 f   exfldio.obj
 0001:000211e8       AcpiExExtractFromField     00000001800221e8 f   exfldio.obj
 0001:00021490       AcpiExInsertIntoField      0000000180022490 f   exfldio.obj
 0001:0002172c       AcpiExAccessRegion         000000018002272c f   exfldio.obj
 0001:00021f8c       AcpiExGetObjectReference   0000000180022f8c f   exmisc.obj
 0001:00022134       AcpiExDoLogicalNumericOp   0000000180023134 f   exmisc.obj
 0001:0002221c       AcpiExDoLogicalOp          000000018002321c f   exmisc.obj
 0001:00022404       AcpiExDoMathOp             0000000180023404 f   exmisc.obj
 0001:000224c8       AcpiExAcquireMutex         00000001800234c8 f   exmutex.obj
 0001:000226f0       AcpiExAcquireMutexObject   00000001800236f0 f   exmutex.obj
 0001:00022808       AcpiExReleaseMutex         0000000180023808 f   exmutex.obj
 0001:00022abc       AcpiExReleaseMutexObject   0000000180023abc f   exmutex.obj
 0001:00022bd4       AcpiExReleaseAllMutexes    0000000180023bd4 f   exmutex.obj
 0001:00022cfc       AcpiExUnlinkMutex          0000000180023cfc f   exmutex.obj
 0001:00022d58       AcpiExGetNameString        0000000180023d58 f   exnames.obj
 0001:00023440       AcpiExOpcode_0A_0T_1R      0000000180024440 f   exoparg1.obj
 0001:00023524       AcpiExOpcode_1A_0T_0R      0000000180024524 f   exoparg1.obj
 0001:00023634       AcpiExOpcode_1A_0T_1R      0000000180024634 f   exoparg1.obj
 0001:00023b34       AcpiExOpcode_1A_1T_1R      0000000180024b34 f   exoparg1.obj
 0001:00024044       AcpiExOpcode_1A_1T_0R      0000000180025044 f   exoparg1.obj
 0001:000240ec       AcpiExOpcode_2A_0T_0R      00000001800250ec f   exoparg2.obj
 0001:000241dc       AcpiExOpcode_2A_0T_1R      00000001800251dc f   exoparg2.obj
 0001:00024370       AcpiExOpcode_2A_1T_1R      0000000180025370 f   exoparg2.obj
 0001:00024764       AcpiExOpcode_2A_2T_1R      0000000180025764 f   exoparg2.obj
 0001:000248d0       AcpiExOpcode_3A_0T_0R      00000001800258d0 f   exoparg3.obj
 0001:00024a74       AcpiExOpcode_3A_1T_1R      0000000180025a74 f   exoparg3.obj
 0001:00024c48       AcpiExOpcode_6A_0T_1R      0000000180025c48 f   exoparg6.obj
 0001:00024ebc       AcpiExPrepCommonFieldObject 0000000180025ebc f   exprep.obj
 0001:00024f98       AcpiExPrepFieldValue       0000000180025f98 f   exprep.obj
 0001:0002553c       AcpiExSystemMemorySpaceHandler 000000018002653c f   exregion.obj
 0001:0002588c       AcpiExSystemIoSpaceHandler 000000018002688c f   exregion.obj
 0001:000259a0       AcpiExPciConfigSpaceHandler 00000001800269a0 f   exregion.obj
 0001:00025ae4       AcpiExCmosSpaceHandler     0000000180026ae4 f   exregion.obj
 0001:00025b38       AcpiExPciBarSpaceHandler   0000000180026b38 f   exregion.obj
 0001:00025b8c       AcpiExDataTableSpaceHandler 0000000180026b8c f   exregion.obj
 0001:00025c54       AcpiExResolveNodeToValue   0000000180026c54 f   exresnte.obj
 0001:00026068       AcpiExResolveToValue       0000000180027068 f   exresolv.obj
 0001:000261e8       AcpiExResolveMultiple      00000001800271e8 f   exresolv.obj
 0001:000267b0       AcpiExResolveOperands      00000001800277b0 f   exresop.obj
 0001:000271f0       AcpiExReadSerialBus        00000001800281f0 f   exserial.obj
 0001:000273a0       AcpiExWriteSerialBus       00000001800283a0 f   exserial.obj
 0001:000275a0       AcpiExReadGpio             00000001800285a0 f   exserial.obj
 0001:0002767c       AcpiExWriteGpio            000000018002867c f   exserial.obj
 0001:00027798       AcpiExStore                0000000180028798 f   exstore.obj
 0001:000279ec       AcpiExStoreObjectToNode    00000001800289ec f   exstore.obj
 0001:00028000       AcpiExResolveObject        0000000180029000 f   exstoren.obj
 0001:0002814c       AcpiExStoreObjectToObject  000000018002914c f   exstoren.obj
 0001:000282e8       AcpiExStoreBufferToBuffer  00000001800292e8 f   exstorob.obj
 0001:00028468       AcpiExStoreStringToString  0000000180029468 f   exstorob.obj
 0001:00028598       AcpiExSystemDoSleep        0000000180029598 f   exsystem.obj
 0001:000285d0       AcpiExSystemDoStall        00000001800295d0 f   exsystem.obj
 0001:00028628       AcpiExSystemSignalEvent    0000000180029628 f   exsystem.obj
 0001:000286a0       AcpiExSystemWaitEvent      00000001800296a0 f   exsystem.obj
 0001:00028724       AcpiExSystemResetEvent     0000000180029724 f   exsystem.obj
 0001:00028770       AcpiExSystemWaitSemaphore  0000000180029770 f   exsystem.obj
 0001:0002888c       AcpiExSystemWaitMutex      000000018002988c f   exsystem.obj
 0001:000289a4       AcpiExStartTraceMethod     00000001800299a4 f   extrace.obj
 0001:00028a78       AcpiExStopTraceMethod      0000000180029a78 f   extrace.obj
 0001:00028b28       AcpiExStartTraceOpcode     0000000180029b28 f   extrace.obj
 0001:00028b64       AcpiExStopTraceOpcode      0000000180029b64 f   extrace.obj
 0001:00028ba0       AcpiExTracePoint           0000000180029ba0 f   extrace.obj
 0001:00028d28       AcpiExEnterInterpreter     0000000180029d28 f   exutils.obj
 0001:00028dbc       AcpiExExitInterpreter      0000000180029dbc f   exutils.obj
 0001:00028e50       AcpiExTruncateFor32bitTable 0000000180029e50 f   exutils.obj
 0001:00028e98       AcpiExAcquireGlobalLock    0000000180029e98 f   exutils.obj
 0001:00028f2c       AcpiExReleaseGlobalLock    0000000180029f2c f   exutils.obj
 0001:00028fb4       AcpiExEisaIdToString       0000000180029fb4 f   exutils.obj
 0001:0002907c       AcpiExIntegerToString      000000018002a07c f   exutils.obj
 0001:000290e8       AcpiExPciClsToString       000000018002a0e8 f   exutils.obj
 0001:0002916c       AcpiIsValidSpaceId         000000018002a16c f   exutils.obj
 0001:00029244       AcpiHwSetMode              000000018002a244 f   hwacpi.obj
 0001:000294a0       AcpiHwGetMode              000000018002a4a0 f   hwacpi.obj
 0001:00029564       AcpiHwExecuteSleepMethod   000000018002a564 f   hwesleep.obj
 0001:00029618       AcpiHwExtendedSleep        000000018002a618 f   hwesleep.obj
 0001:000297b0       AcpiHwExtendedWakePrep     000000018002a7b0 f   hwesleep.obj
 0001:00029824       AcpiHwExtendedWake         000000018002a824 f   hwesleep.obj
 0001:000298c8       AcpiHwGetGpeRegisterBit    000000018002a8c8 f   hwgpe.obj
 0001:000298e4       AcpiHwLowSetGpe            000000018002a8e4 f   hwgpe.obj
 0001:000299ac       AcpiHwDisableGpeBlock      000000018002a9ac f   hwgpe.obj
 0001:000299f0       AcpiHwClearGpe             000000018002a9f0 f   hwgpe.obj
 0001:00029a30       AcpiHwClearGpeBlock        000000018002aa30 f   hwgpe.obj
 0001:00029a78       AcpiHwGetGpeStatus         000000018002aa78 f   hwgpe.obj
 0001:00029b44       AcpiHwDisableAllGpes       000000018002ab44 f   hwgpe.obj
 0001:00029ba8       AcpiHwEnableAllRuntimeGpes 000000018002aba8 f   hwgpe.obj
 0001:00029c0c       AcpiHwEnableAllWakeupGpes  000000018002ac0c f   hwgpe.obj
 0001:00029c70       AcpiHwCheckAllGpes         000000018002ac70 f   hwgpe.obj
 0001:00029cbc       AcpiHwEnableRuntimeGpeBlock 000000018002acbc f   hwgpe.obj
 0001:00029dcc       AcpiHwDerivePciId          000000018002adcc f   hwpci.obj
 0001:0002a1b0       AcpiHwValidateRegister     000000018002b1b0 f   hwregs.obj
 0001:0002a268       AcpiHwRead                 000000018002b268 f   hwregs.obj
 0001:0002a428       AcpiHwWrite                000000018002b428 f   hwregs.obj
 0001:0002a5b0       AcpiHwGetBitRegisterInfo   000000018002b5b0 f   hwregs.obj
 0001:0002a5f8       AcpiHwWritePm1Control      000000018002b5f8 f   hwregs.obj
 0001:0002a690       AcpiHwRegisterRead         000000018002b690 f   hwregs.obj
 0001:0002a7e0       AcpiHwRegisterWrite        000000018002b7e0 f   hwregs.obj
 0001:0002a964       AcpiHwClearAcpiStatus      000000018002b964 f   hwregs.obj
 0001:0002abfc       AcpiHwLegacySleep          000000018002bbfc f   hwsleep.obj
 0001:0002ae58       AcpiHwLegacyWakePrep       000000018002be58 f   hwsleep.obj
 0001:0002af38       AcpiHwLegacyWake           000000018002bf38 f   hwsleep.obj
 0001:0002b060       AcpiGetTimerResolution     000000018002c060 f   hwtimer.obj
 0001:0002b0ec       AcpiGetTimer               000000018002c0ec f   hwtimer.obj
 0001:0002b190       AcpiGetTimerDuration       000000018002c190 f   hwtimer.obj
 0001:0002b29c       AcpiHwReadPort             000000018002c29c f   hwvalid.obj
 0001:0002b350       AcpiHwWritePort            000000018002c350 f   hwvalid.obj
 0001:0002b634       AcpiReset                  000000018002c634 f   hwxface.obj
 0001:0002b6e0       AcpiRead                   000000018002c6e0 f   hwxface.obj
 0001:0002b6ec       AcpiWrite                  000000018002c6ec f   hwxface.obj
 0001:0002b6f8       AcpiReadBitRegister        000000018002c6f8 f   hwxface.obj
 0001:0002b824       AcpiWriteBitRegister       000000018002c824 f   hwxface.obj
 0001:0002b998       AcpiGetSleepTypeData       000000018002c998 f   hwxface.obj
 0001:0002bb84       AcpiEnterSleepStatePrep    000000018002cb84 f   hwxfsleep.obj
 0001:0002bcec       AcpiEnterSleepState        000000018002ccec f   hwxfsleep.obj
 0001:0002bd94       AcpiEnterSleepStateS4bios  000000018002cd94 f   hwxfsleep.obj
 0001:0002bec8       AcpiLeaveSleepStatePrep    000000018002cec8 f   hwxfsleep.obj
 0001:0002bf2c       AcpiLeaveSleepState        000000018002cf2c f   hwxfsleep.obj
 0001:0002bf90       AcpiSetFirmwareWakingVector 000000018002cf90 f   hwxfsleep.obj
 0001:0002c0ac       AcpiNsRootInitialize       000000018002d0ac f   nsaccess.obj
 0001:0002c3ac       AcpiNsLookup               000000018002d3ac f   nsaccess.obj
 0001:0002cbec       AcpiNsCreateNode           000000018002dbec f   nsalloc.obj
 0001:0002ccac       AcpiNsDeleteNode           000000018002dcac f   nsalloc.obj
 0001:0002cda8       AcpiNsRemoveNode           000000018002dda8 f   nsalloc.obj
 0001:0002ce30       AcpiNsDeleteNamespaceSubtree 000000018002de30 f   nsalloc.obj
 0001:0002cf08       AcpiNsDeleteNamespaceByOwner 000000018002df08 f   nsalloc.obj
 0001:0002d038       AcpiNsDeleteChildren       000000018002e038 f   nsalloc.obj
 0001:0002d0e4       AcpiNsInstallNode          000000018002e0e4 f   nsalloc.obj
 0001:0002d258       AcpiNsCheckArgumentCount   000000018002e258 f   nsarguments.obj
 0001:0002d368       AcpiNsCheckAcpiCompliance  000000018002e368 f   nsarguments.obj
 0001:0002d460       AcpiNsCheckArgumentTypes   000000018002e460 f   nsarguments.obj
 0001:0002d560       AcpiNsConvertToInteger     000000018002e560 f   nsconvert.obj
 0001:0002d600       AcpiNsConvertToString      000000018002e600 f   nsconvert.obj
 0001:0002d6bc       AcpiNsConvertToBuffer      000000018002e6bc f   nsconvert.obj
 0001:0002d7b0       AcpiNsConvertToUnicode     000000018002e7b0 f   nsconvert.obj
 0001:0002d844       AcpiNsConvertToResource    000000018002e844 f   nsconvert.obj
 0001:0002d8b0       AcpiNsConvertToReference   000000018002e8b0 f   nsconvert.obj
 0001:0002d9f4       AcpiNsDumpEntry            000000018002e9f4 f   nsdump.obj
 0001:0002da40       AcpiNsPrintPathname        000000018002ea40 f   nsdump.obj
 0001:0002db10       AcpiNsDumpOneObject        000000018002eb10 f   nsdump.obj
 0001:0002e1dc       AcpiNsDumpObjects          000000018002f1dc f   nsdump.obj
 0001:0002e2a0       AcpiNsDumpObjectPaths      000000018002f2a0 f   nsdump.obj
 0001:0002e43c       AcpiNsEvaluate             000000018002f43c f   nseval.obj
 0001:0002e970       AcpiNsInitializeObjects    000000018002f970 f   nsinit.obj
 0001:0002eb64       AcpiNsInitializeDevices    000000018002fb64 f   nsinit.obj
 0001:0002ee98       AcpiNsInitOnePackage       000000018002fe98 f   nsinit.obj
 0001:0002f270       AcpiNsLoadTable            0000000180030270 f   nsload.obj
 0001:0002f40c       AcpiNsGetExternalPathname  000000018003040c f   nsnames.obj
 0001:0002f478       AcpiNsBuildNormalizedPath  0000000180030478 f   nsnames.obj
 0001:0002f5ac       AcpiNsNormalizePathname    00000001800305ac f   nsnames.obj
 0001:0002f690       AcpiNsGetNormalizedPathname 0000000180030690 f   nsnames.obj
 0001:0002f7e0       AcpiNsBuildPrefixedPathname 00000001800307e0 f   nsnames.obj
 0001:0002f914       AcpiNsHandleToName         0000000180030914 f   nsnames.obj
 0001:0002fa3c       AcpiNsHandleToPathname     0000000180030a3c f   nsnames.obj
 0001:0002fb88       AcpiNsGetPathnameLength    0000000180030b88 f   nsnames.obj
 0001:0002fbd0       AcpiNsDetachObject         0000000180030bd0 f   nsobject.obj
 0001:0002fd1c       AcpiNsAttachObject         0000000180030d1c f   nsobject.obj
 0001:0002ff48       AcpiNsGetAttachedObject    0000000180030f48 f   nsobject.obj
 0001:0003000c       AcpiNsGetSecondaryObject   000000018003100c f   nsobject.obj
 0001:000300ac       AcpiNsAttachData           00000001800310ac f   nsobject.obj
 0001:00030148       AcpiNsDetachData           0000000180031148 f   nsobject.obj
 0001:00030194       AcpiNsGetAttachedData      0000000180031194 f   nsobject.obj
 0001:000301c0       AcpiNsParseTable           00000001800311c0 f   nsparse.obj
 0001:0003027c       AcpiNsExecuteTable         000000018003127c f   nsparse.obj
 0001:0003053c       AcpiNsOneCompleteParse     000000018003153c f   nsparse.obj
 0001:0003075c       AcpiNsCheckReturnValue     000000018003175c f   nspredef.obj
 0001:000308b0       AcpiNsCheckObjectType      00000001800318b0 f   nspredef.obj
 0001:00030acc       AcpiNsCheckPackage         0000000180031acc f   nsprepkg.obj
 0001:0003151c       AcpiNsSimpleRepair         000000018003251c f   nsrepair.obj
 0001:000317fc       AcpiNsWrapWithPackage      00000001800327fc f   nsrepair.obj
 0001:000318b8       AcpiNsRepairNullElement    00000001800328b8 f   nsrepair.obj
 0001:000319b0       AcpiNsRemoveNullElements   00000001800329b0 f   nsrepair.obj
 0001:00031ad0       AcpiNsComplexRepairs       0000000180032ad0 f   nsrepair2.obj
 0001:0003250c       AcpiNsSearchAndEnter       000000018003350c f   nssearch.obj
 0001:00032808       AcpiNsSearchOneScope       0000000180033808 f   nssearch.obj
 0001:00032c38       AcpiNsOpensScope           0000000180033c38 f   nsutils.obj
 0001:00032c84       AcpiNsGetNodeUnlocked      0000000180033c84 f   nsutils.obj
 0001:00032e40       AcpiNsGetNode              0000000180033e40 f   nsutils.obj
 0001:00032f00       AcpiNsGetType              0000000180033f00 f   nsutils.obj
 0001:00032fa0       AcpiNsLocal                0000000180033fa0 f   nsutils.obj
 0001:00033058       AcpiNsPrintNodePathname    0000000180034058 f   nsutils.obj
 0001:000330dc       AcpiNsBuildInternalName    00000001800340dc f   nsutils.obj
 0001:000332b4       AcpiNsGetInternalNameLength 00000001800342b4 f   nsutils.obj
 0001:0003333c       AcpiNsInternalizeName      000000018003433c f   nsutils.obj
 0001:00033470       AcpiNsExternalizeName      0000000180034470 f   nsutils.obj
 0001:000336ac       AcpiNsValidateHandle       00000001800346ac f   nsutils.obj
 0001:000336e8       AcpiNsTerminate            00000001800346e8 f   nsutils.obj
 0001:000337a8       AcpiNsWalkNamespace        00000001800347a8 f   nswalk.obj
 0001:000339f8       AcpiNsGetNextNode          00000001800349f8 f   nswalk.obj
 0001:00033a30       AcpiNsGetNextNodeTyped     0000000180034a30 f   nswalk.obj
 0001:00033a8c       AcpiWalkNamespace          0000000180034a8c f   nsxfeval.obj
 0001:00033bd8       AcpiGetDevices             0000000180034bd8 f   nsxfeval.obj
 0001:00033ccc       AcpiAttachData             0000000180034ccc f   nsxfeval.obj
 0001:00033d50       AcpiDetachData             0000000180034d50 f   nsxfeval.obj
 0001:00033dc0       AcpiGetData                0000000180034dc0 f   nsxfeval.obj
 0001:00033e44       AcpiEvaluateObject         0000000180034e44 f   nsxfeval.obj
 0001:000341c4       AcpiEvaluateObjectTyped    00000001800351c4 f   nsxfeval.obj
 0001:00034538       AcpiGetName                0000000180035538 f   nsxfname.obj
 0001:000345b8       AcpiGetHandle              00000001800355b8 f   nsxfname.obj
 0001:0003466c       AcpiGetObjectInfo          000000018003566c f   nsxfname.obj
 0001:000349cc       AcpiInstallMethod          00000001800359cc f   nsxfname.obj
 0001:00034c14       AcpiGetNextObject          0000000180035c14 f   nsxfobj.obj
 0001:00034cd8       AcpiGetType                0000000180035cd8 f   nsxfobj.obj
 0001:00034d44       AcpiGetParent              0000000180035d44 f   nsxfobj.obj
 0001:00034dc4       AcpiPsGetNextPackageEnd    0000000180035dc4 f   psargs.obj
 0001:00034e38       AcpiPsGetNextNamestring    0000000180035e38 f   psargs.obj
 0001:00034ef8       AcpiPsGetNextSimpleArg     0000000180035ef8 f   psargs.obj
 0001:00035050       AcpiPsGetNextNamepath      0000000180036050 f   psargs.obj
 0001:00035368       AcpiPsGetNextArg           0000000180036368 f   psargs.obj
 0001:00035af8       AcpiPsParseLoop            0000000180036af8 f   psloop.obj
 0001:00036388       AcpiPsBuildNamedOp         0000000180037388 f   psobject.obj
 0001:00036570       AcpiPsCreateOp             0000000180037570 f   psobject.obj
 0001:000367b8       AcpiPsCompleteOp           00000001800377b8 f   psobject.obj
 0001:00036b80       AcpiPsCompleteFinalOp      0000000180037b80 f   psobject.obj
 0001:00036f00       AcpiPsGetOpcodeInfo        0000000180037f00 f   psopinfo.obj
 0001:00036fc8       AcpiPsGetOpcodeName        0000000180037fc8 f   psopinfo.obj
 0001:00036fe0       AcpiPsGetArgumentCount     0000000180037fe0 f   psopinfo.obj
 0001:00036ff8       AcpiPsParseAml             0000000180037ff8 f   psparse.obj
 0001:00037524       AcpiPsGetOpcodeSize        0000000180038524 f   psparse.obj
 0001:00037538       AcpiPsPeekOpcode           0000000180038538 f   psparse.obj
 0001:00037558       AcpiPsCompleteThisOp       0000000180038558 f   psparse.obj
 0001:0003779c       AcpiPsNextParseState       000000018003879c f   psparse.obj
 0001:00037924       AcpiPsInitScope            0000000180038924 f   psscope.obj
 0001:000379d4       AcpiPsGetParentScope       00000001800389d4 f   psscope.obj
 0001:000379e4       AcpiPsHasCompletedScope    00000001800389e4 f   psscope.obj
 0001:00037a04       AcpiPsPopScope             0000000180038a04 f   psscope.obj
 0001:00037b14       AcpiPsPushScope            0000000180038b14 f   psscope.obj
 0001:00037c0c       AcpiPsCleanupScope         0000000180038c0c f   psscope.obj
 0001:00037c80       AcpiPsAppendArg            0000000180038c80 f   pstree.obj
 0001:00037d68       AcpiPsGetArg               0000000180038d68 f   pstree.obj
 0001:00037dc0       AcpiPsGetDepthNext         0000000180038dc0 f   pstree.obj
 0001:00037e48       AcpiPsCreateScopeOp        0000000180038e48 f   psutils.obj
 0001:00037e70       AcpiPsInitOp               0000000180038e70 f   psutils.obj
 0001:00037eb8       AcpiPsAllocOp              0000000180038eb8 f   psutils.obj
 0001:00037f5c       AcpiPsFreeOp               0000000180038f5c f   psutils.obj
 0001:00037fdc       AcpiPsIsLeadingChar        0000000180038fdc f   psutils.obj
 0001:00037ff8       AcpiPsGetName              0000000180038ff8 f   psutils.obj
 0001:0003800c       AcpiPsSetName              000000018003900c f   psutils.obj
 0001:00038018       AcpiPsDeleteParseTree      0000000180039018 f   pswalk.obj
 0001:000381b8       AcpiDebugTrace             00000001800391b8 f   psxface.obj
 0001:00038224       AcpiPsExecuteMethod        0000000180039224 f   psxface.obj
 0001:000384cc       AcpiPsExecuteTable         00000001800394cc f   psxface.obj
 0001:00038670       AcpiRsSetAddressCommon     0000000180039670 f   rsaddr.obj
 0001:000386d8       AcpiRsGetAddressCommon     00000001800396d8 f   rsaddr.obj
 0001:00038748       AcpiRsGetListLength        0000000180039748 f   rscalc.obj
 0001:00038ad4       AcpiRsGetAmlLength         0000000180039ad4 f   rscalc.obj
 0001:00038d3c       AcpiRsGetPciRoutingTableLength 0000000180039d3c f   rscalc.obj
 0001:00038f20       AcpiBufferToResource       0000000180039f20 f   rscreate.obj
 0001:00039050       AcpiRsCreateResourceList   000000018003a050 f   rscreate.obj
 0001:00039228       AcpiRsCreateAmlResources   000000018003a228 f   rscreate.obj
 0001:000393e8       AcpiRsCreatePciRoutingTable 000000018003a3e8 f   rscreate.obj
 0001:0003985c       AcpiRsDumpResourceList     000000018003a85c f   rsdump.obj
 0001:00039948       AcpiRsDumpIrqList          000000018003a948 f   rsdump.obj
 0001:00039edc       AcpiRsConvertAmlToResources 000000018003aedc f   rslist.obj
 0001:0003a0c8       AcpiRsConvertResourcesToAml 000000018003b0c8 f   rslist.obj
 0001:0003a2b4       AcpiRsConvertAmlToResource 000000018003b2b4 f   rsmisc.obj
 0001:0003a7d8       AcpiRsConvertResourceToAml 000000018003b7d8 f   rsmisc.obj
 0001:0003abb4       AcpiRsGetPrtMethodData     000000018003bbb4 f   rsutils.obj
 0001:0003ac58       AcpiRsGetCrsMethodData     000000018003bc58 f   rsutils.obj
 0001:0003acfc       AcpiRsGetPrsMethodData     000000018003bcfc f   rsutils.obj
 0001:0003ada0       AcpiRsGetMethodData        000000018003bda0 f   rsutils.obj
 0001:0003ae4c       AcpiRsSetSrsMethodData     000000018003be4c f   rsutils.obj
 0001:0003afb8       AcpiRsGetAeiMethodData     000000018003bfb8 f   rsutils.obj
 0001:0003b05c       AcpiRsMoveData             000000018003c05c f   rsutils.obj
 0001:0003b128       AcpiRsDecodeBitmask        000000018003c128 f   rsutils.obj
 0001:0003b170       AcpiRsEncodeBitmask        000000018003c170 f   rsutils.obj
 0001:0003b1b4       AcpiRsGetResourceSource    000000018003c1b4 f   rsutils.obj
 0001:0003b268       AcpiRsSetResourceSource    000000018003c268 f   rsutils.obj
 0001:0003b2d0       AcpiRsSetResourceHeader    000000018003c2d0 f   rsutils.obj
 0001:0003b30c       AcpiRsSetResourceLength    000000018003c30c f   rsutils.obj
 0001:0003b39c       AcpiGetVendorResource      000000018003c39c f   rsxface.obj
 0001:0003b3ec       AcpiGetCurrentResources    000000018003c3ec f   rsxface.obj
 0001:0003b47c       AcpiGetPossibleResources   000000018003c47c f   rsxface.obj
 0001:0003b50c       AcpiGetEventResources      000000018003c50c f   rsxface.obj
 0001:0003b59c       AcpiWalkResourceBuffer     000000018003c59c f   rsxface.obj
 0001:0003b6b4       AcpiWalkResources          000000018003c6b4 f   rsxface.obj
 0001:0003b7c4       AcpiSetCurrentResources    000000018003c7c4 f   rsxface.obj
 0001:0003b890       AcpiGetIrqRoutingTable     000000018003c890 f   rsxface.obj
 0001:0003b920       AcpiResourceToAddress64    000000018003c920 f   rsxface.obj
 0001:0003bbc0       AcpiTbGetNextTableDescriptor 000000018003cbc0 f   tbdata.obj
 0001:0003bc2c       AcpiTbInitTableDescriptor  000000018003cc2c f   tbdata.obj
 0001:0003bc88       AcpiTbAcquireTempTable     000000018003cc88 f   tbdata.obj
 0001:0003bd24       AcpiTbReleaseTempTable     000000018003cd24 f   tbdata.obj
 0001:0003bd30       AcpiTbValidateTempTable    000000018003cd30 f   tbdata.obj
 0001:0003bd54       AcpiTbVerifyTempTable      000000018003cd54 f   tbdata.obj
 0001:0003bef8       AcpiTbIsTableLoaded        000000018003cef8 f   tbdata.obj
 0001:0003bf4c       AcpiTbSetTableLoadedFlag   000000018003cf4c f   tbdata.obj
 0001:0003bfa8       AcpiTbResizeRootTableList  000000018003cfa8 f   tbdata.obj
 0001:0003c144       AcpiTbValidateTable        000000018003d144 f   tbdata.obj
 0001:0003c1d8       AcpiTbInvalidateTable      000000018003d1d8 f   tbdata.obj
 0001:0003c24c       AcpiTbAcquireTable         000000018003d24c f   tbdata.obj
 0001:0003c2cc       AcpiTbReleaseTable         000000018003d2cc f   tbdata.obj
 0001:0003c2f0       AcpiTbLoadTable            000000018003d2f0 f   tbdata.obj
 0001:0003c3b4       AcpiTbInstallAndLoadTable  000000018003d3b4 f   tbdata.obj
 0001:0003c470       AcpiTbUnloadTable          000000018003d470 f   tbdata.obj
 0001:0003c548       AcpiTbNotifyTable          000000018003d548 f   tbdata.obj
 0001:0003c56c       AcpiTbTerminate            000000018003d56c f   tbdata.obj
 0001:0003c674       AcpiTbDeleteNamespaceByOwner 000000018003d674 f   tbdata.obj
 0001:0003c784       AcpiTbAllocateOwnerId      000000018003d784 f   tbdata.obj
 0001:0003c820       AcpiTbReleaseOwnerId       000000018003d820 f   tbdata.obj
 0001:0003c8bc       AcpiTbGetOwnerId           000000018003d8bc f   tbdata.obj
 0001:0003cad0       AcpiTbParseFadt            000000018003dad0 f   tbfadt.obj
 0001:0003cbac       AcpiTbCreateLocalFadt      000000018003dbac f   tbfadt.obj
 0001:0003d0f4       AcpiTbFindTable            000000018003e0f4 f   tbfind.obj
 0001:0003d370       AcpiTbOverrideTable        000000018003e370 f   tbinstal.obj
 0001:0003d470       AcpiTbInstallStandardTable 000000018003e470 f   tbinstal.obj
 0001:0003d618       AcpiTbUninstallTable       000000018003e618 f   tbinstal.obj
 0001:0003d6a4       AcpiTbInstallTableWithOverride 000000018003e6a4 f   tbinstal.obj
 0001:0003d730       AcpiTbPrintTableHeader     000000018003e730 f   tbprint.obj
 0001:0003d864       AcpiTbChecksum             000000018003e864 f   tbprint.obj
 0001:0003d880       AcpiTbVerifyChecksum       000000018003e880 f   tbprint.obj
 0001:0003d968       AcpiTbInitializeFacs       000000018003e968 f   tbutils.obj
 0001:0003d9d0       AcpiTbCheckDsdtHeader      000000018003e9d0 f   tbutils.obj
 0001:0003da4c       AcpiTbCopyDsdt             000000018003ea4c f   tbutils.obj
 0001:0003db00       AcpiTbParseRootTable       000000018003eb00 f   tbutils.obj
 0001:0003dd58       AcpiTbGetTable             000000018003ed58 f   tbutils.obj
 0001:0003de4c       AcpiTbPutTable             000000018003ee4c f   tbutils.obj
 0001:0003deec       AcpiInitializeTables       000000018003eeec f   tbxface.obj
 0001:0003dfc4       AcpiReallocateRootTable    000000018003efc4 f   tbxface.obj
 0001:0003e104       AcpiGetTableHeader         000000018003f104 f   tbxface.obj
 0001:0003e1e0       AcpiGetTable               000000018003f1e0 f   tbxface.obj
 0001:0003e28c       AcpiPutTable               000000018003f28c f   tbxface.obj
 0001:0003e330       AcpiGetTableByIndex        000000018003f330 f   tbxface.obj
 0001:0003e3e4       AcpiInstallTableHandler    000000018003f3e4 f   tbxface.obj
 0001:0003e4a4       AcpiRemoveTableHandler     000000018003f4a4 f   tbxface.obj
 0001:0003e544       AcpiAllocateRootTable      000000018003f544 f   tbxface.obj
 0001:0003e558       AcpiInstallTable           000000018003f558 f   tbxfload.obj
 0001:0003e5dc       AcpiLoadTable              000000018003f5dc f   tbxfload.obj
 0001:0003e684       AcpiUnloadTable            000000018003f684 f   tbxfload.obj
 0001:0003e714       AcpiUnloadParentTable      000000018003f714 f   tbxfload.obj
 0001:0003e858       AcpiLoadTables             000000018003f858 f   tbxfload.obj
 0001:0003e91c       AcpiTbLoadNamespace        000000018003f91c f   tbxfload.obj
 0001:0003ec24       AcpiFindRootPointer        000000018003fc24 f   tbxfroot.obj
 0001:0003ee10       AcpiTbGetRsdpLength        000000018003fe10 f   tbxfroot.obj
 0001:0003ee50       AcpiTbValidateRsdp         000000018003fe50 f   tbxfroot.obj
 0001:0003eebc       AcpiTbScanMemoryForRsdp    000000018003febc f   tbxfroot.obj
 0001:0003efe8       AcpiUtAddAddressRange      000000018003ffe8 f   utaddress.obj
 0001:0003f154       AcpiUtRemoveAddressRange   0000000180040154 f   utaddress.obj
 0001:0003f29c       AcpiUtCheckAddressRange    000000018004029c f   utaddress.obj
 0001:0003f450       AcpiUtDeleteAddressLists   0000000180040450 f   utaddress.obj
 0001:0003f4b0       AcpiOsAllocateZeroed       00000001800404b0 f   utalloc.obj
 0001:0003f4f4       AcpiUtCreateCaches         00000001800404f4 f   utalloc.obj
 0001:0003f5d4       AcpiUtDeleteCaches         00000001800405d4 f   utalloc.obj
 0001:0003f6a0       AcpiUtValidateBuffer       00000001800406a0 f   utalloc.obj
 0001:0003f6c8       AcpiUtInitializeBuffer     00000001800406c8 f   utalloc.obj
 0001:0003f75c       AcpiUtValidNameseg         000000018004075c f   utascii.obj
 0001:0003f79c       AcpiUtValidNameChar        000000018004079c f   utascii.obj
 0001:0003f7cc       AcpiUtCheckAndRepairAscii  00000001800407cc f   utascii.obj
 0001:0003f82c       AcpiUtDebugDumpBuffer      000000018004082c f   utbuffer.obj
 0001:0003f858       AcpiUtDumpBuffer           0000000180040858 f   utbuffer.obj
 0001:0003fa24       AcpiUtDumpBufferToFile     0000000180040a24 f   utbuffer.obj
 0001:0003fbe0       AcpiOsCreateCache          0000000180040be0 f   utcache.obj
 0001:0003fc78       AcpiOsDeleteCache          0000000180040c78 f   utcache.obj
 0001:0003fca8       AcpiOsPurgeCache           0000000180040ca8 f   utcache.obj
 0001:0003fd2c       AcpiOsAcquireObject        0000000180040d2c f   utcache.obj
 0001:0003fec4       AcpiOsReleaseObject        0000000180040ec4 f   utcache.obj
 0001:0003ff6c       AcpiUtCopyIobjectToEobject 0000000180040f6c f   utcopy.obj
 0001:0003fff8       AcpiUtCopyEobjectToIobject 0000000180040ff8 f   utcopy.obj
 0001:00040074       AcpiUtCopyIobjectToIobject 0000000180041074 f   utcopy.obj
 0001:00040ac4       AcpiDebugPrint             0000000180041ac4 f   utdebug.obj
 0001:00040bdc       AcpiDebugPrintRaw          0000000180041bdc f   utdebug.obj
 0001:00040c10       AcpiTracePoint             0000000180041c10 f   utdebug.obj
 0001:00040c60       AcpiUtInitStackPtrTrace    0000000180041c60 f   utdebug.obj
 0001:00040c74       AcpiUtTrackStackPtr        0000000180041c74 f   utdebug.obj
 0001:00040cb0       AcpiUtTrace                0000000180041cb0 f   utdebug.obj
 0001:00040d34       AcpiUtTracePtr             0000000180041d34 f   utdebug.obj
 0001:00040dc4       AcpiUtTraceU32             0000000180041dc4 f   utdebug.obj
 0001:00040e50       AcpiUtTraceStr             0000000180041e50 f   utdebug.obj
 0001:00040ee0       AcpiUtExit                 0000000180041ee0 f   utdebug.obj
 0001:00040f48       AcpiUtStatusExit           0000000180041f48 f   utdebug.obj
 0001:00041008       AcpiUtValueExit            0000000180042008 f   utdebug.obj
 0001:0004108c       AcpiUtPtrExit              000000018004208c f   utdebug.obj
 0001:000410fc       AcpiUtStrExit              00000001800420fc f   utdebug.obj
 0001:00041188       AcpiUtGetMutexName         0000000180042188 f   utdecode.obj
 0001:000411ac       AcpiUtGetNotifyName        00000001800421ac f   utdecode.obj
 0001:0004124c       AcpiUtGetTypeName          000000018004224c f   utdecode.obj
 0001:00041270       AcpiUtGetNodeName          0000000180042270 f   utdecode.obj
 0001:000412c8       AcpiUtGetDescriptorName    00000001800422c8 f   utdecode.obj
 0001:000412fc       AcpiUtGetReferenceName     00000001800422fc f   utdecode.obj
 0001:0004134c       AcpiUtGetObjectTypeName    000000018004234c f   utdecode.obj
 0001:0004148c       AcpiUtGetRegionName        000000018004248c f   utdecode.obj
 0001:000414d8       AcpiUtGetEventName         00000001800424d8 f   utdecode.obj
 0001:000414fc       AcpiUtGetArgumentTypeName  00000001800424fc f   utdecode.obj
 0001:00041520       AcpiUtValidObjectType      0000000180042520 f   utdecode.obj
 0001:00041528       AcpiUtUpdateObjectReference 0000000180042528 f   utdelete.obj
 0001:00041764       AcpiUtAddReference         0000000180042764 f   utdelete.obj
 0001:000417dc       AcpiUtRemoveReference      00000001800427dc f   utdelete.obj
 0001:00041868       AcpiUtDeleteInternalObjectList 0000000180042868 f   utdelete.obj
 0001:00042090       AcpiUtPredefinedWarning    0000000180043090 f   uterror.obj
 0001:000420e4       AcpiUtPredefinedInfo       00000001800430e4 f   uterror.obj
 0001:00042138       AcpiUtPredefinedBiosError  0000000180043138 f   uterror.obj
 0001:0004218c       AcpiUtPrefixedNamespaceError 000000018004318c f   uterror.obj
 0001:00042278       AcpiUtMethodError          0000000180043278 f   uterror.obj
 0001:00042324       AcpiUtEvaluateObject       0000000180043324 f   uteval.obj
 0001:00042588       AcpiUtEvaluateNumericObject 0000000180043588 f   uteval.obj
 0001:0004264c       AcpiUtExecute_STA          000000018004364c f   uteval.obj
 0001:00042768       AcpiUtExecutePowerMethods  0000000180043768 f   uteval.obj
 0001:000428a8       AcpiFormatException        00000001800438a8 f   utexcep.obj
 0001:000428f4       AcpiUtValidateException    00000001800438f4 f   utexcep.obj
 0001:000429d4       AcpiUtHexToAsciiChar       00000001800439d4 f   uthex.obj
 0001:00042a00       AcpiUtAsciiToHexByte       0000000180043a00 f   uthex.obj
 0001:00042a68       AcpiUtAsciiCharToHex       0000000180043a68 f   uthex.obj
 0001:00042a80       AcpiUtExecute_HID          0000000180043a80 f   utids.obj
 0001:00042b88       AcpiUtExecute_UID          0000000180043b88 f   utids.obj
 0001:00042c90       AcpiUtExecute_CID          0000000180043c90 f   utids.obj
 0001:00042e40       AcpiUtExecute_CLS          0000000180043e40 f   utids.obj
 0001:00042f70       AcpiUtInitGlobals          0000000180043f70 f   utinit.obj
 0001:000431a4       AcpiUtSubsystemShutdown    00000001800441a4 f   utinit.obj
 0001:00043390       AcpiUtCreateRwLock         0000000180044390 f   utlock.obj
 0001:000433cc       AcpiUtDeleteRwLock         00000001800443cc f   utlock.obj
 0001:00043400       AcpiUtAcquireReadLock      0000000180044400 f   utlock.obj
 0001:00043464       AcpiUtReleaseReadLock      0000000180044464 f   utlock.obj
 0001:000434b4       AcpiUtAcquireWriteLock     00000001800444b4 f   utlock.obj
 0001:000434d0       AcpiUtReleaseWriteLock     00000001800444d0 f   utlock.obj
 0001:000434e0       AcpiUtDivide               00000001800444e0 f   utmath.obj
 0001:000435c4       AcpiUtShortDivide          00000001800445c4 f   utmath.obj
 0001:000436a8       AcpiUtShortMultiply        00000001800446a8 f   utmath.obj
 0001:00043724       AcpiUtShortShiftLeft       0000000180044724 f   utmath.obj
 0001:000437a4       AcpiUtShortShiftRight      00000001800447a4 f   utmath.obj
 0001:0004381c       AcpiUtCreateUpdateStateAndPush 000000018004481c f   utmisc.obj
 0001:00043878       AcpiUtIsPciRootBridge      0000000180044878 f   utmisc.obj
 0001:000438b8       AcpiUtIsAmlTable           00000001800448b8 f   utmisc.obj
 0001:00043918       AcpiUtWalkPackageTree      0000000180044918 f   utmisc.obj
 0001:00043b14       AcpiUtDwordByteSwap        0000000180044b14 f   utmisc.obj
 0001:00043b50       AcpiUtSetIntegerWidth      0000000180044b50 f   utmisc.obj
 0001:00043b84       AcpiUtDisplayInitPathname  0000000180044b84 f   utmisc.obj
 0001:00043c50       AcpiUtMutexInitialize      0000000180044c50 f   utmutex.obj
 0001:00043d9c       AcpiUtMutexTerminate       0000000180044d9c f   utmutex.obj
 0001:00043e38       AcpiUtAcquireMutex         0000000180044e38 f   utmutex.obj
 0001:00044020       AcpiUtReleaseMutex         0000000180045020 f   utmutex.obj
 0001:00044284       AcpiUtStrupr               0000000180045284 f   utnonansi.obj
 0001:000442b8       AcpiUtStrlwr               00000001800452b8 f   utnonansi.obj
 0001:000442ec       AcpiUtStricmp              00000001800452ec f   utnonansi.obj
 0001:0004433c       AcpiUtSafeStrcpy           000000018004533c f   utnonansi.obj
 0001:00044388       AcpiUtSafeStrncpy          0000000180045388 f   utnonansi.obj
 0001:000443b4       AcpiUtSafeStrcat           00000001800453b4 f   utnonansi.obj
 0001:00044418       AcpiUtSafeStrncat          0000000180045418 f   utnonansi.obj
 0001:0004449c       AcpiUtCreateInternalObjectDbg 000000018004549c f   utobject.obj
 0001:000445b0       AcpiUtAllocateObjectDescDbg 00000001800455b0 f   utobject.obj
 0001:000446bc       AcpiUtDeleteObjectDesc     00000001800456bc f   utobject.obj
 0001:00044758       AcpiUtValidInternalObject  0000000180045758 f   utobject.obj
 0001:00044818       AcpiUtCreatePackageObject  0000000180045818 f   utobject.obj
 0001:00044908       AcpiUtCreateIntegerObject  0000000180045908 f   utobject.obj
 0001:000449ac       AcpiUtCreateBufferObject   00000001800459ac f   utobject.obj
 0001:00044ac4       AcpiUtCreateStringObject   0000000180045ac4 f   utobject.obj
 0001:00044bc0       AcpiUtGetObjectSize        0000000180045bc0 f   utobject.obj
 0001:00044ec8       AcpiUtInitializeInterfaces 0000000180045ec8 f   utosi.obj
 0001:00044f38       AcpiUtInterfaceTerminate   0000000180045f38 f   utosi.obj
 0001:00044fdc       AcpiUtInstallInterface     0000000180045fdc f   utosi.obj
 0001:0004508c       AcpiUtRemoveInterface      000000018004608c f   utosi.obj
 0001:00045140       AcpiUtUpdateInterfaces     0000000180046140 f   utosi.obj
 0001:00045180       AcpiUtGetInterface         0000000180046180 f   utosi.obj
 0001:000451c8       AcpiUtOsiImplementation    00000001800461c8 f   utosi.obj
 0001:000453bc       AcpiUtAllocateOwnerId      00000001800463bc f   utownerid.obj
 0001:00045560       AcpiUtReleaseOwnerId       0000000180046560 f   utownerid.obj
 0001:00045670       AcpiUtGetNextPredefinedMethod 0000000180046670 f   utpredef.obj
 0001:0004568c       AcpiUtMatchPredefinedMethod 000000018004668c f   utpredef.obj
 0001:000456c8       AcpiUtGetExpectedReturnTypes 00000001800466c8 f   utpredef.obj
 0001:00045748       AcpiUtWalkAmlResources     0000000180046748 f   utresrc.obj
 0001:00045928       AcpiUtValidateResource     0000000180046928 f   utresrc.obj
 0001:00045a90       AcpiUtGetDescriptorLength  0000000180046a90 f   utresrc.obj
 0001:00045acc       AcpiUtGetResourceLength    0000000180046acc f   utresrc.obj
 0001:00045af8       AcpiUtGetResourceHeaderLength 0000000180046af8 f   utresrc.obj
 0001:00045b20       AcpiUtGetResourceType      0000000180046b20 f   utresrc.obj
 0001:00045b48       AcpiUtGetResourceEndTag    0000000180046b48 f   utresrc.obj
 0001:00045bf0       AcpiUtPushGenericState     0000000180046bf0 f   utstate.obj
 0001:00045c20       AcpiUtPopGenericState      0000000180046c20 f   utstate.obj
 0001:00045c48       AcpiUtCreateGenericState   0000000180046c48 f   utstate.obj
 0001:00045c74       AcpiUtCreateThreadState    0000000180046c74 f   utstate.obj
 0001:00045cd0       AcpiUtCreateUpdateState    0000000180046cd0 f   utstate.obj
 0001:00045d0c       AcpiUtCreatePkgState       0000000180046d0c f   utstate.obj
 0001:00045d60       AcpiUtCreateControlState   0000000180046d60 f   utstate.obj
 0001:00045d88       AcpiUtDeleteGenericState   0000000180046d88 f   utstate.obj
 0001:00045db0       AcpiUtPrintString          0000000180046db0 f   utstring.obj
 0001:00045efc       UtConvertBackslashes       0000000180046efc f   utstring.obj
 0001:00045f1c       AcpiUtRepairName           0000000180046f1c f   utstring.obj
 0001:00046004       AcpiUtConvertOctalString   0000000180047004 f   utstrsuppt.obj
 0001:00046074       AcpiUtConvertDecimalString 0000000180047074 f   utstrsuppt.obj
 0001:000460ec       AcpiUtConvertHexString     00000001800470ec f   utstrsuppt.obj
 0001:00046164       AcpiUtRemoveWhitespace     0000000180047164 f   utstrsuppt.obj
 0001:00046198       AcpiUtRemoveLeadingZeros   0000000180047198 f   utstrsuppt.obj
 0001:000461b4       AcpiUtDetectHexPrefix      00000001800471b4 f   utstrsuppt.obj
 0001:000461e0       AcpiUtRemoveHexPrefix      00000001800471e0 f   utstrsuppt.obj
 0001:00046210       AcpiUtDetectOctalPrefix    0000000180047210 f   utstrsuppt.obj
 0001:00046314       AcpiUtStrtoul64            0000000180047314 f   utstrtoul64.obj
 0001:00046458       AcpiUtExplicitStrtoul64    0000000180047458 f   utstrtoul64.obj
 0001:00046534       AcpiUtImplicitStrtoul64    0000000180047534 f   utstrtoul64.obj
 0001:000465fc       AcpiUtAllocateAndTrack     00000001800475fc f   uttrack.obj
 0001:000466e4       AcpiUtAllocateZeroedAndTrack 00000001800476e4 f   uttrack.obj
 0001:000467cc       AcpiUtFreeAndTrack         00000001800477cc f   uttrack.obj
 0001:00046910       AcpiUtDumpAllocationInfo   0000000180047910 f   uttrack.obj
 0001:0004695c       AcpiUtDumpAllocations      000000018004795c f   uttrack.obj
 0001:00046bb8       AcpiUtCreateList           0000000180047bb8 f   uttrack.obj
 0001:00046eb8       AcpiUtConvertStringToUuid  0000000180047eb8 f   utuuid.obj
 0001:00046f28       AcpiUtConvertUuidToString  0000000180047f28 f   utuuid.obj
 0001:00046fc0       AcpiTerminate              0000000180047fc0 f   utxface.obj
 0001:00047028       AcpiSubsystemStatus        0000000180048028 f   utxface.obj
 0001:0004703c       AcpiGetSystemInfo          000000018004803c f   utxface.obj
 0001:00047130       AcpiGetStatistics          0000000180048130 f   utxface.obj
 0001:000471e8       AcpiPurgeCachedObjects     00000001800481e8 f   utxface.obj
 0001:0004726c       AcpiInstallInterface       000000018004826c f   utxface.obj
 0001:000472fc       AcpiRemoveInterface        00000001800482fc f   utxface.obj
 0001:00047360       AcpiUpdateInterfaces       0000000180048360 f   utxface.obj
 0001:000473ac       AcpiCheckAddressRange      00000001800483ac f   utxface.obj
 0001:00047418       AcpiDecodePldBuffer        0000000180048418 f   utxface.obj
 0001:00047588       AcpiInstallInitializationHandler 0000000180048588 f   utxface.obj
 0001:000475b4       AcpiInstallInterfaceHandler 00000001800485b4 f   utxface.obj
 0001:00047618       AcpiError                  0000000180048618 f   utxferror.obj
 0001:0004766c       AcpiException              000000018004866c f   utxferror.obj
 0001:000476dc       AcpiWarning                00000001800486dc f   utxferror.obj
 0001:00047730       AcpiInfo                   0000000180048730 f   utxferror.obj
 0001:0004777c       AcpiBiosError              000000018004877c f   utxferror.obj
 0001:000477d0       AcpiBiosException          00000001800487d0 f   utxferror.obj
 0001:00047840       AcpiBiosWarning            0000000180048840 f   utxferror.obj
 0001:00047890       AcpiInitializeSubsystem    0000000180048890 f   utxfinit.obj
 0001:000479f4       AcpiEnableSubsystem        00000001800489f4 f   utxfinit.obj
 0001:00047bb0       AcpiInitializeObjects      0000000180048bb0 f   utxfinit.obj
 0001:00047c28       AcpiAcquireMutex           0000000180048c28 f   utxfmutex.obj
 0001:00047c64       AcpiReleaseMutex           0000000180048c64 f   utxfmutex.obj
 0001:00047cfc       AcpiOsInitializeDebugger   0000000180048cfc f   osgendbg.obj
 0001:00047da0       AcpiOsTerminateDebugger    0000000180048da0 f   osgendbg.obj
 0001:00047dd0       AcpiOsWaitCommandReady     0000000180048dd0 f   osgendbg.obj
 0001:00047e80       AcpiOsNotifyCommandComplete 0000000180048e80 f   osgendbg.obj
 0001:00047eac       AcpiRunDebugger            0000000180048eac f   osgendbg.obj
 0001:00047fac       AcpiOsOpenDirectory        0000000180048fac f   oswindir.obj
 0001:000480c4       AcpiOsGetNextFilename      00000001800490c4 f   oswindir.obj
 0001:00048140       AcpiOsCloseDirectory       0000000180049140 f   oswindir.obj
 0001:00048170       AcpiOsInitialize           0000000180049170 f   oswinxf.obj
 0001:000481c0       AcpiOsTerminate            00000001800491c0 f   oswinxf.obj
 0001:000481cc       AcpiOsPredefinedOverride   00000001800491cc f   oswinxf.obj
 0001:000481ec       AcpiOsTableOverride        00000001800491ec f   oswinxf.obj
 0001:00048218       AcpiOsPhysicalTableOverride 0000000180049218 f   oswinxf.obj
 0001:00048224       AcpiOsCreateLock           0000000180049224 f   oswinxf.obj
 0001:0004823c       AcpiOsDeleteLock           000000018004923c f   oswinxf.obj
 0001:00048248       AcpiOsAcquireLock          0000000180049248 f   oswinxf.obj
 0001:00048254       AcpiOsReleaseLock          0000000180049254 f   oswinxf.obj
 0001:00048260       AcpiOsCreateSemaphore      0000000180049260 f   oswinxf.obj
 0001:00048270       AcpiOsDeleteSemaphore      0000000180049270 f   oswinxf.obj
 0001:0004827c       AcpiOsWaitSemaphore        000000018004927c f   oswinxf.obj
 0001:00048288       AcpiOsSignalSemaphore      0000000180049288 f   oswinxf.obj
 0001:00048294       AcpiOsAllocate             0000000180049294 f   oswinxf.obj
 0001:000482a0       AcpiOsFree                 00000001800492a0 f   oswinxf.obj
 0001:000482ac       AcpiOsMapMemory            00000001800492ac f   oswinxf.obj
 0001:000482b8       AcpiOsUnmapMemory          00000001800492b8 f   oswinxf.obj
 0001:000482c4       AcpiOsInstallInterruptHandler 00000001800492c4 f   oswinxf.obj
 0001:000482d0       AcpiOsRemoveInterruptHandler 00000001800492d0 f   oswinxf.obj
 0001:000482dc       AcpiOsGetThreadId          00000001800492dc f   oswinxf.obj
 0001:000482e8       AcpiOsExecute              00000001800492e8 f   oswinxf.obj
 0001:00048300       AcpiOsWaitEventsComplete   0000000180049300 f   oswinxf.obj
 0001:0004830c       AcpiOsSleep                000000018004930c f   oswinxf.obj
 0001:0004831c       AcpiOsStall                000000018004931c f   oswinxf.obj
 0001:00048334       AcpiOsReadPort             0000000180049334 f   oswinxf.obj
 0001:0004838c       AcpiOsWritePort            000000018004938c f   oswinxf.obj
 0001:000483d0       AcpiOsReadMemory           00000001800493d0 f   oswinxf.obj
 0001:00048400       AcpiOsWriteMemory          0000000180049400 f   oswinxf.obj
 0001:0004840c       AcpiOsReadPciConfiguration 000000018004940c f   oswinxf.obj
 0001:0004841c       AcpiOsWritePciConfiguration 000000018004941c f   oswinxf.obj
 0001:00048428       AcpiOsReadable             0000000180049428 f   oswinxf.obj
 0001:00048444       AcpiOsWritable             0000000180049444 f   oswinxf.obj
 0001:00048460       AcpiOsGetTimer             0000000180049460 f   oswinxf.obj
 0001:000484a8       AcpiOsSignal               00000001800494a8 f   oswinxf.obj
 0001:000484b4       AcpiOsEnterSleep           00000001800494b4 f   oswinxf.obj
 0001:000484c0       AcpiOsPrintf               00000001800494c0 f   oswinxf.obj
 0001:00048528       AcpiOsVprintf              0000000180049528 f   oswinxf.obj
 0001:0004858c       AcpiOsRedirectOutput       000000018004958c f   oswinxf.obj
 0001:0004859c       AcpiOsGetLine              000000018004959c f   oswinxf.obj
 0001:0004861c       AeSignalHandler            000000018004961c f   aeexception.obj
 0001:000486f4       AeExceptionHandler         00000001800496f4 f   aeexception.obj
 0001:000489c0       AeTestBufferArgument       00000001800499c0 f   aeexec.obj
 0001:00048a24       AeTestPackageArgument      0000000180049a24 f   aeexec.obj
 0001:00048b1c       AeGetDevices               0000000180049b1c f   aeexec.obj
 0001:00048b28       AeSetupConfiguration       0000000180049b28 f   aeexec.obj
 0001:00048b70       ExecuteOSI                 0000000180049b70 f   aeexec.obj
 0001:00048c74       AeGenericRegisters         0000000180049c74 f   aeexec.obj
 0001:00048dbc       AfInstallGpeBlock          0000000180049dbc f   aeexec.obj
 0001:000490b0       AeInstallEarlyHandlers     000000018004a0b0 f   aehandlers.obj
 0001:000494cc       AeInstallLateHandlers      000000018004a4cc f   aehandlers.obj
 0001:000497f8       AeGpeHandler               000000018004a7f8 f   aehandlers.obj
 0001:0004982c       AeGlobalEventHandler       000000018004a82c f   aehandlers.obj
 0001:00049cc8       AeOpenInitializationFile   000000018004acc8 f   aeinitfile.obj
 0001:00049d28       AeProcessInitFile          000000018004ad28 f   aeinitfile.obj
 0001:00049fe0       AeLookupInitFileEntry      000000018004afe0 f   aeinitfile.obj
 0001:0004a1b4       AeDisplayUnusedInitFileItems 000000018004b1b4 f   aeinitfile.obj
 0001:0004a218       AeDeleteInitFileList       000000018004b218 f   aeinitfile.obj
 0001:0004a274       AeInstallDeviceHandlers    000000018004b274 f   aeinstall.obj
 0001:0004a2b8       AeInstallRegionHandlers    000000018004b2b8 f   aeinstall.obj
 0001:0004a35c       AeOverrideRegionHandlers   000000018004b35c f   aeinstall.obj
 0001:0004a520       MpSaveGpioInfo             000000018004b520 f   aemain.obj
 0001:0004a52c       MpSaveSerialInfo           000000018004b52c f   aemain.obj
 0001:0004a538       main                       000000018004b538 f   aemain.obj
 0001:0004af74       AeRegionHandler            000000018004bf74 f   aeregion.obj
 0001:0004b81c       AcpiOsGetRootPointer       000000018004c81c f   aetables.obj
 0001:0004b82c       AeBuildLocalTables         000000018004c82c f   aetables.obj
 0001:0004bc68       AeInstallTables            000000018004cc68 f   aetables.obj
[...]
 0002:00023a84       $unwind$_osifUefiShellFileFindAll 000000018007ba84     toroC64:osifUefiShellFileFindAll.obj
 0002:00023a9c       $unwind$_osifUefiShellFileGetStatus 000000018007ba9c     toroC64:osifUefiShellFileGetStatus.obj
 0002:00023ab0       $unwind$_osifUefiShellDirectoryCreate 000000018007bab0     toroC64:osifUefiShellDirectoryCreate.obj
 0002:00023ac4       $unwind$myConIOPutStr      000000018007bac4     toroC64:osifUefiShellCmdExec.obj
 0002:00023ad8       $unwind$_osifUefiShellCmdExec 000000018007bad8     toroC64:osifUefiShellCmdExec.obj
 0002:00023ae4       $unwind$_osifUefiShellGetEnv 000000018007bae4     toroC64:osifUefiShellGetEnv.obj
 0002:00023afc       $unwind$_osifUefiShellGetDrvCwd 000000018007bafc     toroC64:osifUefiShellGetDrvCwd.obj
 0002:00023b08       $unwind$_cdeCoreFread      000000018007bb08     toroC64:_cdeCoreFread.obj
 0002:00023b20       $unwind$_cdeCoreFwrite     000000018007bb20     toroC64:_cdeCoreFwrite.obj
 0002:00023b3c       $unwind$_cdeCoreFsetpos    000000018007bb3c     toroC64:_cdeCoreFsetpos.obj
 0002:00023b50       $unwind$_cdeCoreFflush     000000018007bb50     toroC64:_cdeCoreFflush.obj
 0002:00023b60       $unwind$_CdeLocateProtocol 000000018007bb60     toroC64:_CdeLocateProtocol.obj
 0002:00023b68       $unwind$_cdeStr2Argcv      000000018007bb68     toroC64:_cdeStr2Argcv.obj
 0002:00023b80       $unwind$fcloseCDEABI       000000018007bb80     toroC64:FcloseCDEABI.obj
 0002:00023b94       $unwind$fgetcCDEABI        000000018007bb94     toroC64:FgetcCDEABI.obj
 0002:00023b9c       $unwind$fwriteCDEABI       000000018007bb9c     toroC64:FwriteCDEABI.obj
 0002:00023bb0       $unwind$sprintfCDEABI      000000018007bbb0     toroC64:SprintfCDEABI.obj
 0002:00023bb8       $unwind$raiseCDEABI        000000018007bbb8     toroC64:raiseCDEABI.obj
 0002:00023bc8       $unwind$isgraph            000000018007bbc8     toroC64:isgraph.obj
 0002:00023bd4       $unwind$remove             000000018007bbd4     toroC64:Remove.obj
 0002:00023be8       $unwind$__cdeIsFilePointer 000000018007bbe8     toroC64:__cdeIsFilePointer.obj
 0002:00023bfc       $unwind$_stricmp           000000018007bbfc     toroC64:_StrICmp.obj
 0002:00023c08       $unwind$strtok             000000018007bc08     toroC64:StrTok.obj
 0002:00023c14       $unwind$_fseeki64          000000018007bc14     toroC64:_Fseeki64.obj
 0002:00023c28       $unwind$_ftelli64          000000018007bc28     toroC64:_Ftelli64.obj
 0002:00023c30       $unwind$strpbrk            000000018007bc30     toroC64:StrPbrk.obj
 0002:00023c3c       $unwind$_cdeSscanf         000000018007bc3c     toroC64:_cdeSscanf.obj
 0002:00023c48       $unwind$strrchr            000000018007bc48     toroC64:StrRChr.obj
 0002:00023c54       $unwind$__cdeSplitSearchNameExt2Upcase 000000018007bc54     toroC64:__cdeSplitSearchNameExt2Upcase.obj
 0002:00023c70       $unwind$strspn             000000018007bc70     toroC64:StrSpn.obj
 0002:00023c7c       $unwind$__cdeStrMatch      000000018007bc7c     toroC64:__cdeStrMatch.obj
 0002:00023c94       $unwind$realloc            000000018007bc94     toroC64:Realloc.obj
 0002:00023ca0       $unwind$fgetc              000000018007bca0     toroC64:Fgetc.obj
 0002:00023ca8       $unwind$fputc              000000018007bca8     toroC64:Fputc.obj
 0002:00023cb0       $unwind$invalid_parameter_handler 000000018007bcb0     toroC64:_invalid_parameter_handler.obj
 0002:00023cc4       $unwind$fsetpos            000000018007bcc4     toroC64:Fsetpos.obj
 0002:00023cd0       $unwind$_cdeCoreSprintf    000000018007bcd0     toroC64:_cdeCoreSprintf.obj
 0002:00023cd8       $unwind$isxdigitCDEABI     000000018007bcd8     toroC64:isxdigitCDEABI.obj
 0002:00023ce0       $unwind$_cdeUMUL128        000000018007bce0     toroC64:_cdeUMUL128.obj
 0002:00023ce8       $unwind$_mktime64CDEABI    000000018007bce8     toroC64:mktimeCDEABI.obj
 0002:00023cf0       $unwind$_cdeGmltime        000000018007bcf0     toroC64:_cdeGmltime.obj
 0002:00023cfc       $unwind$__cdeOnErrSet_status 000000018007bcfc     toroC64:__cdeOnErrSet_status.obj
 0002:00023d04       $unwind$__cdeOffsetCdeFposType 000000018007bd04     toroC64:__cdeGetOffsetCdeFposType.obj
 0002:00023d0c       $unwind$__cdeBiasCdeFposType 000000018007bd0c     toroC64:__cdeGetBiasCdeFposType.obj
 0002:00023d18       $unwind$wcschrCDEABI       000000018007bd18     toroC64:WcsChrCDEABI.obj
 0002:00023d20       $unwind$wcscatCDEABI       000000018007bd20     toroC64:WcsCatCDEABI.obj
 0002:00023d2c       $unwind$wcscpyCDEABI       000000018007bd2c     toroC64:WcsCpyCDEABI.obj
 0002:00023d38       $unwind$wcsncmpCDEABI      000000018007bd38     toroC64:WcsNCmpCDEABI.obj
 0002:00023d48       $unwind$wcsncpyCDEABI      000000018007bd48     toroC64:WcsNCpyCDEABI.obj
 0002:00023d58       $unwind$wcstokCDEABI       000000018007bd58     toroC64:WcsTokCDEABI.obj
 0002:00023d68       $unwind$_wcsicmpCDEABI     000000018007bd68     toroC64:_WcsICmpCDEABI.obj
 0002:00023d74       $unwind$strcmpCDEABI       000000018007bd74     toroC64:StrCmpCDEABI.obj
 0002:00023d80       $unwind$_stricmpCDEABI     000000018007bd80     toroC64:_StrICmpCDEABI.obj
 0002:00023d8c       $unwind$_CdeLocateHandleBuffer 000000018007bd8c     toroC64:_CdeLocateHandleBuffer.obj
 0002:00023d9c       $unwind$_cdeConvertDevicePathToText 000000018007bd9c     toroC64:_cdeConvertDevicePathToText.obj
 0002:00023da4       $unwind$_CdeGetMapFromDevicePath 000000018007bda4     toroC64:_CdeGetMapFromDevicePath.obj
 0002:00023dac       $unwind$_CdeGetCurDir      000000018007bdac     toroC64:_CdeGetCurDir.obj
 0002:00023db4       $unwind$wcsrchrCDEABI      000000018007bdb4     toroC64:WcsRChrCDEABI.obj
 0002:00023dc0       $unwind$_errnoCDEABI       000000018007bdc0     toroC64:errnoCDEABI.obj
 0002:00023dc8       $unwind$fopenCDEABI        000000018007bdc8     toroC64:FopenCDEABI.obj
 0002:00023de8       $unwind$freadCDEABI        000000018007bde8     toroC64:FreadCDEABI.obj
 0002:00023dfc       $unwind$strchrCDEABI       000000018007bdfc     toroC64:StrChrCDEABI.obj
 0002:00023e04       $unwind$reallocCDEABI      000000018007be04     toroC64:ReallocCDEABI.obj
 0002:00023e10       $unwind$wcstombsCDEABI     000000018007be10     toroC64:wcstombsCDEABI.obj
 0002:00023e18       $unwind$strncpyCDEABI      000000018007be18     toroC64:StrNCpyCDEABI.obj
 0002:00023e28       $unwind$strncmpCDEABI      000000018007be28     toroC64:StrNCmpCDEABI.obj
 0002:00023e38       $unwind$strcpyCDEABI       000000018007be38     toroC64:StrCpyCDEABI.obj
 0002:00023e44       $unwind$strcatCDEABI       000000018007be44     toroC64:StrCatCDEABI.obj
 0002:00023e50       $unwind$strtolCDEABI       000000018007be50     toroC64:strtolCDEABI.obj
 0002:00023e58       $unwind$_cdeEfiTime2TimeT  000000018007be58     toroC64:_cdeEfiTime2TimeT.obj
 0002:00023e60       $unwind$__cdeIsFilePointerCORE 000000018007be60     toroC64:__cdeIsFilePointerCORE.obj
 0002:00023e78       $unwind$__cderewindCORE    000000018007be78     toroC64:__cderewindCORE.obj
 0002:00023e80       $unwind$_cdeAbort          000000018007be80     toroC64:_cdeAbort.obj
 0002:00023e88       $unwind$fflushCDEABI       000000018007be88     toroC64:FflushCDEABI.obj
 0002:00023e90       $unwind$removeCDEABI       000000018007be90     toroC64:RemoveCDEABI.obj
 0002:00023ea4       $unwind$invalid_parameter_handler 000000018007bea4     toroC64:_invalid_parameter_handlerCDEABI.obj
 0002:00023eb8       $unwind$vsnprintfCDEABI    000000018007beb8     toroC64:VsnprintfCDEABI.obj
 0002:00023ed0       $unwind$isalnum            000000018007bed0     toroC64:isalnum.obj
 0002:00023edc       $unwind$__cdeOnErrSet_errno 000000018007bedc     toroC64:__cdeOnErrSet_errno.obj
 0002:00023ee4       $unwind$fsetposCDEABI      000000018007bee4     toroC64:FsetposCDEABI.obj
 0002:00023ef0       $unwind$fgetpos            000000018007bef0     toroC64:Fgetpos.obj
 0002:00023f04       $unwind$strcspn            000000018007bf04     toroC64:StrCSpn.obj
 0002:00023f10       $unwind$_strnicmp          000000018007bf10     toroC64:_StrNICmp.obj
 0002:00023f20       $unwind$fwrite             000000018007bf20     toroC64:Fwrite.obj
 0002:00023f34       $unwind$abort              000000018007bf34     toroC64:abort.obj
 0002:00023f40       $unwind$_cdeDay2Greg       000000018007bf40     toroC64:_cdeDay2Greg.obj
 0002:00023f4c       $unwind$_efierrno          000000018007bf4c     toroC64:_efierrno.obj
 0002:00023f54       $unwind$wcspbrkCDEABI      000000018007bf54     toroC64:WcsPbrkCDEABI.obj
 0002:00023f60       $unwind$_cdePoolWcs2AppWcs 000000018007bf60     toroC64:_CdePoolWcs2AppWcs.obj
 0002:00023f70       $unwind$strtokCDEABI       000000018007bf70     toroC64:StrTokCDEABI.obj
 0002:00023f7c       $unwind$strpbrkCDEABI      000000018007bf7c     toroC64:StrPbrkCDEABI.obj
 0002:00023f88       $unwind$__cdeOnErrSet_errnoCORE 000000018007bf88     toroC64:__cdeOnErrSet_errnoCORE.obj
 0002:00023f90       $unwind$exitCDEABI         000000018007bf90     toroC64:exitCDEABI.obj
 0002:00023f98       $unwind$fprintfCDEABI      000000018007bf98     toroC64:FprintfCDEABI.obj
 0002:00023fa0       $unwind$abortCDEABI        000000018007bfa0     toroC64:abortCDEABI.obj
 0002:00023fac       $unwind$raise              000000018007bfac     toroC64:raise.obj
 0002:00023fbc       $unwind$vfprintfCDEABI     000000018007bfbc     toroC64:VfprintfCDEABI.obj
 0002:00023fd0       $unwind$fputcCDEABI        000000018007bfd0     toroC64:FputcCDEABI.obj
 0003:00000008       CurrentCharPtr             000000018007c008     getopt.obj
 0003:00000010       AcpiGbl_SpaceIdList        000000018007c010     dbdisply.obj
 0003:00000020       AcpiGbl_HandlerList        000000018007c020     dbdisply.obj
 0003:00000070       AcpiDbObjectTypes          000000018007c070     dbnames.obj
 0003:00000160       AcpiDbStatTypes            000000018007c160     dbstats.obj
 0003:000001a0       AcpiDbTestTypes            000000018007c1a0     dbtest.obj
 0003:000001b8       ReadMethodCode             000000018007c1b8     dbtest.obj
 0003:000001e8       WriteMethodCode            000000018007c1e8     dbtest.obj
 0003:00000220       AcpiGbl_DmResourceDispatch 000000018007c220     dmresrc.obj
 0003:00000338       AcpiDmAddressNames         000000018007c338     dmresrcl.obj
 0003:00000360       AcpiDmMemoryNames          000000018007c360     dmresrcl.obj
 0003:00000380       SerialBusResourceDispatch  000000018007c380     dmresrcl2.obj
 0003:00000480       AcpiGbl_OpTypeDispatch     000000018007c480     dswexec.obj
 0003:000004f0       AcpiExDumpInfo             000000018007c4f0     exdump.obj
 0003:000005e0       AcpiSleepDispatch          000000018007c5e0     hwxfsleep.obj
 0003:00000910       FadtInfoTable              000000018007c910     tbfadt.obj
 0003:00000990       FadtPmInfoTable            000000018007c990     tbfadt.obj
 0003:000009d0       AcpiGbl_PreviousThreadId   000000018007c9d0     utdebug.obj
 0003:000009d8       AcpiGbl_FunctionEntryPrefix 000000018007c9d8     utdebug.obj
 0003:000009e0       AcpiGbl_FunctionExitPrefix 000000018007c9e0     utdebug.obj
 0003:00000a50       AcpiGbl_EventTypes         000000018007ca50     utdecode.obj
 0003:00000a80       AcpiGbl_NsTypeNames        000000018007ca80     utdecode.obj
 0003:00000b80       AcpiGbl_DescTypeNames      000000018007cb80     utdecode.obj
 0003:00000c00       AcpiGbl_RefClassNames      000000018007cc00     utdecode.obj
 0003:00000c38       AcpiGbl_MutexNames         000000018007cc38     utdecode.obj
 0003:00000c70       AcpiGbl_GenericNotify      000000018007cc70     utdecode.obj
 0003:00000cf0       AcpiGbl_DeviceNotify       000000018007ccf0     utdecode.obj
 0003:00000d18       AcpiGbl_ProcessorNotify    000000018007cd18     utdecode.obj
 0003:00000d40       AcpiGbl_ThermalNotify      000000018007cd40     utdecode.obj
 0003:00000d70       AcpiGbl_ArgumentType       000000018007cd70     utdecode.obj
 0003:00001010       AcpiDefaultSupportedInterfaces 000000018007d010     utosi.obj
 0003:00001298       UtRtypeNames               000000018007d298     utpredef.obj
 0003:000016d0       TableEvents                000000018007d6d0     aehandlers.obj
 0003:000016f8       DefaultSpaceIdList         000000018007d6f8     aeinstall.obj
 0003:00001700       SpaceIdList                000000018007d700     aeinstall.obj
 0003:00001a00       LocalDsdtCode              000000018007da00     aetables.obj
 0003:00001a28       Ssdt1Code                  000000018007da28     aetables.obj
 0003:00001a68       Oem1Code                   000000018007da68     aetables.obj
 0003:00001aa0       OemxCode                   000000018007daa0     aetables.obj
 0003:00001b50       MethodCode                 000000018007db50     aetables.obj
 0003:00001bb0       gCdeSystemVolumes          000000018007dbb0     toroC64:osifUefiShellEntryPoint.obj
 0003:00002ac0       gCdeServicesShell          000000018007eac0     toroC64:osifUefiShellEntryPoint.obj
 0003:00003270       _gEfiStatusCodeRuntimeProtocolGuid 000000018007f270     toroC64:osifUefiShellEntryPoint.obj
 0003:00003280       ?EfiLoadedImageProtocolGuid@?1??_MainEntryPointShell@@9@9 000000018007f280     toroC64:osifUefiShellEntryPoint.obj
 0003:00003290       ?EfiShellParametersProtocolGuid@?L@??_MainEntryPointShell@@9@9 000000018007f290     toroC64:osifUefiShellEntryPoint.obj
 0003:000032a0       ROMPARM                    000000018007f2a0     toroC64:StrCmp.obj
 0003:000032b0       ROMPARM                    000000018007f2b0     toroC64:MemCmpCDEINTRINABI.obj
 0003:000032c0       ROMPARM                    000000018007f2c0     toroC64:StrNCmp.obj
 0003:000032c8       ?action@?4??_cdeCoreMemRealloc@@9@9 000000018007f2c8     toroC64:_cdeCoreMemRealloc.obj
 0003:000032d0       tblMode                    000000018007f2d0     toroC64:osifUefiShellFileOpen.obj
 0003:000034d0       ?wcsSHELL@?1??myConIOPutStr@@9@9 000000018007f4d0     toroC64:osifUefiShellCmdExec.obj
 0003:00003508       ?wcsMAP@?1??myConIOPutStr@@9@9 000000018007f508     toroC64:osifUefiShellCmdExec.obj
 0003:00003528       ?wcsALIAS@?1??myConIOPutStr@@9@9 000000018007f528     toroC64:osifUefiShellCmdExec.obj
 0003:00003540       ?wcsBLK@?1??myConIOPutStr@@9@9 000000018007f540     toroC64:osifUefiShellCmdExec.obj
 0003:00003558       ?wcsBLK2@?1??myConIOPutStr@@9@9 000000018007f558     toroC64:osifUefiShellCmdExec.obj
 0003:00003568       ?wcsFS@?1??myConIOPutStr@@9@9 000000018007f568     toroC64:osifUefiShellCmdExec.obj
 0003:00003580       ?wcsFS2@?1??myConIOPutStr@@9@9 000000018007f580     toroC64:osifUefiShellCmdExec.obj
 0003:00003680       ROMPARM                    000000018007f680     toroC64:_StrICmp.obj
 0003:00003688       ROMPARM                    000000018007f688     toroC64:StrTok.obj
 0003:00003690       RomParm                    000000018007f690     toroC64:_cdeSscanf.obj
 0003:000036a0       ?sigorder@?1??_cdeSig2idx@@9@9 000000018007f6a0     toroC64:_cdeSig2idx.obj
 0003:000036c0       ?RomParm@?1??_cdeCoreSprintf@@9@9 000000018007f6c0     toroC64:_cdeCoreSprintf.obj
 0003:00003710       ROMPARM                    000000018007f710     toroC64:WcsNCmpCDEABI.obj
 0003:00003728       ROMPARM                    000000018007f728     toroC64:WcsTokCDEABI.obj
 0003:00003738       ROMPARM                    000000018007f738     toroC64:_WcsICmpCDEABI.obj
 0003:00003748       ROMPARM                    000000018007f748     toroC64:StrCmpCDEABI.obj
 0003:00003758       ROMPARM                    000000018007f758     toroC64:_StrICmpCDEABI.obj
 0003:000037f0       ROMPARM                    000000018007f7f0     toroC64:StrNCmpCDEABI.obj
 0003:00003850       RomParm                    000000018007f850     toroC64:VsnprintfCDEABI.obj
 0003:00003868       ROMPARM                    000000018007f868     toroC64:_StrNICmp.obj
 0003:00003880       ROMPARM                    000000018007f880     toroC64:StrTokCDEABI.obj
 0003:000038e8       AcpiDbTraceMethodName      000000018007f8e8     dbcmds.obj
 0003:000038f0       AcpiGbl_DbMethodInfo       000000018007f8f0     dbexec.obj
 0003:00003bd0       AcpiGbl_HistoryBuffer      000000018007fbd0     dbhistry.obj
 0003:00003e50       AcpiGbl_LoHistory          000000018007fe50     dbhistry.obj
 0003:00003e54       AcpiGbl_NumHistory         000000018007fe54     dbhistry.obj
 0003:00003e58       AcpiGbl_NextHistoryIndex   000000018007fe58     dbhistry.obj
 0003:00003e60       ReadHandle                 000000018007fe60     dbtest.obj
 0003:00003e68       WriteHandle                000000018007fe68     dbtest.obj
 0003:00003e70       ResourceName               000000018007fe70     dmresrc.obj
 0003:00003e78       AcpiGbl_TraceMethodObject  000000018007fe78     extrace.obj
 0003:00003ed8       AcpiGbl_DbCommandReady     000000018007fed8     osgendbg.obj
 0003:00003ee0       AcpiGbl_DbCommandComplete  000000018007fee0     osgendbg.obj
 0003:00003ee8       AcpiGbl_DbCommandSignalsInitialized 000000018007fee8     osgendbg.obj
 0003:00003ef0       PkgArg                     000000018007fef0     aeexec.obj
 0003:00003f10       PkgElements                000000018007ff10     aeexec.obj
 0003:00003f90       Pkg2Elements               000000018007ff90     aeexec.obj
 0003:00004008       Params                     0000000180080008     aeexec.obj
 0003:00004018       GenericRegister            0000000180080018     aeexec.obj
 0003:00004028       AeRegions                  0000000180080028     aehandlers.obj
 0003:00004040       LineBuffer                 0000000180080040     aeinitfile.obj
 0003:00004240       NameBuffer                 0000000180080240     aeinitfile.obj
 0003:00004440       InitFile                   0000000180080440     aeinitfile.obj
 0003:00004464       AcpiGbl_ExecutionMode      0000000180080464     aemain.obj
 0003:00004470       BatchBuffer                0000000180080470     aemain.obj
 0003:00004870       AeRegions                  0000000180080870     aeregion.obj
 0003:00004880       DsdtToInstallOverride      0000000180080880     aetables.obj
 0003:00004888       LocalRSDP                  0000000180080888     aetables.obj
 0003:000048b0       LocalFACS                  00000001800808b0     aetables.obj
 0003:000048f0       LocalTEST                  00000001800808f0     aetables.obj
 0003:00004918       LocalBADTABLE              0000000180080918     aetables.obj
 0003:00004940       LocalFADT                  0000000180080940     aetables.obj
 0003:00004a58       LocalXSDT                  0000000180080a58     aetables.obj
 0003:00004a60       _iob                       0000000180080a60     toroC64:osifUefiShellEntryPoint.obj
 0003:00006a60       ?DblData@?CA@??_cdeCoreVwxPrintf@@9@9 0000000180082a60     toroC64:_cdeCoreVwxPrintf.obj
 0003:00006ff0       ?wcBuffer@?1??_osifUefiShellFileWrite@@9@9 0000000180082ff0     toroC64:osifUefiShellFileWrite.obj
 0003:00007400       ?zBuf64k@?O@??_osifUefiShellFileWrite@@9@9 0000000180083400     toroC64:osifUefiShellFileWrite.obj
 0003:00017400       ?wcbuffer@?3??_osifUefiShellFileRead@@9@9 0000000180093400     toroC64:osifUefiShellFileRead.obj
 0003:00017800       ?wcsFilePath@?5??_osifUefiShellFileOpen@@9@9 0000000180093800     toroC64:osifUefiShellFileOpen.obj
 0003:00017a10       ?wcsFileName@?5??_osifUefiShellFileOpen@@9@9 0000000180093a10     toroC64:osifUefiShellFileOpen.obj
 0003:00017c18       ?wcsDrive@?5??_osifUefiShellFileOpen@@9@9 0000000180093c18     toroC64:osifUefiShellFileOpen.obj
 0003:00017c38       ?wcsDrive2@?5??_osifUefiShellFileOpen@@9@9 0000000180093c38     toroC64:osifUefiShellFileOpen.obj
 0003:00017c60       state                      0000000180093c60     toroC64:osifUefiShellCmdExec.obj
 0003:00017c70       ?wcsCommand@?1??_osifUefiShellCmdExec@@9@9 0000000180093c70     toroC64:osifUefiShellCmdExec.obj
 0003:00017e80       ?buffer@?1??_osifUefiShellGetEnv@@9@9 0000000180093e80     toroC64:osifUefiShellGetEnv.obj
