 Examples

 Timestamp is 671e847c (Sun Oct 27 19:20:44 2024)

 Preferred load address is 0000000180000000

 Start         Length     Name                   Class
 0001:00000000 00025dd7H .text$mn                CODE
 0002:00000000 00000008H .CRT$XCA                DATA
 0002:00000008 00000008H .CRT$XCZ                DATA
 0002:00000010 00000008H .CRT$XIA                DATA
 0002:00000018 00000008H .CRT$XIZ                DATA
 0002:00000020 00000008H .CRT$XPA                DATA
 0002:00000028 00000008H .CRT$XPZ                DATA
 0002:00000030 00000008H .CRT$XTA                DATA
 0002:00000038 00000008H .CRT$XTZ                DATA
 0002:00000040 00007aa8H .rdata                  DATA
 0002:00007ae8 00000040H .rdata$voltmd           DATA
 0002:00007b28 00000138H .rdata$zzzdbg           DATA
 0002:00007c60 00002778H .xdata                  DATA
 0002:0000a3d8 00000000H .edata                  DATA
 0003:00000000 00002740H .data                   DATA
 0003:00002740 00013ef8H .bss                    DATA
 0004:00000000 00002094H .pdata                  DATA

  Address         Publics by Value              Rva+Base               Lib:Object

 0000:00000000       __AbsoluteZero             0000000000000000     <absolute>
 0000:00000000       ___safe_se_handler_count   0000000000000000     <absolute>
 0000:00000000       ___safe_se_handler_table   0000000000000000     <absolute>
 0000:00000000       __arm64x_extra_rfe_table   0000000000000000     <absolute>
 0000:00000000       __arm64x_extra_rfe_table_size 0000000000000000     <absolute>
 0000:00000000       __arm64x_native_entrypoint 0000000000000000     <absolute>
 0000:00000000       __arm64x_redirection_metadata 0000000000000000     <absolute>
 0000:00000000       __arm64x_redirection_metadata_count 0000000000000000     <absolute>
 0000:00000000       __dynamic_value_reloc_table 0000000000000000     <absolute>
 0000:00000000       __enclave_config           0000000000000000     <absolute>
 0000:00000000       __guard_check_icall_a64n_fptr 0000000000000000     <absolute>
 0000:00000000       __guard_eh_cont_count      0000000000000000     <absolute>
 0000:00000000       __guard_eh_cont_table      0000000000000000     <absolute>
 0000:00000000       __guard_fids_count         0000000000000000     <absolute>
 0000:00000000       __guard_fids_table         0000000000000000     <absolute>
 0000:00000000       __guard_flags              0000000000000000     <absolute>
 0000:00000000       __guard_iat_count          0000000000000000     <absolute>
 0000:00000000       __guard_iat_table          0000000000000000     <absolute>
 0000:00000000       __guard_longjmp_count      0000000000000000     <absolute>
 0000:00000000       __guard_longjmp_table      0000000000000000     <absolute>
 0000:00000000       __hybrid_auxiliary_delayload_iat 0000000000000000     <absolute>
 0000:00000000       __hybrid_auxiliary_delayload_iat_copy 0000000000000000     <absolute>
 0000:00000000       __hybrid_auxiliary_iat     0000000000000000     <absolute>
 0000:00000000       __hybrid_auxiliary_iat_copy 0000000000000000     <absolute>
 0000:00000000       __hybrid_code_map          0000000000000000     <absolute>
 0000:00000000       __hybrid_code_map_count    0000000000000000     <absolute>
 0000:00000000       __hybrid_image_info_bitfield 0000000000000000     <absolute>
 0000:00000000       __x64_code_ranges_to_entry_points 0000000000000000     <absolute>
 0000:00000000       __x64_code_ranges_to_entry_points_count 0000000000000000     <absolute>
 0000:00000000       __ImageBase                0000000180000000     <linker-defined>
 0001:00000000       AcpiDsGetBufferFieldArguments 0000000180001000 f   dsargs.obj
 0001:0000003c       AcpiDsGetBankFieldArguments 000000018000103c f   dsargs.obj
 0001:00000078       AcpiDsGetRegionArguments   0000000180001078 f   dsargs.obj
 0001:000000e0       AcpiDsGetBufferArguments   00000001800010e0 f   dsargs.obj
 0001:0000013c       AcpiDsGetPackageArguments  000000018000113c f   dsargs.obj
 0001:000002f4       AcpiDsExecBeginControlOp   00000001800012f4 f   dscontrol.obj
 0001:000003d4       AcpiDsExecEndControlOp     00000001800013d4 f   dscontrol.obj
 0001:000005f4       AcpiDsDumpMethodStack      00000001800015f4 f   dsdebug.obj
 0001:000005f8       AcpiDsCreateField          00000001800015f8 f   dsfield.obj
 0001:00000710       AcpiDsCreateBankField      0000000180001710 f   dsfield.obj
 0001:00000828       AcpiDsCreateIndexField     0000000180001828 f   dsfield.obj
 0001:00000930       AcpiDsCreateBufferField    0000000180001930 f   dsfield.obj
 0001:00000ac8       AcpiDsInitFieldObjects     0000000180001ac8 f   dsfield.obj
 0001:00000e6c       AcpiDsInitializeObjects    0000000180001e6c f   dsinit.obj
 0001:0000100c       AcpiDsAutoSerializeMethod  000000018000200c f   dsmethod.obj
 0001:000010e8       AcpiDsCallControlMethod    00000001800020e8 f   dsmethod.obj
 0001:00001290       AcpiDsRestartControlMethod 0000000180002290 f   dsmethod.obj
 0001:00001310       AcpiDsTerminateControlMethod 0000000180002310 f   dsmethod.obj
 0001:00001454       AcpiDsBeginMethodExecution 0000000180002454 f   dsmethod.obj
 0001:00001624       AcpiDsMethodError          0000000180002624 f   dsmethod.obj
 0001:0000176c       AcpiDsStoreObjectToLocal   000000018000276c f   dsmthdat.obj
 0001:00001870       AcpiDsMethodDataDeleteAll  0000000180002870 f   dsmthdat.obj
 0001:000018fc       AcpiDsMethodDataGetValue   00000001800028fc f   dsmthdat.obj
 0001:000019f4       AcpiDsMethodDataInitArgs   00000001800029f4 f   dsmthdat.obj
 0001:00001a5c       AcpiDsMethodDataGetNode    0000000180002a5c f   dsmthdat.obj
 0001:00001b14       AcpiDsMethodDataInit       0000000180002b14 f   dsmthdat.obj
 0001:00001be4       AcpiDsBuildInternalObject  0000000180002be4 f   dsobject.obj
 0001:00001d34       AcpiDsBuildInternalBufferObj 0000000180002d34 f   dsobject.obj
 0001:00001e4c       AcpiDsInitObjectFromOp     0000000180002e4c f   dsobject.obj
 0001:000020cc       AcpiDsCreateNode           00000001800030cc f   dsobject.obj
 0001:00002148       AcpiDsEvalBufferFieldOperands 0000000180003148 f   dsopcode.obj
 0001:00002244       AcpiDsEvalRegionOperands   0000000180003244 f   dsopcode.obj
 0001:00002340       AcpiDsEvalTableRegionOperands 0000000180003340 f   dsopcode.obj
 0001:00002494       AcpiDsEvalDataObjectOperands 0000000180003494 f   dsopcode.obj
 0001:000025d0       AcpiDsEvalBankFieldOperands 00000001800035d0 f   dsopcode.obj
 0001:00002678       AcpiDsInitializeRegion     0000000180003678 f   dsopcode.obj
 0001:000028ec       AcpiDsBuildInternalPackageObj 00000001800038ec f   dspkginit.obj
 0001:00002b80       AcpiDsInitPackageElement   0000000180003b80 f   dspkginit.obj
 0001:00002d48       AcpiDsClearImplicitReturn  0000000180003d48 f   dsutils.obj
 0001:00002d80       AcpiDsDoImplicitReturn     0000000180003d80 f   dsutils.obj
 0001:00002df4       AcpiDsIsResultUsed         0000000180003df4 f   dsutils.obj
 0001:00002f14       AcpiDsDeleteResultIfNotUsed 0000000180003f14 f   dsutils.obj
 0001:00002f80       AcpiDsCreateOperand        0000000180003f80 f   dsutils.obj
 0001:000031dc       AcpiDsCreateOperands       00000001800041dc f   dsutils.obj
 0001:000032a4       AcpiDsResolveOperands      00000001800042a4 f   dsutils.obj
 0001:000032ec       AcpiDsClearOperands        00000001800042ec f   dsutils.obj
 0001:00003340       AcpiDsEvaluateNamePath     0000000180004340 f   dsutils.obj
 0001:0000344c       AcpiDsGetPredicateValue    000000018000444c f   dswexec.obj
 0001:000035e4       AcpiDsExecBeginOp          00000001800045e4 f   dswexec.obj
 0001:0000371c       AcpiDsExecEndOp            000000018000471c f   dswexec.obj
 0001:00003b40       AcpiDsInitCallbacks        0000000180004b40 f   dswload.obj
 0001:00003bc0       AcpiDsLoad1BeginOp         0000000180004bc0 f   dswload.obj
 0001:00003e90       AcpiDsLoad1EndOp           0000000180004e90 f   dswload.obj
 0001:0000404c       AcpiDsLoad2BeginOp         000000018000504c f   dswload2.obj
 0001:00004410       AcpiDsLoad2EndOp           0000000180005410 f   dswload2.obj
 0001:00004764       AcpiDsScopeStackPush       0000000180005764 f   dswscope.obj
 0001:0000480c       AcpiDsScopeStackPop        000000018000580c f   dswscope.obj
 0001:00004848       AcpiDsScopeStackClear      0000000180005848 f   dswscope.obj
 0001:0000487c       AcpiDsObjStackPush         000000018000587c f   dswstate.obj
 0001:000048d4       AcpiDsObjStackPop          00000001800058d4 f   dswstate.obj
 0001:00004938       AcpiDsCreateWalkState      0000000180005938 f   dswstate.obj
 0001:000049d0       AcpiDsInitAmlWalk          00000001800059d0 f   dswstate.obj
 0001:00004af0       AcpiDsObjStackPopAndDelete 0000000180005af0 f   dswstate.obj
 0001:00004b54       AcpiDsDeleteWalkState      0000000180005b54 f   dswstate.obj
 0001:00004c24       AcpiDsPopWalkState         0000000180005c24 f   dswstate.obj
 0001:00004c3c       AcpiDsPushWalkState        0000000180005c3c f   dswstate.obj
 0001:00004c50       AcpiDsGetCurrentWalkState  0000000180005c50 f   dswstate.obj
 0001:00004c64       AcpiDsResultPop            0000000180005c64 f   dswstate.obj
 0001:00004d20       AcpiDsResultPush           0000000180005d20 f   dswstate.obj
 0001:00004ee4       AcpiEvFindRegionHandler    0000000180005ee4 f   evhandler.obj
 0001:00004f04       AcpiEvHasDefaultHandler    0000000180005f04 f   evhandler.obj
 0001:00004f44       AcpiEvInstallRegionHandlers 0000000180005f44 f   evhandler.obj
 0001:00004fc4       AcpiEvInstallSpaceHandler  0000000180005fc4 f   evhandler.obj
 0001:000052a0       AcpiEvIsNotifyObject       00000001800062a0 f   evmisc.obj
 0001:000052c0       AcpiEvQueueNotifyRequest   00000001800062c0 f   evmisc.obj
 0001:00005410       AcpiEvInitializeOpRegions  0000000180006410 f   evregion.obj
 0001:0000547c       AcpiEvAddressSpaceDispatch 000000018000647c f   evregion.obj
 0001:00005740       AcpiEvAttachRegion         0000000180006740 f   evregion.obj
 0001:00005774       AcpiEvDetachRegion         0000000180006774 f   evregion.obj
 0001:000058ec       AcpiEvExecuteRegMethods    00000001800068ec f   evregion.obj
 0001:00005968       AcpiEvExecuteRegMethod     0000000180006968 f   evregion.obj
 0001:00005bc0       AcpiEvSystemMemoryRegionSetup 0000000180006bc0 f   evrgnini.obj
 0001:00005c58       AcpiEvIoSpaceRegionSetup   0000000180006c58 f   evrgnini.obj
 0001:00005c70       AcpiEvPciConfigRegionSetup 0000000180006c70 f   evrgnini.obj
 0001:00005e34       AcpiEvCmosRegionSetup      0000000180006e34 f   evrgnini.obj
 0001:00005e40       AcpiEvPciBarRegionSetup    0000000180006e40 f   evrgnini.obj
 0001:00005e4c       AcpiEvDataTableRegionSetup 0000000180006e4c f   evrgnini.obj
 0001:00005ea8       AcpiEvDefaultRegionSetup   0000000180006ea8 f   evrgnini.obj
 0001:00005ec0       AcpiEvInitializeRegion     0000000180006ec0 f   evrgnini.obj
 0001:00005f84       AcpiEvIsPciRootBridge      0000000180006f84 f   evrgnini.obj
 0001:00006020       AcpiInstallNotifyHandler   0000000180007020 f   evxface.obj
 0001:000061fc       AcpiRemoveNotifyHandler    00000001800071fc f   evxface.obj
 0001:0000637c       AcpiInstallExceptionHandler 000000018000737c f   evxface.obj
 0001:000063c8       AcpiInstallAddressSpaceHandler 00000001800073c8 f   evxfregn.obj
 0001:000063ec       AcpiInstallAddressSpaceHandlerNo_Reg 00000001800073ec f   evxfregn.obj
 0001:00006410       AcpiExecuteRegMethods      0000000180007410 f   evxfregn.obj
 0001:00006488       AcpiRemoveAddressSpaceHandler 0000000180007488 f   evxfregn.obj
 0001:00006634       AcpiExConcatTemplate       0000000180007634 f   exconcat.obj
 0001:000066f8       AcpiExDoConcatenate        00000001800076f8 f   exconcat.obj
 0001:000069e8       AcpiExLoadOp               00000001800079e8 f   exconfig.obj
 0001:00006bcc       AcpiExLoadTableOp          0000000180007bcc f   exconfig.obj
 0001:00006d5c       AcpiExUnloadTable          0000000180007d5c f   exconfig.obj
 0001:00006eac       AcpiExConvertToInteger     0000000180007eac f   exconvrt.obj
 0001:00006f84       AcpiExConvertToBuffer      0000000180007f84 f   exconvrt.obj
 0001:00007034       AcpiExConvertToString      0000000180008034 f   exconvrt.obj
 0001:0000722c       AcpiExConvertToTargetType  000000018000822c f   exconvrt.obj
 0001:000074a4       AcpiExCreateMutex          00000001800084a4 f   excreate.obj
 0001:0000753c       AcpiExCreateProcessor      000000018000853c f   excreate.obj
 0001:000075cc       AcpiExCreatePowerResource  00000001800085cc f   excreate.obj
 0001:00007650       AcpiExCreateRegion         0000000180008650 f   excreate.obj
 0001:0000776c       AcpiExCreateEvent          000000018000876c f   excreate.obj
 0001:000077f0       AcpiExCreateAlias          00000001800087f0 f   excreate.obj
 0001:0000782c       AcpiExCreateMethod         000000018000882c f   excreate.obj
 0001:000078e4       AcpiExDoDebugObject        00000001800088e4 f   exdebug.obj
 0001:00007c98       AcpiExGetProtocolBufferLength 0000000180008c98 f   exfield.obj
 0001:00007ce8       AcpiExReadDataFromField    0000000180008ce8 f   exfield.obj
 0001:00007e64       AcpiExWriteDataToField     0000000180008e64 f   exfield.obj
 0001:00007fbc       AcpiExWriteWithUpdateRule  0000000180008fbc f   exfldio.obj
 0001:00008098       AcpiExExtractFromField     0000000180009098 f   exfldio.obj
 0001:0000829c       AcpiExInsertIntoField      000000018000929c f   exfldio.obj
 0001:000084c8       AcpiExAccessRegion         00000001800094c8 f   exfldio.obj
 0001:000088fc       AcpiExGetObjectReference   00000001800098fc f   exmisc.obj
 0001:000089c8       AcpiExDoLogicalNumericOp   00000001800099c8 f   exmisc.obj
 0001:00008a4c       AcpiExDoLogicalOp          0000000180009a4c f   exmisc.obj
 0001:00008bf4       AcpiExDoMathOp             0000000180009bf4 f   exmisc.obj
 0001:00008c94       AcpiExAcquireMutex         0000000180009c94 f   exmutex.obj
 0001:00008d8c       AcpiExAcquireMutexObject   0000000180009d8c f   exmutex.obj
 0001:00008df8       AcpiExReleaseMutex         0000000180009df8 f   exmutex.obj
 0001:00008f64       AcpiExReleaseMutexObject   0000000180009f64 f   exmutex.obj
 0001:00008fd4       AcpiExReleaseAllMutexes    0000000180009fd4 f   exmutex.obj
 0001:00009050       AcpiExUnlinkMutex          000000018000a050 f   exmutex.obj
 0001:000090ac       AcpiExGetNameString        000000018000a0ac f   exnames.obj
 0001:000093fc       AcpiExOpcode_0A_0T_1R      000000018000a3fc f   exoparg1.obj
 0001:00009494       AcpiExOpcode_1A_0T_0R      000000018000a494 f   exoparg1.obj
 0001:00009558       AcpiExOpcode_1A_0T_1R      000000018000a558 f   exoparg1.obj
 0001:00009a18       AcpiExOpcode_1A_1T_1R      000000018000aa18 f   exoparg1.obj
 0001:00009efc       AcpiExOpcode_2A_0T_0R      000000018000aefc f   exoparg2.obj
 0001:00009f9c       AcpiExOpcode_2A_0T_1R      000000018000af9c f   exoparg2.obj
 0001:0000a0e4       AcpiExOpcode_2A_1T_1R      000000018000b0e4 f   exoparg2.obj
 0001:0000a498       AcpiExOpcode_2A_2T_1R      000000018000b498 f   exoparg2.obj
 0001:0000a5b8       AcpiExOpcode_3A_0T_0R      000000018000b5b8 f   exoparg3.obj
 0001:0000a680       AcpiExOpcode_3A_1T_1R      000000018000b680 f   exoparg3.obj
 0001:0000a7f8       AcpiExOpcode_6A_0T_1R      000000018000b7f8 f   exoparg6.obj
 0001:0000aa1c       AcpiExPrepCommonFieldObject 000000018000ba1c f   exprep.obj
 0001:0000aa88       AcpiExPrepFieldValue       000000018000ba88 f   exprep.obj
 0001:0000ad98       AcpiExSystemMemorySpaceHandler 000000018000bd98 f   exregion.obj
 0001:0000afd4       AcpiExSystemIoSpaceHandler 000000018000bfd4 f   exregion.obj
 0001:0000b024       AcpiExPciConfigSpaceHandler 000000018000c024 f   exregion.obj
 0001:0000b068       AcpiExCmosSpaceHandler     000000018000c068 f   exregion.obj
 0001:0000b074       AcpiExPciBarSpaceHandler   000000018000c074 f   exregion.obj
 0001:0000b080       AcpiExDataTableSpaceHandler 000000018000c080 f   exregion.obj
 0001:0000b0b8       AcpiExResolveNodeToValue   000000018000c0b8 f   exresnte.obj
 0001:0000b33c       AcpiExResolveToValue       000000018000c33c f   exresolv.obj
 0001:0000b3bc       AcpiExResolveMultiple      000000018000c3bc f   exresolv.obj
 0001:0000b820       AcpiExResolveOperands      000000018000c820 f   exresop.obj
 0001:0000bec0       AcpiExReadSerialBus        000000018000cec0 f   exserial.obj
 0001:0000bff0       AcpiExWriteSerialBus       000000018000cff0 f   exserial.obj
 0001:0000c168       AcpiExReadGpio             000000018000d168 f   exserial.obj
 0001:0000c1b0       AcpiExWriteGpio            000000018000d1b0 f   exserial.obj
 0001:0000c200       AcpiExStore                000000018000d200 f   exstore.obj
 0001:0000c338       AcpiExStoreObjectToNode    000000018000d338 f   exstore.obj
 0001:0000c694       AcpiExResolveObject        000000018000d694 f   exstoren.obj
 0001:0000c788       AcpiExStoreObjectToObject  000000018000d788 f   exstoren.obj
 0001:0000c89c       AcpiExStoreBufferToBuffer  000000018000d89c f   exstorob.obj
 0001:0000c954       AcpiExStoreStringToString  000000018000d954 f   exstorob.obj
 0001:0000ca08       AcpiExSystemDoSleep        000000018000da08 f   exsystem.obj
 0001:0000ca3c       AcpiExSystemDoStall        000000018000da3c f   exsystem.obj
 0001:0000cacc       AcpiExSystemSignalEvent    000000018000dacc f   exsystem.obj
 0001:0000caf0       AcpiExSystemWaitEvent      000000018000daf0 f   exsystem.obj
 0001:0000cb18       AcpiExSystemResetEvent     000000018000db18 f   exsystem.obj
 0001:0000cb60       AcpiExSystemWaitSemaphore  000000018000db60 f   exsystem.obj
 0001:0000cbc4       AcpiExSystemWaitMutex      000000018000dbc4 f   exsystem.obj
 0001:0000cc20       AcpiExStartTraceMethod     000000018000dc20 f   extrace.obj
 0001:0000ccc8       AcpiExStopTraceMethod      000000018000dcc8 f   extrace.obj
 0001:0000cd48       AcpiExStartTraceOpcode     000000018000dd48 f   extrace.obj
 0001:0000cd58       AcpiExStopTraceOpcode      000000018000dd58 f   extrace.obj
 0001:0000cd68       AcpiExTracePoint           000000018000dd68 f   extrace.obj
 0001:0000cdcc       AcpiExEnterInterpreter     000000018000ddcc f   exutils.obj
 0001:0000ce24       AcpiExExitInterpreter      000000018000de24 f   exutils.obj
 0001:0000ce7c       AcpiExTruncateFor32bitTable 000000018000de7c f   exutils.obj
 0001:0000ceb0       AcpiExAcquireGlobalLock    000000018000deb0 f   exutils.obj
 0001:0000cefc       AcpiExReleaseGlobalLock    000000018000defc f   exutils.obj
 0001:0000cf3c       AcpiExEisaIdToString       000000018000df3c f   exutils.obj
 0001:0000d000       AcpiExIntegerToString      000000018000e000 f   exutils.obj
 0001:0000d068       AcpiExPciClsToString       000000018000e068 f   exutils.obj
 0001:0000d0e8       AcpiIsValidSpaceId         000000018000e0e8 f   exutils.obj
 0001:0000d148       AcpiHwDerivePciId          000000018000e148 f   hwpci.obj
 0001:0000d3ac       AcpiNsRootInitialize       000000018000e3ac f   nsaccess.obj
 0001:0000d63c       AcpiNsLookup               000000018000e63c f   nsaccess.obj
 0001:0000d9f0       AcpiNsCreateNode           000000018000e9f0 f   nsalloc.obj
 0001:0000da1c       AcpiNsDeleteNode           000000018000ea1c f   nsalloc.obj
 0001:0000da9c       AcpiNsRemoveNode           000000018000ea9c f   nsalloc.obj
 0001:0000dad4       AcpiNsDeleteNamespaceSubtree 000000018000ead4 f   nsalloc.obj
 0001:0000db68       AcpiNsDeleteNamespaceByOwner 000000018000eb68 f   nsalloc.obj
 0001:0000dc48       AcpiNsDeleteChildren       000000018000ec48 f   nsalloc.obj
 0001:0000dcb0       AcpiNsInstallNode          000000018000ecb0 f   nsalloc.obj
 0001:0000dd14       AcpiNsCheckArgumentCount   000000018000ed14 f   nsarguments.obj
 0001:0000de24       AcpiNsCheckAcpiCompliance  000000018000ee24 f   nsarguments.obj
 0001:0000df1c       AcpiNsCheckArgumentTypes   000000018000ef1c f   nsarguments.obj
 0001:0000e01c       AcpiNsConvertToInteger     000000018000f01c f   nsconvert.obj
 0001:0000e0bc       AcpiNsConvertToString      000000018000f0bc f   nsconvert.obj
 0001:0000e178       AcpiNsConvertToBuffer      000000018000f178 f   nsconvert.obj
 0001:0000e26c       AcpiNsConvertToUnicode     000000018000f26c f   nsconvert.obj
 0001:0000e300       AcpiNsConvertToResource    000000018000f300 f   nsconvert.obj
 0001:0000e36c       AcpiNsConvertToReference   000000018000f36c f   nsconvert.obj
 0001:0000e470       AcpiNsEvaluate             000000018000f470 f   nseval.obj
 0001:0000e770       AcpiNsInitializeObjects    000000018000f770 f   nsinit.obj
 0001:0000e7e4       AcpiNsInitializeDevices    000000018000f7e4 f   nsinit.obj
 0001:0000e9a4       AcpiNsInitOnePackage       000000018000f9a4 f   nsinit.obj
 0001:0000ec80       AcpiNsLoadTable            000000018000fc80 f   nsload.obj
 0001:0000ed14       AcpiNsGetExternalPathname  000000018000fd14 f   nsnames.obj
 0001:0000ed24       AcpiNsBuildNormalizedPath  000000018000fd24 f   nsnames.obj
 0001:0000ee10       AcpiNsNormalizePathname    000000018000fe10 f   nsnames.obj
 0001:0000eecc       AcpiNsGetNormalizedPathname 000000018000fecc f   nsnames.obj
 0001:0000ef5c       AcpiNsBuildPrefixedPathname 000000018000ff5c f   nsnames.obj
 0001:0000f060       AcpiNsHandleToName         0000000180010060 f   nsnames.obj
 0001:0000f0c0       AcpiNsHandleToPathname     00000001800100c0 f   nsnames.obj
 0001:0000f144       AcpiNsGetPathnameLength    0000000180010144 f   nsnames.obj
 0001:0000f18c       AcpiNsDetachObject         000000018001018c f   nsobject.obj
 0001:0000f21c       AcpiNsAttachObject         000000018001021c f   nsobject.obj
 0001:0000f31c       AcpiNsGetAttachedObject    000000018001031c f   nsobject.obj
 0001:0000f36c       AcpiNsGetSecondaryObject   000000018001036c f   nsobject.obj
 0001:0000f390       AcpiNsAttachData           0000000180010390 f   nsobject.obj
 0001:0000f42c       AcpiNsDetachData           000000018001042c f   nsobject.obj
 0001:0000f478       AcpiNsGetAttachedData      0000000180010478 f   nsobject.obj
 0001:0000f4a4       AcpiNsParseTable           00000001800104a4 f   nsparse.obj
 0001:0000f4b0       AcpiNsExecuteTable         00000001800104b0 f   nsparse.obj
 0001:0000f5cc       AcpiNsOneCompleteParse     00000001800105cc f   nsparse.obj
 0001:0000f718       AcpiNsCheckReturnValue     0000000180010718 f   nspredef.obj
 0001:0000f7ec       AcpiNsCheckObjectType      00000001800107ec f   nspredef.obj
 0001:0000fa08       AcpiNsCheckPackage         0000000180010a08 f   nsprepkg.obj
 0001:0001017c       AcpiNsSimpleRepair         000000018001117c f   nsrepair.obj
 0001:00010378       AcpiNsWrapWithPackage      0000000180011378 f   nsrepair.obj
 0001:000103d0       AcpiNsRepairNullElement    00000001800113d0 f   nsrepair.obj
 0001:0001044c       AcpiNsRemoveNullElements   000000018001144c f   nsrepair.obj
 0001:000104ec       AcpiNsComplexRepairs       00000001800114ec f   nsrepair2.obj
 0001:00010ca4       AcpiNsSearchAndEnter       0000000180011ca4 f   nssearch.obj
 0001:00010e18       AcpiNsSearchOneScope       0000000180011e18 f   nssearch.obj
 0001:00010ec0       AcpiNsOpensScope           0000000180011ec0 f   nsutils.obj
 0001:00010f04       AcpiNsGetNodeUnlocked      0000000180011f04 f   nsutils.obj
 0001:00010fb8       AcpiNsGetNode              0000000180011fb8 f   nsutils.obj
 0001:00011020       AcpiNsGetType              0000000180012020 f   nsutils.obj
 0001:00011054       AcpiNsLocal                0000000180012054 f   nsutils.obj
 0001:000110a0       AcpiNsPrintNodePathname    00000001800120a0 f   nsutils.obj
 0001:00011114       AcpiNsBuildInternalName    0000000180012114 f   nsutils.obj
 0001:00011208       AcpiNsGetInternalNameLength 0000000180012208 f   nsutils.obj
 0001:00011288       AcpiNsInternalizeName      0000000180012288 f   nsutils.obj
 0001:00011310       AcpiNsExternalizeName      0000000180012310 f   nsutils.obj
 0001:000114a8       AcpiNsValidateHandle       00000001800124a8 f   nsutils.obj
 0001:000114d0       AcpiNsTerminate            00000001800124d0 f   nsutils.obj
 0001:0001150c       AcpiNsWalkNamespace        000000018001250c f   nswalk.obj
 0001:000116b8       AcpiNsGetNextNode          00000001800126b8 f   nswalk.obj
 0001:000116d0       AcpiNsGetNextNodeTyped     00000001800126d0 f   nswalk.obj
 0001:00011710       AcpiWalkNamespace          0000000180012710 f   nsxfeval.obj
 0001:00011808       AcpiGetDevices             0000000180012808 f   nsxfeval.obj
 0001:0001188c       AcpiAttachData             000000018001288c f   nsxfeval.obj
 0001:00011910       AcpiDetachData             0000000180012910 f   nsxfeval.obj
 0001:00011980       AcpiGetData                0000000180012980 f   nsxfeval.obj
 0001:00011a04       AcpiEvaluateObject         0000000180012a04 f   nsxfeval.obj
 0001:00011bf8       AcpiEvaluateObjectTyped    0000000180012bf8 f   nsxfeval.obj
 0001:00011edc       AcpiGetName                0000000180012edc f   nsxfname.obj
 0001:00011f5c       AcpiGetHandle              0000000180012f5c f   nsxfname.obj
 0001:00011ffc       AcpiGetObjectInfo          0000000180012ffc f   nsxfname.obj
 0001:000122f4       AcpiInstallMethod          00000001800132f4 f   nsxfname.obj
 0001:000124f8       AcpiGetNextObject          00000001800134f8 f   nsxfobj.obj
 0001:000125bc       AcpiGetType                00000001800135bc f   nsxfobj.obj
 0001:00012628       AcpiGetParent              0000000180013628 f   nsxfobj.obj
 0001:000126a8       AcpiPsGetNextPackageEnd    00000001800136a8 f   psargs.obj
 0001:000126c8       AcpiPsGetNextNamestring    00000001800136c8 f   psargs.obj
 0001:00012728       AcpiPsGetNextSimpleArg     0000000180013728 f   psargs.obj
 0001:0001281c       AcpiPsGetNextNamepath      000000018001381c f   psargs.obj
 0001:00012a04       AcpiPsGetNextArg           0000000180013a04 f   psargs.obj
 0001:00012f6c       AcpiPsParseLoop            0000000180013f6c f   psloop.obj
 0001:00013558       AcpiPsBuildNamedOp         0000000180014558 f   psobject.obj
 0001:000136a0       AcpiPsCreateOp             00000001800146a0 f   psobject.obj
 0001:00013838       AcpiPsCompleteOp           0000000180014838 f   psobject.obj
 0001:00013a94       AcpiPsCompleteFinalOp      0000000180014a94 f   psobject.obj
 0001:00013c84       AcpiPsGetOpcodeInfo        0000000180014c84 f   psopinfo.obj
 0001:00013ce4       AcpiPsGetOpcodeName        0000000180014ce4 f   psopinfo.obj
 0001:00013cf4       AcpiPsGetArgumentCount     0000000180014cf4 f   psopinfo.obj
 0001:00013d0c       AcpiPsParseAml             0000000180014d0c f   psparse.obj
 0001:00013fec       AcpiPsGetOpcodeSize        0000000180014fec f   psparse.obj
 0001:00014000       AcpiPsPeekOpcode           0000000180015000 f   psparse.obj
 0001:0001401c       AcpiPsCompleteThisOp       000000018001501c f   psparse.obj
 0001:000141f4       AcpiPsNextParseState       00000001800151f4 f   psparse.obj
 0001:00014324       AcpiPsInitScope            0000000180015324 f   psscope.obj
 0001:00014380       AcpiPsGetParentScope       0000000180015380 f   psscope.obj
 0001:00014390       AcpiPsHasCompletedScope    0000000180015390 f   psscope.obj
 0001:000143b0       AcpiPsPopScope             00000001800153b0 f   psscope.obj
 0001:0001442c       AcpiPsPushScope            000000018001542c f   psscope.obj
 0001:000144bc       AcpiPsCleanupScope         00000001800154bc f   psscope.obj
 0001:000144e8       AcpiPsAppendArg            00000001800154e8 f   pstree.obj
 0001:00014584       AcpiPsGetArg               0000000180015584 f   pstree.obj
 0001:000145d8       AcpiPsGetDepthNext         00000001800155d8 f   pstree.obj
 0001:0001465c       AcpiPsCreateScopeOp        000000018001565c f   psutils.obj
 0001:00014684       AcpiPsInitOp               0000000180015684 f   psutils.obj
 0001:00014694       AcpiPsAllocOp              0000000180015694 f   psutils.obj
 0001:00014730       AcpiPsFreeOp               0000000180015730 f   psutils.obj
 0001:00014754       AcpiPsIsLeadingChar        0000000180015754 f   psutils.obj
 0001:00014770       AcpiPsGetName              0000000180015770 f   psutils.obj
 0001:00014784       AcpiPsSetName              0000000180015784 f   psutils.obj
 0001:00014790       AcpiPsDeleteParseTree      0000000180015790 f   pswalk.obj
 0001:00014808       AcpiDebugTrace             0000000180015808 f   psxface.obj
 0001:00014874       AcpiPsExecuteMethod        0000000180015874 f   psxface.obj
 0001:00014a1c       AcpiPsExecuteTable         0000000180015a1c f   psxface.obj
 0001:00014b80       AcpiTbGetNextTableDescriptor 0000000180015b80 f   tbdata.obj
 0001:00014bec       AcpiTbInitTableDescriptor  0000000180015bec f   tbdata.obj
 0001:00014c54       AcpiTbAcquireTempTable     0000000180015c54 f   tbdata.obj
 0001:00014d08       AcpiTbReleaseTempTable     0000000180015d08 f   tbdata.obj
 0001:00014d14       AcpiTbValidateTempTable    0000000180015d14 f   tbdata.obj
 0001:00014d38       AcpiTbVerifyTempTable      0000000180015d38 f   tbdata.obj
 0001:00014e80       AcpiTbIsTableLoaded        0000000180015e80 f   tbdata.obj
 0001:00014ed4       AcpiTbSetTableLoadedFlag   0000000180015ed4 f   tbdata.obj
 0001:00014f30       AcpiTbResizeRootTableList  0000000180015f30 f   tbdata.obj
 0001:00015050       AcpiTbValidateTable        0000000180016050 f   tbdata.obj
 0001:00015094       AcpiTbInvalidateTable      0000000180016094 f   tbdata.obj
 0001:000150d0       AcpiTbAcquireTable         00000001800160d0 f   tbdata.obj
 0001:00015150       AcpiTbReleaseTable         0000000180016150 f   tbdata.obj
 0001:00015174       AcpiTbLoadTable            0000000180016174 f   tbdata.obj
 0001:000151cc       AcpiTbInstallAndLoadTable  00000001800161cc f   tbdata.obj
 0001:00015218       AcpiTbUnloadTable          0000000180016218 f   tbdata.obj
 0001:00015278       AcpiTbNotifyTable          0000000180016278 f   tbdata.obj
 0001:0001529c       AcpiTbTerminate            000000018001629c f   tbdata.obj
 0001:00015314       AcpiTbDeleteNamespaceByOwner 0000000180016314 f   tbdata.obj
 0001:00015390       AcpiTbAllocateOwnerId      0000000180016390 f   tbdata.obj
 0001:000153ec       AcpiTbReleaseOwnerId       00000001800163ec f   tbdata.obj
 0001:00015448       AcpiTbGetOwnerId           0000000180016448 f   tbdata.obj
 0001:000155b0       AcpiTbParseFadt            00000001800165b0 f   tbfadt.obj
 0001:00015690       AcpiTbCreateLocalFadt      0000000180016690 f   tbfadt.obj
 0001:00015bb0       AcpiTbFindTable            0000000180016bb0 f   tbfind.obj
 0001:00015d78       AcpiTbOverrideTable        0000000180016d78 f   tbinstal.obj
 0001:00015e7c       AcpiTbInstallStandardTable 0000000180016e7c f   tbinstal.obj
 0001:00015fb4       AcpiTbUninstallTable       0000000180016fb4 f   tbinstal.obj
 0001:00015ff0       AcpiTbInstallTableWithOverride 0000000180016ff0 f   tbinstal.obj
 0001:0001607c       AcpiTbPrintTableHeader     000000018001707c f   tbprint.obj
 0001:00016238       AcpiTbInitializeFacs       0000000180017238 f   tbutils.obj
 0001:00016290       AcpiTbCheckDsdtHeader      0000000180017290 f   tbutils.obj
 0001:0001630c       AcpiTbCopyDsdt             000000018001730c f   tbutils.obj
 0001:000163b0       AcpiTbParseRootTable       00000001800173b0 f   tbutils.obj
 0001:00016568       AcpiTbGetTable             0000000180017568 f   tbutils.obj
 0001:000165e4       AcpiTbPutTable             00000001800175e4 f   tbutils.obj
 0001:0001663c       AcpiInitializeTables       000000018001763c f   tbxface.obj
 0001:000166c4       AcpiReallocateRootTable    00000001800176c4 f   tbxface.obj
 0001:000167c0       AcpiGetTableHeader         00000001800177c0 f   tbxface.obj
 0001:0001689c       AcpiGetTable               000000018001789c f   tbxface.obj
 0001:00016948       AcpiPutTable               0000000180017948 f   tbxface.obj
 0001:000169a8       AcpiGetTableByIndex        00000001800179a8 f   tbxface.obj
 0001:00016a18       AcpiInstallTableHandler    0000000180017a18 f   tbxface.obj
 0001:00016a88       AcpiRemoveTableHandler     0000000180017a88 f   tbxface.obj
 0001:00016ae0       AcpiAllocateRootTable      0000000180017ae0 f   tbxface.obj
 0001:00016af4       AcpiInstallTable           0000000180017af4 f   tbxfload.obj
 0001:00016b20       AcpiInstallPhysicalTable   0000000180017b20 f   tbxfload.obj
 0001:00016b4c       AcpiLoadTable              0000000180017b4c f   tbxfload.obj
 0001:00016bb8       AcpiUnloadTable            0000000180017bb8 f   tbxfload.obj
 0001:00016bcc       AcpiUnloadParentTable      0000000180017bcc f   tbxfload.obj
 0001:00016c88       AcpiLoadTables             0000000180017c88 f   tbxfload.obj
 0001:00016d04       AcpiTbLoadNamespace        0000000180017d04 f   tbxfload.obj
 0001:00016f20       AcpiFindRootPointer        0000000180017f20 f   tbxfroot.obj
 0001:00017080       AcpiTbGetRsdpLength        0000000180018080 f   tbxfroot.obj
 0001:000170c0       AcpiTbValidateRsdp         00000001800180c0 f   tbxfroot.obj
 0001:0001712c       AcpiTbScanMemoryForRsdp    000000018001812c f   tbxfroot.obj
 0001:0001716c       AcpiUtAddAddressRange      000000018001816c f   utaddress.obj
 0001:000171ec       AcpiUtRemoveAddressRange   00000001800181ec f   utaddress.obj
 0001:00017248       AcpiUtCheckAddressRange    0000000180018248 f   utaddress.obj
 0001:00017384       AcpiUtDeleteAddressLists   0000000180018384 f   utaddress.obj
 0001:000173d4       AcpiUtCreateCaches         00000001800183d4 f   utalloc.obj
 0001:00017478       AcpiUtDeleteCaches         0000000180018478 f   utalloc.obj
 0001:000174f0       AcpiUtValidateBuffer       00000001800184f0 f   utalloc.obj
 0001:00017518       AcpiUtInitializeBuffer     0000000180018518 f   utalloc.obj
 0001:00017590       AcpiUtValidNameseg         0000000180018590 f   utascii.obj
 0001:000175d0       AcpiUtValidNameChar        00000001800185d0 f   utascii.obj
 0001:00017600       AcpiUtCheckAndRepairAscii  0000000180018600 f   utascii.obj
 0001:00017660       AcpiUtDebugDumpBuffer      0000000180018660 f   utbuffer.obj
 0001:0001768c       AcpiUtDumpBuffer           000000018001868c f   utbuffer.obj
 0001:00017858       AcpiUtDumpBufferToFile     0000000180018858 f   utbuffer.obj
 0001:00017a30       AcpiOsCreateCache          0000000180018a30 f   utcache.obj
 0001:00017ac0       AcpiOsDeleteCache          0000000180018ac0 f   utcache.obj
 0001:00017ae8       AcpiOsPurgeCache           0000000180018ae8 f   utcache.obj
 0001:00017b54       AcpiOsAcquireObject        0000000180018b54 f   utcache.obj
 0001:00017bdc       AcpiOsReleaseObject        0000000180018bdc f   utcache.obj
 0001:00017c5c       AcpiUtCopyIobjectToEobject 0000000180018c5c f   utcopy.obj
 0001:00017c98       AcpiUtCopyEobjectToIobject 0000000180018c98 f   utcopy.obj
 0001:00017cac       AcpiUtCopyIobjectToIobject 0000000180018cac f   utcopy.obj
 0001:000183e4       AcpiUtGetMutexName         00000001800193e4 f   utdecode.obj
 0001:00018408       AcpiUtGetTypeName          0000000180019408 f   utdecode.obj
 0001:0001842c       AcpiUtGetNodeName          000000018001942c f   utdecode.obj
 0001:00018484       AcpiUtGetDescriptorName    0000000180019484 f   utdecode.obj
 0001:000184b8       AcpiUtGetReferenceName     00000001800194b8 f   utdecode.obj
 0001:00018508       AcpiUtGetObjectTypeName    0000000180019508 f   utdecode.obj
 0001:00018538       AcpiUtGetRegionName        0000000180019538 f   utdecode.obj
 0001:00018584       AcpiUtGetEventName         0000000180019584 f   utdecode.obj
 0001:000185a8       AcpiUtValidObjectType      00000001800195a8 f   utdecode.obj
 0001:000185b0       AcpiUtUpdateObjectReference 00000001800195b0 f   utdelete.obj
 0001:000187a4       AcpiUtAddReference         00000001800197a4 f   utdelete.obj
 0001:000187cc       AcpiUtRemoveReference      00000001800197cc f   utdelete.obj
 0001:00018804       AcpiUtDeleteInternalObjectList 0000000180019804 f   utdelete.obj
 0001:00018bdc       AcpiUtPredefinedWarning    0000000180019bdc f   uterror.obj
 0001:00018c30       AcpiUtPredefinedInfo       0000000180019c30 f   uterror.obj
 0001:00018c84       AcpiUtPredefinedBiosError  0000000180019c84 f   uterror.obj
 0001:00018cd8       AcpiUtPrefixedNamespaceError 0000000180019cd8 f   uterror.obj
 0001:00018db4       AcpiUtMethodError          0000000180019db4 f   uterror.obj
 0001:00018e60       AcpiUtEvaluateObject       0000000180019e60 f   uteval.obj
 0001:00018ff0       AcpiUtEvaluateNumericObject 0000000180019ff0 f   uteval.obj
 0001:00019038       AcpiUtExecute_STA          000000018001a038 f   uteval.obj
 0001:00019084       AcpiUtExecutePowerMethods  000000018001a084 f   uteval.obj
 0001:00019110       AcpiFormatException        000000018001a110 f   utexcep.obj
 0001:00019158       AcpiUtValidateException    000000018001a158 f   utexcep.obj
 0001:00019224       AcpiUtHexToAsciiChar       000000018001a224 f   uthex.obj
 0001:00019250       AcpiUtAsciiToHexByte       000000018001a250 f   uthex.obj
 0001:000192b8       AcpiUtAsciiCharToHex       000000018001a2b8 f   uthex.obj
 0001:000192d8       AcpiUtExecute_HID          000000018001a2d8 f   utids.obj
 0001:0001938c       AcpiUtExecute_UID          000000018001a38c f   utids.obj
 0001:00019440       AcpiUtExecute_CID          000000018001a440 f   utids.obj
 0001:00019584       AcpiUtExecute_CLS          000000018001a584 f   utids.obj
 0001:00019660       AcpiUtInitGlobals          000000018001a660 f   utinit.obj
 0001:000197c4       AcpiUtSubsystemShutdown    000000018001a7c4 f   utinit.obj
 0001:00019820       AcpiUtCreateRwLock         000000018001a820 f   utlock.obj
 0001:0001985c       AcpiUtDeleteRwLock         000000018001a85c f   utlock.obj
 0001:00019890       AcpiUtAcquireReadLock      000000018001a890 f   utlock.obj
 0001:000198f4       AcpiUtReleaseReadLock      000000018001a8f4 f   utlock.obj
 0001:00019944       AcpiUtAcquireWriteLock     000000018001a944 f   utlock.obj
 0001:00019960       AcpiUtReleaseWriteLock     000000018001a960 f   utlock.obj
 0001:00019970       AcpiUtDivide               000000018001a970 f   utmath.obj
 0001:000199c8       AcpiUtShortDivide          000000018001a9c8 f   utmath.obj
 0001:00019a24       AcpiUtShortMultiply        000000018001aa24 f   utmath.obj
 0001:00019a3c       AcpiUtShortShiftLeft       000000018001aa3c f   utmath.obj
 0001:00019a58       AcpiUtShortShiftRight      000000018001aa58 f   utmath.obj
 0001:00019a6c       AcpiUtCreateUpdateStateAndPush 000000018001aa6c f   utmisc.obj
 0001:00019aa4       AcpiUtIsPciRootBridge      000000018001aaa4 f   utmisc.obj
 0001:00019ae4       AcpiUtWalkPackageTree      000000018001aae4 f   utmisc.obj
 0001:00019c00       AcpiUtDwordByteSwap        000000018001ac00 f   utmisc.obj
 0001:00019c2c       AcpiUtSetIntegerWidth      000000018001ac2c f   utmisc.obj
 0001:00019c5c       AcpiUtMutexInitialize      000000018001ac5c f   utmutex.obj
 0001:00019cd4       AcpiUtMutexTerminate       000000018001acd4 f   utmutex.obj
 0001:00019d34       AcpiUtAcquireMutex         000000018001ad34 f   utmutex.obj
 0001:00019de8       AcpiUtReleaseMutex         000000018001ade8 f   utmutex.obj
 0001:00019ed8       AcpiUtStrupr               000000018001aed8 f   utnonansi.obj
 0001:00019f08       AcpiUtStrlwr               000000018001af08 f   utnonansi.obj
 0001:00019f38       AcpiUtStricmp              000000018001af38 f   utnonansi.obj
 0001:00019f88       AcpiUtSafeStrcpy           000000018001af88 f   utnonansi.obj
 0001:00019fd4       AcpiUtSafeStrncpy          000000018001afd4 f   utnonansi.obj
 0001:0001a000       AcpiUtSafeStrcat           000000018001b000 f   utnonansi.obj
 0001:0001a064       AcpiUtSafeStrncat          000000018001b064 f   utnonansi.obj
 0001:0001a0e8       AcpiUtCreateInternalObjectDbg 000000018001b0e8 f   utobject.obj
 0001:0001a184       AcpiUtAllocateObjectDescDbg 000000018001b184 f   utobject.obj
 0001:0001a1d0       AcpiUtDeleteObjectDesc     000000018001b1d0 f   utobject.obj
 0001:0001a224       AcpiUtValidInternalObject  000000018001b224 f   utobject.obj
 0001:0001a23c       AcpiUtCreatePackageObject  000000018001b23c f   utobject.obj
 0001:0001a2a8       AcpiUtCreateIntegerObject  000000018001b2a8 f   utobject.obj
 0001:0001a2e0       AcpiUtCreateBufferObject   000000018001b2e0 f   utobject.obj
 0001:0001a378       AcpiUtCreateStringObject   000000018001b378 f   utobject.obj
 0001:0001a3fc       AcpiUtGetObjectSize        000000018001b3fc f   utobject.obj
 0001:0001a604       AcpiUtInitializeInterfaces 000000018001b604 f   utosi.obj
 0001:0001a674       AcpiUtInterfaceTerminate   000000018001b674 f   utosi.obj
 0001:0001a6f4       AcpiUtInstallInterface     000000018001b6f4 f   utosi.obj
 0001:0001a774       AcpiUtRemoveInterface      000000018001b774 f   utosi.obj
 0001:0001a804       AcpiUtUpdateInterfaces     000000018001b804 f   utosi.obj
 0001:0001a844       AcpiUtGetInterface         000000018001b844 f   utosi.obj
 0001:0001a88c       AcpiUtOsiImplementation    000000018001b88c f   utosi.obj
 0001:0001a9a0       AcpiUtAllocateOwnerId      000000018001b9a0 f   utownerid.obj
 0001:0001aab4       AcpiUtReleaseOwnerId       000000018001bab4 f   utownerid.obj
 0001:0001ab58       AcpiUtGetNextPredefinedMethod 000000018001bb58 f   utpredef.obj
 0001:0001ab74       AcpiUtMatchPredefinedMethod 000000018001bb74 f   utpredef.obj
 0001:0001abb0       AcpiUtGetExpectedReturnTypes 000000018001bbb0 f   utpredef.obj
 0001:0001ac30       AcpiUtWalkAmlResources     000000018001bc30 f   utresrc.obj
 0001:0001ad4c       AcpiUtValidateResource     000000018001bd4c f   utresrc.obj
 0001:0001aeb8       AcpiUtGetDescriptorLength  000000018001beb8 f   utresrc.obj
 0001:0001aeec       AcpiUtGetResourceLength    000000018001beec f   utresrc.obj
 0001:0001af04       AcpiUtGetResourceHeaderLength 000000018001bf04 f   utresrc.obj
 0001:0001af1c       AcpiUtGetResourceType      000000018001bf1c f   utresrc.obj
 0001:0001af30       AcpiUtGetResourceEndTag    000000018001bf30 f   utresrc.obj
 0001:0001af60       AcpiUtPushGenericState     000000018001bf60 f   utstate.obj
 0001:0001af70       AcpiUtPopGenericState      000000018001bf70 f   utstate.obj
 0001:0001af88       AcpiUtCreateGenericState   000000018001bf88 f   utstate.obj
 0001:0001afac       AcpiUtCreateThreadState    000000018001bfac f   utstate.obj
 0001:0001b000       AcpiUtCreateUpdateState    000000018001c000 f   utstate.obj
 0001:0001b038       AcpiUtCreatePkgState       000000018001c038 f   utstate.obj
 0001:0001b088       AcpiUtCreateControlState   000000018001c088 f   utstate.obj
 0001:0001b0ac       AcpiUtDeleteGenericState   000000018001c0ac f   utstate.obj
 0001:0001b0cc       AcpiUtPrintString          000000018001c0cc f   utstring.obj
 0001:0001b218       AcpiUtRepairName           000000018001c218 f   utstring.obj
 0001:0001b2b4       AcpiUtConvertOctalString   000000018001c2b4 f   utstrsuppt.obj
 0001:0001b31c       AcpiUtConvertDecimalString 000000018001c31c f   utstrsuppt.obj
 0001:0001b394       AcpiUtConvertHexString     000000018001c394 f   utstrsuppt.obj
 0001:0001b40c       AcpiUtRemoveWhitespace     000000018001c40c f   utstrsuppt.obj
 0001:0001b440       AcpiUtRemoveLeadingZeros   000000018001c440 f   utstrsuppt.obj
 0001:0001b458       AcpiUtDetectHexPrefix      000000018001c458 f   utstrsuppt.obj
 0001:0001b484       AcpiUtRemoveHexPrefix      000000018001c484 f   utstrsuppt.obj
 0001:0001b4b4       AcpiUtDetectOctalPrefix    000000018001c4b4 f   utstrsuppt.obj
 0001:0001b5b8       AcpiUtStrtoul64            000000018001c5b8 f   utstrtoul64.obj
 0001:0001b680       AcpiUtExplicitStrtoul64    000000018001c680 f   utstrtoul64.obj
 0001:0001b6e8       AcpiUtImplicitStrtoul64    000000018001c6e8 f   utstrtoul64.obj
 0001:0001b73c       AcpiTerminate              000000018001c73c f   utxface.obj
 0001:0001b75c       AcpiSubsystemStatus        000000018001c75c f   utxface.obj
 0001:0001b770       AcpiGetSystemInfo          000000018001c770 f   utxface.obj
 0001:0001b7e4       AcpiGetStatistics          000000018001c7e4 f   utxface.obj
 0001:0001b838       AcpiPurgeCachedObjects     000000018001c838 f   utxface.obj
 0001:0001b87c       AcpiInstallInterface       000000018001c87c f   utxface.obj
 0001:0001b90c       AcpiRemoveInterface        000000018001c90c f   utxface.obj
 0001:0001b970       AcpiUpdateInterfaces       000000018001c970 f   utxface.obj
 0001:0001b9bc       AcpiCheckAddressRange      000000018001c9bc f   utxface.obj
 0001:0001ba28       AcpiDecodePldBuffer        000000018001ca28 f   utxface.obj
 0001:0001bb94       AcpiInstallInitializationHandler 000000018001cb94 f   utxface.obj
 0001:0001bbc0       AcpiInstallInterfaceHandler 000000018001cbc0 f   utxface.obj
 0001:0001bc24       AcpiError                  000000018001cc24 f   utxferror.obj
 0001:0001bc78       AcpiException              000000018001cc78 f   utxferror.obj
 0001:0001bce8       AcpiWarning                000000018001cce8 f   utxferror.obj
 0001:0001bd3c       AcpiInfo                   000000018001cd3c f   utxferror.obj
 0001:0001bd88       AcpiBiosError              000000018001cd88 f   utxferror.obj
 0001:0001bddc       AcpiBiosException          000000018001cddc f   utxferror.obj
 0001:0001be4c       AcpiBiosWarning            000000018001ce4c f   utxferror.obj
 0001:0001be9c       AcpiInitializeSubsystem    000000018001ce9c f   utxfinit.obj
 0001:0001bf48       AcpiEnableSubsystem        000000018001cf48 f   utxfinit.obj
 0001:0001bf8c       AcpiInitializeObjects      000000018001cf8c f   utxfinit.obj
 0001:0001bfb0       AcpiAcquireMutex           000000018001cfb0 f   utxfmutex.obj
 0001:0001bfec       AcpiReleaseMutex           000000018001cfec f   utxfmutex.obj
 0001:0001c084       AcpiOsInitialize           000000018001d084 f   oswinxf.obj
 0001:0001c0d4       AcpiOsTerminate            000000018001d0d4 f   oswinxf.obj
 0001:0001c0e0       AcpiOsPredefinedOverride   000000018001d0e0 f   oswinxf.obj
 0001:0001c100       AcpiOsTableOverride        000000018001d100 f   oswinxf.obj
 0001:0001c120       AcpiOsPhysicalTableOverride 000000018001d120 f   oswinxf.obj
 0001:0001c12c       AcpiOsCreateLock           000000018001d12c f   oswinxf.obj
 0001:0001c144       AcpiOsDeleteLock           000000018001d144 f   oswinxf.obj
 0001:0001c150       AcpiOsAcquireLock          000000018001d150 f   oswinxf.obj
 0001:0001c15c       AcpiOsReleaseLock          000000018001d15c f   oswinxf.obj
 0001:0001c168       AcpiOsCreateSemaphore      000000018001d168 f   oswinxf.obj
 0001:0001c178       AcpiOsDeleteSemaphore      000000018001d178 f   oswinxf.obj
 0001:0001c184       AcpiOsWaitSemaphore        000000018001d184 f   oswinxf.obj
 0001:0001c190       AcpiOsSignalSemaphore      000000018001d190 f   oswinxf.obj
 0001:0001c19c       AcpiOsAllocate             000000018001d19c f   oswinxf.obj
 0001:0001c1a8       AcpiOsAllocateZeroed       000000018001d1a8 f   oswinxf.obj
 0001:0001c1bc       AcpiOsFree                 000000018001d1bc f   oswinxf.obj
 0001:0001c1c8       AcpiOsMapMemory            000000018001d1c8 f   oswinxf.obj
 0001:0001c1d4       AcpiOsUnmapMemory          000000018001d1d4 f   oswinxf.obj
 0001:0001c1e0       AcpiOsInstallInterruptHandler 000000018001d1e0 f   oswinxf.obj
 0001:0001c1ec       AcpiOsRemoveInterruptHandler 000000018001d1ec f   oswinxf.obj
 0001:0001c1f8       AcpiOsGetThreadId          000000018001d1f8 f   oswinxf.obj
 0001:0001c204       AcpiOsExecute              000000018001d204 f   oswinxf.obj
 0001:0001c21c       AcpiOsWaitEventsComplete   000000018001d21c f   oswinxf.obj
 0001:0001c228       AcpiOsSleep                000000018001d228 f   oswinxf.obj
 0001:0001c238       AcpiOsStall                000000018001d238 f   oswinxf.obj
 0001:0001c250       AcpiOsReadPort             000000018001d250 f   oswinxf.obj
 0001:0001c2a8       AcpiOsWritePort            000000018001d2a8 f   oswinxf.obj
 0001:0001c2ec       AcpiOsReadMemory           000000018001d2ec f   oswinxf.obj
 0001:0001c31c       AcpiOsWriteMemory          000000018001d31c f   oswinxf.obj
 0001:0001c328       AcpiOsReadPciConfiguration 000000018001d328 f   oswinxf.obj
 0001:0001c338       AcpiOsWritePciConfiguration 000000018001d338 f   oswinxf.obj
 0001:0001c344       AcpiOsReadable             000000018001d344 f   oswinxf.obj
 0001:0001c360       AcpiOsWritable             000000018001d360 f   oswinxf.obj
 0001:0001c37c       AcpiOsGetTimer             000000018001d37c f   oswinxf.obj
 0001:0001c3c4       AcpiOsSignal               000000018001d3c4 f   oswinxf.obj
 0001:0001c3d0       AcpiOsEnterSleep           000000018001d3d0 f   oswinxf.obj
 0001:0001c3dc       AcpiOsPrintf               000000018001d3dc f   oswinxf.obj
 0001:0001c444       AcpiOsVprintf              000000018001d444 f   oswinxf.obj
 0001:0001c4a8       AcpiOsRedirectOutput       000000018001d4a8 f   oswinxf.obj
 0001:0001c4b8       AcpiOsGetLine              000000018001d4b8 f   oswinxf.obj
 0001:0001c538       ExecuteOSI                 000000018001d538 f   examples.obj
 0001:0001c65c       InitializeAcpiTables       000000018001d65c f   examples.obj
 0001:0001c678       InitializeAcpi             000000018001d678 f   examples.obj
 0001:0001c6e8       main                       000000018001d6e8 f   examples.obj
 0001:0001c998       AcpiHwReadPort             000000018001d998 f   exstubs.obj
 0001:0001c9a4       AcpiHwWritePort            000000018001d9a4 f   exstubs.obj
 0001:0001c9b0       AcpiEvInitializeEvents     000000018001d9b0 f   exstubs.obj
 0001:0001c9b4       AcpiOsGetRootPointer       000000018001d9b4 f   extables.obj
 0001:0001c9c4       ExInitializeAcpiTables     000000018001d9c4 f   extables.obj
 0001:0001cae8       AcpiUtGenerateChecksum     000000018001dae8 f   utcksum.obj
 0001:0001cb08       AcpiUtChecksum             000000018001db08 f   utcksum.obj
 0001:0001cb24       AcpiUtVerifyCdatChecksum   000000018001db24 f   utcksum.obj
 0001:0001cb8c       AcpiUtVerifyChecksum       000000018001db8c f   utcksum.obj
 0001:0001cbf0       QueryPerformanceCounter4UEFI 000000018001dbf0 f   LibWin324UEFI:QueryPerformanceCounter.obj
 0001:0001cc20       _w4uQueryPerformanceCounter 000000018001dc20 f   LibWin324UEFI:QueryPerformanceCounter.obj
 0001:0001cc40       QueryPerformanceFrequency4UEFI 000000018001dc40 f   LibWin324UEFI:QueryPerformanceFrequency.obj
 0001:0001cd70       _w4uQueryPerformanceFrequency 000000018001dd70 f   LibWin324UEFI:QueryPerformanceFrequency.obj
 0001:0001cd90       GetTickCount644UEFI        000000018001dd90 f   LibWin324UEFI:GetTickCount64.obj
 0001:0001cda0       Sleep4UEFI                 000000018001dda0 f   LibWin324UEFI:Sleep.obj
 0001:0001cde0       _w4uSleep                  000000018001dde0 f   LibWin324UEFI:Sleep.obj
 0001:0001ce00       IsBadReadPtr4UEFI          000000018001de00 f   LibWin324UEFI:IsBadReadPtr.obj
 0001:0001ce10       IsBadWritePtr4UEFI         000000018001de10 f   LibWin324UEFI:IsBadWritePtr.obj
 0001:0001ce20       __cdeGetAppIf              000000018001de20 f   toroC64:osifUefiShellEntryPoint.obj
 0001:0001cea4       _MainEntryPointShell       000000018001dea4 f   toroC64:osifUefiShellEntryPoint.obj
 0001:0001d568       _cdeCRT0UefiShell          000000018001e568 f   toroC64:osifUefiShellEntryPoint.obj
 0001:0001d5cc       memset                     000000018001e5cc f   toroC64:MemSetCDEINTRINABI.obj
 0001:0001d5f0       memcpy                     000000018001e5f0 f   toroC64:MemCpy.obj
 0001:0001d610       strlen                     000000018001e610 f   toroC64:StrLen.obj
 0001:0001d624       strcat                     000000018001e624 f   toroC64:StrCat.obj
 0001:0001d654       strcpy                     000000018001e654 f   toroC64:StrCpy.obj
 0001:0001d68c       strncpy                    000000018001e68c f   toroC64:StrNCpy.obj
 0001:0001d6d0       memcmp                     000000018001e6d0 f   toroC64:MemCmpCDEINTRINABI.obj
 0001:0001d718       strcmp                     000000018001e718 f   toroC64:StrCmp.obj
 0001:0001d754       toupper                    000000018001e754 f   toroC64:toupper.obj
 0001:0001d774       strncmp                    000000018001e774 f   toroC64:StrNCmp.obj
 0001:0001d7bc       isprint                    000000018001e7bc f   toroC64:isprint.obj
 0001:0001d7dc       fprintf                    000000018001e7dc f   toroC64:Fprintf.obj
 0001:0001d800       isxdigit                   000000018001e800 f   toroC64:isxdigit.obj
 0001:0001d82c       strncat                    000000018001e82c f   toroC64:StrNCat.obj
 0001:0001d894       tolower                    000000018001e894 f   toroC64:tolower.obj
 0001:0001d8b4       isdigit                    000000018001e8b4 f   toroC64:isdigit.obj
 0001:0001d8c8       isspace                    000000018001e8c8 f   toroC64:isspace.obj
 0001:0001d8e0       calloc                     000000018001e8e0 f   toroC64:Calloc.obj
 0001:0001d920       free                       000000018001e920 f   toroC64:Free.obj
 0001:0001d938       malloc                     000000018001e938 f   toroC64:Malloc.obj
 0001:0001d944       __acrt_iob_func            000000018001e944 f   toroC64:__acrt_iob_func.obj
 0001:0001d980       getchar                    000000018001e980 f   toroC64:Getchar.obj
 0001:0001d998       vfprintf                   000000018001e998 f   toroC64:Vfprintf.obj
 0001:0001dab8       printf                     000000018001eab8 f   toroC64:Printf.obj
 0001:0001daf4       clock                      000000018001eaf4 f   toroC64:clock.obj
 0001:0001db48       _CdeDbgPutChar             000000018001eb48 f   toroC64:_CdeDbgPutChar.obj
 0001:0001dd54       _cdeCoreVwxPrintf          000000018001ed54 f   toroC64:_cdeCoreVwxPrintf.obj
 0001:0001f16c       ComputeFieldSize           000000018002016c f   toroC64:_cdeCoreVwxPrintf.obj
 0001:0001f1a8       ydes                       00000001800201a8 f   toroC64:_cdeCoreVwxPrintf.obj
 0001:0001fb90       _cdeCoreVwxScanf           0000000180020b90 f   toroC64:_cdeCoreVwxScanf.obj
 0001:00020f98       _cdeCoreWcsStrTok          0000000180021f98 f   toroC64:_cdeCoreWcsStrTok.obj
 0001:00021094       _cdeWcsStrPbrkSpn          0000000180022094 f   toroC64:_cdeWcsStrPbrkSpn.obj
 0001:000211d4       _cdeCoreMemRealloc         00000001800221d4 f   toroC64:_cdeCoreMemRealloc.obj
 0001:000215a8       _cdeMemStrxCpy             00000001800225a8 f   toroC64:_cdeMemStrxCpy.obj
 0001:0002169c       _cdeMemStrxCmp             000000018002269c f   toroC64:_cdeMemStrxCmp.obj
 0001:000217dc       _osifIbmAtGetTime          00000001800227dc f   toroC64:osifIbmAtGetTime.obj
 0001:00021994       _osifUefiShellGetTscPerSec 0000000180022994 f   toroC64:osifUefiShellGetTscPerSec.obj
 0001:00021a3c       _osifIbmAtGetTsc           0000000180022a3c f   toroC64:osifIbmAtGetTsc.obj
 0001:00021a48       _osifUefiShellMemAlloc     0000000180022a48 f   toroC64:osifUefiShellMemAlloc.obj
 0001:00021a8c       _osifUefiShellMemFree      0000000180022a8c f   toroC64:osifUefiShellMemFree.obj
 0001:00021aa4       _osifUefiShellFileWrite    0000000180022aa4 f   toroC64:osifUefiShellFileWrite.obj
 0001:00021c2c       _osifUefiShellFileRead     0000000180022c2c f   toroC64:osifUefiShellFileRead.obj
 0001:00021e58       _osifUefiShellFileSetPos   0000000180022e58 f   toroC64:osifUefiShellFileSetPos.obj
 0001:00021f64       _osifUefiShellFileOpen     0000000180022f64 f   toroC64:osifUefiShellFileOpen.obj
 0001:00022624       _osifUefiShellFileClose    0000000180023624 f   toroC64:osifUefiShellFileClose.obj
 0001:00022684       _osifUefiShellFileDelete   0000000180023684 f   toroC64:osifUefiShellFileDelete.obj
 0001:000226ac       _osifUefiShellFileRename   00000001800236ac f   toroC64:osifUefiShellFileRename.obj
 0001:0002280c       _osifUefiShellFileFindAll  000000018002380c f   toroC64:osifUefiShellFileFindAll.obj
 0001:00022c2c       _osifUefiShellFileGetStatus 0000000180023c2c f   toroC64:osifUefiShellFileGetStatus.obj
 0001:00022da4       _osifUefiShellDirectoryCreate 0000000180023da4 f   toroC64:osifUefiShellDirectoryCreate.obj
 0001:00023050       _osifUefiShellCmdExec      0000000180024050 f   toroC64:osifUefiShellCmdExec.obj
 0001:0002316c       _osifUefiShellGetEnv       000000018002416c f   toroC64:osifUefiShellGetEnv.obj
 0001:0002321c       _osifUefiShellGetDrvCwd    000000018002421c f   toroC64:osifUefiShellGetDrvCwd.obj
 0001:00023268       _cdeCoreFread              0000000180024268 f   toroC64:_cdeCoreFread.obj
 0001:000235b4       _cdeCoreFwrite             00000001800245b4 f   toroC64:_cdeCoreFwrite.obj
 0001:00023830       _cdeCoreFsetpos            0000000180024830 f   toroC64:_cdeCoreFsetpos.obj
 0001:000239a8       _cdeCoreFflush             00000001800249a8 f   toroC64:_cdeCoreFflush.obj
 0001:00023a30       _cdeSigDflt                0000000180024a30 f   toroC64:_cdeSigDfl.obj
 0001:00023a38       __cdeGetIOBuffer           0000000180024a38 f   toroC64:__cdsGetIOBuffer.obj
 0001:00023a40       _setjmp                    0000000180024a40 f   toroC64:setjmp64CDEINTRINABI.obj
 0001:00023ae5       __imp_setjmp               0000000180024ae5     toroC64:setjmp64CDEINTRINABI.obj
 0001:00023aed       __cdeSETJMPCDEINTRINABIAnchor 0000000180024aed     toroC64:setjmp64CDEINTRINABI.obj
 0001:00023af0       _CdeLocateProtocol         0000000180024af0 f   toroC64:_CdeLocateProtocol.obj
 0001:00023b20       _cdeStr2Argcv              0000000180024b20 f   toroC64:_cdeStr2Argcv.obj
 0001:00023d50       __cdeGetCurrentPrivilegeLevel 0000000180024d50 f   toroC64:CdeGetCurrentPrivilegeLevel64.obj
 0001:00023fe8       islower                    0000000180024fe8 f   toroC64:islower.obj
 0001:00023ffc       isgraph                    0000000180024ffc f   toroC64:isgraph.obj
 0001:00024024       isupper                    0000000180025024 f   toroC64:isupper.obj
 0001:00024030       realloc                    0000000180025030 f   toroC64:Realloc.obj
 0001:00024068       fgetc                      0000000180025068 f   toroC64:Fgetc.obj
 0001:000240b8       fputc                      00000001800250b8 f   toroC64:Fputc.obj
 0001:000240f0       _errno                     00000001800250f0 f   toroC64:errno.obj
 0001:00024114       _CdeDbgCOMInit             0000000180025114 f   toroC64:_CdeDbgCOMInit.obj
 0001:00024230       _CdeDbgCOMReady2Send       0000000180025230 f   toroC64:_CdeDbgCOMReady2Send.obj
 0001:00024260       _CdeDbgCOMSend             0000000180025260 f   toroC64:_CdeDbgCOMSend.obj
 0001:000242b0       _cdeCoreSprintf            00000001800252b0 f   toroC64:_cdeCoreSprintf.obj
 0001:00024358       _cdeUMUL128                0000000180025358 f   toroC64:_cdeUMUL128.obj
 0001:00024458       _cdeGmltime                0000000180025458 f   toroC64:_cdeGmltime.obj
 0001:00024570       __cdeOnErrSet_status       0000000180025570 f   toroC64:__cdeOnErrSet_status.obj
 0001:00024590       __cdeOffsetCdeFposType     0000000180025590 f   toroC64:__cdeGetOffsetCdeFposType.obj
 0001:000245d0       __cdeBiasCdeFposType       00000001800255d0 f   toroC64:__cdeGetBiasCdeFposType.obj
 0001:000247f8       _CdeLocateHandleBuffer     00000001800257f8 f   toroC64:_CdeLocateHandleBuffer.obj
 0001:00024884       _cdeConvertDevicePathToText 0000000180025884 f   toroC64:_cdeConvertDevicePathToText.obj
 0001:000248a0       _CdeGetMapFromDevicePath   00000001800258a0 f   toroC64:_CdeGetMapFromDevicePath.obj
 0001:000248c0       _CdeGetCurDir              00000001800258c0 f   toroC64:_CdeGetCurDir.obj
 0001:00024fd8       _cdeEfiTime2TimeT          0000000180025fd8 f   toroC64:_cdeEfiTime2TimeT.obj
 0001:00025078       __cdeIsFilePointerCORE     0000000180026078 f   toroC64:__cdeIsFilePointerCORE.obj
 0001:000250fc       __cdereallocCORE           00000001800260fc f   toroC64:__cdereallocCORE.obj
 0001:0002510c       __cderewindCORE            000000018002610c f   toroC64:__cderewindCORE.obj
 0001:00025128       __cdeGetIOBufferCORE       0000000180026128 f   toroC64:__cdsGetIOBufferCORE.obj
 0001:00025130       _cdeAbort                  0000000180026130 f   toroC64:_cdeAbort.obj
 0001:00025188       __cdeIsFilePointer         0000000180026188 f   toroC64:__cdeIsFilePointer.obj
 0001:000253e4       _cdeSig2idx                00000001800263e4 f   toroC64:_cdeSig2idx.obj
 0001:0002540c       _cdeSigIgn                 000000018002640c f   toroC64:_cdeSigIgn.obj
 0001:00025534       ispunct                    0000000180026534 f   toroC64:ispunct.obj
 0001:00025560       isalnum                    0000000180026560 f   toroC64:isalnum.obj
 0001:00025588       fread                      0000000180026588 f   toroC64:Fread.obj
 0001:00025650       fwrite                     0000000180026650 f   toroC64:Fwrite.obj
 0001:000256a8       _CdeMemPutChar             00000001800266a8 f   toroC64:_CdeMemPutChar.obj
 0001:000256b4       _cdeGreg2Day               00000001800266b4 f   toroC64:_cdeGreg2Day.obj
 0001:00025730       _cdeDay2Greg               0000000180026730 f   toroC64:_cdeDay2Greg.obj
 0001:00025834       _efierrno                  0000000180026834 f   toroC64:_efierrno.obj
 0001:00025858       __cdeIsCdeFposType         0000000180026858 f   toroC64:__cdeIsCdeFposType.obj
 0001:000258d0       _cdePoolWcs2AppWcs         00000001800268d0 f   toroC64:_CdePoolWcs2AppWcs.obj
 0001:00025944       _fseeki64                  0000000180026944 f   toroC64:_Fseeki64.obj
 0001:00025a64       _cdeSscanf                 0000000180026a64 f   toroC64:_cdeSscanf.obj
 0001:00025ae8       __cdeOnErrSet_errnoCORE    0000000180026ae8 f   toroC64:__cdeOnErrSet_errnoCORE.obj
 0001:00025b08       __acrt_iob_funcCORE        0000000180026b08 f   toroC64:__acrt_iob_funcCORE.obj
 0001:00025b28       __cdeOnErrSet_errno        0000000180026b28 f   toroC64:__cdeOnErrSet_errno.obj
 0001:00025b48       _CdeMemPutNada             0000000180026b48 f   toroC64:_CdeMemPutNada.obj
 0001:00025b84       isalpha                    0000000180026b84 f   toroC64:isalpha.obj
 0001:00025bac       abort                      0000000180026bac f   toroC64:abort.obj
 0001:00025c14       fsetposCDEABI              0000000180026c14 f   toroC64:FsetposCDEABI.obj
 0001:00025c50       longjmp                    0000000180026c50 f   toroC64:longjmp64CDEINTRINABI.obj
 0001:00025cf9       __imp_longjmp              0000000180026cf9     toroC64:longjmp64CDEINTRINABI.obj
 0001:00025d01       __cdeLONGJMPCDEINTRINABIAnchor 0000000180026d01     toroC64:longjmp64CDEINTRINABI.obj
 0001:00025d04       _cdeMemGetChar             0000000180026d04 f   toroC64:_cdeMemGetChar.obj
 0001:00025d14       _cdeMemUngetChar           0000000180026d14 f   toroC64:_cdeMemUngetChar.obj
 0001:00025d1c       _errnoCORE                 0000000180026d1c f   toroC64:errnoCORE.obj
 0001:00025d30       raise                      0000000180026d30 f   toroC64:raise.obj
 0001:00025db4       exit                       0000000180026db4 f   toroC64:exit.obj
 0002:00000000       __xc_a                     0000000180027000     toroC64:osifUefiShellEntryPoint.obj
 0002:00000008       __xc_z                     0000000180027008     toroC64:osifUefiShellEntryPoint.obj
 0002:00000010       __xi_a                     0000000180027010     toroC64:osifUefiShellEntryPoint.obj
 0002:00000018       __xi_z                     0000000180027018     toroC64:osifUefiShellEntryPoint.obj
 0002:00000020       __xp_a                     0000000180027020     toroC64:osifUefiShellEntryPoint.obj
 0002:00000028       __xp_z                     0000000180027028     toroC64:osifUefiShellEntryPoint.obj
 0002:00000030       __xt_a                     0000000180027030     toroC64:osifUefiShellEntryPoint.obj
 0002:00000038       __xt_z                     0000000180027038     toroC64:osifUefiShellEntryPoint.obj
 0002:00000048       ??_C@_0DG@HOPFCHGA@No?5pointer?5back?5to?5namespace?5no@ 0000000180027048     dsargs.obj
 0002:00000080       ??_C@_0DA@JHIHMGNG@No?5pointer?5back?5to?5namespace?5no@ 0000000180027080     dsargs.obj
 0002:000000c0       ??_C@_0BP@ELMDMHKI@Executed?5AML?5Breakpoint?5opcode@ 00000001800270c0     dscontrol.obj
 0002:000000e0       ??_C@_0CC@FADMHABD@Unknown?5control?5opcode?$DN0x?$CFX?5Op?$DN@ 00000001800270e0     dscontrol.obj
 0002:00000110       ??_C@_0BO@DELHGJOH@Parse?5execute?5mode?5is?5not?5set@ 0000000180027110     dsfield.obj
 0002:00000130       ??_C@_0DB@LEAMFDLL@Bit?5offset?5within?5field?5too?5lar@ 0000000180027130     dsfield.obj
 0002:00000168       ??_C@_0DC@FBJJFMLA@Field?5?$FL?$CF4?44s?$FN?5bit?5offset?5too?5la@ 0000000180027168     dsfield.obj
 0002:000001a0       ??_C@_0CD@BHEACMMD@Invalid?5opcode?5in?5field?5list?3?50@ 00000001800271a0     dsfield.obj
 0002:000001c8       ??_C@_0BP@GKJKAPPC@Parse?5deferred?5mode?5is?5not?5set@ 00000001800271c8     dsfield.obj
 0002:000001f0       ??_C@_0CI@HBEKFCED@During?5Region?5initialization?5?$CFp@ 00000001800271f0     dsinit.obj
 0002:00000218       ??_C@_0BF@OCEFKIGF@During?5WalkNamespace@ 0000000180027218     dsinit.obj
 0002:00000240       ??_C@_0CO@JEPHFJGP@Method?5reached?5maximum?5reentran@ 0000000180027240     dsmethod.obj
 0002:00000270       ??_C@_0EN@IPHBLDOP@Cannot?5acquire?5Mutex?5for?5method@ 0000000180027270     dsmethod.obj
 0002:000002c0       ??_C@_0CE@GIEFHCDM@Invalid?5zero?5thread?5count?5in?5me@ 00000001800272c0     dsmethod.obj
 0002:000002f0       ??_C@_0EG@GKDCPMM@Marking?5method?5?$CF4?44s?5as?5Seriali@ 00000001800272f0     dsmethod.obj
 0002:00000348       ??_C@_0CD@IFDBHFJF@Local?5index?5?$CFu?5is?5invalid?5?$CImax?5@ 0000000180027348     dsmthdat.obj
 0002:00000370       ??_C@_0CB@DIPJKJDC@Arg?5index?5?$CFu?5is?5invalid?5?$CImax?5?$CFu@ 0000000180027370     dsmthdat.obj
 0002:00000398       ??_C@_0BD@BEIPPMGI@Type?5?$CFu?5is?5invalid@ 0000000180027398     dsmthdat.obj
 0002:000003b0       ??_C@_0BP@BLBNKGHD@Null?5object?5descriptor?5pointer@ 00000001800273b0     dsmthdat.obj
 0002:000003d0       ??_C@_0CB@GEEGJJCL@Uninitialized?5Arg?$FL?$CFu?$FN?5at?5node?5?$CF@ 00000001800273d0     dsmthdat.obj
 0002:000003f8       ??_C@_0BN@NCLNAAML@Not?5a?5Arg?1Local?5opcode?3?50x?$CFX@ 00000001800273f8     dsmthdat.obj
 0002:00000428       ??_C@_0DD@JDGJKMCE@Expecting?5bytelist?0?5found?5AML?5o@ 0000000180027428     dsobject.obj
 0002:00000460       ??_C@_0BN@BMNLNKKD@Unknown?5constant?5opcode?50x?$CFX@ 0000000180027460     dsobject.obj
 0002:00000480       ??_C@_0EF@PMDEKIDA@Truncated?564?9bit?5constant?5found@ 0000000180027480     dsobject.obj
 0002:000004c8       ??_C@_0BK@OEIDJBCA@Unknown?5Integer?5type?50x?$CFX@ 00000001800274c8     dsobject.obj
 0002:000004e8       ??_C@_0DF@DBPHAAHD@Unimplemented?5reference?5type?5fo@ 00000001800274e8     dsobject.obj
 0002:00000520       ??_C@_0BO@DFPFPGJG@Unimplemented?5data?5type?3?50x?$CFX@ 0000000180027520     dsobject.obj
 0002:00000550       ??_C@_0DD@BOJDIHOB@Target?5of?5Create?5Field?5is?5not?5a@ 0000000180027550     dsopcode.obj
 0002:00000588       ??_C@_0CE@HKDBJOBI@?$CI?$CFs?$CJ?5destination?5not?5a?5NS?5Node?5@ 0000000180027588     dsopcode.obj
 0002:000005b0       ??_C@_0CG@FKJMEICN@Attempt?5to?5CreateField?5of?5lengt@ 00000001800275b0     dsopcode.obj
 0002:000005d8       ??_C@_0CF@IMGHDPLF@Unknown?5field?5creation?5opcode?50@ 00000001800275d8     dsopcode.obj
 0002:00000600       ??_C@_0FB@OBEJICBN@Field?5?$FL?$CF4?44s?$FN?5at?5bit?5offset?1len@ 0000000180027600     dsopcode.obj
 0002:00000658       ??_C@_0CB@MCGHMNJN@?$CI?$CFs?$CJ?5bad?5operand?$CIs?$CJ?0?5status?50x?$CF@ 0000000180027658     dsopcode.obj
 0002:00000680       ??_C@_0DG@BGIEIAOK@Operation?5Region?5?$FL?$CF4?44s?$FN?5has?5ze@ 0000000180027680     dsopcode.obj
 0002:000006b8       ??_C@_0DH@CPFBGKGI@ACPI?5Table?5?$FL?$CF4?44s?$FN?5OEM?3?$CI?$CFs?0?5?$CFs?$CJ@ 00000001800276b8     dsopcode.obj
 0002:000006f0       ??_C@_0DD@OFHDGACM@Missing?5child?5while?5evaluating?5@ 00000001800276f0     dsopcode.obj
 0002:00000738       ??_C@_0DG@FCDJIIEM@Expressions?5within?5package?5elem@ 0000000180027738     dspkginit.obj
 0002:00000770       ??_C@_0BK@KAELGKNN@?$CK?$CK?$CK?$CKDS?5namepath?5not?5found@ 0000000180027770     dspkginit.obj
 0002:0000078c       ??_C@_05HBCONAIH@?$CF?948s@ 000000018002778c     dspkginit.obj
 0002:000007a0       ??_C@_0EM@BCBKBEKJ@Actual?5Package?5length?5?$CI?$CFu?$CJ?5is?5l@ 00000001800277a0     dspkginit.obj
 0002:000007ec       ??_C@_00CNPNBAHC@@         00000001800277ec     dspkginit.obj
 0002:000007f0       ??_C@_0DH@BEGOPKEK@While?5resolving?5a?5named?5referen@ 00000001800277f0     dspkginit.obj
 0002:00000828       ??_C@_0DL@ELLEIFHM@Could?5not?5resolve?5named?5package@ 0000000180027828     dspkginit.obj
 0002:00000870       ??_C@_07MPKFEGJN@Null?5Op@ 0000000180027870     dsutils.obj
 0002:00000878       ??_C@_0BM@FNHMOKIG@Unknown?5parent?5opcode?5Op?$DN?$CFp@ 0000000180027878     dsutils.obj
 0002:00000898       ??_C@_0BI@CMGMFHDN@Missing?5or?5null?5operand@ 0000000180027898     dsutils.obj
 0002:000008b0       ??_C@_0BG@ECLNLDLM@While?5creating?5Arg?5?$CFu@ 00000001800278b0     dsutils.obj
 0002:000008d0       ??_C@_0CP@NHGIDEP@Could?5not?5get?5result?5from?5predi@ 00000001800278d0     dswexec.obj
 0002:00000900       ??_C@_0CB@BFADFFGN@No?5predicate?5ObjDesc?$DN?$CFp?5State?$DN?$CF@ 0000000180027900     dswexec.obj
 0002:00000928       ??_C@_0DN@FHGLBJEA@Bad?5predicate?5?$CInot?5an?5integer?$CJ?5@ 0000000180027928     dswexec.obj
 0002:00000968       ??_C@_0BE@NDFPHCBO@Unknown?5opcode?50x?$CFX@ 0000000180027968     dswexec.obj
 0002:00000980       ??_C@_0CC@ONBDEACB@While?5resolving?5operands?5for?5?$FL?$CF@ 0000000180027980     dswexec.obj
 0002:000009a8       ??_C@_0BM@JEBBHLBJ@Undefined?5opcode?5type?5Op?$DN?$CFp@ 00000001800279a8     dswexec.obj
 0002:000009c8       ??_C@_0DN@OAIDJALK@Unimplemented?5opcode?0?5class?$DN0x?$CF@ 00000001800279c8     dswexec.obj
 0002:00000a10       ??_C@_0EJ@NCMLLIAA@Invalid?5type?5?$CI?$CFs?$CJ?5for?5target?5of@ 0000000180027a10     dswload.obj
 0002:00000a70       ??_C@_0FG@CHABENK@Type?5override?5?9?5?$FL?$CF4?44s?$FN?5had?5inv@ 0000000180027a70     dswload2.obj
 0002:00000ac8       ??_C@_0BK@OCHPMBJF@CreateBufferField?5failure@ 0000000180027ac8     dswload2.obj
 0002:00000af8       ??_C@_0BF@PMGBACAC@Null?5scope?5parameter@ 0000000180027af8     dswscope.obj
 0002:00000b10       ??_C@_0BK@CEGJKEDB@Invalid?5object?5type?3?50x?$CFX@ 0000000180027b10     dswscope.obj
 0002:00000b40       ??_C@_0BL@OBGIMHJK@No?5results?5on?5result?5stack@ 0000000180027b40     dswstate.obj
 0002:00000b60       ??_C@_0CB@KLKGJGOG@No?5result?5state?5for?5result?5stac@ 0000000180027b60     dswstate.obj
 0002:00000b88       ??_C@_0CA@DKLNIDAG@Result?5stack?5is?5empty?$CB?5State?$DN?$CFp@ 0000000180027b88     dswstate.obj
 0002:00000ba8       ??_C@_0CM@KJIMIICD@No?5result?5objects?5on?5result?5sta@ 0000000180027ba8     dswstate.obj
 0002:00000bd8       ??_C@_0BF@JIDLPFDD@Result?5stack?5is?5full@ 0000000180027bd8     dswstate.obj
 0002:00000bf0       ??_C@_0CC@COKBLAKF@Failed?5to?5extend?5the?5result?5sta@ 0000000180027bf0     dswstate.obj
 0002:00000c18       ??_C@_0CB@JJKONBCO@No?5free?5elements?5in?5result?5stac@ 0000000180027c18     dswstate.obj
 0002:00000c40       ??_C@_0CC@JOADKEJF@No?5result?5stack?5frame?5during?5pu@ 0000000180027c40     dswstate.obj
 0002:00000c68       ??_C@_0BN@OPDNCDMD@Null?5Object?$CB?5State?$DN?$CFp?5Num?$DN?$CFu@ 0000000180027c68     dswstate.obj
 0002:00000c88       ??_C@_0CH@IEAAGIKD@Result?5stack?5overflow?3?5State?$DN?$CFp@ 0000000180027c88     dswstate.obj
 0002:00000cb0       ??_C@_0BP@MMLHPEEJ@Insufficient?5result?5stack?5size@ 0000000180027cb0     dswstate.obj
 0002:00000cd0       ??_C@_0CP@OFDDDFMB@Object?5stack?5overflow?$CB?5Obj?$DN?$CFp?5S@ 0000000180027cd0     dswstate.obj
 0002:00000d00       ??_C@_0DC@MLIGCHNA@Object?5stack?5underflow?$CB?5Count?$DN?$CF@ 0000000180027d00     dswstate.obj
 0002:00000d38       ??_C@_0BN@MBHOKCBD@?$CFp?5is?5not?5a?5valid?5walk?5state@ 0000000180027d38     dswstate.obj
 0002:00000d58       ??_C@_0BP@JLLEFJCP@?$CFp?5walk?5still?5has?5a?5scope?5list@ 0000000180027d58     dswstate.obj
 0002:00000d98       ??_C@_0CI@GFLDCLAB@No?5handler?5for?5Region?5?$FL?$CF4?44s?$FN?5?$CI@ 0000000180027d98     evregion.obj
 0002:00000dc0       ??_C@_0CE@JNCOOPHN@No?5init?5routine?5for?5region?$CI?$CFp?$CJ?5@ 0000000180027dc0     evregion.obj
 0002:00000de8       ??_C@_0CD@PJEGEEMJ@During?5region?5initialization?3?5?$FL@ 0000000180027de8     evregion.obj
 0002:00000e10       ??_C@_0BN@OBKJJDME@Returned?5by?5Handler?5for?5?$FL?$CFs?$FN@ 0000000180027e10     evregion.obj
 0002:00000e30       ??_C@_0CN@HNGHLKMC@Timeout?5from?5EC?5hardware?5or?5EC?5@ 0000000180027e30     evregion.obj
 0002:00000e60       ??_C@_0BH@NAIJEMMC@from?5region?5_REG?0?5?$FL?$CFs?$FN@ 0000000180027e60     evregion.obj
 0002:00000e78       ??_C@_0CH@HABDNKNP@from?5region?5handler?5?9?5deactivat@ 0000000180027e78     evregion.obj
 0002:00000ea0       ??_C@_0CK@PKOAJBCB@Circular?5handler?5list?5in?5region@ 0000000180027ea0     evregion.obj
 0002:00000ecc       ??_C@_04CLPDABDI@_REG@     0000000180027ecc     evregion.obj
 0002:00000ee8       ??_C@_0DK@NMHFABAP@Could?5not?5install?5PciConfig?5han@ 0000000180027ee8     evrgnini.obj
 0002:00000f24       ??_C@_04FPCIHFGK@_ADR@     0000000180027f24     evrgnini.obj
 0002:00000f2c       ??_C@_04JDEPGGFN@_SEG@     0000000180027f2c     evrgnini.obj
 0002:00000f34       ??_C@_04KPGHPLGL@_BBN@     0000000180027f34     evrgnini.obj
 0002:00000f54       ??_C@_01OHGJGJJP@?$FL@     0000000180027f54     exconcat.obj
 0002:00000f58       ??_C@_08PKFAILAG@?5Object?$FN@ 0000000180027f58     exconcat.obj
 0002:00000f78       ??_C@_0BI@PEIDBNLN@Dynamic?5OEM?5Table?5Load?3@ 0000000180027f78     exconfig.obj
 0002:00000f90       ??_C@_0BF@CCOPFHFG@Type?5not?5integer?3?5?$CFX@ 0000000180027f90     exconfig.obj
 0002:00000fa8       ??_C@_0CJ@EONLEOAP@Received?5request?5to?5unload?5an?5A@ 0000000180027fa8     exconfig.obj
 0002:00000fd8       ??_C@_0CF@KPDEMKKN@AML?5Unload?5operator?5is?5not?5supp@ 0000000180027fd8     exconfig.obj
 0002:00001010       ??_C@_0CN@NGHINHOB@Bad?5destination?5type?5during?5con@ 0000000180028010     exconvrt.obj
 0002:00001040       ??_C@_0DH@NGIDJKNL@Unknown?5Target?5type?5ID?50x?$CFX?5Aml@ 0000000180028040     exconvrt.obj
 0002:00001088       ??_C@_0CK@OIHABLNB@Invalid?1unknown?5Address?5Space?5I@ 0000000180028088     excreate.obj
 0002:000010b4       ??_C@_01EEMJAFIK@?6@       00000001800280b4     exdebug.obj
 0002:000010b8       ??_C@_01CLKCMJKC@?5@       00000001800280b8     exdebug.obj
 0002:000010c0       ??_C@_0BK@FOPGIOJP@ACPI?5Debug?3?5T?$DN0x?$CF8?48X?5?$CF?$CKs@ 00000001800280c0     exdebug.obj
 0002:000010e0       ??_C@_0BA@GJJBFMH@ACPI?5Debug?3?5?$CF?$CKs@ 00000001800280e0     exdebug.obj
 0002:000010f0       ??_C@_07DFHFMJIN@?$CI?$CF?42u?$CJ?5@ 00000001800280f0     exdebug.obj
 0002:000010f8       ??_C@_0P@CNCNHMPJ@?$FLNull?5Object?$FN?6@ 00000001800280f8     exdebug.obj
 0002:00001108       ??_C@_04OELPMFKG@?$CFs?5?5@ 0000000180028108     exdebug.obj
 0002:00001110       ??_C@_0BO@LCHBFGOK@?$CFp?0?5Invalid?5Internal?5Object?$CB?6@ 0000000180028110     exdebug.obj
 0002:00001130       ??_C@_0P@LEDHDAFC@?$CFs?5?5?$CINode?5?$CFp?$CJ?6@ 0000000180028130     exdebug.obj
 0002:00001140       ??_C@_08OOPAOEPE@0x?$CF8?48X?6@ 0000000180028140     exdebug.obj
 0002:00001150       ??_C@_0O@JDGCJHFM@0x?$CF8?48X?$CF8?48X?6@ 0000000180028150     exdebug.obj
 0002:00001160       ??_C@_09OHPFELHO@?$FL0x?$CF?42X?$FN?6@ 0000000180028160     exdebug.obj
 0002:0000116c       ??_C@_05LFNECPGD@?$CC?$CFs?$CC?6@ 000000018002816c     exdebug.obj
 0002:00001178       ??_C@_0BN@KPDIAKDL@?$CIContains?50x?$CF?42X?5Elements?$CJ?3?6@ 0000000180028178     exdebug.obj
 0002:00001198       ??_C@_05KJDPJACP@?$FL?$CFs?$FN?5@ 0000000180028198     exdebug.obj
 0002:000011a0       ??_C@_05IMEJDKHB@0x?$CFX?6@ 00000001800281a0     exdebug.obj
 0002:000011a8       ??_C@_0BC@OCOHDOPJ@Table?5Index?50x?$CFX?6@ 00000001800281a8     exdebug.obj
 0002:000011bc       ??_C@_02KNHHEEKP@?5?5@     00000001800281bc     exdebug.obj
 0002:000011c0       ??_C@_0CC@IKBDDF@?5?$CFp?5?9?5Not?5a?5valid?5namespace?5nod@ 00000001800281c0     exdebug.obj
 0002:000011e8       ??_C@_0BB@CDKGNAIM@Node?5?$CFp?5?$FL?$CF4?44s?$FN?5@ 00000001800281e8     exdebug.obj
 0002:00001200       ??_C@_07DKLNMNIP@Device?6@ 0000000180028200     exdebug.obj
 0002:00001208       ??_C@_0O@KMCJAHJE@Thermal?5Zone?6@ 0000000180028208     exdebug.obj
 0002:00001218       ??_C@_0BG@HMPAKJCD@Buffer?$FL?$CFu?$FN?5?$DN?50x?$CF2?42X?6@ 0000000180028218     exdebug.obj
 0002:00001230       ??_C@_0BN@HNBGCANA@String?$FL?$CFu?$FN?5?$DN?5?$CC?$CFc?$CC?5?$CI0x?$CF2?42X?$CJ?6@ 0000000180028230     exdebug.obj
 0002:00001250       ??_C@_0P@POKLAJAF@Package?$FL?$CFu?$FN?5?$DN?5@ 0000000180028250     exdebug.obj
 0002:00001260       ??_C@_0CB@GOPCHHGC@?$FLUninitialized?5Package?5Element?$FN@ 0000000180028260     exdebug.obj
 0002:00001288       ??_C@_0CC@KDAMAGNI@Unknown?5Reference?5object?5type?5?$CF@ 0000000180028288     exdebug.obj
 0002:000012b0       ??_C@_0BB@DCHBFBIE@?$CIDescriptor?5?$CFp?$CJ?6@ 00000001800282b0     exdebug.obj
 0002:000012e0       ??_C@_0CM@KIJJOHGO@Invalid?5Field?1AccessAs?5protocol@ 00000001800282e0     exfield.obj
 0002:00001318       ??_C@_0CE@GNPICANO@Needed?5Region?0?5found?5type?50x?$CFX?5@ 0000000180028318     exfldio.obj
 0002:00001340       ??_C@_0EP@CEMLICCB@Field?5?$FL?$CF4?44s?$FN?5access?5width?5?$CI?$CFu?5@ 0000000180028340     exfldio.obj
 0002:00001390       ??_C@_0FF@NBAKCIMA@Field?5?$FL?$CF4?44s?$FN?5Base?$CLOffset?$CLWidth@ 0000000180028390     exfldio.obj
 0002:000013e8       ??_C@_0CC@HNBEDFDO@Region?5?$CFs?5?$CIID?$DN?$CFu?$CJ?5not?5implement@ 00000001800283e8     exfldio.obj
 0002:00001410       ??_C@_0CB@OLGFNNIB@Region?5?$CFs?5?$CIID?$DN?$CFu?$CJ?5has?5no?5handle@ 0000000180028410     exfldio.obj
 0002:00001438       ??_C@_0DE@KMKKEMOJ@Index?5value?50x?$CF8?48X?$CF8?48X?5overfl@ 0000000180028438     exfldio.obj
 0002:00001470       ??_C@_0CC@PIGBDEK@Wrong?5object?5type?5in?5field?5I?1O?5@ 0000000180028470     exfldio.obj
 0002:00001498       ??_C@_0BP@NGGHEDKN@Unknown?5UpdateRule?5value?3?50x?$CFX@ 0000000180028498     exfldio.obj
 0002:000014b8       ??_C@_0DC@DNPKCMMC@Field?5size?5?$CFu?5?$CIbits?$CJ?5is?5too?5lar@ 00000001800284b8     exfldio.obj
 0002:000014f8       ??_C@_0CA@IOGGPAML@Invalid?5Reference?5Class?50x?$CF2?42X@ 00000001800284f8     exmisc.obj
 0002:00001518       ??_C@_0BN@GDEKAJPO@Invalid?5descriptor?5type?50x?$CFX@ 0000000180028518     exmisc.obj
 0002:00001538       ??_C@_0CD@GEJPDACF@Invalid?5numeric?5logical?5opcode?3@ 0000000180028538     exmisc.obj
 0002:00001560       ??_C@_0CN@LCFFFCBN@Invalid?5object?5type?5for?5logical@ 0000000180028560     exmisc.obj
 0002:00001590       ??_C@_0BO@PNFDMHIN@Invalid?5comparison?5opcode?3?5?$CFX@ 0000000180028590     exmisc.obj
 0002:000015b8       ??_C@_0CP@OAPHHLLM@Cannot?5acquire?5Mutex?5?$FL?$CF4?44s?$FN?0?5n@ 00000001800285b8     exmutex.obj
 0002:000015f0       ??_C@_0EC@PPHMCELA@Cannot?5acquire?5Mutex?5?$FL?$CF4?44s?$FN?0?5c@ 00000001800285f0     exmutex.obj
 0002:00001638       ??_C@_0CL@GECKFKKP@Cannot?5release?5Mutex?5?$FL?$CF4?44s?$FN?0?5n@ 0000000180028638     exmutex.obj
 0002:00001668       ??_C@_0CP@ELACAEHE@Cannot?5release?5Mutex?5?$FL?$CF4?44s?$FN?0?5n@ 0000000180028668     exmutex.obj
 0002:00001698       ??_C@_0DN@LHMLBDOI@Thread?5?$CFu?5cannot?5release?5Mutex?5@ 0000000180028698     exmutex.obj
 0002:000016e0       ??_C@_0EG@KPNKKPIF@Cannot?5release?5Mutex?5?$FL?$CF4?44s?$FN?0?5S@ 00000001800286e0     exmutex.obj
 0002:00001730       ??_C@_0BL@LLMLPCCJ@Could?5not?5allocate?5size?5?$CFu@ 0000000180028730     exnames.obj
 0002:00001750       ??_C@_0BK@LACBIPOD@Invalid?5leading?5digit?3?5?$CFc@ 0000000180028750     exnames.obj
 0002:00001770       ??_C@_0CE@HLAKAPGC@Bad?5character?50x?$CF02x?5in?5name?0?5a@ 0000000180028770     exnames.obj
 0002:00001798       ??_C@_0BF@HJDOOHBN@Malformed?5Name?5at?5?$CFp@ 0000000180028798     exnames.obj
[...]
 0002:00009b8c       $unwind$QueryPerformanceFrequency4UEFI 0000000180030b8c     LibWin324UEFI:QueryPerformanceFrequency.obj
 0002:00009b98       $unwind$_w4uQueryPerformanceFrequency 0000000180030b98     LibWin324UEFI:QueryPerformanceFrequency.obj
 0002:00009ba0       $unwind$GetTickCount644UEFI 0000000180030ba0     LibWin324UEFI:GetTickCount64.obj
 0002:00009ba8       $unwind$Sleep4UEFI         0000000180030ba8     LibWin324UEFI:Sleep.obj
 0002:00009bb0       $unwind$_w4uSleep          0000000180030bb0     LibWin324UEFI:Sleep.obj
 0002:00009bb8       $unwind$__cdeGetAppIf      0000000180030bb8     toroC64:osifUefiShellEntryPoint.obj
 0002:00009bc0       $unwind$_StdOutPutChar     0000000180030bc0     toroC64:osifUefiShellEntryPoint.obj
 0002:00009bc8       $unwind$_StdInGetChar      0000000180030bc8     toroC64:osifUefiShellEntryPoint.obj
 0002:00009bd0       $unwind$_MainEntryPointShell 0000000180030bd0     toroC64:osifUefiShellEntryPoint.obj
 0002:00009bec       $unwind$memset             0000000180030bec     toroC64:MemSetCDEINTRINABI.obj
 0002:00009bf4       $unwind$strcat             0000000180030bf4     toroC64:StrCat.obj
 0002:00009c00       $unwind$strcpy             0000000180030c00     toroC64:StrCpy.obj
 0002:00009c0c       $unwind$strncpy            0000000180030c0c     toroC64:StrNCpy.obj
 0002:00009c1c       $unwind$memcmp             0000000180030c1c     toroC64:MemCmpCDEINTRINABI.obj
 0002:00009c2c       $unwind$strcmp             0000000180030c2c     toroC64:StrCmp.obj
 0002:00009c38       $unwind$toupper            0000000180030c38     toroC64:toupper.obj
 0002:00009c40       $unwind$strncmp            0000000180030c40     toroC64:StrNCmp.obj
 0002:00009c50       $unwind$isprint            0000000180030c50     toroC64:isprint.obj
 0002:00009c58       $unwind$fprintf            0000000180030c58     toroC64:Fprintf.obj
 0002:00009c60       $unwind$isxdigit           0000000180030c60     toroC64:isxdigit.obj
 0002:00009c68       $unwind$strncat            0000000180030c68     toroC64:StrNCat.obj
 0002:00009c7c       $unwind$tolower            0000000180030c7c     toroC64:tolower.obj
 0002:00009c84       $unwind$calloc             0000000180030c84     toroC64:Calloc.obj
 0002:00009c90       $unwind$free               0000000180030c90     toroC64:Free.obj
 0002:00009c98       $unwind$__acrt_iob_func    0000000180030c98     toroC64:__acrt_iob_func.obj
 0002:00009ca4       $unwind$getchar            0000000180030ca4     toroC64:Getchar.obj
 0002:00009cac       $unwind$vfprintf           0000000180030cac     toroC64:Vfprintf.obj
 0002:00009cc0       $unwind$printf             0000000180030cc0     toroC64:Printf.obj
 0002:00009cc8       $unwind$clock              0000000180030cc8     toroC64:clock.obj
 0002:00009cd4       $unwind$_CdeDbgPutChar     0000000180030cd4     toroC64:_CdeDbgPutChar.obj
 0002:00009cf0       $unwind$_cdeCoreVwxPrintf  0000000180030cf0     toroC64:_cdeCoreVwxPrintf.obj
 0002:00009d10       $unwind$str2dev            0000000180030d10     toroC64:_cdeCoreVwxPrintf.obj
 0002:00009d28       $unwind$num2str            0000000180030d28     toroC64:_cdeCoreVwxPrintf.obj
 0002:00009d40       $unwind$nfill              0000000180030d40     toroC64:_cdeCoreVwxPrintf.obj
 0002:00009d58       $unwind$nprintfield        0000000180030d58     toroC64:_cdeCoreVwxPrintf.obj
 0002:00009d70       $unwind$str2num            0000000180030d70     toroC64:_cdeCoreVwxScanf.obj
 0002:00009d88       $unwind$_cdeCoreVwxScanf   0000000180030d88     toroC64:_cdeCoreVwxScanf.obj
 0002:00009da4       $unwind$_cdeCoreWcsStrTok  0000000180030da4     toroC64:_cdeCoreWcsStrTok.obj
 0002:00009dc0       $unwind$_cdeWcsStrPbrkSpn  0000000180030dc0     toroC64:_cdeWcsStrPbrkSpn.obj
 0002:00009ddc       $unwind$_cdeCoreMemRealloc 0000000180030ddc     toroC64:_cdeCoreMemRealloc.obj
 0002:00009df8       $unwind$_cdeMemStrxCpy     0000000180030df8     toroC64:_cdeMemStrxCpy.obj
 0002:00009e10       $unwind$_cdeMemStrxCmp     0000000180030e10     toroC64:_cdeMemStrxCmp.obj
 0002:00009e2c       $unwind$_osifIbmAtGetTime  0000000180030e2c     toroC64:osifIbmAtGetTime.obj
 0002:00009e38       $unwind$_osifUefiShellGetTscPerSec 0000000180030e38     toroC64:osifUefiShellGetTscPerSec.obj
 0002:00009e50       $unwind$_osifUefiShellMemAlloc 0000000180030e50     toroC64:osifUefiShellMemAlloc.obj
 0002:00009e58       $unwind$_osifUefiShellFileWrite 0000000180030e58     toroC64:osifUefiShellFileWrite.obj
 0002:00009e70       $unwind$_osifUefiShellFileRead 0000000180030e70     toroC64:osifUefiShellFileRead.obj
 0002:00009e84       $unwind$_osifUefiShellFileSetPos 0000000180030e84     toroC64:osifUefiShellFileSetPos.obj
 0002:00009e98       $unwind$efifopen           0000000180030e98     toroC64:osifUefiShellFileOpen.obj
 0002:00009eb0       $unwind$__CdeFsEnum        0000000180030eb0     toroC64:osifUefiShellFileOpen.obj
 0002:00009ec4       $unwind$_osifUefiShellFileOpen 0000000180030ec4     toroC64:osifUefiShellFileOpen.obj
 0002:00009edc       $unwind$_osifUefiShellFileClose 0000000180030edc     toroC64:osifUefiShellFileClose.obj
 0002:00009eec       $unwind$_osifUefiShellFileDelete 0000000180030eec     toroC64:osifUefiShellFileDelete.obj
 0002:00009ef4       $unwind$_osifUefiShellFileRename 0000000180030ef4     toroC64:osifUefiShellFileRename.obj
 0002:00009f10       $unwind$_osifUefiShellFileFindAll 0000000180030f10     toroC64:osifUefiShellFileFindAll.obj
 0002:00009f28       $unwind$_osifUefiShellFileGetStatus 0000000180030f28     toroC64:osifUefiShellFileGetStatus.obj
 0002:00009f3c       $unwind$_osifUefiShellDirectoryCreate 0000000180030f3c     toroC64:osifUefiShellDirectoryCreate.obj
 0002:00009f50       $unwind$myEFI_FILE_WRITE   0000000180030f50     toroC64:osifUefiShellCmdExec.obj
 0002:00009f68       $unwind$_osifUefiShellCmdExec 0000000180030f68     toroC64:osifUefiShellCmdExec.obj
 0002:00009f7c       $unwind$_osifUefiShellGetEnv 0000000180030f7c     toroC64:osifUefiShellGetEnv.obj
 0002:00009f94       $unwind$_osifUefiShellGetDrvCwd 0000000180030f94     toroC64:osifUefiShellGetDrvCwd.obj
 0002:00009fa0       $unwind$_cdeCoreFread      0000000180030fa0     toroC64:_cdeCoreFread.obj
 0002:00009fb8       $unwind$_cdeCoreFwrite     0000000180030fb8     toroC64:_cdeCoreFwrite.obj
 0002:00009fd0       $unwind$_cdeCoreFsetpos    0000000180030fd0     toroC64:_cdeCoreFsetpos.obj
 0002:00009fe4       $unwind$_cdeCoreFflush     0000000180030fe4     toroC64:_cdeCoreFflush.obj
 0002:00009ff4       $unwind$_CdeLocateProtocol 0000000180030ff4     toroC64:_CdeLocateProtocol.obj
 0002:00009ffc       $unwind$_cdeStr2Argcv      0000000180030ffc     toroC64:_cdeStr2Argcv.obj
 0002:0000a014       $unwind$fcloseCDEABI       0000000180031014     toroC64:FcloseCDEABI.obj
 0002:0000a02c       $unwind$fgetcCDEABI        000000018003102c     toroC64:FgetcCDEABI.obj
 0002:0000a034       $unwind$fwriteCDEABI       0000000180031034     toroC64:FwriteCDEABI.obj
 0002:0000a048       $unwind$sprintfCDEABI      0000000180031048     toroC64:SprintfCDEABI.obj
 0002:0000a050       $unwind$raiseCDEABI        0000000180031050     toroC64:raiseCDEABI.obj
 0002:0000a05c       $unwind$strcmpCDEABI       000000018003105c     toroC64:StrCmpCDEABI.obj
 0002:0000a068       $unwind$fprintfCDEABI      0000000180031068     toroC64:FprintfCDEABI.obj
 0002:0000a070       $unwind$isgraph            0000000180031070     toroC64:isgraph.obj
 0002:0000a07c       $unwind$realloc            000000018003107c     toroC64:Realloc.obj
 0002:0000a088       $unwind$fgetc              0000000180031088     toroC64:Fgetc.obj
 0002:0000a090       $unwind$fputc              0000000180031090     toroC64:Fputc.obj
 0002:0000a098       $unwind$_errno             0000000180031098     toroC64:errno.obj
 0002:0000a0a0       $unwind$_cdeCoreSprintf    00000001800310a0     toroC64:_cdeCoreSprintf.obj
 0002:0000a0a8       $unwind$isxdigitCDEABI     00000001800310a8     toroC64:isxdigitCDEABI.obj
 0002:0000a0b0       $unwind$_cdeUMUL128        00000001800310b0     toroC64:_cdeUMUL128.obj
 0002:0000a0b8       $unwind$_mktime64CDEABI    00000001800310b8     toroC64:mktimeCDEABI.obj
 0002:0000a0c0       $unwind$_cdeGmltime        00000001800310c0     toroC64:_cdeGmltime.obj
 0002:0000a0cc       $unwind$__cdeOnErrSet_status 00000001800310cc     toroC64:__cdeOnErrSet_status.obj
 0002:0000a0d4       $unwind$__cdeOffsetCdeFposType 00000001800310d4     toroC64:__cdeGetOffsetCdeFposType.obj
 0002:0000a0dc       $unwind$__cdeBiasCdeFposType 00000001800310dc     toroC64:__cdeGetBiasCdeFposType.obj
 0002:0000a0e8       $unwind$wcschrCDEABI       00000001800310e8     toroC64:WcsChrCDEABI.obj
 0002:0000a0f0       $unwind$wcscatCDEABI       00000001800310f0     toroC64:WcsCatCDEABI.obj
 0002:0000a0fc       $unwind$wcscpyCDEABI       00000001800310fc     toroC64:WcsCpyCDEABI.obj
 0002:0000a108       $unwind$wcsncmpCDEABI      0000000180031108     toroC64:WcsNCmpCDEABI.obj
 0002:0000a118       $unwind$wcsncpyCDEABI      0000000180031118     toroC64:WcsNCpyCDEABI.obj
 0002:0000a128       $unwind$wcstokCDEABI       0000000180031128     toroC64:WcsTokCDEABI.obj
 0002:0000a138       $unwind$_wcsicmpCDEABI     0000000180031138     toroC64:_WcsICmpCDEABI.obj
 0002:0000a144       $unwind$_stricmpCDEABI     0000000180031144     toroC64:_StrICmpCDEABI.obj
 0002:0000a150       $unwind$_CdeLocateHandleBuffer 0000000180031150     toroC64:_CdeLocateHandleBuffer.obj
 0002:0000a160       $unwind$_cdeConvertDevicePathToText 0000000180031160     toroC64:_cdeConvertDevicePathToText.obj
 0002:0000a168       $unwind$_CdeGetMapFromDevicePath 0000000180031168     toroC64:_CdeGetMapFromDevicePath.obj
 0002:0000a170       $unwind$_CdeGetCurDir      0000000180031170     toroC64:_CdeGetCurDir.obj
 0002:0000a178       $unwind$wcsrchrCDEABI      0000000180031178     toroC64:WcsRChrCDEABI.obj
 0002:0000a184       $unwind$_errnoCDEABI       0000000180031184     toroC64:errnoCDEABI.obj
 0002:0000a18c       $unwind$fopenCDEABI        000000018003118c     toroC64:FopenCDEABI.obj
 0002:0000a1a8       $unwind$freadCDEABI        00000001800311a8     toroC64:FreadCDEABI.obj
 0002:0000a1bc       $unwind$strchrCDEABI       00000001800311bc     toroC64:StrChrCDEABI.obj
 0002:0000a1c4       $unwind$reallocCDEABI      00000001800311c4     toroC64:ReallocCDEABI.obj
 0002:0000a1d0       $unwind$wcstombsCDEABI     00000001800311d0     toroC64:wcstombsCDEABI.obj
 0002:0000a1d8       $unwind$abortCDEABI        00000001800311d8     toroC64:abortCDEABI.obj
 0002:0000a1e4       $unwind$strncpyCDEABI      00000001800311e4     toroC64:StrNCpyCDEABI.obj
 0002:0000a1f4       $unwind$strncmpCDEABI      00000001800311f4     toroC64:StrNCmpCDEABI.obj
 0002:0000a204       $unwind$strcpyCDEABI       0000000180031204     toroC64:StrCpyCDEABI.obj
 0002:0000a210       $unwind$strcatCDEABI       0000000180031210     toroC64:StrCatCDEABI.obj
 0002:0000a21c       $unwind$strtolCDEABI       000000018003121c     toroC64:strtolCDEABI.obj
 0002:0000a224       $unwind$_strnicmpCDEABI    0000000180031224     toroC64:_StrNICmpCDEABI.obj
 0002:0000a234       $unwind$toupperCDEABI      0000000180031234     toroC64:toupperCDEABI.obj
 0002:0000a23c       $unwind$_cdeEfiTime2TimeT  000000018003123c     toroC64:_cdeEfiTime2TimeT.obj
 0002:0000a244       $unwind$__cdeIsFilePointerCORE 0000000180031244     toroC64:__cdeIsFilePointerCORE.obj
 0002:0000a25c       $unwind$__cderewindCORE    000000018003125c     toroC64:__cderewindCORE.obj
 0002:0000a264       $unwind$_cdeAbort          0000000180031264     toroC64:_cdeAbort.obj
 0002:0000a26c       $unwind$__cdeIsFilePointer 000000018003126c     toroC64:__cdeIsFilePointer.obj
 0002:0000a280       $unwind$fflushCDEABI       0000000180031280     toroC64:FflushCDEABI.obj
 0002:0000a288       $unwind$removeCDEABI       0000000180031288     toroC64:RemoveCDEABI.obj
 0002:0000a29c       $unwind$invalid_parameter_handler 000000018003129c     toroC64:_invalid_parameter_handlerCDEABI.obj
 0002:0000a2b0       $unwind$vsnprintfCDEABI    00000001800312b0     toroC64:VsnprintfCDEABI.obj
 0002:0000a2c8       $unwind$vfprintfCDEABI     00000001800312c8     toroC64:VfprintfCDEABI.obj
 0002:0000a2dc       $unwind$isalnum            00000001800312dc     toroC64:isalnum.obj
 0002:0000a2e8       $unwind$fread              00000001800312e8     toroC64:Fread.obj
 0002:0000a2fc       $unwind$invalid_parameter_handler 00000001800312fc     toroC64:_invalid_parameter_handler.obj
 0002:0000a310       $unwind$fwrite             0000000180031310     toroC64:Fwrite.obj
 0002:0000a324       $unwind$_cdeDay2Greg       0000000180031324     toroC64:_cdeDay2Greg.obj
 0002:0000a330       $unwind$_efierrno          0000000180031330     toroC64:_efierrno.obj
 0002:0000a338       $unwind$wcspbrkCDEABI      0000000180031338     toroC64:WcsPbrkCDEABI.obj
 0002:0000a344       $unwind$_cdePoolWcs2AppWcs 0000000180031344     toroC64:_CdePoolWcs2AppWcs.obj
 0002:0000a354       $unwind$_fseeki64          0000000180031354     toroC64:_Fseeki64.obj
 0002:0000a368       $unwind$strpbrkCDEABI      0000000180031368     toroC64:StrPbrkCDEABI.obj
 0002:0000a374       $unwind$exitCDEABI         0000000180031374     toroC64:exitCDEABI.obj
 0002:0000a37c       $unwind$_cdeSscanf         000000018003137c     toroC64:_cdeSscanf.obj
 0002:0000a388       $unwind$__cdeOnErrSet_errnoCORE 0000000180031388     toroC64:__cdeOnErrSet_errnoCORE.obj
 0002:0000a390       $unwind$__cdeOnErrSet_errno 0000000180031390     toroC64:__cdeOnErrSet_errno.obj
 0002:0000a398       $unwind$fputcCDEABI        0000000180031398     toroC64:FputcCDEABI.obj
 0002:0000a3a0       $unwind$isalpha            00000001800313a0     toroC64:isalpha.obj
 0002:0000a3ac       $unwind$abort              00000001800313ac     toroC64:abort.obj
 0002:0000a3b8       $unwind$fsetposCDEABI      00000001800313b8     toroC64:FsetposCDEABI.obj
 0002:0000a3c4       $unwind$raise              00000001800313c4     toroC64:raise.obj
 0002:0000a3d0       $unwind$exit               00000001800313d0     toroC64:exit.obj
 0003:00000000       AcpiGbl_OpTypeDispatch     0000000180032000     dswexec.obj
 0003:00000070       FadtInfoTable              0000000180032070     tbfadt.obj
 0003:000000f0       FadtPmInfoTable            00000001800320f0     tbfadt.obj
 0003:00000190       AcpiGbl_EventTypes         0000000180032190     utdecode.obj
 0003:000001c0       AcpiGbl_NsTypeNames        00000001800321c0     utdecode.obj
 0003:000002c0       AcpiGbl_DescTypeNames      00000001800322c0     utdecode.obj
 0003:00000340       AcpiGbl_RefClassNames      0000000180032340     utdecode.obj
 0003:00000378       AcpiGbl_MutexNames         0000000180032378     utdecode.obj
 0003:00000450       AcpiDefaultSupportedInterfaces 0000000180032450     utosi.obj
 0003:00000708       UtRtypeNames               0000000180032708     utpredef.obj
 0003:000008e0       FacsCode                   00000001800328e0     extables.obj
 0003:00000920       DsdtCode                   0000000180032920     extables.obj
 0003:000009e0       gCdeSystemVolumes          00000001800329e0     toroC64:osifUefiShellEntryPoint.obj
 0003:000018f0       gCdeServicesShell          00000001800338f0     toroC64:osifUefiShellEntryPoint.obj
 0003:000020a0       _gEfiStatusCodeRuntimeProtocolGuid 00000001800340a0     toroC64:osifUefiShellEntryPoint.obj
 0003:000020b0       ?EfiLoadedImageProtocolGuid@?1??_MainEntryPointShell@@9@9 00000001800340b0     toroC64:osifUefiShellEntryPoint.obj
 0003:000020c0       ?EfiShellParametersProtocolGuid@?L@??_MainEntryPointShell@@9@9 00000001800340c0     toroC64:osifUefiShellEntryPoint.obj
 0003:000020d0       ?EfiAcpi20TableGuid@?N@??_MainEntryPointShell@@9@9 00000001800340d0     toroC64:osifUefiShellEntryPoint.obj
 0003:000020f0       ROMPARM                    00000001800340f0     toroC64:MemCmpCDEINTRINABI.obj
 0003:000020f8       ROMPARM                    00000001800340f8     toroC64:StrCmp.obj
 0003:00002100       ROMPARM                    0000000180034100     toroC64:StrNCmp.obj
 0003:00002108       ?action@?4??_cdeCoreMemRealloc@@9@9 0000000180034108     toroC64:_cdeCoreMemRealloc.obj
 0003:00002110       tblMode                    0000000180034110     toroC64:osifUefiShellFileOpen.obj
 0003:00002310       ?wcsSHELL@?1??myEFI_FILE_WRITE@@9@9 0000000180034310     toroC64:osifUefiShellCmdExec.obj
 0003:00002348       ?wcsMAP@?1??myEFI_FILE_WRITE@@9@9 0000000180034348     toroC64:osifUefiShellCmdExec.obj
 0003:00002368       ?wcsALIAS@?1??myEFI_FILE_WRITE@@9@9 0000000180034368     toroC64:osifUefiShellCmdExec.obj
 0003:00002380       ?wcsBLK@?1??myEFI_FILE_WRITE@@9@9 0000000180034380     toroC64:osifUefiShellCmdExec.obj
 0003:00002398       ?wcsBLK2@?1??myEFI_FILE_WRITE@@9@9 0000000180034398     toroC64:osifUefiShellCmdExec.obj
 0003:000023a8       ?wcsFS@?1??myEFI_FILE_WRITE@@9@9 00000001800343a8     toroC64:osifUefiShellCmdExec.obj
 0003:000023c0       ?wcsFS2@?1??myEFI_FILE_WRITE@@9@9 00000001800343c0     toroC64:osifUefiShellCmdExec.obj
 0003:000024b0       ROMPARM                    00000001800344b0     toroC64:StrCmpCDEABI.obj
 0003:00002510       ?RomParm@?1??_cdeCoreSprintf@@9@9 0000000180034510     toroC64:_cdeCoreSprintf.obj
 0003:00002560       ROMPARM                    0000000180034560     toroC64:WcsNCmpCDEABI.obj
 0003:00002578       ROMPARM                    0000000180034578     toroC64:WcsTokCDEABI.obj
 0003:00002588       ROMPARM                    0000000180034588     toroC64:_WcsICmpCDEABI.obj
 0003:00002598       ROMPARM                    0000000180034598     toroC64:_StrICmpCDEABI.obj
 0003:000025f0       ?ROMPARM@?5??fopenCDEABI@@9@9 00000001800345f0     toroC64:FopenCDEABI.obj
 0003:00002640       ROMPARM                    0000000180034640     toroC64:StrNCmpCDEABI.obj
 0003:00002670       ROMPARM                    0000000180034670     toroC64:_StrNICmpCDEABI.obj
 0003:000026b8       RomParm                    00000001800346b8     toroC64:VsnprintfCDEABI.obj
 0003:000026c8       ?sigorder@?1??_cdeSig2idx@@9@9 00000001800346c8     toroC64:_cdeSig2idx.obj
 0003:00002700       RomParm                    0000000180034700     toroC64:_cdeSscanf.obj
 0003:00002740       ?_done@?3??AcpiExSystemDoStall@@9@9 0000000180034740     exsystem.obj
 0003:00002741       ?_done@?7??AcpiExSystemDoStall@@9@9 0000000180034741     exsystem.obj
 0003:00002748       AcpiGbl_TraceMethodObject  0000000180034748     extrace.obj
 0003:000027a0       TableArray                 00000001800347a0     examples.obj
 0003:000029a0       _iob                       00000001800349a0     toroC64:osifUefiShellEntryPoint.obj
 0003:000049a0       ?DblData@?CA@??_cdeCoreVwxPrintf@@9@9 00000001800369a0     toroC64:_cdeCoreVwxPrintf.obj
 0003:00004f30       ?wcBuffer@?1??_osifUefiShellFileWrite@@9@9 0000000180036f30     toroC64:osifUefiShellFileWrite.obj
 0003:00005340       ?zBuf64k@?O@??_osifUefiShellFileWrite@@9@9 0000000180037340     toroC64:osifUefiShellFileWrite.obj
 0003:00015340       ?wcbuffer@?3??_osifUefiShellFileRead@@9@9 0000000180047340     toroC64:osifUefiShellFileRead.obj
 0003:00015740       ?wcsFilePath@?5??_osifUefiShellFileOpen@@9@9 0000000180047740     toroC64:osifUefiShellFileOpen.obj
 0003:00015950       ?wcsFileName@?5??_osifUefiShellFileOpen@@9@9 0000000180047950     toroC64:osifUefiShellFileOpen.obj
 0003:00015b58       ?wcsDrive@?5??_osifUefiShellFileOpen@@9@9 0000000180047b58     toroC64:osifUefiShellFileOpen.obj
 0003:00015b78       ?wcsDrive2@?5??_osifUefiShellFileOpen@@9@9 0000000180047b78     toroC64:osifUefiShellFileOpen.obj
 0003:00015ba0       state                      0000000180047ba0     toroC64:osifUefiShellCmdExec.obj
 0003:00015bb0       ?wcsCommand@?1??_osifUefiShellCmdExec@@9@9 0000000180047bb0     toroC64:osifUefiShellCmdExec.obj
 0003:00015dc0       ?buffer@?1??_osifUefiShellGetEnv@@9@9 0000000180047dc0     toroC64:osifUefiShellGetEnv.obj
